TLC2 Version 2.19 of 08 August 2024 (rev: 5a47802)
Running breadth-first search Model-Checking with fp 0 and seed 1 with 1 worker on 10 cores with 1820MB heap and 64MB offheap memory [pid: 22582] (Mac OS X 26.6.2 aarch64, Eclipse Adoptium 21.0.12.1 x86_64, MSBDiskFPSet, DiskStateQueue).
Parsing file /Users/alfongj/Code/engine-core/formal/tla/DisasterRecovery.tla
Parsing file /private/var/folders/ky/s5xblf5j3515d6h6ss25z3w80000gn/T/Naturals.tla
Parsing file /private/var/folders/ky/s5xblf5j3515d6h6ss25z3w80000gn/T/FiniteSets.tla
Parsing file /private/var/folders/ky/s5xblf5j3515d6h6ss25z3w80000gn/T/Sequences.tla
Semantic processing of module Naturals
Semantic processing of module Sequences
Semantic processing of module FiniteSets
Semantic processing of module DisasterRecovery
Starting... (2026-09-26 15:23:11)
Computing initial states...
Finished computing initial states: 1 distinct state generated at 2026-09-26 15:23:11.
Error: Invariant LateExecutionWitnessNotReached is violated.
Error: The behavior up to this point is:
State 1: <Initial predicate>
s = [ epoch |-> 0,
  checkpoint |-> 0,
  marker |-> [epoch |-> 0, checkpoint |-> 0],
  run |-> 0,
  expectedRun |-> 0,
  owners |-> {},
  halt |-> none,
  attempts |-> {},
  binding |-> (i1 :> none @@ i2 :> none),
  ledger |-> (i1 :> none @@ i2 :> none),
  state |-> (i1 :> "absent" @@ i2 :> "absent"),
  acceptedEver |-> {},
  requiredEvidence |-> {},
  terminalEver |-> {},
  recoveryQuarantine |-> {},
  writes |-> 0,
  ownerEpoch |-> (w1 :> 0 @@ w2 :> 0),
  pending |-> none,
  offline |-> "none",
  offlineAlive |-> FALSE,
  projection |-> {},
  permits |-> {},
  messages |-> {},
  effects |-> {},
  everySendJournaled |-> TRUE,
  noOldAuthorization |-> TRUE,
  noTerminalEnqueue |-> TRUE,
  retriesUseOriginal |-> TRUE,
  lateExecution |-> FALSE ]

State 2: <Start line 35, col 5 to line 40, col 81 of module DisasterRecovery>
s = [ epoch |-> 0,
  checkpoint |-> 0,
  marker |-> [epoch |-> 0, checkpoint |-> 0],
  run |-> 0,
  expectedRun |-> 0,
  owners |-> {w1},
  halt |-> none,
  attempts |-> {},
  binding |-> (i1 :> none @@ i2 :> none),
  ledger |-> (i1 :> none @@ i2 :> none),
  state |-> (i1 :> "absent" @@ i2 :> "absent"),
  acceptedEver |-> {},
  requiredEvidence |-> {},
  terminalEver |-> {},
  recoveryQuarantine |-> {},
  writes |-> 0,
  ownerEpoch |-> (w1 :> 0 @@ w2 :> 0),
  pending |-> none,
  offline |-> "none",
  offlineAlive |-> FALSE,
  projection |-> {},
  permits |-> {},
  messages |-> {},
  effects |-> {},
  everySendJournaled |-> TRUE,
  noOldAuthorization |-> TRUE,
  noTerminalEnqueue |-> TRUE,
  retriesUseOriginal |-> TRUE,
  lateExecution |-> FALSE ]

State 3: <Admit line 51, col 5 to line 57, col 74 of module DisasterRecovery>
s = [ epoch |-> 0,
  checkpoint |-> 1,
  marker |-> [epoch |-> 0, checkpoint |-> 0],
  run |-> 0,
  expectedRun |-> 0,
  owners |-> {w1},
  halt |-> none,
  attempts |-> {},
  binding |-> (i1 :> none @@ i2 :> none),
  ledger |-> (i1 :> p1 @@ i2 :> none),
  state |-> (i1 :> "admitted" @@ i2 :> "absent"),
  acceptedEver |-> {[id |-> i1, payload |-> p1]},
  requiredEvidence |-> {},
  terminalEver |-> {},
  recoveryQuarantine |-> {},
  writes |-> 1,
  ownerEpoch |-> (w1 :> 0 @@ w2 :> 0),
  pending |->
      [ id |-> i1,
        key |-> none,
        payload |-> p1,
        worker |-> w1,
        kind |-> "admit",
        old |-> [epoch |-> 0, checkpoint |-> 0] ],
  offline |-> "none",
  offlineAlive |-> FALSE,
  projection |-> {},
  permits |-> {},
  messages |-> {},
  effects |-> {},
  everySendJournaled |-> TRUE,
  noOldAuthorization |-> TRUE,
  noTerminalEnqueue |-> TRUE,
  retriesUseOriginal |-> TRUE,
  lateExecution |-> FALSE ]

State 4: <Mirror line 83, col 5 to line 92, col 70 of module DisasterRecovery>
s = [ epoch |-> 0,
  checkpoint |-> 1,
  marker |-> [epoch |-> 0, checkpoint |-> 1],
  run |-> 0,
  expectedRun |-> 0,
  owners |-> {w1},
  halt |-> none,
  attempts |-> {},
  binding |-> (i1 :> none @@ i2 :> none),
  ledger |-> (i1 :> p1 @@ i2 :> none),
  state |-> (i1 :> "admitted" @@ i2 :> "absent"),
  acceptedEver |-> {[id |-> i1, payload |-> p1]},
  requiredEvidence |-> {},
  terminalEver |-> {},
  recoveryQuarantine |-> {},
  writes |-> 1,
  ownerEpoch |-> (w1 :> 0 @@ w2 :> 0),
  pending |-> none,
  offline |-> "none",
  offlineAlive |-> FALSE,
  projection |-> {},
  permits |-> {},
  messages |-> {},
  effects |-> {},
  everySendJournaled |-> TRUE,
  noOldAuthorization |-> TRUE,
  noTerminalEnqueue |-> TRUE,
  retriesUseOriginal |-> TRUE,
  lateExecution |-> FALSE ]

State 5: <AttemptCommit line 60, col 5 to line 69, col 80 of module DisasterRecovery>
s = [ epoch |-> 0,
  checkpoint |-> 2,
  marker |-> [epoch |-> 0, checkpoint |-> 1],
  run |-> 0,
  expectedRun |-> 0,
  owners |-> {w1},
  halt |-> none,
  attempts |-> {[id |-> i1, key |-> k1, payload |-> p1]},
  binding |-> (i1 :> k1 @@ i2 :> none),
  ledger |-> (i1 :> p1 @@ i2 :> none),
  state |-> (i1 :> "admitted" @@ i2 :> "absent"),
  acceptedEver |-> {[id |-> i1, payload |-> p1]},
  requiredEvidence |-> {[id |-> i1, key |-> k1, payload |-> p1]},
  terminalEver |-> {},
  recoveryQuarantine |-> {},
  writes |-> 2,
  ownerEpoch |-> (w1 :> 0 @@ w2 :> 0),
  pending |->
      [ id |-> i1,
        key |-> k1,
        payload |-> p1,
        worker |-> w1,
        kind |-> "attempt",
        old |-> [epoch |-> 0, checkpoint |-> 1] ],
  offline |-> "none",
  offlineAlive |-> FALSE,
  projection |-> {},
  permits |-> {},
  messages |-> {},
  effects |-> {},
  everySendJournaled |-> TRUE,
  noOldAuthorization |-> TRUE,
  noTerminalEnqueue |-> TRUE,
  retriesUseOriginal |-> TRUE,
  lateExecution |-> FALSE ]

State 6: <Mirror line 83, col 5 to line 92, col 70 of module DisasterRecovery>
s = [ epoch |-> 0,
  checkpoint |-> 2,
  marker |-> [epoch |-> 0, checkpoint |-> 2],
  run |-> 0,
  expectedRun |-> 0,
  owners |-> {w1},
  halt |-> none,
  attempts |-> {[id |-> i1, key |-> k1, payload |-> p1]},
  binding |-> (i1 :> k1 @@ i2 :> none),
  ledger |-> (i1 :> p1 @@ i2 :> none),
  state |-> (i1 :> "admitted" @@ i2 :> "absent"),
  acceptedEver |-> {[id |-> i1, payload |-> p1]},
  requiredEvidence |-> {[id |-> i1, key |-> k1, payload |-> p1]},
  terminalEver |-> {},
  recoveryQuarantine |-> {},
  writes |-> 2,
  ownerEpoch |-> (w1 :> 0 @@ w2 :> 0),
  pending |-> none,
  offline |-> "none",
  offlineAlive |-> FALSE,
  projection |-> {},
  permits |->
      { [ epoch |-> 0,
          attempt |-> [id |-> i1, key |-> k1, payload |-> p1],
          worker |-> w1 ] },
  messages |-> {},
  effects |-> {},
  everySendJournaled |-> TRUE,
  noOldAuthorization |-> TRUE,
  noTerminalEnqueue |-> TRUE,
  retriesUseOriginal |-> TRUE,
  lateExecution |-> FALSE ]

State 7: <Next line 176, col 13 to line 176, col 40 of module DisasterRecovery>
s = [ epoch |-> 0,
  checkpoint |-> 2,
  marker |-> [epoch |-> 0, checkpoint |-> 2],
  run |-> 0,
  expectedRun |-> 0,
  owners |-> {w1},
  halt |-> none,
  attempts |-> {[id |-> i1, key |-> k1, payload |-> p1]},
  binding |-> (i1 :> k1 @@ i2 :> none),
  ledger |-> (i1 :> p1 @@ i2 :> none),
  state |-> (i1 :> "admitted" @@ i2 :> "absent"),
  acceptedEver |-> {[id |-> i1, payload |-> p1]},
  requiredEvidence |-> {[id |-> i1, key |-> k1, payload |-> p1]},
  terminalEver |-> {},
  recoveryQuarantine |-> {},
  writes |-> 2,
  ownerEpoch |-> (w1 :> 0 @@ w2 :> 0),
  pending |-> none,
  offline |-> "none",
  offlineAlive |-> FALSE,
  projection |-> {},
  permits |-> {},
  messages |-> {[id |-> i1, key |-> k1, payload |-> p1]},
  effects |-> {},
  everySendJournaled |-> TRUE,
  noOldAuthorization |-> TRUE,
  noTerminalEnqueue |-> TRUE,
  retriesUseOriginal |-> TRUE,
  lateExecution |-> FALSE ]

State 8: <Crash line 43, col 5 to line 46, col 46 of module DisasterRecovery>
s = [ epoch |-> 0,
  checkpoint |-> 2,
  marker |-> [epoch |-> 0, checkpoint |-> 2],
  run |-> 0,
  expectedRun |-> 0,
  owners |-> {},
  halt |-> none,
  attempts |-> {[id |-> i1, key |-> k1, payload |-> p1]},
  binding |-> (i1 :> k1 @@ i2 :> none),
  ledger |-> (i1 :> p1 @@ i2 :> none),
  state |-> (i1 :> "admitted" @@ i2 :> "absent"),
  acceptedEver |-> {[id |-> i1, payload |-> p1]},
  requiredEvidence |-> {[id |-> i1, key |-> k1, payload |-> p1]},
  terminalEver |-> {},
  recoveryQuarantine |-> {},
  writes |-> 2,
  ownerEpoch |-> (w1 :> 0 @@ w2 :> 0),
  pending |-> none,
  offline |-> "none",
  offlineAlive |-> FALSE,
  projection |-> {},
  permits |-> {},
  messages |-> {[id |-> i1, key |-> k1, payload |-> p1]},
  effects |-> {},
  everySendJournaled |-> TRUE,
  noOldAuthorization |-> TRUE,
  noTerminalEnqueue |-> TRUE,
  retriesUseOriginal |-> TRUE,
  lateExecution |-> FALSE ]

State 9: <RecoverBegin line 142, col 5 to line 151, col 94 of module DisasterRecovery>
s = [ epoch |-> 1,
  checkpoint |-> 0,
  marker |-> none,
  run |-> 0,
  expectedRun |-> 0,
  owners |-> {},
  halt |-> "recovery",
  attempts |-> {[id |-> i1, key |-> k1, payload |-> p1]},
  binding |-> (i1 :> k1 @@ i2 :> none),
  ledger |-> (i1 :> p1 @@ i2 :> none),
  state |-> (i1 :> "quarantined" @@ i2 :> "absent"),
  acceptedEver |-> {[id |-> i1, payload |-> p1]},
  requiredEvidence |-> {[id |-> i1, key |-> k1, payload |-> p1]},
  terminalEver |-> {},
  recoveryQuarantine |-> {i1},
  writes |-> 2,
  ownerEpoch |-> (w1 :> 0 @@ w2 :> 0),
  pending |-> none,
  offline |-> "sql",
  offlineAlive |-> TRUE,
  projection |-> {},
  permits |-> {},
  messages |-> {[id |-> i1, key |-> k1, payload |-> p1]},
  effects |-> {},
  everySendJournaled |-> TRUE,
  noOldAuthorization |-> TRUE,
  noTerminalEnqueue |-> TRUE,
  retriesUseOriginal |-> TRUE,
  lateExecution |-> FALSE ]

State 10: <Next line 176, col 47 to line 176, col 78 of module DisasterRecovery>
s = [ epoch |-> 1,
  checkpoint |-> 0,
  marker |-> none,
  run |-> 0,
  expectedRun |-> 0,
  owners |-> {},
  halt |-> "recovery",
  attempts |-> {[id |-> i1, key |-> k1, payload |-> p1]},
  binding |-> (i1 :> k1 @@ i2 :> none),
  ledger |-> (i1 :> p1 @@ i2 :> none),
  state |-> (i1 :> "quarantined" @@ i2 :> "absent"),
  acceptedEver |-> {[id |-> i1, payload |-> p1]},
  requiredEvidence |-> {[id |-> i1, key |-> k1, payload |-> p1]},
  terminalEver |-> {},
  recoveryQuarantine |-> {i1},
  writes |-> 2,
  ownerEpoch |-> (w1 :> 0 @@ w2 :> 0),
  pending |-> none,
  offline |-> "sql",
  offlineAlive |-> TRUE,
  projection |-> {},
  permits |-> {},
  messages |-> {[id |-> i1, key |-> k1, payload |-> p1]},
  effects |-> {[id |-> i1, key |-> k1, payload |-> p1]},
  everySendJournaled |-> TRUE,
  noOldAuthorization |-> TRUE,
  noTerminalEnqueue |-> TRUE,
  retriesUseOriginal |-> TRUE,
  lateExecution |-> TRUE ]

The coverage statistics at 2026-09-26 15:23:12
<Init line 22, col 1 to line 22, col 4 of module DisasterRecovery>: 2:2
  line 22, col 9 to line 32, col 85 of module DisasterRecovery: 2
<Start line 34, col 1 to line 34, col 8 of module DisasterRecovery>: 247:1293
  line 35, col 8 to line 35, col 24 of module DisasterRecovery: 7257
  |line 35, col 8 to line 35, col 8 of module DisasterRecovery: 5964
  |line 35, col 17 to line 35, col 24 of module DisasterRecovery: 5964
  line 36, col 9 to line 36, col 21 of module DisasterRecovery: 5034
  |line 36, col 9 to line 36, col 16 of module DisasterRecovery: 3741
  |line 36, col 20 to line 36, col 21 of module DisasterRecovery: 3741
  line 36, col 26 to line 36, col 40 of module DisasterRecovery: 2812
  |line 36, col 27 to line 36, col 40 of module DisasterRecovery: 1519
  line 37, col 11 to line 37, col 37 of module DisasterRecovery: 1293
  |line 37, col 11 to line 37, col 23 of module DisasterRecovery: 1293
  |line 37, col 28 to line 37, col 37 of module DisasterRecovery: 799
  ||line 17, col 15 to line 17, col 57 of module DisasterRecovery: 799
  |||line 17, col 15 to line 17, col 32 of module DisasterRecovery: 799
  |||line 17, col 37 to line 17, col 57 of module DisasterRecovery: 271
  line 38, col 13 to line 38, col 76 of module DisasterRecovery: 201
  line 39, col 13 to line 40, col 81 of module DisasterRecovery: 1092
  |line 39, col 18 to line 40, col 81 of module DisasterRecovery: 1092
  ||line 39, col 19 to line 39, col 19 of module DisasterRecovery: 1092
  ||line 39, col 37 to line 40, col 80 of module DisasterRecovery: 1092
  |||line 39, col 40 to line 39, col 52 of module DisasterRecovery: 1092
  |||line 39, col 59 to line 39, col 64 of module DisasterRecovery: 494
  |||line 40, col 27 to line 40, col 80 of module DisasterRecovery: 598
<Crash line 42, col 1 to line 42, col 8 of module DisasterRecovery>: 380:2223
  line 43, col 8 to line 43, col 21 of module DisasterRecovery: 8186
  |line 43, col 8 to line 43, col 8 of module DisasterRecovery: 5963
  |line 43, col 14 to line 43, col 21 of module DisasterRecovery: 5963
  line 44, col 8 to line 46, col 46 of module DisasterRecovery: 2223
  |line 44, col 13 to line 46, col 46 of module DisasterRecovery: 2223
  ||line 44, col 14 to line 44, col 14 of module DisasterRecovery: 2223
  ||line 44, col 23 to line 44, col 40 of module DisasterRecovery: 2223
  ||line 45, col 22 to line 45, col 81 of module DisasterRecovery: 2223
  |||line 45, col 25 to line 45, col 64 of module DisasterRecovery: 2223
  ||||line 45, col 25 to line 45, col 40 of module DisasterRecovery: 2223
  ||||line 45, col 45 to line 45, col 64 of module DisasterRecovery: 1105
  |||line 45, col 71 to line 45, col 74 of module DisasterRecovery: 1105
  ||line 46, col 22 to line 46, col 45 of module DisasterRecovery: 2223:2736
  |||line 46, col 33 to line 46, col 44 of module DisasterRecovery: 569
<Admit line 50, col 1 to line 50, col 21 of module DisasterRecovery>: 358:465
  line 18, col 15 to line 18, col 28 of module DisasterRecovery: 24306
  |line 18, col 15 to line 18, col 15 of module DisasterRecovery: 23841
  |line 18, col 21 to line 18, col 28 of module DisasterRecovery: 23841
  line 18, col 33 to line 18, col 45 of module DisasterRecovery: 9350
  |line 18, col 33 to line 18, col 38 of module DisasterRecovery: 8885
  |line 18, col 42 to line 18, col 45 of module DisasterRecovery: 8885
  line 17, col 15 to line 17, col 32 of module DisasterRecovery: 7546
  |line 17, col 15 to line 17, col 22 of module DisasterRecovery: 7081
  |line 17, col 26 to line 17, col 32 of module DisasterRecovery: 7081
  line 17, col 37 to line 17, col 57 of module DisasterRecovery: 2206
  |line 17, col 37 to line 17, col 41 of module DisasterRecovery: 1741
  |line 17, col 45 to line 17, col 57 of module DisasterRecovery: 1741
  line 51, col 16 to line 51, col 16 of module DisasterRecovery: 23841
  line 51, col 22 to line 51, col 37 of module DisasterRecovery: 1730
  |line 51, col 22 to line 51, col 30 of module DisasterRecovery: 1265
  |line 51, col 34 to line 51, col 37 of module DisasterRecovery: 1265
  line 51, col 42 to line 51, col 61 of module DisasterRecovery: 465
  |line 51, col 42 to line 51, col 49 of module DisasterRecovery: 1265
  |line 51, col 53 to line 51, col 61 of module DisasterRecovery: 1265
  line 52, col 8 to line 52, col 26 of module DisasterRecovery: 1730
  |line 52, col 8 to line 52, col 19 of module DisasterRecovery: 1265
  |line 52, col 23 to line 52, col 26 of module DisasterRecovery: 1265
  line 53, col 8 to line 57, col 74 of module DisasterRecovery: 465
<AttemptCommit line 59, col 1 to line 59, col 25 of module DisasterRecovery>: 479:901
  line 18, col 15 to line 18, col 28 of module DisasterRecovery: 24381
  |line 18, col 15 to line 18, col 15 of module DisasterRecovery: 23833
  |line 18, col 21 to line 18, col 28 of module DisasterRecovery: 23833
  line 18, col 33 to line 18, col 45 of module DisasterRecovery: 9429
  |line 18, col 33 to line 18, col 38 of module DisasterRecovery: 8881
  |line 18, col 42 to line 18, col 45 of module DisasterRecovery: 8881
  line 17, col 15 to line 17, col 32 of module DisasterRecovery: 7625
  |line 17, col 15 to line 17, col 22 of module DisasterRecovery: 7077
  |line 17, col 26 to line 17, col 32 of module DisasterRecovery: 7077
  line 17, col 37 to line 17, col 57 of module DisasterRecovery: 2285
  |line 17, col 37 to line 17, col 41 of module DisasterRecovery: 1737
  |line 17, col 45 to line 17, col 57 of module DisasterRecovery: 1737
  line 60, col 16 to line 60, col 16 of module DisasterRecovery: 23833
  line 60, col 22 to line 60, col 37 of module DisasterRecovery: 1809
  |line 60, col 22 to line 60, col 30 of module DisasterRecovery: 1261
  |line 60, col 34 to line 60, col 37 of module DisasterRecovery: 1261
  line 60, col 42 to line 60, col 61 of module DisasterRecovery: 548
  |line 60, col 42 to line 60, col 49 of module DisasterRecovery: 1261
  |line 60, col 53 to line 60, col 61 of module DisasterRecovery: 1261
  line 61, col 8 to line 61, col 31 of module DisasterRecovery: 1809
  |line 61, col 8 to line 61, col 18 of module DisasterRecovery: 1261
  line 61, col 36 to line 61, col 54 of module DisasterRecovery: 1347
  |line 61, col 36 to line 61, col 47 of module DisasterRecovery: 799
  |line 61, col 51 to line 61, col 54 of module DisasterRecovery: 799
  line 62, col 8 to line 62, col 36 of module DisasterRecovery: 1347
  |line 62, col 8 to line 62, col 20 of module DisasterRecovery: 799
  |line 62, col 26 to line 62, col 36 of module DisasterRecovery: 799
  line 20, col 40 to line 20, col 49 of module DisasterRecovery: 1937
  |line 20, col 40 to line 20, col 44 of module DisasterRecovery: 1389
  |line 20, col 48 to line 20, col 49 of module DisasterRecovery: 1389
  line 20, col 54 to line 20, col 75 of module DisasterRecovery: 2471
  |line 20, col 54 to line 20, col 69 of module DisasterRecovery: 1389
  |line 20, col 73 to line 20, col 75 of module DisasterRecovery: 1389
  line 20, col 34 to line 20, col 36 of module DisasterRecovery: 604
  line 63, col 16 to line 63, col 18 of module DisasterRecovery: 604
  line 63, col 21 to line 63, col 22 of module DisasterRecovery: 604
  line 65, col 11 to line 69, col 80 of module DisasterRecovery: 901
<TerminalCommit line 71, col 1 to line 71, col 21 of module DisasterRecovery>: 18:18
  line 18, col 15 to line 18, col 28 of module DisasterRecovery: 11934
  |line 18, col 15 to line 18, col 15 of module DisasterRecovery: 11916
  |line 18, col 21 to line 18, col 28 of module DisasterRecovery: 11916
  line 18, col 33 to line 18, col 45 of module DisasterRecovery: 4458
  |line 18, col 33 to line 18, col 38 of module DisasterRecovery: 4440
  |line 18, col 42 to line 18, col 45 of module DisasterRecovery: 4440
  line 17, col 15 to line 17, col 32 of module DisasterRecovery: 3556
  |line 17, col 15 to line 17, col 22 of module DisasterRecovery: 3538
  |line 17, col 26 to line 17, col 32 of module DisasterRecovery: 3538
  line 17, col 37 to line 17, col 57 of module DisasterRecovery: 886
  |line 17, col 37 to line 17, col 41 of module DisasterRecovery: 868
  |line 17, col 45 to line 17, col 57 of module DisasterRecovery: 868
  line 72, col 16 to line 72, col 16 of module DisasterRecovery: 11916
  line 72, col 22 to line 72, col 37 of module DisasterRecovery: 648
  |line 72, col 22 to line 72, col 30 of module DisasterRecovery: 630
  |line 72, col 34 to line 72, col 37 of module DisasterRecovery: 630
  line 72, col 42 to line 72, col 61 of module DisasterRecovery: 18
  |line 72, col 42 to line 72, col 49 of module DisasterRecovery: 630
  |line 72, col 53 to line 72, col 61 of module DisasterRecovery: 630
  line 73, col 8 to line 73, col 50 of module DisasterRecovery: 648
  |line 73, col 8 to line 73, col 18 of module DisasterRecovery: 630
  |line 73, col 24 to line 73, col 50 of module DisasterRecovery: 630
  line 76, col 29 to line 76, col 37 of module DisasterRecovery: 36
  |line 76, col 29 to line 76, col 32 of module DisasterRecovery: 18
  |line 76, col 36 to line 76, col 37 of module DisasterRecovery: 18
  line 76, col 42 to line 76, col 57 of module DisasterRecovery: 36
  |line 76, col 42 to line 76, col 42 of module DisasterRecovery: 18
  |line 76, col 48 to line 76, col 57 of module DisasterRecovery: 18
  line 76, col 17 to line 76, col 25 of module DisasterRecovery: 399
  line 77, col 8 to line 80, col 79 of module DisasterRecovery: 18
<Mirror line 82, col 1 to line 82, col 6 of module DisasterRecovery>: 807:1105
  line 83, col 8 to line 83, col 23 of module DisasterRecovery: 4081
  |line 83, col 8 to line 83, col 16 of module DisasterRecovery: 2976
  |line 83, col 20 to line 83, col 23 of module DisasterRecovery: 2976
  line 83, col 28 to line 83, col 56 of module DisasterRecovery: 2210
  |line 83, col 28 to line 83, col 43 of module DisasterRecovery: 1105
  |line 83, col 49 to line 83, col 56 of module DisasterRecovery: 1105
  line 87, col 14 to line 87, col 71 of module DisasterRecovery: 1105
  |line 87, col 14 to line 87, col 54 of module DisasterRecovery: 1105
  ||line 87, col 14 to line 87, col 29 of module DisasterRecovery: 1105
  ||line 87, col 34 to line 87, col 54 of module DisasterRecovery: 677
  |line 87, col 59 to line 87, col 71 of module DisasterRecovery: 492
  line 88, col 16 to line 91, col 75 of module DisasterRecovery: 492
  |line 88, col 21 to line 91, col 75 of module DisasterRecovery: 492
  ||line 88, col 22 to line 88, col 22 of module DisasterRecovery: 492
  ||line 88, col 31 to line 88, col 48 of module DisasterRecovery: 492
  ||line 88, col 51 to line 88, col 66 of module DisasterRecovery: 492
  ||line 89, col 27 to line 89, col 82 of module DisasterRecovery: 492
  |||line 89, col 30 to line 89, col 47 of module DisasterRecovery: 492
  |||line 89, col 54 to line 89, col 75 of module DisasterRecovery: 259
  ||line 90, col 38 to line 91, col 74 of module DisasterRecovery: 492
  |||line 91, col 20 to line 91, col 73 of module DisasterRecovery: 492
  ||||line 91, col 20 to line 91, col 37 of module DisasterRecovery: 492
  ||||line 91, col 42 to line 91, col 73 of module DisasterRecovery: 259
  line 92, col 16 to line 92, col 70 of module DisasterRecovery: 613
<Enqueue line 96, col 1 to line 96, col 25 of module DisasterRecovery>: 66:800
  line 18, col 15 to line 18, col 28 of module DisasterRecovery: 24640
  |line 18, col 15 to line 18, col 15 of module DisasterRecovery: 23840
  |line 18, col 21 to line 18, col 28 of module DisasterRecovery: 23840
  line 18, col 33 to line 18, col 45 of module DisasterRecovery: 9684
  |line 18, col 33 to line 18, col 38 of module DisasterRecovery: 8884
  |line 18, col 42 to line 18, col 45 of module DisasterRecovery: 8884
  line 17, col 15 to line 17, col 32 of module DisasterRecovery: 7880
  |line 17, col 15 to line 17, col 22 of module DisasterRecovery: 7080
  |line 17, col 26 to line 17, col 32 of module DisasterRecovery: 7080
  line 17, col 37 to line 17, col 57 of module DisasterRecovery: 2540
  |line 17, col 37 to line 17, col 41 of module DisasterRecovery: 1740
  |line 17, col 45 to line 17, col 57 of module DisasterRecovery: 1740
  line 97, col 16 to line 97, col 16 of module DisasterRecovery: 23840
  line 97, col 22 to line 97, col 37 of module DisasterRecovery: 2064
  |line 97, col 22 to line 97, col 30 of module DisasterRecovery: 1264
  |line 97, col 34 to line 97, col 37 of module DisasterRecovery: 1264
  line 97, col 42 to line 97, col 65 of module DisasterRecovery: 2064
  |line 97, col 42 to line 97, col 52 of module DisasterRecovery: 1264
  line 98, col 8 to line 98, col 26 of module DisasterRecovery: 1600
  |line 98, col 8 to line 98, col 19 of module DisasterRecovery: 800
  |line 98, col 23 to line 98, col 26 of module DisasterRecovery: 800
  line 98, col 31 to line 98, col 52 of module DisasterRecovery: 1600
  |line 98, col 31 to line 98, col 39 of module DisasterRecovery: 800
  |line 98, col 45 to line 98, col 52 of module DisasterRecovery: 800
  line 100, col 11 to line 102, col 63 of module DisasterRecovery: 800
<UnjournaledSend line 111, col 1 to line 111, col 27 of module DisasterRecovery>: 0:0
  line 114, col 11 to line 115, col 56 of module DisasterRecovery: 0
<RedisLoss line 125, col 1 to line 125, col 9 of module DisasterRecovery>: 732:2974
  line 125, col 14 to line 125, col 63 of module DisasterRecovery: 2974
<RedisRollback line 126, col 1 to line 126, col 13 of module DisasterRecovery>: 558:2657
  line 126, col 18 to line 126, col 33 of module DisasterRecovery: 2657
  |line 126, col 18 to line 126, col 29 of module DisasterRecovery: 2974
  line 127, col 5 to line 127, col 67 of module DisasterRecovery: 2657
<RedisRestart line 128, col 1 to line 128, col 12 of module DisasterRecovery>: 1479:1637
  line 128, col 17 to line 128, col 25 of module DisasterRecovery: 4611
  |line 128, col 17 to line 128, col 21 of module DisasterRecovery: 2974
  line 128, col 30 to line 128, col 54 of module DisasterRecovery: 1637
<RepairMarker line 129, col 1 to line 129, col 12 of module DisasterRecovery>: 252:638
  line 129, col 17 to line 129, col 52 of module DisasterRecovery: 3612
  |line 129, col 17 to line 129, col 22 of module DisasterRecovery: 2974
  |line 129, col 28 to line 129, col 52 of module DisasterRecovery: 2974
  line 130, col 5 to line 130, col 38 of module DisasterRecovery: 638
<DetectMismatch line 132, col 1 to line 132, col 14 of module DisasterRecovery>: 255:349
  line 133, col 8 to line 133, col 20 of module DisasterRecovery: 3323
  |line 133, col 8 to line 133, col 15 of module DisasterRecovery: 2974
  |line 133, col 19 to line 133, col 20 of module DisasterRecovery: 2974
  line 133, col 25 to line 133, col 40 of module DisasterRecovery: 2566
  |line 133, col 25 to line 133, col 33 of module DisasterRecovery: 2217
  |line 133, col 37 to line 133, col 40 of module DisasterRecovery: 2217
  line 133, col 45 to line 133, col 57 of module DisasterRecovery: 1463
  |line 133, col 45 to line 133, col 50 of module DisasterRecovery: 1114
  |line 133, col 54 to line 133, col 57 of module DisasterRecovery: 1114
  line 133, col 62 to line 133, col 72 of module DisasterRecovery: 1012
  |line 133, col 63 to line 133, col 72 of module DisasterRecovery: 663
  ||line 17, col 15 to line 17, col 57 of module DisasterRecovery: 663
  |||line 17, col 15 to line 17, col 32 of module DisasterRecovery: 663
  |||line 17, col 37 to line 17, col 57 of module DisasterRecovery: 433
  line 134, col 8 to line 134, col 86 of module DisasterRecovery: 349
<Reattach line 136, col 1 to line 136, col 8 of module DisasterRecovery>: 28:151
  line 137, col 8 to line 137, col 20 of module DisasterRecovery: 3125
  |line 137, col 8 to line 137, col 15 of module DisasterRecovery: 2974
  |line 137, col 19 to line 137, col 20 of module DisasterRecovery: 2974
  line 137, col 25 to line 137, col 39 of module DisasterRecovery: 908
  |line 137, col 26 to line 137, col 39 of module DisasterRecovery: 757
  line 137, col 44 to line 137, col 59 of module DisasterRecovery: 797
  |line 137, col 44 to line 137, col 52 of module DisasterRecovery: 646
  |line 137, col 56 to line 137, col 59 of module DisasterRecovery: 646
  line 138, col 8 to line 138, col 35 of module DisasterRecovery: 797
  |line 138, col 8 to line 138, col 13 of module DisasterRecovery: 646
  |line 138, col 19 to line 138, col 35 of module DisasterRecovery: 646
  line 138, col 40 to line 138, col 57 of module DisasterRecovery: 576
  |line 138, col 40 to line 138, col 47 of module DisasterRecovery: 425
  |line 138, col 51 to line 138, col 57 of module DisasterRecovery: 425
  line 139, col 8 to line 139, col 59 of module DisasterRecovery: 151
<RecoverBegin line 141, col 1 to line 141, col 12 of module DisasterRecovery>: 80:482
  line 142, col 9 to line 142, col 21 of module DisasterRecovery: 3456
  |line 142, col 9 to line 142, col 16 of module DisasterRecovery: 2974
  |line 142, col 20 to line 142, col 21 of module DisasterRecovery: 2974
  line 142, col 26 to line 142, col 40 of module DisasterRecovery: 1239
  |line 142, col 27 to line 142, col 40 of module DisasterRecovery: 757
  line 143, col 8 to line 143, col 23 of module DisasterRecovery: 1128
  |line 143, col 8 to line 143, col 16 of module DisasterRecovery: 646
  |line 143, col 20 to line 143, col 23 of module DisasterRecovery: 646
  line 143, col 28 to line 143, col 38 of module DisasterRecovery: 1128
  |line 143, col 28 to line 143, col 34 of module DisasterRecovery: 646
  line 144, col 8 to line 151, col 94 of module DisasterRecovery: 482
  |line 144, col 13 to line 151, col 94 of module DisasterRecovery: 482
  ||line 144, col 14 to line 144, col 14 of module DisasterRecovery: 482
  ||line 145, col 10 to line 147, col 51 of module DisasterRecovery: 482
  ||line 148, col 10 to line 148, col 76 of module DisasterRecovery: 482
  ||line 149, col 33 to line 149, col 88 of module DisasterRecovery: 482:1402
  |||line 149, col 47 to line 149, col 87 of module DisasterRecovery: 964
  ||||line 149, col 47 to line 149, col 59 of module DisasterRecovery: 964
  |||||line 19, col 18 to line 19, col 48 of module DisasterRecovery: 964
  ||||||line 19, col 40 to line 19, col 48 of module DisasterRecovery: 520
  ||||||line 19, col 27 to line 19, col 36 of module DisasterRecovery: 964
  |||||line 149, col 57 to line 149, col 58 of module DisasterRecovery: 520
  ||||line 149, col 64 to line 149, col 87 of module DisasterRecovery: 260
  |||line 149, col 41 to line 149, col 43 of module DisasterRecovery: 482
  ||line 150, col 41 to line 150, col 55 of module DisasterRecovery: 482
  ||line 150, col 58 to line 150, col 74 of module DisasterRecovery: 482
  ||line 151, col 10 to line 151, col 30 of module DisasterRecovery: 482
  ||line 151, col 73 to line 151, col 93 of module DisasterRecovery: 482
<RecoverPublish line 153, col 1 to line 153, col 14 of module DisasterRecovery>: 60:60
  line 154, col 8 to line 154, col 24 of module DisasterRecovery: 3033
  |line 154, col 8 to line 154, col 16 of module DisasterRecovery: 2973
  line 154, col 29 to line 154, col 42 of module DisasterRecovery: 153
  |line 154, col 29 to line 154, col 29 of module DisasterRecovery: 93
  line 154, col 47 to line 154, col 61 of module DisasterRecovery: 120
  |line 154, col 47 to line 154, col 54 of module DisasterRecovery: 60
  |line 154, col 58 to line 154, col 61 of module DisasterRecovery: 60
  line 155, col 8 to line 155, col 62 of module DisasterRecovery: 60
<RecoverFinish line 156, col 1 to line 156, col 13 of module DisasterRecovery>: 25:25
  line 157, col 8 to line 157, col 26 of module DisasterRecovery: 2998
  |line 157, col 8 to line 157, col 16 of module DisasterRecovery: 2973
  line 157, col 31 to line 157, col 44 of module DisasterRecovery: 103
  |line 157, col 31 to line 157, col 31 of module DisasterRecovery: 78
  line 17, col 15 to line 17, col 32 of module DisasterRecovery: 76
  |line 17, col 15 to line 17, col 22 of module DisasterRecovery: 51
  |line 17, col 26 to line 17, col 32 of module DisasterRecovery: 51
  line 17, col 37 to line 17, col 57 of module DisasterRecovery: 58
  |line 17, col 37 to line 17, col 41 of module DisasterRecovery: 33
  |line 17, col 45 to line 17, col 57 of module DisasterRecovery: 33
  line 158, col 8 to line 158, col 80 of module DisasterRecovery: 25
<RecoveryCrash line 159, col 1 to line 159, col 13 of module DisasterRecovery>: 111:111
  line 160, col 8 to line 160, col 21 of module DisasterRecovery: 3084
  |line 160, col 8 to line 160, col 8 of module DisasterRecovery: 2973
  line 161, col 8 to line 161, col 45 of module DisasterRecovery: 111
<AuthorityRollback line 165, col 1 to line 165, col 17 of module DisasterRecovery>: 0:0
  line 167, col 8 to line 170, col 60 of module DisasterRecovery: 0
<Next line 172, col 1 to line 172, col 4 of module DisasterRecovery (176 13 176 40)>: 229:569
  line 105, col 8 to line 105, col 22 of module DisasterRecovery: 1138
  |line 105, col 8 to line 105, col 8 of module DisasterRecovery: 569
  |line 105, col 14 to line 105, col 22 of module DisasterRecovery: 569
  line 105, col 27 to line 105, col 47 of module DisasterRecovery: 1138
  |line 105, col 27 to line 105, col 34 of module DisasterRecovery: 569
  |line 105, col 40 to line 105, col 47 of module DisasterRecovery: 569
  line 108, col 8 to line 109, col 62 of module DisasterRecovery: 569
  line 176, col 39 to line 176, col 39 of module DisasterRecovery: 569
  line 176, col 22 to line 176, col 30 of module DisasterRecovery: 2979
<Next line 172, col 1 to line 172, col 4 of module DisasterRecovery (176 47 176 78)>: 109:174
  line 121, col 8 to line 121, col 23 of module DisasterRecovery: 369
  |line 121, col 8 to line 121, col 8 of module DisasterRecovery: 196
  |line 121, col 14 to line 121, col 23 of module DisasterRecovery: 196
  line 122, col 8 to line 122, col 46 of module DisasterRecovery: 369
  |line 122, col 9 to line 122, col 46 of module DisasterRecovery: 196
  ||line 122, col 32 to line 122, col 46 of module DisasterRecovery: 22
  ||line 122, col 20 to line 122, col 28 of module DisasterRecovery: 196
  line 123, col 8 to line 123, col 83 of module DisasterRecovery: 173
  |line 123, col 13 to line 123, col 83 of module DisasterRecovery: 174
  line 176, col 77 to line 176, col 77 of module DisasterRecovery: 196
  line 176, col 56 to line 176, col 65 of module DisasterRecovery: 2978
<TypeOK line 182, col 1 to line 182, col 6 of module DisasterRecovery>
  line 183, col 5 to line 198, col 34 of module DisasterRecovery: 6274
<LateExecutionWitnessNotReached line 210, col 1 to line 210, col 30 of module DisasterRecovery>
  line 210, col 35 to line 210, col 50 of module DisasterRecovery: 6274
End of statistics.
16602 states generated, 6274 distinct states found, 3299 states left on queue.
The depth of the complete state graph search is 10.
The average outdegree of the complete state graph is 2 (minimum is 0, the maximum 9 and the 95th percentile is 6).
Finished in 00s at (2026-09-26 15:23:12)
