TLC2 Version 2.19 of 08 August 2024 (rev: 5a47802)
Running breadth-first search Model-Checking with fp 0 and seed 1 with 1 worker on 10 cores with 1820MB heap and 64MB offheap memory [pid: 22348] (Mac OS X 26.6.2 aarch64, Eclipse Adoptium 21.0.12.1 x86_64, MSBDiskFPSet, DiskStateQueue).
Parsing file /Users/alfongj/Code/engine-core/formal/tla/QueueLease.tla
Parsing file /private/var/folders/ky/s5xblf5j3515d6h6ss25z3w80000gn/T/Naturals.tla
Parsing file /private/var/folders/ky/s5xblf5j3515d6h6ss25z3w80000gn/T/FiniteSets.tla
Parsing file /private/var/folders/ky/s5xblf5j3515d6h6ss25z3w80000gn/T/Sequences.tla
Parsing file /private/var/folders/ky/s5xblf5j3515d6h6ss25z3w80000gn/T/TLC.tla
Semantic processing of module Naturals
Semantic processing of module Sequences
Semantic processing of module FiniteSets
Semantic processing of module TLC
Semantic processing of module QueueLease
Starting... (2026-09-26 15:22:02)
Computing initial states...
Finished computing initial states: 1 distinct state generated at 2026-09-26 15:22:02.
Error: Invariant FencedEffects is violated.
Error: The behavior up to this point is:
State 1: <Initial predicate>
/\ owners = (s1 :> {} @@ s2 :> {})
/\ active = FALSE
/\ failures = {}
/\ dirty = (s1 :> FALSE @@ s2 :> FALSE)
/\ leaseLive = {}
/\ pc = (c1 :> "idle" @@ c2 :> "idle")
/\ watched = (s1 :> {} @@ s2 :> {})
/\ data = FALSE
/\ callKind = (c1 :> "ack" @@ c2 :> "ack")
/\ meta = FALSE
/\ issued = {}
/\ pending = FALSE
/\ activeToken = 0
/\ cancelReborrow = FALSE
/\ successes = {}
/\ falseCommit = FALSE
/\ generation = 0
/\ delayed = FALSE
/\ callToken = (c1 :> 0 @@ c2 :> 0)
/\ starts = 0
/\ tokenGeneration = <<0, 0>>
/\ connection = (c1 :> "no-session" @@ c2 :> "no-session")
/\ cancel = FALSE
/\ commits = <<>>
/\ dedup = FALSE

State 2: <Push line 63, col 5 to line 70, col 48 of module QueueLease>
/\ owners = (s1 :> {} @@ s2 :> {})
/\ active = FALSE
/\ failures = {}
/\ dirty = (s1 :> FALSE @@ s2 :> FALSE)
/\ leaseLive = {}
/\ pc = (c1 :> "idle" @@ c2 :> "idle")
/\ watched = (s1 :> {} @@ s2 :> {})
/\ data = TRUE
/\ callKind = (c1 :> "ack" @@ c2 :> "ack")
/\ meta = TRUE
/\ issued = {}
/\ pending = TRUE
/\ activeToken = 0
/\ cancelReborrow = FALSE
/\ successes = {}
/\ falseCommit = FALSE
/\ generation = 1
/\ delayed = FALSE
/\ callToken = (c1 :> 0 @@ c2 :> 0)
/\ starts = 0
/\ tokenGeneration = <<0, 0>>
/\ connection = (c1 :> "no-session" @@ c2 :> "no-session")
/\ cancel = FALSE
/\ commits = <<>>
/\ dedup = TRUE

State 3: <Poll line 99, col 8 to line 117, col 44 of module QueueLease>
/\ owners = (s1 :> {} @@ s2 :> {})
/\ active = TRUE
/\ failures = {}
/\ dirty = (s1 :> FALSE @@ s2 :> FALSE)
/\ leaseLive = {1}
/\ pc = (c1 :> "idle" @@ c2 :> "idle")
/\ watched = (s1 :> {} @@ s2 :> {})
/\ data = TRUE
/\ callKind = (c1 :> "ack" @@ c2 :> "ack")
/\ meta = TRUE
/\ issued = {1}
/\ pending = FALSE
/\ activeToken = 1
/\ cancelReborrow = FALSE
/\ successes = {}
/\ falseCommit = FALSE
/\ generation = 1
/\ delayed = FALSE
/\ callToken = (c1 :> 0 @@ c2 :> 0)
/\ starts = 0
/\ tokenGeneration = <<1, 0>>
/\ connection = (c1 :> "no-session" @@ c2 :> "no-session")
/\ cancel = FALSE
/\ commits = <<>>
/\ dedup = TRUE

State 4: <Begin line 135, col 5 to line 146, col 48 of module QueueLease>
/\ owners = (s1 :> {c1} @@ s2 :> {})
/\ active = TRUE
/\ failures = {}
/\ dirty = (s1 :> FALSE @@ s2 :> FALSE)
/\ leaseLive = {1}
/\ pc = (c1 :> "watch" @@ c2 :> "idle")
/\ watched = (s1 :> {} @@ s2 :> {})
/\ data = TRUE
/\ callKind = (c1 :> "delay" @@ c2 :> "ack")
/\ meta = TRUE
/\ issued = {1}
/\ pending = FALSE
/\ activeToken = 1
/\ cancelReborrow = FALSE
/\ successes = {}
/\ falseCommit = FALSE
/\ generation = 1
/\ delayed = FALSE
/\ callToken = (c1 :> 1 @@ c2 :> 0)
/\ starts = 1
/\ tokenGeneration = <<1, 0>>
/\ connection = (c1 :> s1 @@ c2 :> "no-session")
/\ cancel = FALSE
/\ commits = <<>>
/\ dedup = TRUE

State 5: <Watch line 150, col 5 to line 157, col 72 of module QueueLease>
/\ owners = (s1 :> {c1} @@ s2 :> {})
/\ active = TRUE
/\ failures = {}
/\ dirty = (s1 :> FALSE @@ s2 :> FALSE)
/\ leaseLive = {1}
/\ pc = (c1 :> "read" @@ c2 :> "idle")
/\ watched = (s1 :> {} @@ s2 :> {})
/\ data = TRUE
/\ callKind = (c1 :> "delay" @@ c2 :> "ack")
/\ meta = TRUE
/\ issued = {1}
/\ pending = FALSE
/\ activeToken = 1
/\ cancelReborrow = FALSE
/\ successes = {}
/\ falseCommit = FALSE
/\ generation = 1
/\ delayed = FALSE
/\ callToken = (c1 :> 1 @@ c2 :> 0)
/\ starts = 1
/\ tokenGeneration = <<1, 0>>
/\ connection = (c1 :> s1 @@ c2 :> "no-session")
/\ cancel = FALSE
/\ commits = <<>>
/\ dedup = TRUE

State 6: <Read line 161, col 5 to line 172, col 57 of module QueueLease>
/\ owners = (s1 :> {c1} @@ s2 :> {})
/\ active = TRUE
/\ failures = {}
/\ dirty = (s1 :> FALSE @@ s2 :> FALSE)
/\ leaseLive = {1}
/\ pc = (c1 :> "exec" @@ c2 :> "idle")
/\ watched = (s1 :> {} @@ s2 :> {})
/\ data = TRUE
/\ callKind = (c1 :> "delay" @@ c2 :> "ack")
/\ meta = TRUE
/\ issued = {1}
/\ pending = FALSE
/\ activeToken = 1
/\ cancelReborrow = FALSE
/\ successes = {}
/\ falseCommit = FALSE
/\ generation = 1
/\ delayed = FALSE
/\ callToken = (c1 :> 1 @@ c2 :> 0)
/\ starts = 1
/\ tokenGeneration = <<1, 0>>
/\ connection = (c1 :> s1 @@ c2 :> "no-session")
/\ cancel = FALSE
/\ commits = <<>>
/\ dedup = TRUE

State 7: <Expire line 74, col 5 to line 80, col 74 of module QueueLease>
/\ owners = (s1 :> {c1} @@ s2 :> {})
/\ active = TRUE
/\ failures = {}
/\ dirty = (s1 :> FALSE @@ s2 :> FALSE)
/\ leaseLive = {}
/\ pc = (c1 :> "exec" @@ c2 :> "idle")
/\ watched = (s1 :> {} @@ s2 :> {})
/\ data = TRUE
/\ callKind = (c1 :> "delay" @@ c2 :> "ack")
/\ meta = TRUE
/\ issued = {1}
/\ pending = FALSE
/\ activeToken = 1
/\ cancelReborrow = FALSE
/\ successes = {}
/\ falseCommit = FALSE
/\ generation = 1
/\ delayed = FALSE
/\ callToken = (c1 :> 1 @@ c2 :> 0)
/\ starts = 1
/\ tokenGeneration = <<1, 0>>
/\ connection = (c1 :> s1 @@ c2 :> "no-session")
/\ cancel = FALSE
/\ commits = <<>>
/\ dedup = TRUE

State 8: <ExecCommit line 196, col 8 to line 211, col 38 of module QueueLease>
/\ owners = (s1 :> {} @@ s2 :> {})
/\ active = FALSE
/\ failures = {}
/\ dirty = (s1 :> FALSE @@ s2 :> FALSE)
/\ leaseLive = {}
/\ pc = (c1 :> "idle" @@ c2 :> "idle")
/\ watched = (s1 :> {} @@ s2 :> {})
/\ data = TRUE
/\ callKind = (c1 :> "delay" @@ c2 :> "ack")
/\ meta = TRUE
/\ issued = {1}
/\ pending = FALSE
/\ activeToken = 0
/\ cancelReborrow = FALSE
/\ successes = {}
/\ falseCommit = FALSE
/\ generation = 1
/\ delayed = TRUE
/\ callToken = (c1 :> 1 @@ c2 :> 0)
/\ starts = 1
/\ tokenGeneration = <<1, 0>>
/\ connection = (c1 :> s1 @@ c2 :> "no-session")
/\ cancel = FALSE
/\ commits = <<[token |-> 1, valid |-> FALSE, kind |-> "delay"]>>
/\ dedup = TRUE

The coverage statistics at 2026-09-26 15:22:02
<Init line 45, col 1 to line 45, col 4 of module QueueLease>: 2:2
  line 46, col 5 to line 58, col 70 of module QueueLease: 2
<Push line 62, col 1 to line 62, col 11 of module QueueLease>: 2:3
  line 63, col 8 to line 63, col 13 of module QueueLease: 2816
  |line 63, col 9 to line 63, col 13 of module QueueLease: 2813
  line 63, col 18 to line 63, col 44 of module QueueLease: 3
  line 64, col 8 to line 64, col 35 of module QueueLease: 3
  line 65, col 8 to line 65, col 52 of module QueueLease: 3
  line 66, col 8 to line 66, col 70 of module QueueLease: 3
  line 67, col 8 to line 70, col 48 of module QueueLease: 3
<Expire line 73, col 1 to line 73, col 9 of module QueueLease>: 42:896
  line 74, col 8 to line 74, col 22 of module QueueLease: 3707
  |line 74, col 8 to line 74, col 8 of module QueueLease: 2811
  |line 74, col 14 to line 74, col 22 of module QueueLease: 2811
  line 75, col 8 to line 75, col 35 of module QueueLease: 896
  line 76, col 8 to line 76, col 65 of module QueueLease: 896
  line 77, col 8 to line 80, col 74 of module QueueLease: 896
<Poll line 86, col 1 to line 86, col 17 of module QueueLease (99 8 117 44)>: 6:3867
  line 99, col 12 to line 99, col 16 of module QueueLease: 6595
  |line 99, col 13 to line 99, col 16 of module QueueLease: 5618
  ||line 97, col 17 to line 97, col 36 of module QueueLease: 5618
  |||line 97, col 17 to line 97, col 28 of module QueueLease: 5618
  ||||line 97, col 17 to line 97, col 22 of module QueueLease: 5618
  ||||line 97, col 27 to line 97, col 28 of module QueueLease: 2809
  |||||line 95, col 15 to line 95, col 55 of module QueueLease: 2809
  ||||||line 95, col 16 to line 95, col 25 of module QueueLease: 2809
  |||||||line 95, col 16 to line 95, col 16 of module QueueLease: 2809
  ||||||||line 89, col 14 to line 89, col 31 of module QueueLease: 2809
  |||||||||line 89, col 14 to line 89, col 20 of module QueueLease: 2809
  |||||||||line 89, col 25 to line 89, col 31 of module QueueLease: 2642
  ||||||||||line 87, col 20 to line 87, col 67 of module QueueLease: 2642
  |||||||||||line 87, col 20 to line 87, col 25 of module QueueLease: 2642
  |||||||||||line 87, col 30 to line 87, col 67 of module QueueLease: 2602
  |||||||line 95, col 21 to line 95, col 25 of module QueueLease: 979
  ||||||||line 95, col 22 to line 95, col 25 of module QueueLease: 979
  |||||||||line 94, col 17 to line 94, col 30 of module QueueLease: 979
  ||||||||||line 94, col 17 to line 94, col 22 of module QueueLease: 979
  |||||||||||line 90, col 19 to line 90, col 30 of module QueueLease: 979
  ||||||||||||line 90, col 19 to line 90, col 24 of module QueueLease: 979
  ||||||||||||line 90, col 29 to line 90, col 30 of module QueueLease: 164
  ||||||||||line 94, col 27 to line 94, col 30 of module QueueLease: 164
  ||||||line 95, col 32 to line 95, col 54 of module QueueLease: 1994
  |||||||line 95, col 32 to line 95, col 45 of module QueueLease: 1994
  ||||||||line 95, col 32 to line 95, col 38 of module QueueLease: 1994
  ||||||||line 95, col 43 to line 95, col 45 of module QueueLease: 2
  |||||||line 95, col 50 to line 95, col 54 of module QueueLease: 1
  |||line 97, col 33 to line 97, col 36 of module QueueLease: 816
  line 99, col 22 to line 99, col 33 of module QueueLease: 7273
  |line 99, col 22 to line 99, col 22 of module QueueLease: 5618
  |line 99, col 28 to line 99, col 33 of module QueueLease: 5618
  line 87, col 20 to line 87, col 25 of module QueueLease: 2464
  line 87, col 30 to line 87, col 67 of module QueueLease: 11056
  |line 87, col 30 to line 87, col 50 of module QueueLease: 8592
  |line 87, col 59 to line 87, col 67 of module QueueLease: 8592
  line 90, col 19 to line 90, col 24 of module QueueLease: 652
  line 90, col 29 to line 90, col 30 of module QueueLease: 3876
  |line 90, col 30 to line 90, col 30 of module QueueLease: 3224
  line 100, col 34 to line 100, col 47 of module QueueLease: 3
  line 97, col 17 to line 97, col 22 of module QueueLease: 748
  line 89, col 14 to line 89, col 20 of module QueueLease: 165
  line 87, col 20 to line 87, col 25 of module QueueLease: 582
  line 87, col 30 to line 87, col 67 of module QueueLease: 4554
  |line 87, col 30 to line 87, col 50 of module QueueLease: 3972
  |line 87, col 59 to line 87, col 67 of module QueueLease: 3972
  line 95, col 21 to line 95, col 25 of module QueueLease: 1820
  |line 95, col 22 to line 95, col 25 of module QueueLease: 1073
  ||line 94, col 17 to line 94, col 30 of module QueueLease: 1073
  |||line 94, col 17 to line 94, col 22 of module QueueLease: 1073
  ||||line 90, col 19 to line 90, col 30 of module QueueLease: 1073
  |||||line 90, col 19 to line 90, col 24 of module QueueLease: 1073
  |||||line 90, col 29 to line 90, col 30 of module QueueLease: 326
  |||line 94, col 27 to line 94, col 30 of module QueueLease: 326
  line 95, col 32 to line 95, col 45 of module QueueLease: 1
  line 95, col 50 to line 95, col 54 of module QueueLease: 2
  |line 95, col 51 to line 95, col 54 of module QueueLease: 1
  line 97, col 33 to line 97, col 36 of module QueueLease: 748
  line 101, col 11 to line 101, col 34 of module QueueLease: 3867
  |line 101, col 23 to line 101, col 33 of module QueueLease: 3867
  ||line 101, col 23 to line 101, col 24 of module QueueLease: 3867
  |||line 95, col 15 to line 95, col 55 of module QueueLease: 3867
  ||||line 95, col 16 to line 95, col 25 of module QueueLease: 3867
  |||||line 95, col 16 to line 95, col 16 of module QueueLease: 3867
  ||||||line 89, col 14 to line 89, col 31 of module QueueLease: 3867
  |||||||line 89, col 14 to line 89, col 20 of module QueueLease: 3867
  |||||||line 89, col 25 to line 89, col 31 of module QueueLease: 3702
  ||||||||line 87, col 20 to line 87, col 67 of module QueueLease: 3702
  |||||||||line 87, col 20 to line 87, col 25 of module QueueLease: 3702
  |||||||||line 87, col 30 to line 87, col 67 of module QueueLease: 3698
  |||||line 95, col 21 to line 95, col 25 of module QueueLease: 3863
  ||||||line 95, col 22 to line 95, col 25 of module QueueLease: 3863
  |||||||line 94, col 17 to line 94, col 30 of module QueueLease: 3863
  ||||||||line 94, col 17 to line 94, col 22 of module QueueLease: 3863
  |||||||||line 90, col 19 to line 90, col 30 of module QueueLease: 3863
  ||||||||||line 90, col 19 to line 90, col 24 of module QueueLease: 3863
  ||||||||||line 90, col 29 to line 90, col 30 of module QueueLease: 1304
  ||||||||line 94, col 27 to line 94, col 30 of module QueueLease: 1304
  ||||line 95, col 32 to line 95, col 54 of module QueueLease: 1308
  |||||line 95, col 32 to line 95, col 45 of module QueueLease: 1308
  ||||||line 95, col 32 to line 95, col 38 of module QueueLease: 1308
  ||||||line 95, col 43 to line 95, col 45 of module QueueLease: 4
  |||||line 95, col 50 to line 95, col 54 of module QueueLease: 4
  ||line 101, col 29 to line 101, col 33 of module QueueLease: 2563
  |||line 101, col 30 to line 101, col 33 of module QueueLease: 2563
  ||||line 97, col 17 to line 97, col 36 of module QueueLease: 2563
  |||||line 97, col 17 to line 97, col 28 of module QueueLease: 2563
  ||||||line 97, col 17 to line 97, col 22 of module QueueLease: 2563
  ||||||line 97, col 27 to line 97, col 28 of module QueueLease: 1331
  |||||||line 95, col 15 to line 95, col 55 of module QueueLease: 1331
  ||||||||line 95, col 16 to line 95, col 25 of module QueueLease: 1331
  |||||||||line 95, col 16 to line 95, col 16 of module QueueLease: 1331
  ||||||||||line 89, col 14 to line 89, col 31 of module QueueLease: 1331
  |||||||||||line 89, col 14 to line 89, col 20 of module QueueLease: 1331
  |||||||||||line 89, col 25 to line 89, col 31 of module QueueLease: 1166
  ||||||||||||line 87, col 20 to line 87, col 67 of module QueueLease: 1166
  |||||||||||||line 87, col 20 to line 87, col 25 of module QueueLease: 1166
  |||||||||||||line 87, col 30 to line 87, col 67 of module QueueLease: 1164
  |||||||||line 95, col 21 to line 95, col 25 of module QueueLease: 1329
  ||||||||line 95, col 32 to line 95, col 54 of module QueueLease: 2
  |||||line 97, col 33 to line 97, col 36 of module QueueLease: 1331
  line 102, col 11 to line 102, col 23 of module QueueLease: 3867
  |line 102, col 22 to line 102, col 23 of module QueueLease: 3867
  ||line 96, col 15 to line 96, col 38 of module QueueLease: 3867
  |||line 96, col 15 to line 96, col 29 of module QueueLease: 3867
  ||||line 96, col 15 to line 96, col 21 of module QueueLease: 3867
  ||||line 96, col 26 to line 96, col 29 of module QueueLease: 4
  line 103, col 11 to line 103, col 31 of module QueueLease: 3867
  |line 103, col 22 to line 103, col 30 of module QueueLease: 3867
  ||line 103, col 22 to line 103, col 22 of module QueueLease: 3867
  |||line 88, col 14 to line 88, col 31 of module QueueLease: 3867
  ||||line 88, col 14 to line 88, col 19 of module QueueLease: 3867
  ||||line 88, col 24 to line 88, col 31 of module QueueLease: 3698
  ||line 103, col 27 to line 103, col 30 of module QueueLease: 3867
  |||line 97, col 17 to line 97, col 36 of module QueueLease: 3867
  ||||line 97, col 17 to line 97, col 28 of module QueueLease: 3867
  |||||line 97, col 17 to line 97, col 22 of module QueueLease: 3867
  |||||line 97, col 27 to line 97, col 28 of module QueueLease: 1983
  ||||||line 95, col 15 to line 95, col 55 of module QueueLease: 1983
  |||||||line 95, col 16 to line 95, col 25 of module QueueLease: 1983
  ||||||||line 95, col 16 to line 95, col 16 of module QueueLease: 1983
  |||||||||line 89, col 14 to line 89, col 31 of module QueueLease: 1983
  ||||||||||line 89, col 14 to line 89, col 20 of module QueueLease: 1983
  ||||||||||line 89, col 25 to line 89, col 31 of module QueueLease: 1818
  |||||||||||line 87, col 20 to line 87, col 67 of module QueueLease: 1818
  ||||||||||||line 87, col 20 to line 87, col 25 of module QueueLease: 1818
  ||||||||||||line 87, col 30 to line 87, col 67 of module QueueLease: 1816
  ||||||||line 95, col 21 to line 95, col 25 of module QueueLease: 1981
  |||||||||line 95, col 22 to line 95, col 25 of module QueueLease: 1981
  ||||||||||line 94, col 17 to line 94, col 30 of module QueueLease: 1981
  |||||||||||line 94, col 17 to line 94, col 22 of module QueueLease: 1981
  ||||||||||||line 90, col 19 to line 90, col 30 of module QueueLease: 1981
  |||||||||||||line 90, col 19 to line 90, col 24 of module QueueLease: 1981
  |||||||||||||line 90, col 29 to line 90, col 30 of module QueueLease: 652
  |||||||||||line 94, col 27 to line 94, col 30 of module QueueLease: 652
  |||||||line 95, col 32 to line 95, col 54 of module QueueLease: 654
  ||||||||line 95, col 32 to line 95, col 45 of module QueueLease: 654
  |||||||||line 95, col 32 to line 95, col 38 of module QueueLease: 654
  |||||||||line 95, col 43 to line 95, col 45 of module QueueLease: 2
  ||||||||line 95, col 50 to line 95, col 54 of module QueueLease: 2
  ||||line 97, col 33 to line 97, col 36 of module QueueLease: 1331
  line 104, col 11 to line 104, col 79 of module QueueLease: 3867
  |line 104, col 26 to line 104, col 79 of module QueueLease: 3867
  ||line 104, col 29 to line 104, col 32 of module QueueLease: 3867
  |||line 97, col 17 to line 97, col 36 of module QueueLease: 3867
  ||||line 97, col 17 to line 97, col 28 of module QueueLease: 3867
  |||||line 97, col 17 to line 97, col 22 of module QueueLease: 3867
  |||||line 97, col 27 to line 97, col 28 of module QueueLease: 1983
  ||||||line 95, col 15 to line 95, col 55 of module QueueLease: 1983
  |||||||line 95, col 16 to line 95, col 25 of module QueueLease: 1983
  ||||||||line 95, col 16 to line 95, col 16 of module QueueLease: 1983
  |||||||||line 89, col 14 to line 89, col 31 of module QueueLease: 1983
  ||||||||||line 89, col 14 to line 89, col 20 of module QueueLease: 1983
  ||||||||||line 89, col 25 to line 89, col 31 of module QueueLease: 1818
  |||||||||||line 87, col 20 to line 87, col 67 of module QueueLease: 1818
  ||||||||||||line 87, col 20 to line 87, col 25 of module QueueLease: 1818
  ||||||||||||line 87, col 30 to line 87, col 67 of module QueueLease: 1816
  ||||||||line 95, col 21 to line 95, col 25 of module QueueLease: 1981
  |||||||||line 95, col 22 to line 95, col 25 of module QueueLease: 1981
  ||||||||||line 94, col 17 to line 94, col 30 of module QueueLease: 1981
  |||||||||||line 94, col 17 to line 94, col 22 of module QueueLease: 1981
  ||||||||||||line 90, col 19 to line 90, col 30 of module QueueLease: 1981
  |||||||||||||line 90, col 19 to line 90, col 24 of module QueueLease: 1981
  |||||||||||||line 90, col 29 to line 90, col 30 of module QueueLease: 652
  |||||||||||line 94, col 27 to line 94, col 30 of module QueueLease: 652
  |||||||line 95, col 32 to line 95, col 54 of module QueueLease: 654
  ||||||||line 95, col 32 to line 95, col 45 of module QueueLease: 654
  |||||||||line 95, col 32 to line 95, col 38 of module QueueLease: 654
  |||||||||line 95, col 43 to line 95, col 45 of module QueueLease: 2
  ||||||||line 95, col 50 to line 95, col 54 of module QueueLease: 2
  ||||line 97, col 33 to line 97, col 36 of module QueueLease: 1331
  ||line 104, col 39 to line 104, col 39 of module QueueLease: 1331
  ||line 104, col 46 to line 104, col 79 of module QueueLease: 2536
  |||line 104, col 49 to line 104, col 55 of module QueueLease: 2536
  ||||line 87, col 20 to line 87, col 67 of module QueueLease: 2536
  |||||line 87, col 20 to line 87, col 25 of module QueueLease: 2536
  |||||line 87, col 30 to line 87, col 67 of module QueueLease: 2534
  |||line 104, col 69 to line 104, col 79 of module QueueLease: 2
  line 105, col 11 to line 105, col 79 of module QueueLease: 3867
  |line 105, col 24 to line 105, col 79 of module QueueLease: 3867
  ||line 105, col 27 to line 105, col 30 of module QueueLease: 3867
  |||line 97, col 17 to line 97, col 36 of module QueueLease: 3867
  ||||line 97, col 17 to line 97, col 28 of module QueueLease: 3867
  |||||line 97, col 17 to line 97, col 22 of module QueueLease: 3867
  |||||line 97, col 27 to line 97, col 28 of module QueueLease: 1983
  ||||||line 95, col 15 to line 95, col 55 of module QueueLease: 1983
  |||||||line 95, col 16 to line 95, col 25 of module QueueLease: 1983
  ||||||||line 95, col 16 to line 95, col 16 of module QueueLease: 1983
  |||||||||line 89, col 14 to line 89, col 31 of module QueueLease: 1983
  ||||||||||line 89, col 14 to line 89, col 20 of module QueueLease: 1983
  ||||||||||line 89, col 25 to line 89, col 31 of module QueueLease: 1818
  |||||||||||line 87, col 20 to line 87, col 67 of module QueueLease: 1818
  ||||||||||||line 87, col 20 to line 87, col 25 of module QueueLease: 1818
  ||||||||||||line 87, col 30 to line 87, col 67 of module QueueLease: 1816
  ||||||||line 95, col 21 to line 95, col 25 of module QueueLease: 1981
  |||||||||line 95, col 22 to line 95, col 25 of module QueueLease: 1981
  ||||||||||line 94, col 17 to line 94, col 30 of module QueueLease: 1981
  |||||||||||line 94, col 17 to line 94, col 22 of module QueueLease: 1981
  ||||||||||||line 90, col 19 to line 90, col 30 of module QueueLease: 1981
  |||||||||||||line 90, col 19 to line 90, col 24 of module QueueLease: 1981
  |||||||||||||line 90, col 29 to line 90, col 30 of module QueueLease: 652
  |||||||||||line 94, col 27 to line 94, col 30 of module QueueLease: 652
  |||||||line 95, col 32 to line 95, col 54 of module QueueLease: 654
  ||||||||line 95, col 32 to line 95, col 45 of module QueueLease: 654
  |||||||||line 95, col 32 to line 95, col 38 of module QueueLease: 654
  |||||||||line 95, col 43 to line 95, col 45 of module QueueLease: 2
  ||||||||line 95, col 50 to line 95, col 54 of module QueueLease: 2
  ||||line 97, col 33 to line 97, col 36 of module QueueLease: 1331
  ||line 105, col 37 to line 105, col 64 of module QueueLease: 1331
  ||line 105, col 71 to line 105, col 79 of module QueueLease: 2536
  line 106, col 11 to line 106, col 60 of module QueueLease: 3867
  |line 106, col 21 to line 106, col 60 of module QueueLease: 3867
  ||line 106, col 24 to line 106, col 27 of module QueueLease: 3867
  |||line 97, col 17 to line 97, col 36 of module QueueLease: 3867
  ||||line 97, col 17 to line 97, col 28 of module QueueLease: 3867
  |||||line 97, col 17 to line 97, col 22 of module QueueLease: 3867
  |||||line 97, col 27 to line 97, col 28 of module QueueLease: 1983
  ||||||line 95, col 15 to line 95, col 55 of module QueueLease: 1983
  |||||||line 95, col 16 to line 95, col 25 of module QueueLease: 1983
  ||||||||line 95, col 16 to line 95, col 16 of module QueueLease: 1983
  |||||||||line 89, col 14 to line 89, col 31 of module QueueLease: 1983
  ||||||||||line 89, col 14 to line 89, col 20 of module QueueLease: 1983
  ||||||||||line 89, col 25 to line 89, col 31 of module QueueLease: 1818
  |||||||||||line 87, col 20 to line 87, col 67 of module QueueLease: 1818
  ||||||||||||line 87, col 20 to line 87, col 25 of module QueueLease: 1818
  ||||||||||||line 87, col 30 to line 87, col 67 of module QueueLease: 1816
  ||||||||line 95, col 21 to line 95, col 25 of module QueueLease: 1981
  |||||||||line 95, col 22 to line 95, col 25 of module QueueLease: 1981
  ||||||||||line 94, col 17 to line 94, col 30 of module QueueLease: 1981
  |||||||||||line 94, col 17 to line 94, col 22 of module QueueLease: 1981
  ||||||||||||line 90, col 19 to line 90, col 30 of module QueueLease: 1981
  |||||||||||||line 90, col 19 to line 90, col 24 of module QueueLease: 1981
  |||||||||||||line 90, col 29 to line 90, col 30 of module QueueLease: 652
  |||||||||||line 94, col 27 to line 94, col 30 of module QueueLease: 652
  |||||||line 95, col 32 to line 95, col 54 of module QueueLease: 654
  ||||||||line 95, col 32 to line 95, col 45 of module QueueLease: 654
  |||||||||line 95, col 32 to line 95, col 38 of module QueueLease: 654
  |||||||||line 95, col 43 to line 95, col 45 of module QueueLease: 2
  ||||||||line 95, col 50 to line 95, col 54 of module QueueLease: 2
  ||||line 97, col 33 to line 97, col 36 of module QueueLease: 1331
  ||line 106, col 34 to line 106, col 48 of module QueueLease: 1331
  ||line 106, col 55 to line 106, col 60 of module QueueLease: 2536
  line 107, col 11 to line 108, col 50 of module QueueLease: 3867
  |line 107, col 30 to line 108, col 50 of module QueueLease: 3867
  ||line 107, col 33 to line 107, col 36 of module QueueLease: 3867
  |||line 97, col 17 to line 97, col 36 of module QueueLease: 3867
  ||||line 97, col 17 to line 97, col 28 of module QueueLease: 3867
  |||||line 97, col 17 to line 97, col 22 of module QueueLease: 3867
  |||||line 97, col 27 to line 97, col 28 of module QueueLease: 1983
  ||||||line 95, col 15 to line 95, col 55 of module QueueLease: 1983
  |||||||line 95, col 16 to line 95, col 25 of module QueueLease: 1983
  ||||||||line 95, col 16 to line 95, col 16 of module QueueLease: 1983
  |||||||||line 89, col 14 to line 89, col 31 of module QueueLease: 1983
  ||||||||||line 89, col 14 to line 89, col 20 of module QueueLease: 1983
  ||||||||||line 89, col 25 to line 89, col 31 of module QueueLease: 1818
  |||||||||||line 87, col 20 to line 87, col 67 of module QueueLease: 1818
  ||||||||||||line 87, col 20 to line 87, col 25 of module QueueLease: 1818
  ||||||||||||line 87, col 30 to line 87, col 67 of module QueueLease: 1816
  ||||||||line 95, col 21 to line 95, col 25 of module QueueLease: 1981
  |||||||||line 95, col 22 to line 95, col 25 of module QueueLease: 1981
  ||||||||||line 94, col 17 to line 94, col 30 of module QueueLease: 1981
  |||||||||||line 94, col 17 to line 94, col 22 of module QueueLease: 1981
  ||||||||||||line 90, col 19 to line 90, col 30 of module QueueLease: 1981
  |||||||||||||line 90, col 19 to line 90, col 24 of module QueueLease: 1981
  |||||||||||||line 90, col 29 to line 90, col 30 of module QueueLease: 652
  |||||||||||line 94, col 27 to line 94, col 30 of module QueueLease: 652
  |||||||line 95, col 32 to line 95, col 54 of module QueueLease: 654
  ||||||||line 95, col 32 to line 95, col 45 of module QueueLease: 654
  |||||||||line 95, col 32 to line 95, col 38 of module QueueLease: 654
  |||||||||line 95, col 43 to line 95, col 45 of module QueueLease: 2
  ||||||||line 95, col 50 to line 95, col 54 of module QueueLease: 2
  ||||line 97, col 33 to line 97, col 36 of module QueueLease: 1331
  ||line 107, col 43 to line 107, col 84 of module QueueLease: 1331
  ||line 108, col 36 to line 108, col 50 of module QueueLease: 2536
  line 109, col 11 to line 109, col 75 of module QueueLease: 3867
  |line 109, col 23 to line 109, col 75 of module QueueLease: 3867
  ||line 109, col 26 to line 109, col 29 of module QueueLease: 3867
  |||line 94, col 17 to line 94, col 30 of module QueueLease: 3867
  ||||line 94, col 17 to line 94, col 22 of module QueueLease: 3867
  |||||line 90, col 19 to line 90, col 30 of module QueueLease: 3867
  ||||||line 90, col 19 to line 90, col 24 of module QueueLease: 3867
  ||||||line 90, col 29 to line 90, col 30 of module QueueLease: 1304
  ||||line 94, col 27 to line 94, col 30 of module QueueLease: 1304
  ||line 109, col 36 to line 109, col 61 of module QueueLease: 1304
  ||line 109, col 68 to line 109, col 75 of module QueueLease: 2563
  line 110, col 11 to line 110, col 39 of module QueueLease: 3867
  |line 110, col 22 to line 110, col 38 of module QueueLease: 3867
  ||line 110, col 22 to line 110, col 27 of module QueueLease: 3867
  ||line 110, col 32 to line 110, col 38 of module QueueLease: 1304
  line 111, col 11 to line 112, col 59 of module QueueLease: 3867
  |line 111, col 30 to line 112, col 58 of module QueueLease: 3867
  ||line 111, col 30 to line 111, col 43 of module QueueLease: 3867
  ||line 112, col 15 to line 112, col 57 of module QueueLease: 3867
  |||line 112, col 15 to line 112, col 26 of module QueueLease: 3867
  ||||line 112, col 15 to line 112, col 20 of module QueueLease: 3867
  |||||line 90, col 19 to line 90, col 30 of module QueueLease: 3867
  ||||||line 90, col 19 to line 90, col 24 of module QueueLease: 3867
  ||||||line 90, col 29 to line 90, col 30 of module QueueLease: 1304
  ||||line 112, col 25 to line 112, col 26 of module QueueLease: 1304
  line 113, col 11 to line 114, col 30 of module QueueLease: 3867
  |line 113, col 20 to line 114, col 30 of module QueueLease: 3867
  ||line 113, col 23 to line 113, col 26 of module QueueLease: 3867
  |||line 97, col 17 to line 97, col 36 of module QueueLease: 3867
  ||||line 97, col 17 to line 97, col 28 of module QueueLease: 3867
  |||||line 97, col 17 to line 97, col 22 of module QueueLease: 3867
  |||||line 97, col 27 to line 97, col 28 of module QueueLease: 1983
  ||||||line 95, col 15 to line 95, col 55 of module QueueLease: 1983
  |||||||line 95, col 16 to line 95, col 25 of module QueueLease: 1983
  ||||||||line 95, col 16 to line 95, col 16 of module QueueLease: 1983
  |||||||||line 89, col 14 to line 89, col 31 of module QueueLease: 1983
  ||||||||||line 89, col 14 to line 89, col 20 of module QueueLease: 1983
  ||||||||||line 89, col 25 to line 89, col 31 of module QueueLease: 1818
  |||||||||||line 87, col 20 to line 87, col 67 of module QueueLease: 1818
  ||||||||||||line 87, col 20 to line 87, col 25 of module QueueLease: 1818
  ||||||||||||line 87, col 30 to line 87, col 67 of module QueueLease: 1816
  ||||||||line 95, col 21 to line 95, col 25 of module QueueLease: 1981
  |||||||||line 95, col 22 to line 95, col 25 of module QueueLease: 1981
  ||||||||||line 94, col 17 to line 94, col 30 of module QueueLease: 1981
  |||||||||||line 94, col 17 to line 94, col 22 of module QueueLease: 1981
  ||||||||||||line 90, col 19 to line 90, col 30 of module QueueLease: 1981
  |||||||||||||line 90, col 19 to line 90, col 24 of module QueueLease: 1981
  |||||||||||||line 90, col 29 to line 90, col 30 of module QueueLease: 652
  |||||||||||line 94, col 27 to line 94, col 30 of module QueueLease: 652
  |||||||line 95, col 32 to line 95, col 54 of module QueueLease: 654
  ||||||||line 95, col 32 to line 95, col 45 of module QueueLease: 654
  |||||||||line 95, col 32 to line 95, col 38 of module QueueLease: 654
  |||||||||line 95, col 43 to line 95, col 45 of module QueueLease: 2
  ||||||||line 95, col 50 to line 95, col 54 of module QueueLease: 2
  ||||line 97, col 33 to line 97, col 36 of module QueueLease: 1331
  ||line 113, col 33 to line 113, col 91 of module QueueLease: 1331:2662
  ||line 114, col 26 to line 114, col 30 of module QueueLease: 2536
  line 115, col 11 to line 117, col 44 of module QueueLease: 3867
<Cancel line 121, col 1 to line 121, col 6 of module QueueLease>: 7:1385
  line 122, col 8 to line 122, col 19 of module QueueLease: 1385
  line 34, col 9 to line 34, col 15 of module QueueLease: 83
  line 34, col 20 to line 34, col 26 of module QueueLease: 1
  line 34, col 31 to line 34, col 36 of module QueueLease: 1301
  line 123, col 8 to line 123, col 43 of module QueueLease: 1385
  line 124, col 8 to line 124, col 86 of module QueueLease: 1385
  |line 124, col 20 to line 124, col 86 of module QueueLease: 1385
  ||line 124, col 23 to line 124, col 40 of module QueueLease: 1385
  |||line 124, col 23 to line 124, col 29 of module QueueLease: 1385
  |||line 124, col 34 to line 124, col 40 of module QueueLease: 1302
  ||line 124, col 47 to line 124, col 72 of module QueueLease: 84
  ||line 124, col 79 to line 124, col 86 of module QueueLease: 1301
  line 125, col 8 to line 125, col 35 of module QueueLease: 1385
  |line 125, col 19 to line 125, col 34 of module QueueLease: 1385
  ||line 125, col 19 to line 125, col 24 of module QueueLease: 1385
  ||line 125, col 29 to line 125, col 34 of module QueueLease: 965
  line 126, col 8 to line 129, col 48 of module QueueLease: 1385
<Begin line 134, col 1 to line 134, col 14 of module QueueLease>: 1520:4433
  line 135, col 8 to line 135, col 24 of module QueueLease: 4433
  |line 135, col 8 to line 135, col 13 of module QueueLease: 44897
  |line 135, col 17 to line 135, col 24 of module QueueLease: 44897
  line 135, col 29 to line 135, col 42 of module QueueLease: 19378
  |line 135, col 29 to line 135, col 33 of module QueueLease: 14945
  line 135, col 47 to line 135, col 58 of module QueueLease: 13938
  |line 135, col 47 to line 135, col 47 of module QueueLease: 9505
  |line 135, col 53 to line 135, col 58 of module QueueLease: 9505
  line 136, col 9 to line 136, col 22 of module QueueLease: 10738
  |line 136, col 9 to line 136, col 17 of module QueueLease: 6305
  |line 136, col 21 to line 136, col 22 of module QueueLease: 6305
  line 137, col 8 to line 137, col 27 of module QueueLease: 4433
  line 138, col 8 to line 138, col 39 of module QueueLease: 4433
  line 139, col 8 to line 139, col 47 of module QueueLease: 4433
  line 140, col 8 to line 140, col 45 of module QueueLease: 4433
  line 141, col 8 to line 141, col 49 of module QueueLease: 4433
  line 142, col 8 to line 142, col 50 of module QueueLease: 4433
  line 143, col 8 to line 146, col 48 of module QueueLease: 4433
<Watch line 148, col 1 to line 148, col 8 of module QueueLease (150 5 157 72)>: 1204:1401
  line 150, col 8 to line 150, col 22 of module QueueLease: 4203
  |line 150, col 8 to line 150, col 12 of module QueueLease: 2802
  line 151, col 8 to line 152, col 79 of module QueueLease: 1401
  line 153, col 8 to line 153, col 38 of module QueueLease: 1401
  line 154, col 8 to line 157, col 72 of module QueueLease: 1401
<Read line 159, col 1 to line 159, col 7 of module QueueLease (161 5 172 57)>: 184:321
  line 161, col 8 to line 161, col 21 of module QueueLease: 3122
  |line 161, col 8 to line 161, col 12 of module QueueLease: 2801
  line 162, col 11 to line 162, col 46 of module QueueLease: 321
  line 163, col 16 to line 163, col 46 of module QueueLease: 193
  line 164, col 16 to line 164, col 51 of module QueueLease: 193
  line 165, col 13 to line 168, col 51 of module QueueLease: 128
  line 169, col 8 to line 172, col 57 of module QueueLease: 321
<ExecAbort line 176, col 1 to line 176, col 12 of module QueueLease (178 5 187 44)>: 0:0
  line 178, col 8 to line 178, col 21 of module QueueLease: 2800
  line 178, col 26 to line 178, col 33 of module QueueLease: 42
  line 179, col 8 to line 179, col 77 of module QueueLease: 0
  line 180, col 8 to line 180, col 31 of module QueueLease: 0
  line 181, col 8 to line 181, col 43 of module QueueLease: 0
  line 182, col 8 to line 182, col 69 of module QueueLease: 0
  line 183, col 8 to line 183, col 56 of module QueueLease: 0
  line 184, col 8 to line 187, col 44 of module QueueLease: 0
<ExecCommit line 191, col 1 to line 191, col 13 of module QueueLease (196 8 211 38)>: 41:42
  line 196, col 11 to line 196, col 24 of module QueueLease: 2841
  |line 196, col 11 to line 196, col 15 of module QueueLease: 2800
  line 196, col 29 to line 196, col 37 of module QueueLease: 83
  |line 196, col 30 to line 196, col 37 of module QueueLease: 42
  line 197, col 11 to line 197, col 83 of module QueueLease: 41
  |line 197, col 22 to line 197, col 83 of module QueueLease: 42
  ||line 197, col 29 to line 197, col 35 of module QueueLease: 42
  ||line 197, col 38 to line 197, col 82 of module QueueLease: 42
  |||line 197, col 39 to line 197, col 49 of module QueueLease: 42
  |||line 197, col 62 to line 197, col 69 of module QueueLease: 42
  ||||line 36, col 13 to line 38, col 46 of module QueueLease: 42
  |||||line 36, col 16 to line 36, col 40 of module QueueLease: 42
  |||||line 37, col 16 to line 37, col 40 of module QueueLease: 40
  |||||line 38, col 16 to line 38, col 46 of module QueueLease: 40
  ||||line 197, col 68 to line 197, col 68 of module QueueLease: 42
  |||line 197, col 72 to line 197, col 81 of module QueueLease: 42
  line 198, col 11 to line 198, col 48 of module QueueLease: 41
  |line 198, col 24 to line 198, col 48 of module QueueLease: 42
  line 199, col 11 to line 199, col 25 of module QueueLease: 41
  |line 199, col 21 to line 199, col 25 of module QueueLease: 42
  line 199, col 30 to line 199, col 45 of module QueueLease: 41
  line 200, col 11 to line 200, col 44 of module QueueLease: 41
  |line 200, col 23 to line 200, col 43 of module QueueLease: 42
  line 201, col 11 to line 201, col 45 of module QueueLease: 41
  |line 201, col 23 to line 201, col 44 of module QueueLease: 42
  line 202, col 11 to line 202, col 83 of module QueueLease: 41
  |line 202, col 24 to line 202, col 83 of module QueueLease: 42
  ||line 202, col 27 to line 202, col 35 of module QueueLease: 42
  ||line 202, col 42 to line 202, col 68 of module QueueLease: 9
  ||line 202, col 75 to line 202, col 83 of module QueueLease: 33
  line 203, col 11 to line 203, col 81 of module QueueLease: 41
  |line 203, col 23 to line 203, col 81 of module QueueLease: 42
  ||line 203, col 26 to line 203, col 35 of module QueueLease: 42
  ||line 203, col 42 to line 203, col 67 of module QueueLease: 9
  ||line 203, col 74 to line 203, col 81 of module QueueLease: 33
  line 204, col 11 to line 204, col 62 of module QueueLease: 41
  |line 204, col 21 to line 204, col 61 of module QueueLease: 42
  ||line 204, col 21 to line 204, col 25 of module QueueLease: 42
  ||line 204, col 30 to line 204, col 61 of module QueueLease: 42
  |||line 204, col 32 to line 204, col 60 of module QueueLease: 42
  ||||line 204, col 32 to line 204, col 39 of module QueueLease: 42
  ||||line 204, col 44 to line 204, col 60 of module QueueLease: 18
  line 205, col 11 to line 205, col 41 of module QueueLease: 41
  |line 205, col 17 to line 205, col 41 of module QueueLease: 42
  line 206, col 11 to line 206, col 34 of module QueueLease: 41
  |line 206, col 21 to line 206, col 34 of module QueueLease: 42
  line 207, col 11 to line 207, col 34 of module QueueLease: 41
  |line 207, col 22 to line 207, col 34 of module QueueLease: 42
  line 208, col 11 to line 208, col 44 of module QueueLease: 41
  |line 208, col 20 to line 208, col 44 of module QueueLease: 42
  line 209, col 11 to line 211, col 38 of module QueueLease: 41
<DropConnection line 215, col 1 to line 215, col 17 of module QueueLease (217 5 226 57)>: 1108:1760
  line 217, col 8 to line 217, col 21 of module QueueLease: 4558
  |line 217, col 8 to line 217, col 12 of module QueueLease: 2798
  |line 217, col 18 to line 217, col 21 of module QueueLease: 2798
  line 218, col 8 to line 218, col 38 of module QueueLease: 1760
  line 219, col 8 to line 219, col 31 of module QueueLease: 1760
  line 220, col 8 to line 220, col 73 of module QueueLease: 1760
  line 221, col 8 to line 222, col 59 of module QueueLease: 1760
  line 223, col 8 to line 226, col 57 of module QueueLease: 1760
<Prune line 232, col 1 to line 232, col 8 of module QueueLease (240 8 249 51)>: 0:0
  line 241, col 11 to line 241, col 39 of module QueueLease: 0
  line 241, col 44 to line 241, col 71 of module QueueLease: 0
  line 242, col 11 to line 242, col 37 of module QueueLease: 0
  line 243, col 11 to line 243, col 37 of module QueueLease: 0
  line 244, col 11 to line 244, col 39 of module QueueLease: 0
  line 245, col 11 to line 245, col 68 of module QueueLease: 0
  line 246, col 11 to line 249, col 51 of module QueueLease: 0
<FencedEffects line 274, col 1 to line 274, col 13 of module QueueLease>
  line 274, col 18 to line 274, col 60 of module QueueLease: 4115
  |line 274, col 45 to line 274, col 60 of module QueueLease: 41
  |line 274, col 27 to line 274, col 41 of module QueueLease: 4115
End of statistics.
14075 states generated, 4115 distinct states found, 2714 states left on queue.
The depth of the complete state graph search is 8.
The average outdegree of the complete state graph is 3 (minimum is 0, the maximum 31 and the 95th percentile is 10).
Finished in 00s at (2026-09-26 15:22:02)
