TLC2 Version 2.19 of 08 August 2024 (rev: 5a47802)
Running breadth-first search Model-Checking with fp 0 and seed 1 with 1 worker on 10 cores with 1820MB heap and 64MB offheap memory [pid: 22311] (Mac OS X 26.6.2 aarch64, Eclipse Adoptium 21.0.12.1 x86_64, MSBDiskFPSet, DiskStateQueue).
Parsing file /Users/alfongj/Code/engine-core/formal/tla/SolanaRecovery.tla
Parsing file /private/var/folders/ky/s5xblf5j3515d6h6ss25z3w80000gn/T/Naturals.tla
Parsing file /private/var/folders/ky/s5xblf5j3515d6h6ss25z3w80000gn/T/FiniteSets.tla
Parsing file /private/var/folders/ky/s5xblf5j3515d6h6ss25z3w80000gn/T/Sequences.tla
Parsing file /private/var/folders/ky/s5xblf5j3515d6h6ss25z3w80000gn/T/TLC.tla
Semantic processing of module Naturals
Semantic processing of module Sequences
Semantic processing of module FiniteSets
Semantic processing of module TLC
Semantic processing of module SolanaRecovery
Starting... (2026-09-26 15:21:48)
Computing initial states...
Finished computing initial states: 1 distinct state generated at 2026-09-26 15:21:48.
Error: Invariant TerminalHasChainProof is violated.
Error: The behavior up to this point is:
State 1: <Initial predicate>
s = [ token |-> (w1 :> 0 @@ w2 :> 0),
  queueOwner |-> 0,
  storageOwner |-> 0,
  messages |-> <<>>,
  epoch |-> 0,
  queue |-> "Pending",
  admission |-> "Active",
  attempt |-> 0,
  broadcasts |-> 0,
  checks |-> 0,
  reservations |-> 0,
  phase |-> (w1 :> "Idle" @@ w2 :> "Idle"),
  local |-> (w1 :> 0 @@ w2 :> 0),
  observed |-> (w1 :> "Unknown" @@ w2 :> "Unknown"),
  chain |-> (s1 :> "Unseen" @@ s2 :> "Unseen"),
  expired |-> {},
  effects |-> {},
  persistedEver |-> {},
  terminalIdentity |-> 0,
  terminalKind |-> "None",
  staleTerminal |-> FALSE ]

State 2: <Claim line 34, col 3 to line 37, col 86 of module SolanaRecovery>
s = [ token |-> (w1 :> 1 @@ w2 :> 0),
  queueOwner |-> 1,
  storageOwner |-> 0,
  messages |-> <<>>,
  epoch |-> 1,
  queue |-> "Active",
  admission |-> "Active",
  attempt |-> 0,
  broadcasts |-> 0,
  checks |-> 0,
  reservations |-> 0,
  phase |-> (w1 :> "Load" @@ w2 :> "Idle"),
  local |-> (w1 :> 0 @@ w2 :> 0),
  observed |-> (w1 :> "Unknown" @@ w2 :> "Unknown"),
  chain |-> (s1 :> "Unseen" @@ s2 :> "Unseen"),
  expired |-> {},
  effects |-> {},
  persistedEver |-> {},
  terminalIdentity |-> 0,
  terminalKind |-> "None",
  staleTerminal |-> FALSE ]

State 3: <Lock line 40, col 3 to line 41, col 72 of module SolanaRecovery>
s = [ token |-> (w1 :> 1 @@ w2 :> 0),
  queueOwner |-> 1,
  storageOwner |-> 1,
  messages |-> <<>>,
  epoch |-> 1,
  queue |-> "Active",
  admission |-> "Active",
  attempt |-> 0,
  broadcasts |-> 0,
  checks |-> 0,
  reservations |-> 0,
  phase |-> (w1 :> "Recover" @@ w2 :> "Idle"),
  local |-> (w1 :> 0 @@ w2 :> 0),
  observed |-> (w1 :> "Unknown" @@ w2 :> "Unknown"),
  chain |-> (s1 :> "Unseen" @@ s2 :> "Unseen"),
  expired |-> {},
  effects |-> {},
  persistedEver |-> {},
  terminalIdentity |-> 0,
  terminalKind |-> "None",
  staleTerminal |-> FALSE ]

State 4: <LoadAttempt line 44, col 3 to line 46, col 76 of module SolanaRecovery>
s = [ token |-> (w1 :> 1 @@ w2 :> 0),
  queueOwner |-> 1,
  storageOwner |-> 1,
  messages |-> <<>>,
  epoch |-> 1,
  queue |-> "Active",
  admission |-> "Active",
  attempt |-> 0,
  broadcasts |-> 0,
  checks |-> 0,
  reservations |-> 0,
  phase |-> (w1 :> "Build" @@ w2 :> "Idle"),
  local |-> (w1 :> 0 @@ w2 :> 0),
  observed |-> (w1 :> "Unknown" @@ w2 :> "Unknown"),
  chain |-> (s1 :> "Unseen" @@ s2 :> "Unseen"),
  expired |-> {},
  effects |-> {},
  persistedEver |-> {},
  terminalIdentity |-> 0,
  terminalKind |-> "None",
  staleTerminal |-> FALSE ]

State 5: <Build line 49, col 3 to line 51, col 57 of module SolanaRecovery>
s = [ token |-> (w1 :> 1 @@ w2 :> 0),
  queueOwner |-> 1,
  storageOwner |-> 1,
  messages |-> <<>>,
  epoch |-> 1,
  queue |-> "Active",
  admission |-> "Active",
  attempt |-> 0,
  broadcasts |-> 0,
  checks |-> 0,
  reservations |-> 0,
  phase |-> (w1 :> "Built" @@ w2 :> "Idle"),
  local |-> (w1 :> s1 @@ w2 :> 0),
  observed |-> (w1 :> "Unknown" @@ w2 :> "Unknown"),
  chain |-> (s1 :> "Unseen" @@ s2 :> "Unseen"),
  expired |-> {},
  effects |-> {},
  persistedEver |-> {},
  terminalIdentity |-> 0,
  terminalKind |-> "None",
  staleTerminal |-> FALSE ]

State 6: <Persist line 54, col 3 to line 56, col 86 of module SolanaRecovery>
s = [ token |-> (w1 :> 1 @@ w2 :> 0),
  queueOwner |-> 1,
  storageOwner |-> 1,
  messages |-> <<>>,
  epoch |-> 1,
  queue |-> "Active",
  admission |-> "Active",
  attempt |-> s1,
  broadcasts |-> 0,
  checks |-> 0,
  reservations |-> 0,
  phase |-> (w1 :> "PrepareSend" @@ w2 :> "Idle"),
  local |-> (w1 :> s1 @@ w2 :> 0),
  observed |-> (w1 :> "Unknown" @@ w2 :> "Unknown"),
  chain |-> (s1 :> "Unseen" @@ s2 :> "Unseen"),
  expired |-> {},
  effects |-> {},
  persistedEver |-> {s1},
  terminalIdentity |-> 0,
  terminalKind |-> "None",
  staleTerminal |-> FALSE ]

State 7: <PrepareSend line 59, col 3 to line 61, col 86 of module SolanaRecovery>
s = [ token |-> (w1 :> 1 @@ w2 :> 0),
  queueOwner |-> 1,
  storageOwner |-> 1,
  messages |-> <<>>,
  epoch |-> 1,
  queue |-> "Active",
  admission |-> "Active",
  attempt |-> s1,
  broadcasts |-> 1,
  checks |-> 0,
  reservations |-> 1,
  phase |-> (w1 :> "Send" @@ w2 :> "Idle"),
  local |-> (w1 :> s1 @@ w2 :> 0),
  observed |-> (w1 :> "Unknown" @@ w2 :> "Unknown"),
  chain |-> (s1 :> "Unseen" @@ s2 :> "Unseen"),
  expired |-> {},
  effects |-> {},
  persistedEver |-> {s1},
  terminalIdentity |-> 0,
  terminalKind |-> "None",
  staleTerminal |-> FALSE ]

State 8: <Send line 75, col 3 to line 78, col 68 of module SolanaRecovery>
s = [ token |-> (w1 :> 1 @@ w2 :> 0),
  queueOwner |-> 1,
  storageOwner |-> 1,
  messages |-> <<[identity |-> s1, persistedBefore |-> TRUE]>>,
  epoch |-> 1,
  queue |-> "Active",
  admission |-> "Active",
  attempt |-> s1,
  broadcasts |-> 1,
  checks |-> 0,
  reservations |-> 1,
  phase |-> (w1 :> "Retry" @@ w2 :> "Idle"),
  local |-> (w1 :> s1 @@ w2 :> 0),
  observed |-> (w1 :> "Unknown" @@ w2 :> "Unknown"),
  chain |-> (s1 :> "Unseen" @@ s2 :> "Unseen"),
  expired |-> {},
  effects |-> {},
  persistedEver |-> {s1},
  terminalIdentity |-> 0,
  terminalKind |-> "None",
  staleTerminal |-> FALSE ]

State 9: <Retry line 147, col 3 to line 152, col 62 of module SolanaRecovery>
s = [ token |-> (w1 :> 0 @@ w2 :> 0),
  queueOwner |-> 0,
  storageOwner |-> 0,
  messages |-> <<[identity |-> s1, persistedBefore |-> TRUE]>>,
  epoch |-> 1,
  queue |-> "Pending",
  admission |-> "Active",
  attempt |-> s1,
  broadcasts |-> 1,
  checks |-> 0,
  reservations |-> 1,
  phase |-> (w1 :> "Idle" @@ w2 :> "Idle"),
  local |-> (w1 :> 0 @@ w2 :> 0),
  observed |-> (w1 :> "Unknown" @@ w2 :> "Unknown"),
  chain |-> (s1 :> "Unseen" @@ s2 :> "Unseen"),
  expired |-> {},
  effects |-> {},
  persistedEver |-> {s1},
  terminalIdentity |-> 0,
  terminalKind |-> "None",
  staleTerminal |-> FALSE ]

State 10: <Claim line 34, col 3 to line 37, col 86 of module SolanaRecovery>
s = [ token |-> (w1 :> 2 @@ w2 :> 0),
  queueOwner |-> 2,
  storageOwner |-> 0,
  messages |-> <<[identity |-> s1, persistedBefore |-> TRUE]>>,
  epoch |-> 2,
  queue |-> "Active",
  admission |-> "Active",
  attempt |-> s1,
  broadcasts |-> 1,
  checks |-> 0,
  reservations |-> 1,
  phase |-> (w1 :> "Load" @@ w2 :> "Idle"),
  local |-> (w1 :> 0 @@ w2 :> 0),
  observed |-> (w1 :> "Unknown" @@ w2 :> "Unknown"),
  chain |-> (s1 :> "Unseen" @@ s2 :> "Unseen"),
  expired |-> {},
  effects |-> {},
  persistedEver |-> {s1},
  terminalIdentity |-> 0,
  terminalKind |-> "None",
  staleTerminal |-> FALSE ]

State 11: <Lock line 40, col 3 to line 41, col 72 of module SolanaRecovery>
s = [ token |-> (w1 :> 2 @@ w2 :> 0),
  queueOwner |-> 2,
  storageOwner |-> 2,
  messages |-> <<[identity |-> s1, persistedBefore |-> TRUE]>>,
  epoch |-> 2,
  queue |-> "Active",
  admission |-> "Active",
  attempt |-> s1,
  broadcasts |-> 1,
  checks |-> 0,
  reservations |-> 1,
  phase |-> (w1 :> "Recover" @@ w2 :> "Idle"),
  local |-> (w1 :> 0 @@ w2 :> 0),
  observed |-> (w1 :> "Unknown" @@ w2 :> "Unknown"),
  chain |-> (s1 :> "Unseen" @@ s2 :> "Unseen"),
  expired |-> {},
  effects |-> {},
  persistedEver |-> {s1},
  terminalIdentity |-> 0,
  terminalKind |-> "None",
  staleTerminal |-> FALSE ]

State 12: <LoadAttempt line 44, col 3 to line 46, col 76 of module SolanaRecovery>
s = [ token |-> (w1 :> 2 @@ w2 :> 0),
  queueOwner |-> 2,
  storageOwner |-> 2,
  messages |-> <<[identity |-> s1, persistedBefore |-> TRUE]>>,
  epoch |-> 2,
  queue |-> "Active",
  admission |-> "Active",
  attempt |-> s1,
  broadcasts |-> 1,
  checks |-> 0,
  reservations |-> 1,
  phase |-> (w1 :> "Check" @@ w2 :> "Idle"),
  local |-> (w1 :> s1 @@ w2 :> 0),
  observed |-> (w1 :> "Unknown" @@ w2 :> "Unknown"),
  chain |-> (s1 :> "Unseen" @@ s2 :> "Unseen"),
  expired |-> {},
  effects |-> {},
  persistedEver |-> {s1},
  terminalIdentity |-> 0,
  terminalKind |-> "None",
  staleTerminal |-> FALSE ]

State 13: <Execute line 83, col 3 to line 85, col 81 of module SolanaRecovery>
s = [ token |-> (w1 :> 2 @@ w2 :> 0),
  queueOwner |-> 2,
  storageOwner |-> 2,
  messages |-> <<[identity |-> s1, persistedBefore |-> TRUE]>>,
  epoch |-> 2,
  queue |-> "Active",
  admission |-> "Active",
  attempt |-> s1,
  broadcasts |-> 1,
  checks |-> 0,
  reservations |-> 1,
  phase |-> (w1 :> "Check" @@ w2 :> "Idle"),
  local |-> (w1 :> s1 @@ w2 :> 0),
  observed |-> (w1 :> "Unknown" @@ w2 :> "Unknown"),
  chain |-> (s1 :> "ProcessedOk" @@ s2 :> "Unseen"),
  expired |-> {},
  effects |-> {s1},
  persistedEver |-> {s1},
  terminalIdentity |-> 0,
  terminalKind |-> "None",
  staleTerminal |-> FALSE ]

State 14: <Finalize line 88, col 3 to line 89, col 85 of module SolanaRecovery>
s = [ token |-> (w1 :> 2 @@ w2 :> 0),
  queueOwner |-> 2,
  storageOwner |-> 2,
  messages |-> <<[identity |-> s1, persistedBefore |-> TRUE]>>,
  epoch |-> 2,
  queue |-> "Active",
  admission |-> "Active",
  attempt |-> s1,
  broadcasts |-> 1,
  checks |-> 0,
  reservations |-> 1,
  phase |-> (w1 :> "Check" @@ w2 :> "Idle"),
  local |-> (w1 :> s1 @@ w2 :> 0),
  observed |-> (w1 :> "Unknown" @@ w2 :> "Unknown"),
  chain |-> (s1 :> "FinalOk" @@ s2 :> "Unseen"),
  expired |-> {},
  effects |-> {s1},
  persistedEver |-> {s1},
  terminalIdentity |-> 0,
  terminalKind |-> "None",
  staleTerminal |-> FALSE ]

State 15: <Observe line 102, col 3 to line 106, col 85 of module SolanaRecovery>
s = [ token |-> (w1 :> 2 @@ w2 :> 0),
  queueOwner |-> 2,
  storageOwner |-> 2,
  messages |-> <<[identity |-> s1, persistedBefore |-> TRUE]>>,
  epoch |-> 2,
  queue |-> "Active",
  admission |-> "Active",
  attempt |-> s1,
  broadcasts |-> 1,
  checks |-> 1,
  reservations |-> 1,
  phase |-> (w1 :> "Observed" @@ w2 :> "Idle"),
  local |-> (w1 :> s1 @@ w2 :> 0),
  observed |-> (w1 :> "Success" @@ w2 :> "Unknown"),
  chain |-> (s1 :> "FinalOk" @@ s2 :> "Unseen"),
  expired |-> {},
  effects |-> {s1},
  persistedEver |-> {s1},
  terminalIdentity |-> 0,
  terminalKind |-> "None",
  staleTerminal |-> FALSE ]

State 16: <Decide line 113, col 3 to line 117, col 67 of module SolanaRecovery>
s = [ token |-> (w1 :> 2 @@ w2 :> 0),
  queueOwner |-> 2,
  storageOwner |-> 2,
  messages |-> <<[identity |-> s1, persistedBefore |-> TRUE]>>,
  epoch |-> 2,
  queue |-> "Active",
  admission |-> "Active",
  attempt |-> s1,
  broadcasts |-> 1,
  checks |-> 1,
  reservations |-> 1,
  phase |-> (w1 :> "Proof" @@ w2 :> "Idle"),
  local |-> (w1 :> s1 @@ w2 :> 0),
  observed |-> (w1 :> "Success" @@ w2 :> "Unknown"),
  chain |-> (s1 :> "FinalOk" @@ s2 :> "Unseen"),
  expired |-> {},
  effects |-> {s1},
  persistedEver |-> {s1},
  terminalIdentity |-> 0,
  terminalKind |-> "None",
  staleTerminal |-> FALSE ]

State 17: <ReleaseForCommit line 133, col 3 to line 135, col 44 of module SolanaRecovery>
s = [ token |-> (w1 :> 2 @@ w2 :> 0),
  queueOwner |-> 2,
  storageOwner |-> 0,
  messages |-> <<[identity |-> s1, persistedBefore |-> TRUE]>>,
  epoch |-> 2,
  queue |-> "Active",
  admission |-> "Active",
  attempt |-> s1,
  broadcasts |-> 1,
  checks |-> 1,
  reservations |-> 1,
  phase |-> (w1 :> "Complete" @@ w2 :> "Idle"),
  local |-> (w1 :> s1 @@ w2 :> 0),
  observed |-> (w1 :> "Success" @@ w2 :> "Unknown"),
  chain |-> (s1 :> "FinalOk" @@ s2 :> "Unseen"),
  expired |-> {},
  effects |-> {s1},
  persistedEver |-> {s1},
  terminalIdentity |-> 0,
  terminalKind |-> "None",
  staleTerminal |-> FALSE ]

State 18: <CommitTerminal line 138, col 3 to line 144, col 78 of module SolanaRecovery>
s = [ token |-> (w1 :> 0 @@ w2 :> 0),
  queueOwner |-> 0,
  storageOwner |-> 0,
  messages |-> <<[identity |-> s1, persistedBefore |-> TRUE]>>,
  epoch |-> 2,
  queue |-> "Terminal",
  admission |-> "Completed",
  attempt |-> 0,
  broadcasts |-> 0,
  checks |-> 0,
  reservations |-> 1,
  phase |-> (w1 :> "Idle" @@ w2 :> "Idle"),
  local |-> (w1 :> 0 @@ w2 :> 0),
  observed |-> (w1 :> "Unknown" @@ w2 :> "Unknown"),
  chain |-> (s1 :> "FinalOk" @@ s2 :> "Unseen"),
  expired |-> {},
  effects |-> {s1},
  persistedEver |-> {s1},
  terminalIdentity |-> s1,
  terminalKind |-> "Success",
  staleTerminal |-> FALSE ]

State 19: <Reorg line 192, col 3 to line 193, col 42 of module SolanaRecovery>
s = [ token |-> (w1 :> 0 @@ w2 :> 0),
  queueOwner |-> 0,
  storageOwner |-> 0,
  messages |-> <<[identity |-> s1, persistedBefore |-> TRUE]>>,
  epoch |-> 2,
  queue |-> "Terminal",
  admission |-> "Completed",
  attempt |-> 0,
  broadcasts |-> 0,
  checks |-> 0,
  reservations |-> 1,
  phase |-> (w1 :> "Idle" @@ w2 :> "Idle"),
  local |-> (w1 :> 0 @@ w2 :> 0),
  observed |-> (w1 :> "Unknown" @@ w2 :> "Unknown"),
  chain |-> (s1 :> "Unseen" @@ s2 :> "Unseen"),
  expired |-> {},
  effects |-> {s1},
  persistedEver |-> {s1},
  terminalIdentity |-> s1,
  terminalKind |-> "Success",
  staleTerminal |-> FALSE ]

The coverage statistics at 2026-09-26 15:21:49
<Init line 23, col 1 to line 23, col 4 of module SolanaRecovery>: 2:2
  line 23, col 9 to line 31, col 75 of module SolanaRecovery: 2
<Claim line 33, col 1 to line 33, col 8 of module SolanaRecovery>: 3596:5201
  line 34, col 6 to line 34, col 24 of module SolanaRecovery: 98690
  |line 34, col 6 to line 34, col 15 of module SolanaRecovery: 93489
  line 34, col 29 to line 34, col 47 of module SolanaRecovery: 29697
  |line 34, col 29 to line 34, col 35 of module SolanaRecovery: 24496
  line 34, col 52 to line 34, col 67 of module SolanaRecovery: 13299
  |line 34, col 52 to line 34, col 63 of module SolanaRecovery: 8098
  line 35, col 6 to line 35, col 24 of module SolanaRecovery: 5201
  |line 35, col 6 to line 35, col 12 of module SolanaRecovery: 8098
  |line 35, col 16 to line 35, col 24 of module SolanaRecovery: 8098
  line 36, col 6 to line 37, col 86 of module SolanaRecovery: 5201
<Lock line 39, col 1 to line 39, col 7 of module SolanaRecovery>: 1477:1845
  line 40, col 6 to line 40, col 24 of module SolanaRecovery: 95332
  |line 40, col 6 to line 40, col 15 of module SolanaRecovery: 93487
  line 19, col 16 to line 19, col 29 of module SolanaRecovery: 21327
  |line 19, col 16 to line 19, col 25 of module SolanaRecovery: 19482
  line 19, col 34 to line 19, col 58 of module SolanaRecovery: 21327
  |line 19, col 34 to line 19, col 43 of module SolanaRecovery: 19482
  |line 19, col 47 to line 19, col 58 of module SolanaRecovery: 19482
  line 40, col 38 to line 40, col 38 of module SolanaRecovery: 19482
  line 40, col 44 to line 40, col 61 of module SolanaRecovery: 5881
  |line 40, col 44 to line 40, col 57 of module SolanaRecovery: 4036
  line 41, col 6 to line 41, col 72 of module SolanaRecovery: 1845
<LoadAttempt line 43, col 1 to line 43, col 14 of module SolanaRecovery>: 1102:3747
  line 44, col 6 to line 44, col 27 of module SolanaRecovery: 97232
  |line 44, col 6 to line 44, col 15 of module SolanaRecovery: 93485
  line 20, col 18 to line 20, col 31 of module SolanaRecovery: 14387
  |line 20, col 18 to line 20, col 27 of module SolanaRecovery: 10640
  line 20, col 36 to line 20, col 62 of module SolanaRecovery: 14387
  |line 20, col 36 to line 20, col 45 of module SolanaRecovery: 10640
  |line 20, col 49 to line 20, col 62 of module SolanaRecovery: 10640
  line 44, col 43 to line 44, col 43 of module SolanaRecovery: 10640
  line 45, col 6 to line 46, col 76 of module SolanaRecovery: 3747
<Build line 48, col 1 to line 48, col 11 of module SolanaRecovery>: 140:577
  line 49, col 6 to line 49, col 25 of module SolanaRecovery: 187528
  |line 49, col 6 to line 49, col 15 of module SolanaRecovery: 186951
  line 20, col 18 to line 20, col 31 of module SolanaRecovery: 8274
  |line 20, col 18 to line 20, col 27 of module SolanaRecovery: 7697
  line 20, col 36 to line 20, col 62 of module SolanaRecovery: 8274
  |line 20, col 36 to line 20, col 45 of module SolanaRecovery: 7697
  |line 20, col 49 to line 20, col 62 of module SolanaRecovery: 7697
  line 49, col 41 to line 49, col 41 of module SolanaRecovery: 7697
  line 49, col 47 to line 49, col 59 of module SolanaRecovery: 1730
  |line 49, col 47 to line 49, col 55 of module SolanaRecovery: 1153
  line 50, col 6 to line 50, col 23 of module SolanaRecovery: 1730
  |line 50, col 6 to line 50, col 6 of module SolanaRecovery: 1153
  |line 50, col 15 to line 50, col 23 of module SolanaRecovery: 1153
  line 51, col 6 to line 51, col 57 of module SolanaRecovery: 577
<Persist line 53, col 1 to line 53, col 10 of module SolanaRecovery>: 140:1137
  line 54, col 6 to line 54, col 25 of module SolanaRecovery: 94620
  |line 54, col 6 to line 54, col 15 of module SolanaRecovery: 93483
  line 20, col 18 to line 20, col 31 of module SolanaRecovery: 6938
  |line 20, col 18 to line 20, col 27 of module SolanaRecovery: 5801
  line 20, col 36 to line 20, col 62 of module SolanaRecovery: 6938
  |line 20, col 36 to line 20, col 45 of module SolanaRecovery: 5801
  |line 20, col 49 to line 20, col 62 of module SolanaRecovery: 5801
  line 54, col 41 to line 54, col 41 of module SolanaRecovery: 5801
  line 54, col 47 to line 54, col 59 of module SolanaRecovery: 2274
  |line 54, col 47 to line 54, col 55 of module SolanaRecovery: 1137
  line 55, col 6 to line 56, col 86 of module SolanaRecovery: 1137
<PrepareSend line 58, col 1 to line 58, col 14 of module SolanaRecovery>: 236:1441
  line 59, col 6 to line 59, col 31 of module SolanaRecovery: 94923
  |line 59, col 6 to line 59, col 15 of module SolanaRecovery: 93482
  line 20, col 18 to line 20, col 31 of module SolanaRecovery: 5983
  |line 20, col 18 to line 20, col 27 of module SolanaRecovery: 4542
  line 20, col 36 to line 20, col 62 of module SolanaRecovery: 5983
  |line 20, col 36 to line 20, col 45 of module SolanaRecovery: 4542
  |line 20, col 49 to line 20, col 62 of module SolanaRecovery: 4542
  line 59, col 47 to line 59, col 47 of module SolanaRecovery: 4542
  line 59, col 53 to line 59, col 74 of module SolanaRecovery: 2882
  |line 59, col 53 to line 59, col 61 of module SolanaRecovery: 1441
  |line 59, col 65 to line 59, col 74 of module SolanaRecovery: 1441
  line 60, col 6 to line 60, col 65 of module SolanaRecovery: 1441
  line 61, col 6 to line 61, col 86 of module SolanaRecovery: 1441
<NoSendAllowance line 63, col 1 to line 63, col 18 of module SolanaRecovery>: 0:0
  line 64, col 6 to line 64, col 31 of module SolanaRecovery: 93481
  line 64, col 36 to line 64, col 63 of module SolanaRecovery: 4541
  line 65, col 6 to line 65, col 41 of module SolanaRecovery: 0
<BypassPersistence line 67, col 1 to line 67, col 20 of module SolanaRecovery>: 0:0
  line 69, col 6 to line 69, col 40 of module SolanaRecovery: 0
<Send line 74, col 1 to line 74, col 7 of module SolanaRecovery>: 188:3351
  line 75, col 6 to line 75, col 24 of module SolanaRecovery: 96832
  |line 75, col 6 to line 75, col 15 of module SolanaRecovery: 93481
  line 75, col 29 to line 75, col 57 of module SolanaRecovery: 3351
  line 76, col 6 to line 78, col 68 of module SolanaRecovery: 3351
<Execute line 82, col 1 to line 82, col 18 of module SolanaRecovery>: 1323:9765
  line 83, col 6 to line 83, col 21 of module SolanaRecovery: 196698
  |line 83, col 6 to line 83, col 6 of module SolanaRecovery: 186933
  |line 83, col 12 to line 83, col 21 of module SolanaRecovery: 186933
  ||line 21, col 15 to line 21, col 65 of module SolanaRecovery: 186933
  |||line 21, col 16 to line 21, col 37 of module SolanaRecovery: 96029
  |||line 21, col 47 to line 21, col 64 of module SolanaRecovery: 186933
  line 83, col 26 to line 83, col 43 of module SolanaRecovery: 57756
  |line 83, col 26 to line 83, col 26 of module SolanaRecovery: 47991
  |line 83, col 35 to line 83, col 43 of module SolanaRecovery: 47991
  line 83, col 48 to line 83, col 68 of module SolanaRecovery: 39576
  |line 83, col 48 to line 83, col 57 of module SolanaRecovery: 29811
  line 84, col 6 to line 85, col 81 of module SolanaRecovery: 9765
  |line 84, col 11 to line 85, col 81 of module SolanaRecovery: 9765
  ||line 84, col 12 to line 84, col 12 of module SolanaRecovery: 9765
  ||line 84, col 21 to line 84, col 39 of module SolanaRecovery: 9765
  ||line 85, col 33 to line 85, col 80 of module SolanaRecovery: 9765
  |||line 85, col 36 to line 85, col 57 of module SolanaRecovery: 9765
  |||line 85, col 64 to line 85, col 73 of module SolanaRecovery: 4883
<Finalize line 87, col 1 to line 87, col 11 of module SolanaRecovery>: 958:9876
  line 88, col 6 to line 88, col 51 of module SolanaRecovery: 103346
  |line 88, col 6 to line 88, col 15 of module SolanaRecovery: 93470
  |line 88, col 21 to line 88, col 51 of module SolanaRecovery: 93470
  line 89, col 6 to line 89, col 85 of module SolanaRecovery: 9876
<ExpireHash line 91, col 1 to line 91, col 13 of module SolanaRecovery>: 3562:55212
  line 92, col 6 to line 92, col 23 of module SolanaRecovery: 148681
  |line 92, col 6 to line 92, col 6 of module SolanaRecovery: 93469
  |line 92, col 15 to line 92, col 23 of module SolanaRecovery: 93469
  line 93, col 6 to line 93, col 43 of module SolanaRecovery: 55212
<Observe line 101, col 1 to line 101, col 18 of module SolanaRecovery>: 1742:5519
  line 102, col 6 to line 102, col 43 of module SolanaRecovery: 566368
  |line 102, col 6 to line 102, col 15 of module SolanaRecovery: 560849
  |line 102, col 21 to line 102, col 43 of module SolanaRecovery: 560849
  line 20, col 18 to line 20, col 31 of module SolanaRecovery: 27988
  |line 20, col 18 to line 20, col 27 of module SolanaRecovery: 22469
  line 20, col 36 to line 20, col 62 of module SolanaRecovery: 27988
  |line 20, col 36 to line 20, col 45 of module SolanaRecovery: 22469
  |line 20, col 49 to line 20, col 62 of module SolanaRecovery: 22469
  line 102, col 59 to line 102, col 59 of module SolanaRecovery: 22469
  line 103, col 6 to line 103, col 27 of module SolanaRecovery: 18934
  |line 103, col 6 to line 103, col 14 of module SolanaRecovery: 13415
  |line 103, col 18 to line 103, col 27 of module SolanaRecovery: 13415
  line 103, col 32 to line 103, col 51 of module SolanaRecovery: 5519
  |line 103, col 32 to line 103, col 39 of module SolanaRecovery: 13415
  |line 103, col 43 to line 103, col 51 of module SolanaRecovery: 13415
  line 104, col 6 to line 104, col 47 of module SolanaRecovery: 18934
  |line 104, col 6 to line 104, col 11 of module SolanaRecovery: 13415
  |line 104, col 17 to line 104, col 47 of module SolanaRecovery: 13415
  ||line 96, col 3 to line 99, col 81 of module SolanaRecovery: 13415
  |||line 96, col 3 to line 98, col 80 of module SolanaRecovery: 13415
  ||||line 96, col 3 to line 97, col 58 of module SolanaRecovery: 13415
  |||||line 96, col 3 to line 96, col 21 of module SolanaRecovery: 13415
  |||||line 97, col 9 to line 97, col 57 of module SolanaRecovery: 13415
  ||||||line 97, col 12 to line 97, col 32 of module SolanaRecovery: 13415
  ||||||line 97, col 39 to line 97, col 49 of module SolanaRecovery: 4655:9310
  ||||||line 97, col 56 to line 97, col 57 of module SolanaRecovery: 8760:8760
  ||||line 98, col 9 to line 98, col 79 of module SolanaRecovery: 13415
  |||||line 98, col 12 to line 98, col 54 of module SolanaRecovery: 13415
  ||||||line 98, col 12 to line 98, col 33 of module SolanaRecovery: 13415
  ||||||line 98, col 38 to line 98, col 54 of module SolanaRecovery: 12612
  |||||line 98, col 61 to line 98, col 71 of module SolanaRecovery: 803:1606
  |||||line 98, col 78 to line 98, col 79 of module SolanaRecovery: 12612:12612
  |||line 99, col 9 to line 99, col 80 of module SolanaRecovery: 13415
  ||||line 99, col 12 to line 99, col 55 of module SolanaRecovery: 13415
  |||||line 99, col 12 to line 99, col 34 of module SolanaRecovery: 13415
  |||||line 99, col 39 to line 99, col 55 of module SolanaRecovery: 12593
  ||||line 99, col 62 to line 99, col 72 of module SolanaRecovery: 822:1644
  ||||line 99, col 79 to line 99, col 80 of module SolanaRecovery: 12593:12593
  ||line 104, col 37 to line 104, col 46 of module SolanaRecovery: 13415
  line 105, col 6 to line 106, col 85 of module SolanaRecovery: 5519
<CheckBudget line 108, col 1 to line 108, col 14 of module SolanaRecovery>: 0:0
  line 109, col 6 to line 109, col 43 of module SolanaRecovery: 93480
  line 109, col 48 to line 109, col 67 of module SolanaRecovery: 3745
  line 110, col 6 to line 110, col 40 of module SolanaRecovery: 0
<Decide line 112, col 1 to line 112, col 9 of module SolanaRecovery>: 1086:5355
  line 113, col 6 to line 113, col 49 of module SolanaRecovery: 98835
  |line 113, col 6 to line 113, col 15 of module SolanaRecovery: 93480
  |line 113, col 21 to line 113, col 49 of module SolanaRecovery: 93480
  line 114, col 6 to line 117, col 67 of module SolanaRecovery: 5355
  |line 114, col 11 to line 117, col 67 of module SolanaRecovery: 5355
  ||line 114, col 12 to line 114, col 12 of module SolanaRecovery: 5355
  ||line 114, col 21 to line 117, col 66 of module SolanaRecovery: 5355
  ||line 115, col 8 to line 117, col 66 of module SolanaRecovery: 5355
  |||line 115, col 11 to line 115, col 50 of module SolanaRecovery: 5355
  |||line 116, col 13 to line 117, col 66 of module SolanaRecovery: 5130
  ||||line 116, col 16 to line 116, col 53 of module SolanaRecovery: 5130
  ||||line 117, col 13 to line 117, col 66 of module SolanaRecovery: 2245
<Validity line 119, col 1 to line 119, col 11 of module SolanaRecovery>: 290:748
  line 120, col 6 to line 120, col 28 of module SolanaRecovery: 94227
  |line 120, col 6 to line 120, col 15 of module SolanaRecovery: 93479
  line 20, col 18 to line 20, col 31 of module SolanaRecovery: 1870
  |line 20, col 18 to line 20, col 27 of module SolanaRecovery: 1122
  line 20, col 36 to line 20, col 62 of module SolanaRecovery: 1870
  |line 20, col 36 to line 20, col 45 of module SolanaRecovery: 1122
  |line 20, col 49 to line 20, col 62 of module SolanaRecovery: 1122
  line 120, col 44 to line 120, col 44 of module SolanaRecovery: 1122
  line 121, col 6 to line 122, col 77 of module SolanaRecovery: 748
<RefreshOnAbsence line 126, col 1 to line 126, col 22 of module SolanaRecovery>: 0:0
  line 130, col 6 to line 130, col 72 of module SolanaRecovery: 0
<ReleaseForCommit line 132, col 1 to line 132, col 19 of module SolanaRecovery>: 20:57
  line 133, col 6 to line 133, col 25 of module SolanaRecovery: 93536
  |line 133, col 6 to line 133, col 15 of module SolanaRecovery: 93479
  line 134, col 6 to line 135, col 44 of module SolanaRecovery: 57
<CommitTerminal line 137, col 1 to line 137, col 17 of module SolanaRecovery>: 4:9
  line 138, col 6 to line 138, col 28 of module SolanaRecovery: 93487
  |line 138, col 6 to line 138, col 15 of module SolanaRecovery: 93478
  line 19, col 16 to line 19, col 29 of module SolanaRecovery: 18
  |line 19, col 16 to line 19, col 25 of module SolanaRecovery: 9
  line 19, col 34 to line 19, col 58 of module SolanaRecovery: 18
  |line 19, col 34 to line 19, col 43 of module SolanaRecovery: 9
  |line 19, col 47 to line 19, col 58 of module SolanaRecovery: 9
  line 138, col 43 to line 138, col 43 of module SolanaRecovery: 9
  line 139, col 6 to line 144, col 78 of module SolanaRecovery: 9
<Retry line 146, col 1 to line 146, col 8 of module SolanaRecovery>: 96:11031
  line 147, col 6 to line 147, col 25 of module SolanaRecovery: 104508
  |line 147, col 6 to line 147, col 15 of module SolanaRecovery: 93477
  line 148, col 6 to line 152, col 62 of module SolanaRecovery: 11031
<Park line 154, col 1 to line 154, col 7 of module SolanaRecovery>: 7:9
  line 155, col 6 to line 155, col 24 of module SolanaRecovery: 93485
  |line 155, col 6 to line 155, col 15 of module SolanaRecovery: 93476
  line 19, col 16 to line 19, col 29 of module SolanaRecovery: 18
  |line 19, col 16 to line 19, col 25 of module SolanaRecovery: 9
  line 19, col 34 to line 19, col 58 of module SolanaRecovery: 18
  |line 19, col 34 to line 19, col 43 of module SolanaRecovery: 9
  |line 19, col 47 to line 19, col 58 of module SolanaRecovery: 9
  line 155, col 38 to line 155, col 38 of module SolanaRecovery: 9
  line 156, col 6 to line 158, col 78 of module SolanaRecovery: 9
<DiscardStale line 160, col 1 to line 160, col 15 of module SolanaRecovery>: 634:52931
  line 161, col 6 to line 161, col 24 of module SolanaRecovery: 146407
  |line 161, col 6 to line 161, col 15 of module SolanaRecovery: 93476
  line 161, col 29 to line 161, col 40 of module SolanaRecovery: 121913
  |line 161, col 30 to line 161, col 40 of module SolanaRecovery: 68982
  line 162, col 6 to line 164, col 62 of module SolanaRecovery: 52931
<LoseRedisAttempt line 187, col 1 to line 187, col 16 of module SolanaRecovery>: 0:0
  line 189, col 6 to line 189, col 66 of module SolanaRecovery: 0
<Reorg line 191, col 1 to line 191, col 8 of module SolanaRecovery>: 669:6053
  line 192, col 6 to line 192, col 15 of module SolanaRecovery: 6052
  line 192, col 20 to line 192, col 57 of module SolanaRecovery: 99521
  |line 192, col 20 to line 192, col 29 of module SolanaRecovery: 93469
  |line 192, col 35 to line 192, col 57 of module SolanaRecovery: 93469
  line 193, col 6 to line 193, col 42 of module SolanaRecovery: 6052
  |line 193, col 11 to line 193, col 42 of module SolanaRecovery: 6053
<WorkerStep line 195, col 1 to line 195, col 13 of module SolanaRecovery (199 12 199 43)>: 4005:68982
  line 199, col 12 to line 199, col 31 of module SolanaRecovery: 68982
  line 167, col 6 to line 167, col 24 of module SolanaRecovery: 162458
  |line 167, col 6 to line 167, col 15 of module SolanaRecovery: 93476
  line 168, col 6 to line 169, col 62 of module SolanaRecovery: 68982
  line 199, col 42 to line 199, col 42 of module SolanaRecovery: 93476
<Next line 204, col 1 to line 204, col 4 of module SolanaRecovery (207 7 207 90)>: 46010:67496
  line 207, col 7 to line 207, col 26 of module SolanaRecovery: 45941
  line 172, col 6 to line 172, col 21 of module SolanaRecovery: 68043
  |line 172, col 6 to line 172, col 17 of module SolanaRecovery: 46733
  line 173, col 6 to line 173, col 58 of module SolanaRecovery: 21310
  line 176, col 6 to line 176, col 23 of module SolanaRecovery: 74263
  |line 176, col 6 to line 176, col 19 of module SolanaRecovery: 46733
  line 177, col 6 to line 177, col 39 of module SolanaRecovery: 27530
  line 180, col 6 to line 180, col 24 of module SolanaRecovery: 61900
  |line 180, col 6 to line 180, col 12 of module SolanaRecovery: 46733
  line 180, col 29 to line 180, col 44 of module SolanaRecovery: 30334
  |line 180, col 29 to line 180, col 40 of module SolanaRecovery: 15167
  line 181, col 6 to line 181, col 42 of module SolanaRecovery: 15167
  line 184, col 6 to line 184, col 40 of module SolanaRecovery: 50222
  |line 184, col 6 to line 184, col 12 of module SolanaRecovery: 46733
  |line 184, col 18 to line 184, col 40 of module SolanaRecovery: 46733
  line 184, col 45 to line 184, col 57 of module SolanaRecovery: 13745
  |line 184, col 45 to line 184, col 53 of module SolanaRecovery: 10256
  line 184, col 62 to line 184, col 79 of module SolanaRecovery: 11937
  |line 184, col 62 to line 184, col 75 of module SolanaRecovery: 8448
  line 185, col 6 to line 185, col 54 of module SolanaRecovery: 3489
<TypeOK line 210, col 1 to line 210, col 6 of module SolanaRecovery>
  line 211, col 3 to line 222, col 85 of module SolanaRecovery: 67286
<TerminalHasChainProof line 231, col 1 to line 231, col 21 of module SolanaRecovery>
  line 232, col 3 to line 233, col 77 of module SolanaRecovery: 67286
  |line 232, col 7 to line 232, col 75 of module SolanaRecovery: 67286
  ||line 232, col 7 to line 232, col 32 of module SolanaRecovery: 67286
  ||line 232, col 37 to line 232, col 75 of module SolanaRecovery: 4
  |line 233, col 7 to line 233, col 76 of module SolanaRecovery: 67285
  ||line 233, col 7 to line 233, col 32 of module SolanaRecovery: 67285
  ||line 233, col 37 to line 233, col 76 of module SolanaRecovery: 2
End of statistics.
310311 states generated, 67286 distinct states found, 20551 states left on queue.
The depth of the complete state graph search is 19.
The average outdegree of the complete state graph is 1 (minimum is 0, the maximum 8 and the 95th percentile is 4).
Finished in 01s at (2026-09-26 15:21:49)
