PASS EoaRecovery.cfg: 71734 states, expected pass, 3.91s
PASS EoaRecovery_progress.cfg: 150766 states, expected pass, 31.11s
PASS EoaRecovery_stale_reservation.cfg: 38 states, expected invariant:OneIntentPerNonce, 0.699s
PASS EoaRecovery_missing_receipt.cfg: 4941 states, expected invariant:AtMostOneEffect, 0.85s
PASS EoaRecovery_reverted_success.cfg: 706 states, expected invariant:TerminalMatchesExecution, 0.764s
PASS EoaRecovery_reorg_boundary.cfg: 1334 states, expected invariant:TerminalMatchesExecution, 0.796s
PASS EoaRecovery_unfair_boundary.cfg: 71734 states, expected liveness, 3.379s
PASS Admission.cfg: 61 states, expected pass, 0.691s
PASS Admission_conflict.cfg: 4 states, expected invariant:ImmutableWithinRetention, 0.685s
PASS Admission_active_expiry.cfg: 6 states, expected invariant:ActiveIdentityRetained, 0.681s
PASS Admission_partial_commit.cfg: 2 states, expected invariant:AdmissionIsAtomic, 0.669s
PASS Admission_retention_boundary.cfg: 34 states, expected invariant:LifetimeAtMostOnce, 0.688s
PASS SolanaRecovery.cfg: 686724 states, expected pass, 21.399s
PASS SolanaRecoveryBudget.cfg: 1000540 states, expected pass, 31.144s
PASS SolanaRecoveryLimit20.cfg: 102029 states, expected pass, 2.486s
PASS SolanaRecoveryRefreshFault.cfg: 195881 states, expected invariant:AtMostOneEffect, 5.156s
PASS SolanaRecoveryPersistFault.cfg: 213 states, expected invariant:EverySendDurable, 0.741s
PASS SolanaRecoveryLeaseFault.cfg: 61797 states, expected invariant:TerminalCommitOwned, 2.045s
PASS SolanaRecoveryProviderBoundary.cfg: 15797 states, expected invariant:TerminalHasChainProof, 1.175s
PASS SolanaRecoveryRedisBoundary.cfg: 761 states, expected invariant:UnresolvedEvidenceRetained, 0.757s
PASS SolanaRecoveryReorgBoundary.cfg: 67286 states, expected invariant:TerminalHasChainProof, 2.232s
PASS SolanaRecoveryLimit20Witness.cfg: 100081 states, expected invariant:BroadcastLimitWitnessNotReached, 2.191s
PASS QueueLease.cfg: 44440 states, expected pass, 2.66s
PASS QueueLease_delayed_prune_bug.cfg: 325 states, expected invariant:LiveRecordIntegrity, 0.727s
PASS QueueLease_exec_abort_bug.cfg: 4381 states, expected invariant:NoFalseCommit, 0.906s
PASS QueueLease_historical_cancel_bug.cfg: 923 states, expected invariant:CancellationNoReborrow, 0.846s
PASS QueueLease_id_reuse_bug.cfg: 253 states, expected invariant:FencedEffects, 0.753s
PASS QueueLease_prune_live_bug.cfg: 320 states, expected invariant:LiveRecordIntegrity, 0.754s
PASS QueueLease_reuse.cfg: 8603 states, expected pass, 1.065s
PASS QueueLease_shared_session_bug.cfg: 43046 states, expected invariant:FencedEffects, 2.024s
PASS QueueLease_stale_owner_bug.cfg: 4115 states, expected invariant:FencedEffects, 0.883s
PASS QueueLease_permanent.cfg: 190228 states, expected pass, 7.222s
PASS QueueLease_combined.cfg: 208532 states, expected pass, 8.147s
PASS QueueLease_retained_history_bug.cfg: 1077 states, expected invariant:RetainedHistoryIntegrity, 0.803s
PASS QueueLease_orphan_cancel_bug.cfg: 409 states, expected invariant:RetainedHistoryIntegrity, 0.789s
PASS Finality.cfg: 752 states, expected pass, 0.739s
PASS Finality_early_inclusion.cfg: 392 states, expected invariant:TerminalRequiresFinality, 0.723s
PASS Finality_missing_hash.cfg: 773 states, expected invariant:CanonicalAtCommit, 0.725s
PASS Finality_revert_early.cfg: 428 states, expected invariant:RevertNeedsFinality, 0.693s
PASS Finality_dishonest_provider.cfg: 428 states, expected invariant:TerminalRequiresFinality, 0.721s
PASS Finality_finalized_rollback.cfg: 716 states, expected invariant:TerminalRemainsCanonical, 0.709s
PASS Finality_depth_boundary.cfg: 716 states, expected invariant:TerminalRemainsCanonical, 0.718s
PASS Finality_reinclusion_witness.cfg: 727 states, expected invariant:ReinclusionWitnessNotReached, 0.731s
PASS DisasterRecovery.cfg: 698992 states, expected pass, 21.94s
PASS DisasterRecovery_send_before_journal.cfg: 83 states, expected invariant:EverySendJournaled, 0.714s
PASS DisasterRecovery_id_binding.cfg: 81 states, expected invariant:ImmutableAdmission, 0.745s
PASS DisasterRecovery_key_binding.cfg: 2743 states, expected invariant:ReplayKeyUnique, 0.86s
PASS DisasterRecovery_shared_owner.cfg: 7100 states, expected invariant:NoOldEpochAuthorization, 0.959s
PASS DisasterRecovery_fresh_recovery.cfg: 320244 states, expected invariant:AtMostOneEffectPerId, 7.284s
PASS DisasterRecovery_retry_uid.cfg: 81 states, expected invariant:OriginalPayloadOnRetry, 0.71s
PASS DisasterRecovery_authority_rollback.cfg: 529729 states, expected invariant:AtMostOneEffectPerId, 10.841s
PASS DisasterRecovery_late_execution_witness.cfg: 6274 states, expected invariant:LateExecutionWitnessNotReached, 0.987s
PASS NonceAllocator.cfg: 645 states, expected pass, 0.716s
PASS NonceAllocator_missing_floor.cfg: 184 states, expected invariant:ObservedNonceFloor, 0.715s
PASS NonceAllocator_old_receipt_witness.cfg: 69 states, expected invariant:OldReceiptCatchupNotReached, 0.678s
PASS DisasterRecovery_terminal_attribution.cfg: 11865 states, expected invariant:TerminalHasOwnEffect, 1.084s
PASS DepthCheckpoint.cfg: 898 states, expected pass, 0.736s
PASS DepthCheckpoint_tip_anchor.cfg: 551 states, expected invariant:NoSpuriousHalt, 0.716s
PASS DepthCheckpoint_missing_halt.cfg: 561 states, expected invariant:PositiveConflictHalts, 0.712s
PASS DepthCheckpoint_shallow_witness.cfg: 563 states, expected invariant:ShallowReorgSurvivalNotReached, 0.732s
PASS DepthCheckpoint_rollback_boundary.cfg: 428 states, expected invariant:AcceptedBoundaryRemainsCanonical, 0.736s
