   Compiling engine-core v0.1.0 (/Users/alfongj/Code/engine-core/core)
warning: struct `TestJobPayload` is never constructed
  --> twmq/tests/fixtures.rs:16:12
   |
16 | pub struct TestJobPayload {
   |            ^^^^^^^^^^^^^^
   |
   = note: `#[warn(dead_code)]` (part of `#[warn(unused)]`) on by default

warning: struct `TestJobOutput` is never constructed
  --> twmq/tests/fixtures.rs:22:12
   |
22 | pub struct TestJobOutput {
   |            ^^^^^^^^^^^^^

warning: static `TEST_JOB_PROCESSED_SUCCESSFULLY` is never used
  --> twmq/tests/fixtures.rs:49:12
   |
49 | pub static TEST_JOB_PROCESSED_SUCCESSFULLY: AtomicBool = AtomicBool::new(false);
   |            ^^^^^^^^^^^^^^^^^^^^^^^^^^^^^^^

warning: struct `TestJobHandler` is never constructed
  --> twmq/tests/fixtures.rs:51:12
   |
51 | pub struct TestJobHandler;
   |            ^^^^^^^^^^^^^^

warning: unused variable: `race_detected`
   --> twmq/tests/prune_race_condition.rs:302:9
    |
302 |     let race_detected = RACE_DETECTED.load(Ordering::SeqCst);
    |         ^^^^^^^^^^^^^ help: if this is intentional, prefix it with an underscore: `_race_detected`
    |
    = note: `#[warn(unused_variables)]` (part of `#[warn(unused)]`) on by default

warning: `twmq` (test "nack") generated 4 warnings
warning: `twmq` (test "delay") generated 4 warnings (4 duplicates)
warning: `twmq` (test "prune_race_condition") generated 5 warnings (4 duplicates) (run `cargo fix --test "prune_race_condition" -p twmq` to apply 1 suggestion)
warning: `twmq` (test "prune_race_random_ids") generated 4 warnings (4 duplicates)
warning: `twmq` (test "lease_expiry") generated 4 warnings (4 duplicates)
warning: `twmq` (test "basic_hook") generated 3 warnings (3 duplicates)
   Compiling engine-eip7702-core v0.1.0 (/Users/alfongj/Code/engine-core/eip7702-core)
   Compiling engine-aa-core v0.1.0 (/Users/alfongj/Code/engine-core/aa-core)
   Compiling engine-integration-tests v0.1.0 (/Users/alfongj/Code/engine-core/integration-tests)
   Compiling engine-executors v0.1.0 (/Users/alfongj/Code/engine-core/executors)
   Compiling thirdweb-engine v0.1.0 (/Users/alfongj/Code/engine-core/server)
    Finished `test` profile [unoptimized + debuginfo] target(s) in 25.81s
  Executable unittests src/lib.rs (target/debug/deps/engine_aa_core-b4ccb592be825923)
  Executable unittests src/lib.rs (target/debug/deps/engine_aa_types-ea079eca9d485aa2)
  Executable unittests src/lib.rs (target/debug/deps/engine_core-8a9f2265c36adce9)
  Executable tests/solana_signing.rs (target/debug/deps/solana_signing-3fc3bcf2006a093c)
  Executable unittests src/lib.rs (target/debug/deps/engine_eip7702_core-f4058cc5514d3566)
  Executable tests/integration_tests.rs (target/debug/deps/integration_tests-994badbdb3cb22a6)
  Executable unittests src/lib.rs (target/debug/deps/engine_executors-219d6c4610b3beb9)
  Executable unittests src/lib.rs (target/debug/deps/engine_integration_tests-a21b837e94930789)
  Executable tests/signing.rs (target/debug/deps/signing-06e6b6ef4fec5c3c)
  Executable unittests src/lib.rs (target/debug/deps/engine_solana_core-ae4dd28ce330777c)
  Executable unittests src/lib.rs (target/debug/deps/thirdweb_core-deb427741458092f)
  Executable unittests src/lib.rs (target/debug/deps/thirdweb_engine-061f8452c5bf230f)
  Executable unittests src/bin/engine-recovery.rs (target/debug/deps/engine_recovery-4d7bcef409cb6c5c)
  Executable unittests src/main.rs (target/debug/deps/thirdweb_engine-45f8cea400a9a6f4)
  Executable tests/api_safety.rs (target/debug/deps/api_safety-2cf45fad9392b224)
  Executable unittests src/lib.rs (target/debug/deps/twmq-e4066b5661a33ad2)
  Executable tests/basic.rs (target/debug/deps/basic-07a714d3debcf254)
  Executable tests/basic_hook.rs (target/debug/deps/basic_hook-a715d0b6f65df5f2)
  Executable tests/delay.rs (target/debug/deps/delay-df1d2276fc80e444)
  Executable tests/fixtures.rs (target/debug/deps/fixtures-beead85da96a25b6)
  Executable tests/idempotency_modes.rs (target/debug/deps/idempotency_modes-f5a0ad91857054bf)
  Executable tests/lease_expiry.rs (target/debug/deps/lease_expiry-21737b02501f2d8d)
  Executable tests/multilane_batch_pop.rs (target/debug/deps/multilane_batch_pop-a631cf76c89ffba5)
  Executable tests/nack.rs (target/debug/deps/nack-2ed2925f59f989e9)
  Executable tests/prune_race_condition.rs (target/debug/deps/prune_race_condition-9e915de298b9c081)
  Executable tests/prune_race_random_ids.rs (target/debug/deps/prune_race_random_ids-d513a30c6ee21b78)
