    Finished `test` profile [unoptimized + debuginfo] target(s) in 0.21s
     Running unittests src/lib.rs (target/debug/deps/engine_executors-961c03e91f9dfd93)

running 40 tests
test eoa::error_classifier::tests::test_already_known_mapping ... ok
test eoa::error_classifier::tests::test_insufficient_funds_mapping ... ok
test eoa::error_classifier::tests::test_nonce_too_low_mapping ... ok
test eoa::store::atomic::tests::aborted_exec_revalidates_before_reporting_commit ... ok
test eoa::store::atomic::tests::cleanup_reads_only_proven_nonce_groups_and_requires_exact_membership ... ok
test eoa::store::atomic::tests::command_errors_are_not_retried_as_watch_conflicts ... ok
test eoa::store::atomic::tests::concurrent_conflicting_admissions_choose_one_immutable_request ... ok
test eoa::store::atomic::tests::conflicting_admission_cannot_overwrite_a_live_intent ... ok
test eoa::store::atomic::tests::duplicate_intent_cannot_reserve_two_incremented_nonces ... ok
test eoa::store::atomic::tests::finality_page_bounds_large_backlog_and_rotates_after_deletion ... ok
test eoa::store::atomic::tests::full_pending_queue_rejects_new_work_but_preserves_identical_retry ... ok
test eoa::store::atomic::tests::incremented_batch_order_does_not_move_nonce_backward ... ok
test eoa::store::atomic::tests::manual_reset_and_recycled_cleanup_preserve_unresolved_nonce_reservations ... ok
test eoa::store::atomic::tests::noop_cleanup_requires_final_receipt_for_each_nonce_not_shared_noop_id ... ok
test eoa::store::atomic::tests::pending_failure_commits_status_removal_and_retention ... ok
test eoa::store::atomic::tests::pending_failure_requires_current_pending_membership ... ok
test eoa::store::atomic::tests::recycled_nonce_cannot_be_reserved_by_two_intents ... ok
test eoa::store::atomic::tests::removed_pending_request_cannot_be_borrowed_from_a_stale_read ... ok
test eoa::store::atomic::tests::repeated_admission_preserves_pending_inflight_and_completed_state ... ok
test eoa::store::atomic::tests::retained_finality_backlog_is_bounded_independently_of_mempool_capacity ... ok
test eoa::store::atomic::tests::retained_old_receipts_never_rewind_below_observed_chain_count ... ok
test eoa::store::atomic::tests::reverted_receipt_fails_once_without_retrying_or_recycling_nonce ... ok
test eoa::store::atomic::tests::shared_unwatch_cannot_disable_a_stale_owner_fence ... ok
test eoa::store::atomic::tests::simple_lock_checked_write_rejects_takeover_before_exec ... ok
test eoa::store::atomic::tests::stale_owner_cannot_fail_pending_batch ... ok
test eoa::store::atomic::tests::stale_owner_cannot_fail_single_pending_request ... ok
test eoa::store::atomic::tests::successful_receipt_still_confirms_once_and_retains_history ... ok
test eoa::store::atomic::tests::trailing_recycled_nonce_resets_to_chain_count_including_zero ... ok
test eoa::worker::confirm::receipt_tests::candidate_cutoff_uses_policy_head_and_never_falls_back_on_error ... ok
test eoa::worker::confirm::receipt_tests::falsely_high_candidate_nonce_cannot_turn_provisional_receipt_into_finality ... ok
test eoa::worker::confirm::receipt_tests::legacy_fee_request_survives_storage_and_signed_wire_encoding ... ok
test eoa::worker::confirm::receipt_tests::receipt_outage_cannot_requeue_an_already_broadcast_intent ... ok
test eoa::worker::confirm::receipt_tests::receipt_reads_bound_concurrency_and_drain_the_entire_page ... ok
test eoa::worker::confirm::receipt_tests::receipt_rpc_returns_only_matching_known_receipts ... ok
test eoa::worker::scheduling_tests::progress_requeues_at_tail_while_unknown_and_poll_only_work_stays_delayed ... ok
test eoa::worker::send::tests::rpc_rejection_keeps_original_nonce_wire_and_unknown_webhook_state ... ok
test eoa::worker::transaction::fee_tests::estimated_fee_bumps_saturate_without_wrapping_or_panicking ... ok
test eoa::worker::transaction::fee_tests::explicit_fee_ceilings_skip_unchanged_replacements ... ok
test eoa::worker::transaction::fee_tests::signed_replacement_obeys_partial_fee_caps_and_preserves_transaction ... ok
test eoa::worker::transaction::fee_tests::stalled_nonce_preserves_capped_unbuildable_and_missing_intents ... ok

test result: ok. 40 passed; 0 failed; 0 ignored; 0 measured; 55 filtered out; finished in 3.10s
