Kani Rust Verifier 0.68.0 (cargo plugin)
CBMC 6.11.0
   Compiling engine-fee-proofs v0.1.0 (/Users/alfongj/Code/engine-core/formal/fees)
warning: use of an unstable feature
 --> <crate attribute>:1:12
  |
1 | #![feature(register_tool)]
  |            ^^^^^^^^^^^^^
  |
  = note: requested on the command line with `--force-warn unstable-features`

    Finished `dev` profile [unoptimized + debuginfo] target(s) in 0.46s
Thread 2: Checking harness proofs::division_parts_reconstruct_all_inputs...
Thread 1: Checking harness proofs::actual_parts_match_mathematical_saturation_threshold...
Thread 0: Checking harness proofs::actual_dynamic_bump_preserves_valid_order_and_values...
Thread 0:
VERIFICATION RESULT:
 ** 0 of 24 failed

VERIFICATION:- SUCCESSFUL
Verification Time: 1.716316s

Thread 0: Checking harness proofs::all_increases_are_nondecreasing_when_cap_permits...
Thread 1:
VERIFICATION RESULT:
 ** 0 of 30 failed

VERIFICATION:- SUCCESSFUL
Verification Time: 9.218983s

Thread 1: Checking harness proofs::all_multipliers_respect_caps_and_priority...
Thread 1:
VERIFICATION RESULT:
 ** 0 of 24 failed

VERIFICATION:- SUCCESSFUL
Verification Time: 0.57077616s

Thread 0:
VERIFICATION RESULT:
 ** 0 of 22 failed

VERIFICATION:- SUCCESSFUL
Verification Time: 9.209388s

Thread 2:
VERIFICATION RESULT:
 ** 0 of 16 failed

VERIFICATION:- SUCCESSFUL
Verification Time: 104.57248s

Manual Harness Summary:
Complete - 5 successfully verified harnesses, 0 failures, 5 total.
