Kani Rust Verifier 0.68.0 (cargo plugin)
CBMC 6.11.0
   Compiling engine-fee-proofs v0.1.0 (/var/folders/ky/s5xblf5j3515d6h6ss25z3w80000gn/T/engine-fee-mutation-s5klqggv/formal/fees)
warning: unused variable: `cap`
  --> src/../../../executors/src/eoa/worker/fee_math.rs:20:5
   |
20 |     cap: Option<u128>,
   |     ^^^ help: if this is intentional, prefix it with an underscore: `_cap`
   |
   = note: `#[warn(unused_variables)]` (part of `#[warn(unused)]`) on by default

warning: use of an unstable feature
 --> <crate attribute>:1:12
  |
1 | #![feature(register_tool)]
  |            ^^^^^^^^^^^^^
  |
  = note: requested on the command line with `--force-warn unstable-features`

    Finished `dev` profile [unoptimized + debuginfo] target(s) in 0.37s
Checking harness proofs::all_multipliers_respect_caps_and_priority...

VERIFICATION RESULT:
 ** 2 of 24 failed
Failed Checks: assertion failed: new_fee <= fee_cap.unwrap_or(u128::MAX)
 File: "src/lib.rs", line 36, in proofs::all_multipliers_respect_caps_and_priority
Failed Checks: assertion failed: new_priority <= priority_cap.unwrap_or(u128::MAX)
 File: "src/lib.rs", line 37, in proofs::all_multipliers_respect_caps_and_priority

VERIFICATION:- FAILED
Verification Time: 0.90537226s

Manual Harness Summary:
Verification failed for - proofs::all_multipliers_respect_caps_and_priority
Complete - 0 successfully verified harnesses, 1 failures, 1 total.
