Kani Rust Verifier 0.68.0 (cargo plugin)
CBMC 6.11.0
   Compiling engine-fee-proofs v0.1.0 (/var/folders/ky/s5xblf5j3515d6h6ss25z3w80000gn/T/engine-fee-mutation-v36ohxe7/formal/fees)
warning: use of an unstable feature
 --> <crate attribute>:1:12
  |
1 | #![feature(register_tool)]
  |            ^^^^^^^^^^^^^
  |
  = note: requested on the command line with `--force-warn unstable-features`

    Finished `dev` profile [unoptimized + debuginfo] target(s) in 0.10s
Checking harness proofs::all_increases_are_nondecreasing_when_cap_permits...

VERIFICATION RESULT:
 ** 1 of 21 failed
Failed Checks: assertion failed: fee_math::capped_increase(value, multiplier, Some(cap)) >= value
 File: "src/lib.rs", line 48, in proofs::all_increases_are_nondecreasing_when_cap_permits

VERIFICATION:- FAILED
Verification Time: 0.4127633s

Manual Harness Summary:
Verification failed for - proofs::all_increases_are_nondecreasing_when_cap_permits
Complete - 0 successfully verified harnesses, 1 failures, 1 total.
