2026-09-26T19:39:28.4428296Z     Scanning Cargo.lock for vulnerabilities (814 crate dependencies)
2026-09-26T19:39:28.9714012Z Crate:     bincode
2026-09-26T19:39:28.9714955Z warning: 5 allowed warnings found
2026-09-26T19:39:28.9715719Z Version:   1.3.3
2026-09-26T19:39:28.9716412Z Warning:   unmaintained
2026-09-26T19:39:28.9717733Z Title:     Bincode is unmaintained
2026-09-26T19:39:28.9718477Z Date:      2025-12-16
2026-09-26T19:39:28.9719207Z ID:        RUSTSEC-2025-0141
2026-09-26T19:39:28.9720193Z URL:       https://rustsec.org/advisories/RUSTSEC-2025-0141
2026-09-26T19:39:28.9720735Z
2026-09-26T19:39:28.9721071Z Crate:     bincode
2026-09-26T19:39:28.9721699Z Version:   2.0.1
2026-09-26T19:39:28.9722351Z Warning:   unmaintained
2026-09-26T19:39:28.9723133Z Title:     Bincode is unmaintained
2026-09-26T19:39:28.9724103Z Date:      2025-12-16
2026-09-26T19:39:28.9724805Z ID:        RUSTSEC-2025-0141
2026-09-26T19:39:28.9725786Z URL:       https://rustsec.org/advisories/RUSTSEC-2025-0141
2026-09-26T19:39:28.9726470Z
2026-09-26T19:39:28.9726831Z Crate:     derivative
2026-09-26T19:39:28.9727493Z Version:   2.2.0
2026-09-26T19:39:28.9728153Z Warning:   unmaintained
2026-09-26T19:39:28.9728804Z Title:     `derivative` is unmaintained; consider using an alternative
2026-09-26T19:39:28.9729521Z Date:      2024-06-26
2026-09-26T19:39:28.9730011Z ID:        RUSTSEC-2024-0388
2026-09-26T19:39:28.9730636Z URL:       https://rustsec.org/advisories/RUSTSEC-2024-0388
2026-09-26T19:39:28.9730947Z
2026-09-26T19:39:28.9731357Z Crate:     paste
2026-09-26T19:39:28.9731750Z Version:   1.0.15
2026-09-26T19:39:28.9732134Z Warning:   unmaintained
2026-09-26T19:39:28.9732616Z Title:     paste - no longer maintained
2026-09-26T19:39:28.9733050Z Date:      2024-10-07
2026-09-26T19:39:28.9733460Z ID:        RUSTSEC-2024-0436
2026-09-26T19:39:28.9734816Z URL:       https://rustsec.org/advisories/RUSTSEC-2024-0436
2026-09-26T19:39:28.9735323Z
2026-09-26T19:39:28.9735617Z Crate:     lru
2026-09-26T19:39:28.9736187Z Version:   0.16.4
2026-09-26T19:39:28.9736775Z Warning:   unsound
2026-09-26T19:39:28.9738048Z Title:     Potential use-after-free due to lack of panic safety in `LruCache::pop()`
2026-09-26T19:39:28.9738959Z Date:      2026-05-12
2026-09-26T19:39:28.9739609Z ID:        RUSTSEC-2026-0253
2026-09-26T19:39:28.9740470Z URL:       https://rustsec.org/advisories/RUSTSEC-2026-0253
2026-09-26T19:39:28.9740936Z
