{"profile": "small", "outcome": "success", "round": 1, "version": "old", "server_mean_us": 6.318, "client_p95_us": 96.792}
{"profile": "small", "outcome": "success", "round": 1, "version": "new", "server_mean_us": 9.332, "client_p95_us": 95.416}
{"profile": "small", "outcome": "success", "round": 2, "version": "new", "server_mean_us": 9.326, "client_p95_us": 92.292}
{"profile": "small", "outcome": "success", "round": 2, "version": "old", "server_mean_us": 6.306, "client_p95_us": 90.167}
{"profile": "small", "outcome": "success", "round": 3, "version": "old", "server_mean_us": 6.284, "client_p95_us": 88.708}
{"profile": "small", "outcome": "success", "round": 3, "version": "new", "server_mean_us": 9.262, "client_p95_us": 92.792}
{"profile": "small", "outcome": "success", "round": 4, "version": "new", "server_mean_us": 9.35, "client_p95_us": 96.041}
{"profile": "small", "outcome": "success", "round": 4, "version": "old", "server_mean_us": 6.234, "client_p95_us": 90.291}
{"profile": "small", "outcome": "failed", "round": 1, "version": "old", "server_mean_us": 5.742, "client_p95_us": 89.459}
{"profile": "small", "outcome": "failed", "round": 1, "version": "new", "server_mean_us": 9.838, "client_p95_us": 94.083}
{"profile": "small", "outcome": "failed", "round": 2, "version": "new", "server_mean_us": 9.828, "client_p95_us": 94.125}
{"profile": "small", "outcome": "failed", "round": 2, "version": "old", "server_mean_us": 5.742, "client_p95_us": 89.333}
{"profile": "small", "outcome": "failed", "round": 3, "version": "old", "server_mean_us": 5.72, "client_p95_us": 91.833}
{"profile": "small", "outcome": "failed", "round": 3, "version": "new", "server_mean_us": 9.974, "client_p95_us": 95.125}
{"profile": "small", "outcome": "failed", "round": 4, "version": "new", "server_mean_us": 9.798, "client_p95_us": 93.542}
{"profile": "small", "outcome": "failed", "round": 4, "version": "old", "server_mean_us": 5.766, "client_p95_us": 91.084}
{"profile": "default", "outcome": "success", "round": 1, "version": "old", "server_mean_us": 6.946, "client_p95_us": 90.834}
Traceback (most recent call last):
  File "/Users/alfongj/Code/engine-core/formal/evidence/pruning/benchmark.py", line 263, in main
    case.setup()
  File "/Users/alfongj/Code/engine-core/formal/evidence/pruning/benchmark.py", line 156, in setup
    self.redis.pipe(commands)
  File "/Users/alfongj/Code/engine-core/formal/evidence/pruning/benchmark.py", line 65, in pipe
    return [self.read() for _ in commands]
  File "/Users/alfongj/Code/engine-core/formal/evidence/pruning/benchmark.py", line 65, in <listcomp>
    return [self.read() for _ in commands]
  File "/Users/alfongj/Code/engine-core/formal/evidence/pruning/benchmark.py", line 36, in read
    head = self.reader.readline()
  File "/Library/Developer/CommandLineTools/Library/Frameworks/Python3.framework/Versions/3.9/lib/python3.9/socket.py", line 704, in readinto
    return self._sock.recv_into(b)
ConnectionResetError: [Errno 54] Connection reset by peer

During handling of the above exception, another exception occurred:

Traceback (most recent call last):
  File "/Users/alfongj/Code/engine-core/formal/evidence/pruning/benchmark.py", line 316, in <module>
    main()
  File "/Users/alfongj/Code/engine-core/formal/evidence/pruning/benchmark.py", line 308, in main
    case.clear()
  File "/Users/alfongj/Code/engine-core/formal/evidence/pruning/benchmark.py", line 129, in clear
    keys = sorted(self.redis.scan(self.key("*")))
  File "/Users/alfongj/Code/engine-core/formal/evidence/pruning/benchmark.py", line 70, in scan
    cursor, keys = self.cmd("SCAN", cursor, "MATCH", pattern, "COUNT", 1000)
  File "/Users/alfongj/Code/engine-core/formal/evidence/pruning/benchmark.py", line 60, in cmd
    self.sock.sendall(self.encode(parts))
BrokenPipeError: [Errno 32] Broken pipe
