test_actual_observer_and_fence_can_read_closed_ledger (capacity_journal_reader_test.JournalReaderTests) ... ERROR
test_actual_custody_backup_of_closed_ledger_keeps_original_verdict (capacity_journal_reader_test.JournalReaderTests) ... FAIL

======================================================================
ERROR: test_actual_observer_and_fence_can_read_closed_ledger (capacity_journal_reader_test.JournalReaderTests)
----------------------------------------------------------------------
Traceback (most recent call last):
  File "/tmp/engine-chaos07-journal-reader-draft/capacity_journal_reader_test.py", line 112, in test_actual_observer_and_fence_can_read_closed_ledger
    self.assertEqual(observer.poll(), {'evm': {'admitted': 1, 'attempted': 1, 'terminal': 0}})
  File "/Users/alfongj/Code/engine-core/scripts/capacity_campaign.py", line 446, in poll
    cursor = db.execute(f"SELECT {column},id,{payload} FROM {table} WHERE {column}>? ORDER BY {column}", (self.cursors[table],))
sqlite3.OperationalError: unable to open database file

======================================================================
FAIL: test_actual_custody_backup_of_closed_ledger_keeps_original_verdict (capacity_journal_reader_test.JournalReaderTests)
----------------------------------------------------------------------
Traceback (most recent call last):
  File "/tmp/engine-chaos07-journal-reader-draft/capacity_journal_reader_test.py", line 138, in test_actual_custody_backup_of_closed_ledger_keeps_original_verdict
    self.assertTrue(evidence['available'], evidence)
AssertionError: False is not true : {'available': False, 'reason': 'OperationalError'}

----------------------------------------------------------------------
Ran 2 tests in 0.016s

FAILED (failures=1, errors=1)
