TLC2 Version 2.19 of 08 August 2024 (rev: 5a47802)
Running breadth-first search Model-Checking with fp 0 and seed 1 with 1 worker on 10 cores with 1820MB heap and 64MB offheap memory [pid: 45951] (Mac OS X 26.6.2 aarch64, Eclipse Adoptium 21.0.12.1 x86_64, MSBDiskFPSet, DiskStateQueue).
Parsing file /Users/alfongj/Code/engine-core/formal/tla/DisasterRecovery.tla
Parsing file /private/var/folders/ky/s5xblf5j3515d6h6ss25z3w80000gn/T/Naturals.tla
Parsing file /private/var/folders/ky/s5xblf5j3515d6h6ss25z3w80000gn/T/FiniteSets.tla
Parsing file /private/var/folders/ky/s5xblf5j3515d6h6ss25z3w80000gn/T/Sequences.tla
Semantic processing of module Naturals
Semantic processing of module Sequences
Semantic processing of module FiniteSets
Semantic processing of module DisasterRecovery
Starting... (2026-09-26 20:48:35)
Computing initial states...
Finished computing initial states: 1 distinct state generated at 2026-09-26 20:48:35.
Error: Invariant EverySendJournaled is violated.
Error: The behavior up to this point is:
State 1: <Initial predicate>
s = [ epoch |-> 0,
  checkpoint |-> 0,
  marker |-> [epoch |-> 0, checkpoint |-> 0],
  run |-> 0,
  expectedRun |-> 0,
  owners |-> {},
  halt |-> none,
  attempts |-> {},
  binding |-> (i1 :> none @@ i2 :> none),
  ledger |-> (i1 :> none @@ i2 :> none),
  state |-> (i1 :> "absent" @@ i2 :> "absent"),
  acceptedEver |-> {},
  requiredEvidence |-> {},
  terminalEver |-> {},
  recoveryQuarantine |-> {},
  writes |-> 0,
  ownerEpoch |-> (w1 :> 0 @@ w2 :> 0),
  pending |-> none,
  offline |-> "none",
  offlineAlive |-> FALSE,
  projection |-> {},
  permits |-> {},
  messages |-> {},
  effects |-> {},
  everySendJournaled |-> TRUE,
  noOldAuthorization |-> TRUE,
  noTerminalEnqueue |-> TRUE,
  retriesUseOriginal |-> TRUE,
  lateExecution |-> FALSE ]

State 2: <Start line 35, col 5 to line 40, col 81 of module DisasterRecovery>
s = [ epoch |-> 0,
  checkpoint |-> 0,
  marker |-> [epoch |-> 0, checkpoint |-> 0],
  run |-> 0,
  expectedRun |-> 0,
  owners |-> {w1},
  halt |-> none,
  attempts |-> {},
  binding |-> (i1 :> none @@ i2 :> none),
  ledger |-> (i1 :> none @@ i2 :> none),
  state |-> (i1 :> "absent" @@ i2 :> "absent"),
  acceptedEver |-> {},
  requiredEvidence |-> {},
  terminalEver |-> {},
  recoveryQuarantine |-> {},
  writes |-> 0,
  ownerEpoch |-> (w1 :> 0 @@ w2 :> 0),
  pending |-> none,
  offline |-> "none",
  offlineAlive |-> FALSE,
  projection |-> {},
  permits |-> {},
  messages |-> {},
  effects |-> {},
  everySendJournaled |-> TRUE,
  noOldAuthorization |-> TRUE,
  noTerminalEnqueue |-> TRUE,
  retriesUseOriginal |-> TRUE,
  lateExecution |-> FALSE ]

State 3: <Admit line 51, col 5 to line 57, col 74 of module DisasterRecovery>
s = [ epoch |-> 0,
  checkpoint |-> 1,
  marker |-> [epoch |-> 0, checkpoint |-> 0],
  run |-> 0,
  expectedRun |-> 0,
  owners |-> {w1},
  halt |-> none,
  attempts |-> {},
  binding |-> (i1 :> none @@ i2 :> none),
  ledger |-> (i1 :> p1 @@ i2 :> none),
  state |-> (i1 :> "admitted" @@ i2 :> "absent"),
  acceptedEver |-> {[id |-> i1, payload |-> p1]},
  requiredEvidence |-> {},
  terminalEver |-> {},
  recoveryQuarantine |-> {},
  writes |-> 1,
  ownerEpoch |-> (w1 :> 0 @@ w2 :> 0),
  pending |->
      [ id |-> i1,
        key |-> none,
        payload |-> p1,
        worker |-> w1,
        kind |-> "admit",
        old |-> [epoch |-> 0, checkpoint |-> 0] ],
  offline |-> "none",
  offlineAlive |-> FALSE,
  projection |-> {},
  permits |-> {},
  messages |-> {},
  effects |-> {},
  everySendJournaled |-> TRUE,
  noOldAuthorization |-> TRUE,
  noTerminalEnqueue |-> TRUE,
  retriesUseOriginal |-> TRUE,
  lateExecution |-> FALSE ]

State 4: <Mirror line 83, col 5 to line 92, col 70 of module DisasterRecovery>
s = [ epoch |-> 0,
  checkpoint |-> 1,
  marker |-> [epoch |-> 0, checkpoint |-> 1],
  run |-> 0,
  expectedRun |-> 0,
  owners |-> {w1},
  halt |-> none,
  attempts |-> {},
  binding |-> (i1 :> none @@ i2 :> none),
  ledger |-> (i1 :> p1 @@ i2 :> none),
  state |-> (i1 :> "admitted" @@ i2 :> "absent"),
  acceptedEver |-> {[id |-> i1, payload |-> p1]},
  requiredEvidence |-> {},
  terminalEver |-> {},
  recoveryQuarantine |-> {},
  writes |-> 1,
  ownerEpoch |-> (w1 :> 0 @@ w2 :> 0),
  pending |-> none,
  offline |-> "none",
  offlineAlive |-> FALSE,
  projection |-> {},
  permits |-> {},
  messages |-> {},
  effects |-> {},
  everySendJournaled |-> TRUE,
  noOldAuthorization |-> TRUE,
  noTerminalEnqueue |-> TRUE,
  retriesUseOriginal |-> TRUE,
  lateExecution |-> FALSE ]

State 5: <UnjournaledSend line 112, col 5 to line 115, col 56 of module DisasterRecovery>
s = [ epoch |-> 0,
  checkpoint |-> 1,
  marker |-> [epoch |-> 0, checkpoint |-> 1],
  run |-> 0,
  expectedRun |-> 0,
  owners |-> {w1},
  halt |-> none,
  attempts |-> {},
  binding |-> (i1 :> none @@ i2 :> none),
  ledger |-> (i1 :> p1 @@ i2 :> none),
  state |-> (i1 :> "admitted" @@ i2 :> "absent"),
  acceptedEver |-> {[id |-> i1, payload |-> p1]},
  requiredEvidence |-> {},
  terminalEver |-> {},
  recoveryQuarantine |-> {},
  writes |-> 1,
  ownerEpoch |-> (w1 :> 0 @@ w2 :> 0),
  pending |-> none,
  offline |-> "none",
  offlineAlive |-> FALSE,
  projection |-> {},
  permits |-> {},
  messages |-> {[id |-> i1, key |-> k1, payload |-> p1]},
  effects |-> {},
  everySendJournaled |-> FALSE,
  noOldAuthorization |-> TRUE,
  noTerminalEnqueue |-> TRUE,
  retriesUseOriginal |-> TRUE,
  lateExecution |-> FALSE ]

The coverage statistics at 2026-09-26 20:48:35
<Init line 22, col 1 to line 22, col 4 of module DisasterRecovery>: 2:2
  line 22, col 9 to line 32, col 85 of module DisasterRecovery: 2
<Start line 34, col 1 to line 34, col 8 of module DisasterRecovery>: 7:19
  line 35, col 8 to line 35, col 24 of module DisasterRecovery: 82
  |line 35, col 8 to line 35, col 8 of module DisasterRecovery: 63
  |line 35, col 17 to line 35, col 24 of module DisasterRecovery: 63
  line 36, col 9 to line 36, col 21 of module DisasterRecovery: 64
  |line 36, col 9 to line 36, col 16 of module DisasterRecovery: 45
  |line 36, col 20 to line 36, col 21 of module DisasterRecovery: 45
  line 36, col 26 to line 36, col 40 of module DisasterRecovery: 46
  |line 36, col 27 to line 36, col 40 of module DisasterRecovery: 27
  line 37, col 11 to line 37, col 37 of module DisasterRecovery: 19
  |line 37, col 11 to line 37, col 23 of module DisasterRecovery: 19
  |line 37, col 28 to line 37, col 37 of module DisasterRecovery: 13
  ||line 17, col 15 to line 17, col 57 of module DisasterRecovery: 13
  |||line 17, col 15 to line 17, col 32 of module DisasterRecovery: 13
  |||line 17, col 37 to line 17, col 57 of module DisasterRecovery: 7
  line 38, col 13 to line 38, col 76 of module DisasterRecovery: 5
  line 39, col 13 to line 40, col 81 of module DisasterRecovery: 14
  |line 39, col 18 to line 40, col 81 of module DisasterRecovery: 14
  ||line 39, col 19 to line 39, col 19 of module DisasterRecovery: 14
  ||line 39, col 37 to line 40, col 80 of module DisasterRecovery: 14
  |||line 39, col 40 to line 39, col 52 of module DisasterRecovery: 14
  |||line 39, col 59 to line 39, col 64 of module DisasterRecovery: 6
  |||line 40, col 27 to line 40, col 80 of module DisasterRecovery: 8
<Crash line 42, col 1 to line 42, col 8 of module DisasterRecovery>: 5:18
  line 43, col 8 to line 43, col 21 of module DisasterRecovery: 80
  |line 43, col 8 to line 43, col 8 of module DisasterRecovery: 62
  |line 43, col 14 to line 43, col 21 of module DisasterRecovery: 62
  line 44, col 8 to line 46, col 46 of module DisasterRecovery: 18
  |line 44, col 13 to line 46, col 46 of module DisasterRecovery: 18
  ||line 44, col 14 to line 44, col 14 of module DisasterRecovery: 18
  ||line 44, col 23 to line 44, col 40 of module DisasterRecovery: 18
  ||line 45, col 22 to line 45, col 81 of module DisasterRecovery: 18
  |||line 45, col 25 to line 45, col 64 of module DisasterRecovery: 18
  ||||line 45, col 25 to line 45, col 40 of module DisasterRecovery: 18
  ||||line 45, col 45 to line 45, col 64 of module DisasterRecovery: 9
  |||line 45, col 71 to line 45, col 74 of module DisasterRecovery: 9
  ||line 46, col 10 to line 46, col 45 of module DisasterRecovery: 18
<Admit line 50, col 1 to line 50, col 21 of module DisasterRecovery>: 10:13
  line 18, col 15 to line 18, col 28 of module DisasterRecovery: 254
  |line 18, col 15 to line 18, col 15 of module DisasterRecovery: 241
  |line 18, col 21 to line 18, col 28 of module DisasterRecovery: 241
  line 18, col 33 to line 18, col 45 of module DisasterRecovery: 82
  |line 18, col 33 to line 18, col 38 of module DisasterRecovery: 69
  |line 18, col 42 to line 18, col 45 of module DisasterRecovery: 69
  line 17, col 15 to line 17, col 32 of module DisasterRecovery: 82
  |line 17, col 15 to line 17, col 22 of module DisasterRecovery: 69
  |line 17, col 26 to line 17, col 32 of module DisasterRecovery: 69
  line 17, col 37 to line 17, col 57 of module DisasterRecovery: 38
  |line 17, col 37 to line 17, col 41 of module DisasterRecovery: 25
  |line 17, col 45 to line 17, col 57 of module DisasterRecovery: 25
  line 51, col 16 to line 51, col 16 of module DisasterRecovery: 241
  line 51, col 22 to line 51, col 37 of module DisasterRecovery: 30
  |line 51, col 22 to line 51, col 30 of module DisasterRecovery: 17
  |line 51, col 34 to line 51, col 37 of module DisasterRecovery: 17
  line 51, col 42 to line 51, col 61 of module DisasterRecovery: 13
  |line 51, col 42 to line 51, col 49 of module DisasterRecovery: 17
  |line 51, col 53 to line 51, col 61 of module DisasterRecovery: 17
  line 52, col 8 to line 52, col 26 of module DisasterRecovery: 30
  |line 52, col 8 to line 52, col 19 of module DisasterRecovery: 17
  |line 52, col 23 to line 52, col 26 of module DisasterRecovery: 17
  line 53, col 8 to line 57, col 74 of module DisasterRecovery: 13
<AttemptCommit line 59, col 1 to line 59, col 25 of module DisasterRecovery>: 1:4
  line 18, col 15 to line 18, col 28 of module DisasterRecovery: 228
  |line 18, col 15 to line 18, col 15 of module DisasterRecovery: 226
  |line 18, col 21 to line 18, col 28 of module DisasterRecovery: 226
  line 18, col 33 to line 18, col 45 of module DisasterRecovery: 64
  |line 18, col 33 to line 18, col 38 of module DisasterRecovery: 62
  |line 18, col 42 to line 18, col 45 of module DisasterRecovery: 62
  line 17, col 15 to line 17, col 32 of module DisasterRecovery: 64
  |line 17, col 15 to line 17, col 22 of module DisasterRecovery: 62
  |line 17, col 26 to line 17, col 32 of module DisasterRecovery: 62
  line 17, col 37 to line 17, col 57 of module DisasterRecovery: 20
  |line 17, col 37 to line 17, col 41 of module DisasterRecovery: 18
  |line 17, col 45 to line 17, col 57 of module DisasterRecovery: 18
  line 60, col 16 to line 60, col 16 of module DisasterRecovery: 226
  line 60, col 22 to line 60, col 37 of module DisasterRecovery: 12
  |line 60, col 22 to line 60, col 30 of module DisasterRecovery: 10
  |line 60, col 34 to line 60, col 37 of module DisasterRecovery: 10
  line 60, col 42 to line 60, col 61 of module DisasterRecovery: 2
  |line 60, col 42 to line 60, col 49 of module DisasterRecovery: 10
  |line 60, col 53 to line 60, col 61 of module DisasterRecovery: 10
  line 61, col 8 to line 61, col 31 of module DisasterRecovery: 12
  |line 61, col 8 to line 61, col 18 of module DisasterRecovery: 10
  line 61, col 36 to line 61, col 54 of module DisasterRecovery: 4
  |line 61, col 36 to line 61, col 47 of module DisasterRecovery: 2
  |line 61, col 51 to line 61, col 54 of module DisasterRecovery: 2
  line 62, col 8 to line 62, col 36 of module DisasterRecovery: 4
  |line 62, col 8 to line 62, col 20 of module DisasterRecovery: 2
  |line 62, col 26 to line 62, col 36 of module DisasterRecovery: 2
  line 20, col 40 to line 20, col 49 of module DisasterRecovery: 8
  |line 20, col 40 to line 20, col 44 of module DisasterRecovery: 6
  |line 20, col 48 to line 20, col 49 of module DisasterRecovery: 6
  line 20, col 54 to line 20, col 75 of module DisasterRecovery: 12
  |line 20, col 54 to line 20, col 69 of module DisasterRecovery: 6
  |line 20, col 73 to line 20, col 75 of module DisasterRecovery: 6
  line 20, col 34 to line 20, col 36 of module DisasterRecovery: 2
  line 63, col 16 to line 63, col 18 of module DisasterRecovery: 2
  line 63, col 21 to line 63, col 22 of module DisasterRecovery: 2
  line 65, col 11 to line 69, col 80 of module DisasterRecovery: 4
<TerminalCommit line 71, col 1 to line 71, col 21 of module DisasterRecovery>: 0:0
  line 18, col 15 to line 18, col 28 of module DisasterRecovery: 112
  line 18, col 33 to line 18, col 45 of module DisasterRecovery: 30
  line 17, col 15 to line 17, col 32 of module DisasterRecovery: 30
  line 17, col 37 to line 17, col 57 of module DisasterRecovery: 8
  line 72, col 16 to line 72, col 16 of module DisasterRecovery: 112
  line 72, col 22 to line 72, col 37 of module DisasterRecovery: 4
  line 72, col 42 to line 72, col 61 of module DisasterRecovery: 4
  line 73, col 8 to line 73, col 50 of module DisasterRecovery: 4
  line 77, col 8 to line 80, col 79 of module DisasterRecovery: 0
<Mirror line 82, col 1 to line 82, col 6 of module DisasterRecovery>: 8:9
  line 83, col 8 to line 83, col 23 of module DisasterRecovery: 37
  |line 83, col 8 to line 83, col 16 of module DisasterRecovery: 28
  |line 83, col 20 to line 83, col 23 of module DisasterRecovery: 28
  line 83, col 28 to line 83, col 56 of module DisasterRecovery: 18
  |line 83, col 28 to line 83, col 43 of module DisasterRecovery: 9
  |line 83, col 49 to line 83, col 56 of module DisasterRecovery: 9
  line 87, col 14 to line 87, col 71 of module DisasterRecovery: 9
  line 88, col 16 to line 91, col 75 of module DisasterRecovery: 9
  line 92, col 16 to line 92, col 70 of module DisasterRecovery: 0
<Enqueue line 96, col 1 to line 96, col 25 of module DisasterRecovery>: 1:4
  line 18, col 15 to line 18, col 28 of module DisasterRecovery: 244
  |line 18, col 15 to line 18, col 15 of module DisasterRecovery: 240
  |line 18, col 21 to line 18, col 28 of module DisasterRecovery: 240
  line 18, col 33 to line 18, col 45 of module DisasterRecovery: 72
  |line 18, col 33 to line 18, col 38 of module DisasterRecovery: 68
  |line 18, col 42 to line 18, col 45 of module DisasterRecovery: 68
  line 17, col 15 to line 17, col 32 of module DisasterRecovery: 72
  |line 17, col 15 to line 17, col 22 of module DisasterRecovery: 68
  |line 17, col 26 to line 17, col 32 of module DisasterRecovery: 68
  line 17, col 37 to line 17, col 57 of module DisasterRecovery: 28
  |line 17, col 37 to line 17, col 41 of module DisasterRecovery: 24
  |line 17, col 45 to line 17, col 57 of module DisasterRecovery: 24
  line 97, col 16 to line 97, col 16 of module DisasterRecovery: 240
  line 97, col 22 to line 97, col 37 of module DisasterRecovery: 20
  |line 97, col 22 to line 97, col 30 of module DisasterRecovery: 16
  |line 97, col 34 to line 97, col 37 of module DisasterRecovery: 16
  line 97, col 42 to line 97, col 65 of module DisasterRecovery: 20
  |line 97, col 42 to line 97, col 52 of module DisasterRecovery: 16
  line 98, col 8 to line 98, col 26 of module DisasterRecovery: 8
  |line 98, col 8 to line 98, col 19 of module DisasterRecovery: 4
  |line 98, col 23 to line 98, col 26 of module DisasterRecovery: 4
  line 98, col 31 to line 98, col 52 of module DisasterRecovery: 8
  |line 98, col 31 to line 98, col 39 of module DisasterRecovery: 4
  |line 98, col 45 to line 98, col 52 of module DisasterRecovery: 4
  line 100, col 11 to line 102, col 63 of module DisasterRecovery: 4
<UnjournaledSend line 111, col 1 to line 111, col 27 of module DisasterRecovery>: 1:2
  line 112, col 8 to line 112, col 29 of module DisasterRecovery: 1
  line 18, col 15 to line 18, col 28 of module DisasterRecovery: 227
  |line 18, col 15 to line 18, col 15 of module DisasterRecovery: 226
  |line 18, col 21 to line 18, col 28 of module DisasterRecovery: 226
  line 18, col 33 to line 18, col 45 of module DisasterRecovery: 63
  |line 18, col 33 to line 18, col 38 of module DisasterRecovery: 62
  |line 18, col 42 to line 18, col 45 of module DisasterRecovery: 62
  line 17, col 15 to line 17, col 32 of module DisasterRecovery: 63
  |line 17, col 15 to line 17, col 22 of module DisasterRecovery: 62
  |line 17, col 26 to line 17, col 32 of module DisasterRecovery: 62
  line 17, col 37 to line 17, col 57 of module DisasterRecovery: 19
  |line 17, col 37 to line 17, col 41 of module DisasterRecovery: 18
  |line 17, col 45 to line 17, col 57 of module DisasterRecovery: 18
  line 112, col 42 to line 112, col 42 of module DisasterRecovery: 226
  line 112, col 48 to line 112, col 71 of module DisasterRecovery: 11
  |line 112, col 48 to line 112, col 58 of module DisasterRecovery: 10
  line 114, col 11 to line 115, col 56 of module DisasterRecovery: 1
  |line 114, col 16 to line 115, col 56 of module DisasterRecovery: 2
<RedisLoss line 125, col 1 to line 125, col 9 of module DisasterRecovery>: 15:27
  line 125, col 14 to line 125, col 63 of module DisasterRecovery: 27
<RedisRollback line 126, col 1 to line 126, col 13 of module DisasterRecovery>: 0:9
  line 126, col 18 to line 126, col 33 of module DisasterRecovery: 9
  |line 126, col 18 to line 126, col 29 of module DisasterRecovery: 27
  line 127, col 5 to line 127, col 67 of module DisasterRecovery: 9
<RedisRestart line 128, col 1 to line 128, col 12 of module DisasterRecovery>: 17:19
  line 128, col 17 to line 128, col 25 of module DisasterRecovery: 46
  |line 128, col 17 to line 128, col 21 of module DisasterRecovery: 27
  line 128, col 30 to line 128, col 54 of module DisasterRecovery: 19
<RepairMarker line 129, col 1 to line 129, col 12 of module DisasterRecovery>: 1:2
  line 129, col 17 to line 129, col 52 of module DisasterRecovery: 29
  |line 129, col 17 to line 129, col 22 of module DisasterRecovery: 27
  |line 129, col 28 to line 129, col 52 of module DisasterRecovery: 27
  line 130, col 5 to line 130, col 38 of module DisasterRecovery: 2
<DetectMismatch line 132, col 1 to line 132, col 14 of module DisasterRecovery>: 4:4
  line 133, col 8 to line 133, col 20 of module DisasterRecovery: 31
  |line 133, col 8 to line 133, col 15 of module DisasterRecovery: 27
  |line 133, col 19 to line 133, col 20 of module DisasterRecovery: 27
  line 133, col 25 to line 133, col 40 of module DisasterRecovery: 18
  |line 133, col 25 to line 133, col 33 of module DisasterRecovery: 14
  |line 133, col 37 to line 133, col 40 of module DisasterRecovery: 14
  line 133, col 45 to line 133, col 57 of module DisasterRecovery: 10
  |line 133, col 45 to line 133, col 50 of module DisasterRecovery: 6
  |line 133, col 54 to line 133, col 57 of module DisasterRecovery: 6
  line 133, col 62 to line 133, col 72 of module DisasterRecovery: 10
  |line 133, col 63 to line 133, col 72 of module DisasterRecovery: 6
  ||line 17, col 15 to line 17, col 57 of module DisasterRecovery: 6
  |||line 17, col 15 to line 17, col 32 of module DisasterRecovery: 6
  |||line 17, col 37 to line 17, col 57 of module DisasterRecovery: 4
  line 134, col 8 to line 134, col 86 of module DisasterRecovery: 4
<Reattach line 136, col 1 to line 136, col 8 of module DisasterRecovery>: 1:4
  line 137, col 8 to line 137, col 20 of module DisasterRecovery: 31
  |line 137, col 8 to line 137, col 15 of module DisasterRecovery: 27
  |line 137, col 19 to line 137, col 20 of module DisasterRecovery: 27
  line 137, col 25 to line 137, col 39 of module DisasterRecovery: 17
  |line 137, col 26 to line 137, col 39 of module DisasterRecovery: 13
  line 137, col 44 to line 137, col 59 of module DisasterRecovery: 13
  |line 137, col 44 to line 137, col 52 of module DisasterRecovery: 9
  |line 137, col 56 to line 137, col 59 of module DisasterRecovery: 9
  line 138, col 8 to line 138, col 35 of module DisasterRecovery: 13
  |line 138, col 8 to line 138, col 13 of module DisasterRecovery: 9
  |line 138, col 19 to line 138, col 35 of module DisasterRecovery: 9
  line 138, col 40 to line 138, col 57 of module DisasterRecovery: 11
  |line 138, col 40 to line 138, col 47 of module DisasterRecovery: 7
  |line 138, col 51 to line 138, col 57 of module DisasterRecovery: 7
  line 139, col 8 to line 139, col 59 of module DisasterRecovery: 4
<RecoverBegin line 141, col 1 to line 141, col 12 of module DisasterRecovery>: 3:8
  line 142, col 9 to line 142, col 21 of module DisasterRecovery: 35
  |line 142, col 9 to line 142, col 16 of module DisasterRecovery: 27
  |line 142, col 20 to line 142, col 21 of module DisasterRecovery: 27
  line 142, col 26 to line 142, col 40 of module DisasterRecovery: 21
  |line 142, col 27 to line 142, col 40 of module DisasterRecovery: 13
  line 143, col 8 to line 143, col 23 of module DisasterRecovery: 17
  |line 143, col 8 to line 143, col 16 of module DisasterRecovery: 9
  |line 143, col 20 to line 143, col 23 of module DisasterRecovery: 9
  line 143, col 28 to line 143, col 38 of module DisasterRecovery: 17
  |line 143, col 28 to line 143, col 34 of module DisasterRecovery: 9
  line 144, col 8 to line 151, col 94 of module DisasterRecovery: 8
  |line 144, col 13 to line 151, col 94 of module DisasterRecovery: 8
  ||line 144, col 14 to line 144, col 14 of module DisasterRecovery: 8
  ||line 145, col 10 to line 147, col 51 of module DisasterRecovery: 8
  ||line 148, col 10 to line 148, col 76 of module DisasterRecovery: 8
  ||line 149, col 33 to line 149, col 88 of module DisasterRecovery: 8:13
  |||line 149, col 47 to line 149, col 87 of module DisasterRecovery: 16
  |||line 149, col 41 to line 149, col 43 of module DisasterRecovery: 8
  ||line 150, col 41 to line 150, col 55 of module DisasterRecovery: 8
  ||line 150, col 58 to line 150, col 74 of module DisasterRecovery: 8
  ||line 151, col 10 to line 151, col 30 of module DisasterRecovery: 8
  ||line 151, col 73 to line 151, col 93 of module DisasterRecovery: 8
<RecoverPublish line 153, col 1 to line 153, col 14 of module DisasterRecovery>: 3:3
  line 154, col 8 to line 154, col 24 of module DisasterRecovery: 30
  |line 154, col 8 to line 154, col 16 of module DisasterRecovery: 27
  line 154, col 29 to line 154, col 42 of module DisasterRecovery: 7
  |line 154, col 29 to line 154, col 29 of module DisasterRecovery: 4
  line 154, col 47 to line 154, col 61 of module DisasterRecovery: 6
  |line 154, col 47 to line 154, col 54 of module DisasterRecovery: 3
  |line 154, col 58 to line 154, col 61 of module DisasterRecovery: 3
  line 155, col 8 to line 155, col 62 of module DisasterRecovery: 3
<RecoverFinish line 156, col 1 to line 156, col 13 of module DisasterRecovery>: 1:1
  line 157, col 8 to line 157, col 26 of module DisasterRecovery: 28
  |line 157, col 8 to line 157, col 16 of module DisasterRecovery: 27
  line 157, col 31 to line 157, col 44 of module DisasterRecovery: 2
  |line 157, col 31 to line 157, col 31 of module DisasterRecovery: 1
  line 17, col 15 to line 17, col 32 of module DisasterRecovery: 2
  |line 17, col 15 to line 17, col 22 of module DisasterRecovery: 1
  |line 17, col 26 to line 17, col 32 of module DisasterRecovery: 1
  line 17, col 37 to line 17, col 57 of module DisasterRecovery: 2
  |line 17, col 37 to line 17, col 41 of module DisasterRecovery: 1
  |line 17, col 45 to line 17, col 57 of module DisasterRecovery: 1
  line 158, col 8 to line 158, col 80 of module DisasterRecovery: 1
<RecoveryCrash line 159, col 1 to line 159, col 13 of module DisasterRecovery>: 4:4
  line 160, col 8 to line 160, col 21 of module DisasterRecovery: 31
  |line 160, col 8 to line 160, col 8 of module DisasterRecovery: 27
  line 161, col 8 to line 161, col 45 of module DisasterRecovery: 4
<AuthorityRollback line 165, col 1 to line 165, col 17 of module DisasterRecovery>: 0:0
  line 167, col 8 to line 170, col 60 of module DisasterRecovery: 0
<Next line 172, col 1 to line 172, col 4 of module DisasterRecovery (176 13 176 40)>: 0:0
  line 108, col 8 to line 109, col 62 of module DisasterRecovery: 0
  line 176, col 22 to line 176, col 30 of module DisasterRecovery: 28
<Next line 172, col 1 to line 172, col 4 of module DisasterRecovery (176 47 176 78)>: 0:0
  line 123, col 8 to line 123, col 83 of module DisasterRecovery: 0
  line 176, col 56 to line 176, col 65 of module DisasterRecovery: 28
<TypeOK line 182, col 1 to line 182, col 6 of module DisasterRecovery>
  line 183, col 5 to line 198, col 34 of module DisasterRecovery: 83
<EverySendJournaled line 202, col 1 to line 202, col 18 of module DisasterRecovery>
  line 202, col 23 to line 202, col 42 of module DisasterRecovery: 83
End of statistics.
138 states generated, 83 distinct states found, 54 states left on queue.
The depth of the complete state graph search is 5.
The average outdegree of the complete state graph is 3 (minimum is 0, the maximum 6 and the 95th percentile is 6).
Finished in 00s at (2026-09-26 20:48:35)
