TLC2 Version 2.19 of 08 August 2024 (rev: 5a47802)
Running breadth-first search Model-Checking with fp 0 and seed 1 with 1 worker on 10 cores with 1820MB heap and 64MB offheap memory [pid: 45792] (Mac OS X 26.6.2 aarch64, Eclipse Adoptium 21.0.12.1 x86_64, MSBDiskFPSet, DiskStateQueue).
Parsing file /Users/alfongj/Code/engine-core/formal/tla/EoaRecovery.tla
Parsing file /private/var/folders/ky/s5xblf5j3515d6h6ss25z3w80000gn/T/Naturals.tla
Parsing file /private/var/folders/ky/s5xblf5j3515d6h6ss25z3w80000gn/T/FiniteSets.tla
Parsing file /private/var/folders/ky/s5xblf5j3515d6h6ss25z3w80000gn/T/TLC.tla
Parsing file /private/var/folders/ky/s5xblf5j3515d6h6ss25z3w80000gn/T/Sequences.tla
Semantic processing of module Naturals
Semantic processing of module Sequences
Semantic processing of module FiniteSets
Semantic processing of module TLC
Semantic processing of module EoaRecovery
Starting... (2026-09-26 20:45:56)
Implied-temporal checking--satisfiability problem has 1 branches.
Computing initial states...
Finished computing initial states: 1 distinct state generated at 2026-09-26 20:45:56.
Checking temporal properties for the current state space with 36105 total distinct states at (2026-09-26 20:45:59)
Finished checking temporal properties in 00s at 2026-09-26 20:45:59
Progress(12) at 2026-09-26 20:45:59: 207,782 states generated (207,782 s/min), 36,865 distinct states found (36,865 ds/min), 17,634 states left on queue.
Progress(18) at 2026-09-26 20:46:20: 1,590,502 states generated, 150,766 distinct states found, 0 states left on queue.
Checking temporal properties for the complete state space with 150766 total distinct states at (2026-09-26 20:46:20)
Finished checking temporal properties in 01s at 2026-09-26 20:46:21
Model checking completed. No error has been found.
  Estimates of the probability that TLC did not check all reachable states
  because two distinct states had the same fingerprint:
  calculated (optimistic):  val = 1.2E-8
  based on the actual fingerprints:  val = 3.2E-9
The coverage statistics at 2026-09-26 20:46:21
<Init line 18, col 1 to line 18, col 4 of module EoaRecovery>: 1:1
  line 19, col 5 to line 28, col 21 of module EoaRecovery: 1
<Prepare line 32, col 1 to line 32, col 13 of module EoaRecovery>: 22:1260
  line 33, col 8 to line 33, col 14 of module EoaRecovery: 1260
  line 33, col 19 to line 33, col 36 of module EoaRecovery: 568848
  |line 33, col 19 to line 33, col 29 of module EoaRecovery: 567588
  |line 33, col 33 to line 33, col 36 of module EoaRecovery: 567588
  line 34, col 8 to line 34, col 27 of module EoaRecovery: 143160
  |line 34, col 8 to line 34, col 15 of module EoaRecovery: 141900
  line 34, col 32 to line 34, col 53 of module EoaRecovery: 1260
  line 35, col 8 to line 36, col 57 of module EoaRecovery: 1260
  line 37, col 8 to line 38, col 47 of module EoaRecovery: 1260
<Reserve line 40, col 1 to line 40, col 10 of module EoaRecovery>: 0:1260
  line 41, col 8 to line 41, col 14 of module EoaRecovery: 1260
  line 41, col 19 to line 41, col 36 of module EoaRecovery: 285054
  |line 41, col 19 to line 41, col 29 of module EoaRecovery: 283794
  |line 41, col 33 to line 41, col 36 of module EoaRecovery: 283794
  line 43, col 32 to line 43, col 58 of module EoaRecovery: 214104
  |line 43, col 32 to line 43, col 46 of module EoaRecovery: 212844
  line 43, col 63 to line 43, col 81 of module EoaRecovery: 3768
  |line 43, col 63 to line 43, col 69 of module EoaRecovery: 2508
  |line 43, col 73 to line 43, col 81 of module EoaRecovery: 2508
  line 44, col 11 to line 44, col 56 of module EoaRecovery: 1260
  line 45, col 11 to line 45, col 34 of module EoaRecovery: 1260
  line 46, col 11 to line 46, col 37 of module EoaRecovery: 1260
  line 47, col 8 to line 47, col 48 of module EoaRecovery: 1260
  line 48, col 8 to line 48, col 70 of module EoaRecovery: 1260
<Discard line 50, col 1 to line 50, col 10 of module EoaRecovery>: 0:212844
  line 51, col 8 to line 51, col 25 of module EoaRecovery: 514376
  |line 51, col 8 to line 51, col 18 of module EoaRecovery: 301532
  |line 51, col 22 to line 51, col 25 of module EoaRecovery: 301532
  line 52, col 8 to line 52, col 48 of module EoaRecovery: 212844
  line 53, col 8 to line 54, col 47 of module EoaRecovery: 212844
<Broadcast line 58, col 1 to line 58, col 12 of module EoaRecovery>: 6048:72480
  line 59, col 8 to line 59, col 14 of module EoaRecovery: 72480
  line 59, col 19 to line 59, col 31 of module EoaRecovery: 1207656
  |line 59, col 19 to line 59, col 19 of module EoaRecovery: 1135176
  |line 59, col 25 to line 59, col 31 of module EoaRecovery: 1135176
  line 59, col 36 to line 59, col 48 of module EoaRecovery: 364640
  |line 59, col 36 to line 59, col 36 of module EoaRecovery: 292160
  |line 59, col 45 to line 59, col 48 of module EoaRecovery: 292160
  line 60, col 8 to line 60, col 28 of module EoaRecovery: 72480
  line 61, col 8 to line 62, col 47 of module EoaRecovery: 72480
<Bump line 65, col 1 to line 65, col 7 of module EoaRecovery>: 4032:34880
  line 66, col 8 to line 66, col 14 of module EoaRecovery: 34880
  line 66, col 19 to line 66, col 31 of module EoaRecovery: 1170056
  |line 66, col 19 to line 66, col 19 of module EoaRecovery: 1135176
  |line 66, col 25 to line 66, col 31 of module EoaRecovery: 1135176
  line 66, col 36 to line 66, col 44 of module EoaRecovery: 327040
  |line 66, col 36 to line 66, col 40 of module EoaRecovery: 292160
  line 67, col 8 to line 67, col 42 of module EoaRecovery: 198400
  |line 67, col 8 to line 67, col 27 of module EoaRecovery: 163520
  |line 67, col 36 to line 67, col 42 of module EoaRecovery: 163520
  line 68, col 8 to line 68, col 53 of module EoaRecovery: 34880
  line 69, col 8 to line 70, col 47 of module EoaRecovery: 34880
<Mine line 72, col 1 to line 72, col 14 of module EoaRecovery>: 20800:26860
  line 73, col 8 to line 73, col 17 of module EoaRecovery: 2439116
  |line 73, col 8 to line 73, col 8 of module EoaRecovery: 2412256
  |line 73, col 14 to line 73, col 17 of module EoaRecovery: 2412256
  line 73, col 22 to line 73, col 50 of module EoaRecovery: 869040
  |line 73, col 22 to line 73, col 28 of module EoaRecovery: 842180
  |line 73, col 32 to line 73, col 50 of module EoaRecovery: 842180
  line 74, col 8 to line 74, col 32 of module EoaRecovery: 26860
  line 75, col 8 to line 75, col 64 of module EoaRecovery: 26860
  |line 75, col 20 to line 75, col 64 of module EoaRecovery: 26860
  ||line 75, col 23 to line 75, col 27 of module EoaRecovery: 26860
  ||line 75, col 34 to line 75, col 50 of module EoaRecovery: 13430
  ||line 75, col 57 to line 75, col 64 of module EoaRecovery: 13430
  line 76, col 8 to line 77, col 47 of module EoaRecovery: 26860
<ObserveNonce line 79, col 1 to line 79, col 15 of module EoaRecovery>: 57472:406857
  line 80, col 8 to line 80, col 14 of module EoaRecovery: 406857
  line 80, col 19 to line 80, col 46 of module EoaRecovery: 832548
  |line 80, col 19 to line 80, col 19 of module EoaRecovery: 425691
  |line 80, col 25 to line 80, col 46 of module EoaRecovery: 425691
  line 81, col 8 to line 81, col 18 of module EoaRecovery: 406857
  line 82, col 8 to line 83, col 49 of module EoaRecovery: 406857
<ReadReceipt line 85, col 1 to line 85, col 14 of module EoaRecovery>: 20800:264960
  line 86, col 8 to line 86, col 14 of module EoaRecovery: 264960
  line 86, col 19 to line 86, col 30 of module EoaRecovery: 1400136
  |line 86, col 19 to line 86, col 19 of module EoaRecovery: 1135176
  |line 86, col 25 to line 86, col 30 of module EoaRecovery: 1135176
  line 87, col 8 to line 87, col 36 of module EoaRecovery: 264960
  line 88, col 8 to line 89, col 47 of module EoaRecovery: 264960
<MissingReceipt line 93, col 1 to line 93, col 17 of module EoaRecovery>: 15360:132480
  line 94, col 8 to line 94, col 14 of module EoaRecovery: 132480
  line 94, col 19 to line 94, col 32 of module EoaRecovery: 1267656
  |line 94, col 19 to line 94, col 19 of module EoaRecovery: 1135176
  |line 94, col 25 to line 94, col 32 of module EoaRecovery: 1135176
  line 95, col 8 to line 95, col 33 of module EoaRecovery: 132480
  line 96, col 8 to line 97, col 47 of module EoaRecovery: 132480
<Confirm line 99, col 1 to line 99, col 10 of module EoaRecovery>: 0:36800
  line 100, col 8 to line 100, col 14 of module EoaRecovery: 36800
  line 100, col 19 to line 100, col 45 of module EoaRecovery: 1171976
  |line 100, col 19 to line 100, col 19 of module EoaRecovery: 1135176
  |line 100, col 25 to line 100, col 45 of module EoaRecovery: 1135176
  line 101, col 8 to line 101, col 23 of module EoaRecovery: 36800
  |line 101, col 8 to line 101, col 14 of module EoaRecovery: 73600
  |line 101, col 18 to line 101, col 23 of module EoaRecovery: 73600
  line 101, col 28 to line 101, col 53 of module EoaRecovery: 73600
  |line 101, col 28 to line 101, col 42 of module EoaRecovery: 36800
  line 102, col 8 to line 103, col 79 of module EoaRecovery: 36800
  |line 102, col 17 to line 103, col 79 of module EoaRecovery: 36800
  ||line 102, col 18 to line 102, col 22 of module EoaRecovery: 36800
  ||line 102, col 31 to line 103, col 78 of module EoaRecovery: 36800
  ||line 103, col 11 to line 103, col 78 of module EoaRecovery: 36800
  |||line 103, col 14 to line 103, col 47 of module EoaRecovery: 36800
  ||||line 103, col 14 to line 103, col 27 of module EoaRecovery: 36800
  ||||line 103, col 32 to line 103, col 47 of module EoaRecovery: 18400
  line 104, col 8 to line 104, col 55 of module EoaRecovery: 36800
  |line 104, col 19 to line 104, col 55 of module EoaRecovery: 36800
  ||line 104, col 36 to line 104, col 54 of module EoaRecovery: 104000
  ||line 104, col 26 to line 104, col 32 of module EoaRecovery: 36800
  line 105, col 8 to line 106, col 47 of module EoaRecovery: 36800
<UnsafeRequeue line 110, col 1 to line 110, col 16 of module EoaRecovery>: 0:0
  line 113, col 8 to line 113, col 54 of module EoaRecovery: 0
  line 114, col 8 to line 114, col 55 of module EoaRecovery: 0
  line 115, col 8 to line 116, col 47 of module EoaRecovery: 0
<Crash line 118, col 1 to line 118, col 5 of module EoaRecovery>: 8869:141897
  line 119, col 8 to line 119, col 14 of module EoaRecovery: 141897
  line 120, col 8 to line 120, col 23 of module EoaRecovery: 141897
  line 121, col 8 to line 121, col 43 of module EoaRecovery: 141897
  line 122, col 8 to line 123, col 38 of module EoaRecovery: 141897
<Restart line 124, col 1 to line 124, col 7 of module EoaRecovery>: 0:8869
  line 125, col 8 to line 125, col 15 of module EoaRecovery: 159635
  |line 125, col 9 to line 125, col 15 of module EoaRecovery: 150766
  line 125, col 20 to line 125, col 34 of module EoaRecovery: 8869
  line 126, col 8 to line 127, col 48 of module EoaRecovery: 8869
<Reorg line 131, col 1 to line 131, col 5 of module EoaRecovery>: 0:0
  line 133, col 8 to line 133, col 19 of module EoaRecovery: 0
  line 133, col 24 to line 133, col 37 of module EoaRecovery: 0
  line 133, col 42 to line 133, col 55 of module EoaRecovery: 0
  line 133, col 60 to line 133, col 70 of module EoaRecovery: 0
  line 134, col 8 to line 134, col 71 of module EoaRecovery: 0
<Next line 156, col 1 to line 156, col 4 of module EoaRecovery (164 8 164 56)>: 17362:249054
  line 164, col 11 to line 164, col 22 of module EoaRecovery: 117953
  line 140, col 11 to line 140, col 17 of module EoaRecovery: 2514
  line 140, col 22 to line 140, col 41 of module EoaRecovery: 286308
  |line 140, col 22 to line 140, col 29 of module EoaRecovery: 283794
  line 140, col 46 to line 140, col 67 of module EoaRecovery: 2514
  line 141, col 11 to line 141, col 49 of module EoaRecovery: 2514
  line 142, col 11 to line 142, col 82 of module EoaRecovery: 2514
  line 143, col 11 to line 143, col 36 of module EoaRecovery: 2514
  line 144, col 11 to line 144, col 83 of module EoaRecovery: 2514
  line 145, col 28 to line 145, col 39 of module EoaRecovery: 2484736
  |line 145, col 28 to line 145, col 35 of module EoaRecovery: 2412256
  |line 145, col 39 to line 145, col 39 of module EoaRecovery: 2412256
  line 59, col 8 to line 59, col 14 of module EoaRecovery: 72480
  line 59, col 19 to line 59, col 31 of module EoaRecovery: 1207656
  |line 59, col 19 to line 59, col 19 of module EoaRecovery: 1135176
  |line 59, col 25 to line 59, col 31 of module EoaRecovery: 1135176
  line 59, col 36 to line 59, col 48 of module EoaRecovery: 364640
  |line 59, col 36 to line 59, col 36 of module EoaRecovery: 292160
  |line 59, col 45 to line 59, col 48 of module EoaRecovery: 292160
  line 60, col 8 to line 60, col 28 of module EoaRecovery: 72480
  line 61, col 8 to line 62, col 47 of module EoaRecovery: 72480
  line 145, col 54 to line 145, col 54 of module EoaRecovery: 1135176
  line 145, col 17 to line 145, col 24 of module EoaRecovery: 301532
  line 146, col 47 to line 146, col 58 of module EoaRecovery: 4851372
  |line 146, col 47 to line 146, col 54 of module EoaRecovery: 4824512
  |line 146, col 58 to line 146, col 58 of module EoaRecovery: 4824512
  line 73, col 8 to line 73, col 17 of module EoaRecovery: 2439116
  |line 73, col 8 to line 73, col 8 of module EoaRecovery: 2412256
  |line 73, col 14 to line 73, col 17 of module EoaRecovery: 2412256
  line 73, col 22 to line 73, col 50 of module EoaRecovery: 869040
  |line 73, col 22 to line 73, col 28 of module EoaRecovery: 842180
  |line 73, col 32 to line 73, col 50 of module EoaRecovery: 842180
  line 74, col 8 to line 74, col 32 of module EoaRecovery: 26860
  line 75, col 8 to line 75, col 64 of module EoaRecovery: 26860
  |line 75, col 20 to line 75, col 64 of module EoaRecovery: 26860
  ||line 75, col 23 to line 75, col 27 of module EoaRecovery: 26860
  ||line 75, col 34 to line 75, col 50 of module EoaRecovery: 13430
  ||line 75, col 57 to line 75, col 64 of module EoaRecovery: 13430
  line 76, col 8 to line 77, col 47 of module EoaRecovery: 26860
  line 146, col 68 to line 146, col 68 of module EoaRecovery: 2412256
  line 146, col 71 to line 146, col 75 of module EoaRecovery: 26860
  line 146, col 17 to line 146, col 24 of module EoaRecovery: 301532
  line 146, col 37 to line 146, col 43 of module EoaRecovery: 301532
  line 147, col 11 to line 147, col 17 of module EoaRecovery: 147200
  line 147, col 22 to line 147, col 40 of module EoaRecovery: 430994
  |line 147, col 22 to line 147, col 29 of module EoaRecovery: 283794
  line 149, col 16 to line 149, col 27 of module EoaRecovery: 446464
  |line 149, col 16 to line 149, col 23 of module EoaRecovery: 299264
  |line 149, col 27 to line 149, col 27 of module EoaRecovery: 299264
  line 150, col 16 to line 150, col 94 of module EoaRecovery: 147200
  line 151, col 16 to line 151, col 56 of module EoaRecovery: 147200
  |line 151, col 27 to line 151, col 56 of module EoaRecovery: 147200:243154
  ||line 151, col 44 to line 151, col 55 of module EoaRecovery: 416000
  ||line 151, col 34 to line 151, col 40 of module EoaRecovery: 147200
  line 152, col 16 to line 152, col 44 of module EoaRecovery: 147200
  line 153, col 16 to line 153, col 44 of module EoaRecovery: 147200
  line 148, col 20 to line 148, col 25 of module EoaRecovery: 163520
  line 154, col 11 to line 154, col 76 of module EoaRecovery: 147200
  line 164, col 55 to line 164, col 55 of module EoaRecovery: 301532
  line 164, col 36 to line 164, col 42 of module EoaRecovery: 150766
<TypeOK line 169, col 1 to line 169, col 6 of module EoaRecovery>
  line 170, col 5 to line 176, col 26 of module EoaRecovery: 150766
<OneIntentPerNonce line 177, col 1 to line 177, col 17 of module EoaRecovery>
  line 177, col 22 to line 177, col 83 of module EoaRecovery: 150766
  |line 177, col 44 to line 177, col 83 of module EoaRecovery: 903924
  ||line 177, col 44 to line 177, col 60 of module EoaRecovery: 903924
  ||line 177, col 65 to line 177, col 83 of module EoaRecovery: 583780
  |line 177, col 34 to line 177, col 40 of module EoaRecovery: 150766
<ActiveHasDurableIdentity line 178, col 1 to line 178, col 24 of module EoaRecovery>
  line 178, col 29 to line 178, col 101 of module EoaRecovery: 150766
  |line 178, col 48 to line 178, col 101 of module EoaRecovery: 301532
  ||line 178, col 48 to line 178, col 66 of module EoaRecovery: 301532
  ||line 178, col 71 to line 178, col 101 of module EoaRecovery: 173740
  |||line 178, col 90 to line 178, col 101 of module EoaRecovery: 263364
  |||line 178, col 80 to line 178, col 86 of module EoaRecovery: 173740
  |line 178, col 38 to line 178, col 44 of module EoaRecovery: 150766
<AtMostOneEffect line 179, col 1 to line 179, col 15 of module EoaRecovery>
  line 179, col 20 to line 179, col 96 of module EoaRecovery: 150766
  |line 179, col 39 to line 179, col 96 of module EoaRecovery: 301532
  ||line 179, col 39 to line 179, col 91 of module EoaRecovery: 301532
  |||line 179, col 51 to line 179, col 90 of module EoaRecovery: 301532
  ||||line 179, col 78 to line 179, col 89 of module EoaRecovery: 281520
  ||||line 179, col 58 to line 179, col 74 of module EoaRecovery: 301532
  |line 179, col 29 to line 179, col 35 of module EoaRecovery: 150766
<TerminalMatchesExecution line 180, col 1 to line 180, col 24 of module EoaRecovery>
  line 180, col 29 to line 182, col 64 of module EoaRecovery: 150766
  |line 181, col 5 to line 182, col 64 of module EoaRecovery: 301532
  ||line 181, col 9 to line 181, col 75 of module EoaRecovery: 301532
  |||line 181, col 9 to line 181, col 30 of module EoaRecovery: 301532
  |||line 181, col 35 to line 181, col 75 of module EoaRecovery: 62560
  ||||line 181, col 64 to line 181, col 75 of module EoaRecovery: 77248
  ||||line 181, col 44 to line 181, col 60 of module EoaRecovery: 62560
  ||line 182, col 9 to line 182, col 63 of module EoaRecovery: 301532
  |||line 182, col 9 to line 182, col 27 of module EoaRecovery: 301532
  |||line 182, col 32 to line 182, col 63 of module EoaRecovery: 62560
  ||||line 182, col 52 to line 182, col 63 of module EoaRecovery: 77248
  ||||line 182, col 41 to line 182, col 48 of module EoaRecovery: 62560
  |line 180, col 38 to line 180, col 44 of module EoaRecovery: 150766
End of statistics.
1590502 states generated, 150766 distinct states found, 0 states left on queue.
The depth of the complete state graph search is 18.
The average outdegree of the complete state graph is 1 (minimum is 0, the maximum 7 and the 95th percentile is 3).
Finished in 25s at (2026-09-26 20:46:21)
