{
  "scenario": "pre-finality reorg and same-nonce recovery",
  "reverted_execution": true,
  "policy": {
    "mode": "depth",
    "confirmations": 2
  },
  "log_directory": "/var/folders/ky/s5xblf5j3515d6h6ss25z3w80000gn/T/engine-eoa-reorg-j_gow7tp",
  "manual_signed_wire_replay": false,
  "allow_fee_replacement": false,
  "outcome": "pass",
  "provisional_result_withheld": true,
  "orphaned_receipt_disappeared": true,
  "engine_recovered_original_nonce": true,
  "attempts": 1,
  "unique_chain_effects": 1,
  "duplicate_effects": 0,
  "terminal_status": "failed",
  "original_transaction_hash": "0xb0e2e445d19f2161999598e3d0772dcc19514bd1f01bf7e84e67a3ab14e293c4",
  "final_transaction_hash": "0xb0e2e445d19f2161999598e3d0772dcc19514bd1f01bf7e84e67a3ab14e293c4",
  "recovery_mode": "exact_wire",
  "post_restart_accepted_winning_sends": 1,
  "winning_wire_digest": "44a5eb029bedc1394bd1f3848c9a213cf260cadda32f2d652df840b09e142a8b",
  "elapsed_seconds": 18.583,
  "engine_rpc": {
    "calls": {
      "eth_getCode": 2,
      "eth_getTransactionCount": 20,
      "eth_getBalance": 1,
      "eth_blockNumber": 4,
      "eth_feeHistory": 1,
      "eth_sendRawTransaction": 2,
      "eth_getTransactionReceipt": 1,
      "eth_getBlockByNumber": 6
    },
    "accepted_unique_wires": 1,
    "forwarded_sends": 2,
    "dropped_responses": 0,
    "lost_http_responses": 0,
    "accepted_responses_lost": 0,
    "proxy_overloads": 0,
    "peak_inflight": 1,
    "active": 0,
    "connection_limit": 256,
    "active_connections": 0,
    "peak_connections": 1,
    "http_requests": 37,
    "incoming_batches": 0,
    "upstream_http_requests": 37,
    "proxy_failures": [],
    "proxy_failure_details": [],
    "http_transport": {
      "requests": 37,
      "active": 0,
      "peak_active": 1,
      "connection_attempts": 2,
      "connections_opened": 2,
      "responses": 37,
      "status_200": 37,
      "connection_reuses": 35,
      "owned_connections": 0,
      "failures": []
    },
    "audit": {
      "event_count": 4,
      "path": "/var/folders/ky/s5xblf5j3515d6h6ss25z3w80000gn/T/engine-eoa-reorg-j_gow7tp/engine-rpc.jsonl",
      "tail": [
        {
          "sequence": 1,
          "utc": "2026-09-27T00:44:24.980203+00:00",
          "elapsed_seconds": 0.20312,
          "event": "send_forwarded",
          "method": "eth_sendRawTransaction",
          "wire_digest": "44a5eb029bedc1394bd1f3848c9a213cf260cadda32f2d652df840b09e142a8b"
        },
        {
          "sequence": 2,
          "utc": "2026-09-27T00:44:24.982982+00:00",
          "elapsed_seconds": 0.205894,
          "event": "send_accepted",
          "method": "eth_sendRawTransaction",
          "wire_digest": "44a5eb029bedc1394bd1f3848c9a213cf260cadda32f2d652df840b09e142a8b",
          "identity": "0xb0e2e445d19f2161999598e3d0772dcc19514bd1f01bf7e84e67a3ab14e293c4",
          "response_dropped": false
        },
        {
          "sequence": 3,
          "utc": "2026-09-27T00:44:33.021205+00:00",
          "elapsed_seconds": 8.244058,
          "event": "send_forwarded",
          "method": "eth_sendRawTransaction",
          "wire_digest": "44a5eb029bedc1394bd1f3848c9a213cf260cadda32f2d652df840b09e142a8b"
        },
        {
          "sequence": 4,
          "utc": "2026-09-27T00:44:33.022505+00:00",
          "elapsed_seconds": 8.245354,
          "event": "send_accepted",
          "method": "eth_sendRawTransaction",
          "wire_digest": "44a5eb029bedc1394bd1f3848c9a213cf260cadda32f2d652df840b09e142a8b",
          "identity": "0xb0e2e445d19f2161999598e3d0772dcc19514bd1f01bf7e84e67a3ab14e293c4",
          "response_dropped": false
        }
      ],
      "tail_truncated": false
    },
    "methods": {
      "eth_getCode": {
        "count": 2,
        "errors": 0,
        "total_ms": 6.564291,
        "max_ms": 3.3644160000000367
      },
      "eth_getTransactionCount": {
        "count": 20,
        "errors": 0,
        "total_ms": 60.21958499999947,
        "max_ms": 5.625417000000077
      },
      "eth_getBalance": {
        "count": 1,
        "errors": 0,
        "total_ms": 0.8598749999999544,
        "max_ms": 0.8598749999999544
      },
      "eth_blockNumber": {
        "count": 4,
        "errors": 0,
        "total_ms": 3.9431260000007406,
        "max_ms": 1.0476249999999965
      },
      "eth_feeHistory": {
        "count": 1,
        "errors": 0,
        "total_ms": 0.9263330000000014,
        "max_ms": 0.9263330000000014
      },
      "eth_sendRawTransaction": {
        "count": 2,
        "errors": 0,
        "total_ms": 4.335833000001288,
        "max_ms": 2.9024579999999967
      },
      "eth_getTransactionReceipt": {
        "count": 1,
        "errors": 0,
        "total_ms": 1.017916000002117,
        "max_ms": 1.017916000002117
      },
      "eth_getBlockByNumber": {
        "count": 6,
        "errors": 0,
        "total_ms": 6.326210999997528,
        "max_ms": 1.2408750000005853
      }
    },
    "injected_preflight_bypass": 0,
    "accepted_wires": {
      "44a5eb029bedc1394bd1f3848c9a213cf260cadda32f2d652df840b09e142a8b": {
        "identity": "0xb0e2e445d19f2161999598e3d0772dcc19514bd1f01bf7e84e67a3ab14e293c4",
        "accepted_responses": 2
      }
    }
  }
}
