TLC2 Version 2.19 of 08 August 2024 (rev: 5a47802)
Running breadth-first search Model-Checking with fp 0 and seed 1 with 1 worker on 10 cores with 1820MB heap and 64MB offheap memory [pid: 45924] (Mac OS X 26.6.2 aarch64, Eclipse Adoptium 21.0.12.1 x86_64, MSBDiskFPSet, DiskStateQueue).
Parsing file /Users/alfongj/Code/engine-core/formal/tla/QueueLease.tla
Parsing file /private/var/folders/ky/s5xblf5j3515d6h6ss25z3w80000gn/T/Naturals.tla
Parsing file /private/var/folders/ky/s5xblf5j3515d6h6ss25z3w80000gn/T/FiniteSets.tla
Parsing file /private/var/folders/ky/s5xblf5j3515d6h6ss25z3w80000gn/T/Sequences.tla
Parsing file /private/var/folders/ky/s5xblf5j3515d6h6ss25z3w80000gn/T/TLC.tla
Semantic processing of module Naturals
Semantic processing of module Sequences
Semantic processing of module FiniteSets
Semantic processing of module TLC
Semantic processing of module QueueLease
Starting... (2026-09-26 20:47:51)
Computing initial states...
Finished computing initial states: 1 distinct state generated at 2026-09-26 20:47:51.
Progress(14) at 2026-09-26 20:47:54: 482,417 states generated (482,417 s/min), 103,588 distinct states found (103,588 ds/min), 31,036 states left on queue.
Model checking completed. No error has been found.
  Estimates of the probability that TLC did not check all reachable states
  because two distinct states had the same fingerprint:
  calculated (optimistic):  val = 8.7E-9
  based on the actual fingerprints:  val = 1.5E-9
The coverage statistics at 2026-09-26 20:47:57
<Init line 45, col 1 to line 45, col 4 of module QueueLease>: 1:1
  line 46, col 5 to line 58, col 70 of module QueueLease: 1
<Push line 62, col 1 to line 62, col 11 of module QueueLease>: 17672:17672
  line 63, col 8 to line 63, col 13 of module QueueLease: 398128
  |line 63, col 9 to line 63, col 13 of module QueueLease: 380456
  line 63, col 18 to line 63, col 44 of module QueueLease: 17672
  |line 63, col 18 to line 63, col 27 of module QueueLease: 68628
  |line 63, col 31 to line 63, col 44 of module QueueLease: 68628
  line 64, col 8 to line 64, col 35 of module QueueLease: 17672
  line 65, col 8 to line 65, col 52 of module QueueLease: 17672
  line 66, col 8 to line 66, col 70 of module QueueLease: 17672
  line 67, col 8 to line 70, col 48 of module QueueLease: 17672
<Expire line 73, col 1 to line 73, col 9 of module QueueLease>: 13997:32010
  line 74, col 8 to line 74, col 22 of module QueueLease: 412466
  |line 74, col 8 to line 74, col 8 of module QueueLease: 380456
  |line 74, col 14 to line 74, col 22 of module QueueLease: 380456
  line 75, col 8 to line 75, col 35 of module QueueLease: 32010
  line 76, col 8 to line 76, col 65 of module QueueLease: 32010
  line 77, col 8 to line 80, col 74 of module QueueLease: 32010
<Poll line 86, col 1 to line 86, col 17 of module QueueLease (99 8 117 44)>: 17872:305413
  line 99, col 12 to line 99, col 16 of module QueueLease: 924114
  |line 99, col 13 to line 99, col 16 of module QueueLease: 760912
  ||line 97, col 17 to line 97, col 36 of module QueueLease: 760912
  |||line 97, col 17 to line 97, col 28 of module QueueLease: 760912
  ||||line 97, col 17 to line 97, col 22 of module QueueLease: 760912
  ||||line 97, col 27 to line 97, col 28 of module QueueLease: 380456
  |||||line 95, col 15 to line 95, col 55 of module QueueLease: 380456
  ||||||line 95, col 16 to line 95, col 25 of module QueueLease: 380456
  |||||||line 95, col 16 to line 95, col 16 of module QueueLease: 380456
  ||||||||line 89, col 14 to line 89, col 31 of module QueueLease: 380456
  |||||||||line 89, col 14 to line 89, col 20 of module QueueLease: 380456
  |||||||||line 89, col 25 to line 89, col 31 of module QueueLease: 314838
  ||||||||||line 87, col 20 to line 87, col 67 of module QueueLease: 314838
  |||||||||||line 87, col 20 to line 87, col 25 of module QueueLease: 314838
  |||||||||||line 87, col 30 to line 87, col 67 of module QueueLease: 141864
  |||||||line 95, col 21 to line 95, col 25 of module QueueLease: 143462
  ||||||||line 95, col 22 to line 95, col 25 of module QueueLease: 143462
  |||||||||line 94, col 17 to line 94, col 30 of module QueueLease: 143462
  ||||||||||line 94, col 17 to line 94, col 22 of module QueueLease: 143462
  |||||||||||line 90, col 19 to line 90, col 30 of module QueueLease: 143462
  ||||||||||||line 90, col 19 to line 90, col 24 of module QueueLease: 143462
  ||||||||||||line 90, col 29 to line 90, col 30 of module QueueLease: 41930
  |||||||||||||line 90, col 30 to line 90, col 30 of module QueueLease: 41930
  ||||||||||||||line 88, col 14 to line 88, col 31 of module QueueLease: 41930
  |||||||||||||||line 88, col 14 to line 88, col 19 of module QueueLease: 41930
  |||||||||||||||line 88, col 24 to line 88, col 31 of module QueueLease: 38922
  ||||||||||line 94, col 27 to line 94, col 30 of module QueueLease: 41930
  ||||||line 95, col 32 to line 95, col 54 of module QueueLease: 278924
  |||||||line 95, col 32 to line 95, col 45 of module QueueLease: 278924
  ||||||||line 95, col 32 to line 95, col 38 of module QueueLease: 278924
  ||||||||line 95, col 43 to line 95, col 45 of module QueueLease: 23688
  |||||||line 95, col 50 to line 95, col 54 of module QueueLease: 11844
  ||||||||line 95, col 51 to line 95, col 54 of module QueueLease: 11844
  |||||||||line 94, col 17 to line 94, col 30 of module QueueLease: 11844
  ||||||||||line 94, col 17 to line 94, col 22 of module QueueLease: 11844
  |||||||||||line 90, col 19 to line 90, col 30 of module QueueLease: 11844
  ||||||||||||line 90, col 19 to line 90, col 24 of module QueueLease: 11844
  ||||||||||||line 90, col 29 to line 90, col 30 of module QueueLease: 1504
  ||||||||||line 94, col 27 to line 94, col 30 of module QueueLease: 1504
  |||line 97, col 33 to line 97, col 36 of module QueueLease: 111872
  line 99, col 22 to line 99, col 33 of module QueueLease: 804272
  |line 99, col 22 to line 99, col 22 of module QueueLease: 760912
  |line 99, col 28 to line 99, col 33 of module QueueLease: 760912
  line 87, col 20 to line 87, col 25 of module QueueLease: 136750
  line 87, col 30 to line 87, col 67 of module QueueLease: 415380
  |line 87, col 30 to line 87, col 50 of module QueueLease: 278630
  |line 87, col 59 to line 87, col 67 of module QueueLease: 278630
  line 90, col 19 to line 90, col 24 of module QueueLease: 132380
  line 90, col 29 to line 90, col 30 of module QueueLease: 335700
  |line 90, col 30 to line 90, col 30 of module QueueLease: 203320
  ||line 88, col 14 to line 88, col 31 of module QueueLease: 203320
  |||line 88, col 14 to line 88, col 19 of module QueueLease: 203320
  |||line 88, col 24 to line 88, col 31 of module QueueLease: 158776
  line 100, col 34 to line 100, col 47 of module QueueLease: 18666
  line 97, col 17 to line 97, col 22 of module QueueLease: 17617
  line 89, col 14 to line 89, col 20 of module QueueLease: 10314
  line 87, col 20 to line 87, col 25 of module QueueLease: 4996
  line 87, col 30 to line 87, col 67 of module QueueLease: 124850
  |line 87, col 30 to line 87, col 50 of module QueueLease: 119854
  |line 87, col 59 to line 87, col 67 of module QueueLease: 119854
  line 95, col 21 to line 95, col 25 of module QueueLease: 78250
  |line 95, col 22 to line 95, col 25 of module QueueLease: 62940
  ||line 94, col 17 to line 94, col 30 of module QueueLease: 62940
  |||line 94, col 17 to line 94, col 22 of module QueueLease: 62940
  ||||line 90, col 19 to line 90, col 30 of module QueueLease: 62940
  |||||line 90, col 19 to line 90, col 24 of module QueueLease: 62940
  |||||line 90, col 29 to line 90, col 30 of module QueueLease: 47630
  ||||||line 90, col 30 to line 90, col 30 of module QueueLease: 47630
  |||||||line 88, col 14 to line 88, col 31 of module QueueLease: 47630
  ||||||||line 88, col 14 to line 88, col 19 of module QueueLease: 47630
  ||||||||line 88, col 24 to line 88, col 31 of module QueueLease: 43918
  |||line 94, col 27 to line 94, col 30 of module QueueLease: 47630
  line 95, col 32 to line 95, col 45 of module QueueLease: 2307
  line 95, col 50 to line 95, col 54 of module QueueLease: 6470
  |line 95, col 51 to line 95, col 54 of module QueueLease: 4163
  ||line 94, col 17 to line 94, col 30 of module QueueLease: 4163
  |||line 94, col 17 to line 94, col 22 of module QueueLease: 4163
  ||||line 90, col 19 to line 90, col 30 of module QueueLease: 4163
  |||||line 90, col 19 to line 90, col 24 of module QueueLease: 4163
  |||||line 90, col 29 to line 90, col 30 of module QueueLease: 1856
  |||line 94, col 27 to line 94, col 30 of module QueueLease: 1856
  line 97, col 33 to line 97, col 36 of module QueueLease: 17617
  line 101, col 11 to line 101, col 34 of module QueueLease: 305413
  |line 101, col 23 to line 101, col 33 of module QueueLease: 305413
  ||line 101, col 23 to line 101, col 24 of module QueueLease: 305413
  |||line 95, col 15 to line 95, col 55 of module QueueLease: 305413
  ||||line 95, col 16 to line 95, col 25 of module QueueLease: 305413
  |||||line 95, col 16 to line 95, col 16 of module QueueLease: 305413
  ||||||line 89, col 14 to line 89, col 31 of module QueueLease: 305413
  |||||||line 89, col 14 to line 89, col 20 of module QueueLease: 305413
  |||||||line 89, col 25 to line 89, col 31 of module QueueLease: 287675
  ||||||||line 87, col 20 to line 87, col 67 of module QueueLease: 287675
  |||||||||line 87, col 20 to line 87, col 25 of module QueueLease: 287675
  |||||||||line 87, col 30 to line 87, col 67 of module QueueLease: 229582
  |||||line 95, col 21 to line 95, col 25 of module QueueLease: 247320
  ||||||line 95, col 22 to line 95, col 25 of module QueueLease: 247320
  |||||||line 94, col 17 to line 94, col 30 of module QueueLease: 247320
  ||||||||line 94, col 17 to line 94, col 22 of module QueueLease: 247320
  |||||||||line 90, col 19 to line 90, col 30 of module QueueLease: 247320
  ||||||||||line 90, col 19 to line 90, col 24 of module QueueLease: 247320
  ||||||||||line 90, col 29 to line 90, col 30 of module QueueLease: 183096
  |||||||||||line 90, col 30 to line 90, col 30 of module QueueLease: 183096
  ||||||||||||line 88, col 14 to line 88, col 31 of module QueueLease: 183096
  |||||||||||||line 88, col 14 to line 88, col 19 of module QueueLease: 183096
  |||||||||||||line 88, col 24 to line 88, col 31 of module QueueLease: 175672
  ||||||||line 94, col 27 to line 94, col 30 of module QueueLease: 183096
  ||||line 95, col 32 to line 95, col 54 of module QueueLease: 241189
  |||||line 95, col 32 to line 95, col 45 of module QueueLease: 241189
  ||||||line 95, col 32 to line 95, col 38 of module QueueLease: 241189
  ||||||line 95, col 43 to line 95, col 45 of module QueueLease: 28397
  |||||line 95, col 50 to line 95, col 54 of module QueueLease: 24685
  ||||||line 95, col 51 to line 95, col 54 of module QueueLease: 24685
  |||||||line 94, col 17 to line 94, col 30 of module QueueLease: 24685
  ||||||||line 94, col 17 to line 94, col 22 of module QueueLease: 24685
  |||||||||line 90, col 19 to line 90, col 30 of module QueueLease: 24685
  ||||||||||line 90, col 19 to line 90, col 24 of module QueueLease: 24685
  ||||||||||line 90, col 29 to line 90, col 30 of module QueueLease: 7424
  ||||||||line 94, col 27 to line 94, col 30 of module QueueLease: 7424
  ||line 101, col 29 to line 101, col 33 of module QueueLease: 81485
  |||line 101, col 30 to line 101, col 33 of module QueueLease: 81485
  ||||line 97, col 17 to line 97, col 36 of module QueueLease: 81485
  |||||line 97, col 17 to line 97, col 28 of module QueueLease: 81485
  ||||||line 97, col 17 to line 97, col 22 of module QueueLease: 81485
  ||||||line 97, col 27 to line 97, col 28 of module QueueLease: 24920
  |||||||line 95, col 15 to line 95, col 55 of module QueueLease: 24920
  ||||||||line 95, col 16 to line 95, col 25 of module QueueLease: 24920
  |||||||||line 95, col 16 to line 95, col 16 of module QueueLease: 24920
  ||||||||||line 89, col 14 to line 89, col 31 of module QueueLease: 24920
  |||||||||||line 89, col 14 to line 89, col 20 of module QueueLease: 24920
  |||||||||||line 89, col 25 to line 89, col 31 of module QueueLease: 14606
  ||||||||||||line 87, col 20 to line 87, col 67 of module QueueLease: 14606
  |||||||||||||line 87, col 20 to line 87, col 25 of module QueueLease: 14606
  |||||||||||||line 87, col 30 to line 87, col 67 of module QueueLease: 9992
  |||||||||line 95, col 21 to line 95, col 25 of module QueueLease: 20306
  ||||||||line 95, col 32 to line 95, col 54 of module QueueLease: 4614
  |||||line 97, col 33 to line 97, col 36 of module QueueLease: 24920
  line 102, col 11 to line 102, col 23 of module QueueLease: 305413
  |line 102, col 22 to line 102, col 23 of module QueueLease: 305413
  ||line 96, col 15 to line 96, col 38 of module QueueLease: 305413
  |||line 96, col 15 to line 96, col 29 of module QueueLease: 305413
  ||||line 96, col 15 to line 96, col 21 of module QueueLease: 305413
  ||||line 96, col 26 to line 96, col 29 of module QueueLease: 28397
  |||line 96, col 34 to line 96, col 38 of module QueueLease: 3712
  line 103, col 11 to line 103, col 31 of module QueueLease: 305413
  |line 103, col 22 to line 103, col 30 of module QueueLease: 305413
  ||line 103, col 22 to line 103, col 22 of module QueueLease: 305413
  |||line 88, col 14 to line 88, col 31 of module QueueLease: 305413
  ||||line 88, col 14 to line 88, col 19 of module QueueLease: 305413
  ||||line 88, col 24 to line 88, col 31 of module QueueLease: 229582
  ||line 103, col 27 to line 103, col 30 of module QueueLease: 305413
  |||line 97, col 17 to line 97, col 36 of module QueueLease: 305413
  ||||line 97, col 17 to line 97, col 28 of module QueueLease: 305413
  |||||line 97, col 17 to line 97, col 22 of module QueueLease: 305413
  |||||line 97, col 27 to line 97, col 28 of module QueueLease: 136884
  ||||||line 95, col 15 to line 95, col 55 of module QueueLease: 136884
  |||||||line 95, col 16 to line 95, col 25 of module QueueLease: 136884
  ||||||||line 95, col 16 to line 95, col 16 of module QueueLease: 136884
  |||||||||line 89, col 14 to line 89, col 31 of module QueueLease: 136884
  ||||||||||line 89, col 14 to line 89, col 20 of module QueueLease: 136884
  ||||||||||line 89, col 25 to line 89, col 31 of module QueueLease: 122858
  |||||||||||line 87, col 20 to line 87, col 67 of module QueueLease: 122858
  ||||||||||||line 87, col 20 to line 87, col 25 of module QueueLease: 122858
  ||||||||||||line 87, col 30 to line 87, col 67 of module QueueLease: 97828
  ||||||||line 95, col 21 to line 95, col 25 of module QueueLease: 111854
  |||||||||line 95, col 22 to line 95, col 25 of module QueueLease: 111854
  ||||||||||line 94, col 17 to line 94, col 30 of module QueueLease: 111854
  |||||||||||line 94, col 17 to line 94, col 22 of module QueueLease: 111854
  ||||||||||||line 90, col 19 to line 90, col 30 of module QueueLease: 111854
  |||||||||||||line 90, col 19 to line 90, col 24 of module QueueLease: 111854
  |||||||||||||line 90, col 29 to line 90, col 30 of module QueueLease: 91548
  ||||||||||||||line 90, col 30 to line 90, col 30 of module QueueLease: 91548
  |||||||||||||||line 88, col 14 to line 88, col 31 of module QueueLease: 91548
  ||||||||||||||||line 88, col 14 to line 88, col 19 of module QueueLease: 91548
  ||||||||||||||||line 88, col 24 to line 88, col 31 of module QueueLease: 87836
  |||||||||||line 94, col 27 to line 94, col 30 of module QueueLease: 91548
  |||||||line 95, col 32 to line 95, col 54 of module QueueLease: 116578
  ||||||||line 95, col 32 to line 95, col 45 of module QueueLease: 116578
  |||||||||line 95, col 32 to line 95, col 38 of module QueueLease: 116578
  |||||||||line 95, col 43 to line 95, col 45 of module QueueLease: 10182
  ||||||||line 95, col 50 to line 95, col 54 of module QueueLease: 8326
  |||||||||line 95, col 51 to line 95, col 54 of module QueueLease: 8326
  ||||||||||line 94, col 17 to line 94, col 30 of module QueueLease: 8326
  |||||||||||line 94, col 17 to line 94, col 22 of module QueueLease: 8326
  ||||||||||||line 90, col 19 to line 90, col 30 of module QueueLease: 8326
  |||||||||||||line 90, col 19 to line 90, col 24 of module QueueLease: 8326
  |||||||||||||line 90, col 29 to line 90, col 30 of module QueueLease: 3712
  |||||||||||line 94, col 27 to line 94, col 30 of module QueueLease: 3712
  ||||line 97, col 33 to line 97, col 36 of module QueueLease: 24920
  line 104, col 11 to line 104, col 79 of module QueueLease: 305413
  |line 104, col 26 to line 104, col 79 of module QueueLease: 305413
  ||line 104, col 29 to line 104, col 32 of module QueueLease: 305413
  |||line 97, col 17 to line 97, col 36 of module QueueLease: 305413
  ||||line 97, col 17 to line 97, col 28 of module QueueLease: 305413
  |||||line 97, col 17 to line 97, col 22 of module QueueLease: 305413
  |||||line 97, col 27 to line 97, col 28 of module QueueLease: 136884
  ||||||line 95, col 15 to line 95, col 55 of module QueueLease: 136884
  |||||||line 95, col 16 to line 95, col 25 of module QueueLease: 136884
  ||||||||line 95, col 16 to line 95, col 16 of module QueueLease: 136884
  |||||||||line 89, col 14 to line 89, col 31 of module QueueLease: 136884
  ||||||||||line 89, col 14 to line 89, col 20 of module QueueLease: 136884
  ||||||||||line 89, col 25 to line 89, col 31 of module QueueLease: 122858
  |||||||||||line 87, col 20 to line 87, col 67 of module QueueLease: 122858
  ||||||||||||line 87, col 20 to line 87, col 25 of module QueueLease: 122858
  ||||||||||||line 87, col 30 to line 87, col 67 of module QueueLease: 97828
  ||||||||line 95, col 21 to line 95, col 25 of module QueueLease: 111854
  |||||||||line 95, col 22 to line 95, col 25 of module QueueLease: 111854
  ||||||||||line 94, col 17 to line 94, col 30 of module QueueLease: 111854
  |||||||||||line 94, col 17 to line 94, col 22 of module QueueLease: 111854
  ||||||||||||line 90, col 19 to line 90, col 30 of module QueueLease: 111854
  |||||||||||||line 90, col 19 to line 90, col 24 of module QueueLease: 111854
  |||||||||||||line 90, col 29 to line 90, col 30 of module QueueLease: 91548
  ||||||||||||||line 90, col 30 to line 90, col 30 of module QueueLease: 91548
  |||||||||||||||line 88, col 14 to line 88, col 31 of module QueueLease: 91548
  ||||||||||||||||line 88, col 14 to line 88, col 19 of module QueueLease: 91548
  ||||||||||||||||line 88, col 24 to line 88, col 31 of module QueueLease: 87836
  |||||||||||line 94, col 27 to line 94, col 30 of module QueueLease: 91548
  |||||||line 95, col 32 to line 95, col 54 of module QueueLease: 116578
  ||||||||line 95, col 32 to line 95, col 45 of module QueueLease: 116578
  |||||||||line 95, col 32 to line 95, col 38 of module QueueLease: 116578
  |||||||||line 95, col 43 to line 95, col 45 of module QueueLease: 10182
  ||||||||line 95, col 50 to line 95, col 54 of module QueueLease: 8326
  |||||||||line 95, col 51 to line 95, col 54 of module QueueLease: 8326
  ||||||||||line 94, col 17 to line 94, col 30 of module QueueLease: 8326
  |||||||||||line 94, col 17 to line 94, col 22 of module QueueLease: 8326
  ||||||||||||line 90, col 19 to line 90, col 30 of module QueueLease: 8326
  |||||||||||||line 90, col 19 to line 90, col 24 of module QueueLease: 8326
  |||||||||||||line 90, col 29 to line 90, col 30 of module QueueLease: 3712
  |||||||||||line 94, col 27 to line 94, col 30 of module QueueLease: 3712
  ||||line 97, col 33 to line 97, col 36 of module QueueLease: 24920
  ||line 104, col 39 to line 104, col 39 of module QueueLease: 24920
  ||line 104, col 46 to line 104, col 79 of module QueueLease: 280493
  |||line 104, col 49 to line 104, col 55 of module QueueLease: 280493
  ||||line 87, col 20 to line 87, col 67 of module QueueLease: 280493
  |||||line 87, col 20 to line 87, col 25 of module QueueLease: 280493
  |||||line 87, col 30 to line 87, col 67 of module QueueLease: 219590
  |||line 104, col 69 to line 104, col 79 of module QueueLease: 60903
  line 105, col 11 to line 105, col 79 of module QueueLease: 305413
  |line 105, col 24 to line 105, col 79 of module QueueLease: 305413
  ||line 105, col 27 to line 105, col 30 of module QueueLease: 305413
  |||line 97, col 17 to line 97, col 36 of module QueueLease: 305413
  ||||line 97, col 17 to line 97, col 28 of module QueueLease: 305413
  |||||line 97, col 17 to line 97, col 22 of module QueueLease: 305413
  |||||line 97, col 27 to line 97, col 28 of module QueueLease: 136884
  ||||||line 95, col 15 to line 95, col 55 of module QueueLease: 136884
  |||||||line 95, col 16 to line 95, col 25 of module QueueLease: 136884
  ||||||||line 95, col 16 to line 95, col 16 of module QueueLease: 136884
  |||||||||line 89, col 14 to line 89, col 31 of module QueueLease: 136884
  ||||||||||line 89, col 14 to line 89, col 20 of module QueueLease: 136884
  ||||||||||line 89, col 25 to line 89, col 31 of module QueueLease: 122858
  |||||||||||line 87, col 20 to line 87, col 67 of module QueueLease: 122858
  ||||||||||||line 87, col 20 to line 87, col 25 of module QueueLease: 122858
  ||||||||||||line 87, col 30 to line 87, col 67 of module QueueLease: 97828
  ||||||||line 95, col 21 to line 95, col 25 of module QueueLease: 111854
  |||||||||line 95, col 22 to line 95, col 25 of module QueueLease: 111854
  ||||||||||line 94, col 17 to line 94, col 30 of module QueueLease: 111854
  |||||||||||line 94, col 17 to line 94, col 22 of module QueueLease: 111854
  ||||||||||||line 90, col 19 to line 90, col 30 of module QueueLease: 111854
  |||||||||||||line 90, col 19 to line 90, col 24 of module QueueLease: 111854
  |||||||||||||line 90, col 29 to line 90, col 30 of module QueueLease: 91548
  ||||||||||||||line 90, col 30 to line 90, col 30 of module QueueLease: 91548
  |||||||||||||||line 88, col 14 to line 88, col 31 of module QueueLease: 91548
  ||||||||||||||||line 88, col 14 to line 88, col 19 of module QueueLease: 91548
  ||||||||||||||||line 88, col 24 to line 88, col 31 of module QueueLease: 87836
  |||||||||||line 94, col 27 to line 94, col 30 of module QueueLease: 91548
  |||||||line 95, col 32 to line 95, col 54 of module QueueLease: 116578
  ||||||||line 95, col 32 to line 95, col 45 of module QueueLease: 116578
  |||||||||line 95, col 32 to line 95, col 38 of module QueueLease: 116578
  |||||||||line 95, col 43 to line 95, col 45 of module QueueLease: 10182
  ||||||||line 95, col 50 to line 95, col 54 of module QueueLease: 8326
  |||||||||line 95, col 51 to line 95, col 54 of module QueueLease: 8326
  ||||||||||line 94, col 17 to line 94, col 30 of module QueueLease: 8326
  |||||||||||line 94, col 17 to line 94, col 22 of module QueueLease: 8326
  ||||||||||||line 90, col 19 to line 90, col 30 of module QueueLease: 8326
  |||||||||||||line 90, col 19 to line 90, col 24 of module QueueLease: 8326
  |||||||||||||line 90, col 29 to line 90, col 30 of module QueueLease: 3712
  |||||||||||line 94, col 27 to line 94, col 30 of module QueueLease: 3712
  ||||line 97, col 33 to line 97, col 36 of module QueueLease: 24920
  ||line 105, col 37 to line 105, col 64 of module QueueLease: 24920
  ||line 105, col 71 to line 105, col 79 of module QueueLease: 280493
  line 106, col 11 to line 106, col 60 of module QueueLease: 305413
  |line 106, col 21 to line 106, col 60 of module QueueLease: 305413
  ||line 106, col 24 to line 106, col 27 of module QueueLease: 305413
  |||line 97, col 17 to line 97, col 36 of module QueueLease: 305413
  ||||line 97, col 17 to line 97, col 28 of module QueueLease: 305413
  |||||line 97, col 17 to line 97, col 22 of module QueueLease: 305413
  |||||line 97, col 27 to line 97, col 28 of module QueueLease: 136884
  ||||||line 95, col 15 to line 95, col 55 of module QueueLease: 136884
  |||||||line 95, col 16 to line 95, col 25 of module QueueLease: 136884
  ||||||||line 95, col 16 to line 95, col 16 of module QueueLease: 136884
  |||||||||line 89, col 14 to line 89, col 31 of module QueueLease: 136884
  ||||||||||line 89, col 14 to line 89, col 20 of module QueueLease: 136884
  ||||||||||line 89, col 25 to line 89, col 31 of module QueueLease: 122858
  |||||||||||line 87, col 20 to line 87, col 67 of module QueueLease: 122858
  ||||||||||||line 87, col 20 to line 87, col 25 of module QueueLease: 122858
  ||||||||||||line 87, col 30 to line 87, col 67 of module QueueLease: 97828
  ||||||||line 95, col 21 to line 95, col 25 of module QueueLease: 111854
  |||||||||line 95, col 22 to line 95, col 25 of module QueueLease: 111854
  ||||||||||line 94, col 17 to line 94, col 30 of module QueueLease: 111854
  |||||||||||line 94, col 17 to line 94, col 22 of module QueueLease: 111854
  ||||||||||||line 90, col 19 to line 90, col 30 of module QueueLease: 111854
  |||||||||||||line 90, col 19 to line 90, col 24 of module QueueLease: 111854
  |||||||||||||line 90, col 29 to line 90, col 30 of module QueueLease: 91548
  ||||||||||||||line 90, col 30 to line 90, col 30 of module QueueLease: 91548
  |||||||||||||||line 88, col 14 to line 88, col 31 of module QueueLease: 91548
  ||||||||||||||||line 88, col 14 to line 88, col 19 of module QueueLease: 91548
  ||||||||||||||||line 88, col 24 to line 88, col 31 of module QueueLease: 87836
  |||||||||||line 94, col 27 to line 94, col 30 of module QueueLease: 91548
  |||||||line 95, col 32 to line 95, col 54 of module QueueLease: 116578
  ||||||||line 95, col 32 to line 95, col 45 of module QueueLease: 116578
  |||||||||line 95, col 32 to line 95, col 38 of module QueueLease: 116578
  |||||||||line 95, col 43 to line 95, col 45 of module QueueLease: 10182
  ||||||||line 95, col 50 to line 95, col 54 of module QueueLease: 8326
  |||||||||line 95, col 51 to line 95, col 54 of module QueueLease: 8326
  ||||||||||line 94, col 17 to line 94, col 30 of module QueueLease: 8326
  |||||||||||line 94, col 17 to line 94, col 22 of module QueueLease: 8326
  ||||||||||||line 90, col 19 to line 90, col 30 of module QueueLease: 8326
  |||||||||||||line 90, col 19 to line 90, col 24 of module QueueLease: 8326
  |||||||||||||line 90, col 29 to line 90, col 30 of module QueueLease: 3712
  |||||||||||line 94, col 27 to line 94, col 30 of module QueueLease: 3712
  ||||line 97, col 33 to line 97, col 36 of module QueueLease: 24920
  ||line 106, col 34 to line 106, col 48 of module QueueLease: 24920
  ||line 106, col 55 to line 106, col 60 of module QueueLease: 280493
  line 107, col 11 to line 108, col 50 of module QueueLease: 305413
  |line 107, col 30 to line 108, col 50 of module QueueLease: 305413
  ||line 107, col 33 to line 107, col 36 of module QueueLease: 305413
  |||line 97, col 17 to line 97, col 36 of module QueueLease: 305413
  ||||line 97, col 17 to line 97, col 28 of module QueueLease: 305413
  |||||line 97, col 17 to line 97, col 22 of module QueueLease: 305413
  |||||line 97, col 27 to line 97, col 28 of module QueueLease: 136884
  ||||||line 95, col 15 to line 95, col 55 of module QueueLease: 136884
  |||||||line 95, col 16 to line 95, col 25 of module QueueLease: 136884
  ||||||||line 95, col 16 to line 95, col 16 of module QueueLease: 136884
  |||||||||line 89, col 14 to line 89, col 31 of module QueueLease: 136884
  ||||||||||line 89, col 14 to line 89, col 20 of module QueueLease: 136884
  ||||||||||line 89, col 25 to line 89, col 31 of module QueueLease: 122858
  |||||||||||line 87, col 20 to line 87, col 67 of module QueueLease: 122858
  ||||||||||||line 87, col 20 to line 87, col 25 of module QueueLease: 122858
  ||||||||||||line 87, col 30 to line 87, col 67 of module QueueLease: 97828
  ||||||||line 95, col 21 to line 95, col 25 of module QueueLease: 111854
  |||||||||line 95, col 22 to line 95, col 25 of module QueueLease: 111854
  ||||||||||line 94, col 17 to line 94, col 30 of module QueueLease: 111854
  |||||||||||line 94, col 17 to line 94, col 22 of module QueueLease: 111854
  ||||||||||||line 90, col 19 to line 90, col 30 of module QueueLease: 111854
  |||||||||||||line 90, col 19 to line 90, col 24 of module QueueLease: 111854
  |||||||||||||line 90, col 29 to line 90, col 30 of module QueueLease: 91548
  ||||||||||||||line 90, col 30 to line 90, col 30 of module QueueLease: 91548
  |||||||||||||||line 88, col 14 to line 88, col 31 of module QueueLease: 91548
  ||||||||||||||||line 88, col 14 to line 88, col 19 of module QueueLease: 91548
  ||||||||||||||||line 88, col 24 to line 88, col 31 of module QueueLease: 87836
  |||||||||||line 94, col 27 to line 94, col 30 of module QueueLease: 91548
  |||||||line 95, col 32 to line 95, col 54 of module QueueLease: 116578
  ||||||||line 95, col 32 to line 95, col 45 of module QueueLease: 116578
  |||||||||line 95, col 32 to line 95, col 38 of module QueueLease: 116578
  |||||||||line 95, col 43 to line 95, col 45 of module QueueLease: 10182
  ||||||||line 95, col 50 to line 95, col 54 of module QueueLease: 8326
  |||||||||line 95, col 51 to line 95, col 54 of module QueueLease: 8326
  ||||||||||line 94, col 17 to line 94, col 30 of module QueueLease: 8326
  |||||||||||line 94, col 17 to line 94, col 22 of module QueueLease: 8326
  ||||||||||||line 90, col 19 to line 90, col 30 of module QueueLease: 8326
  |||||||||||||line 90, col 19 to line 90, col 24 of module QueueLease: 8326
  |||||||||||||line 90, col 29 to line 90, col 30 of module QueueLease: 3712
  |||||||||||line 94, col 27 to line 94, col 30 of module QueueLease: 3712
  ||||line 97, col 33 to line 97, col 36 of module QueueLease: 24920
  ||line 107, col 43 to line 107, col 84 of module QueueLease: 24920
  ||line 108, col 36 to line 108, col 50 of module QueueLease: 280493
  line 109, col 11 to line 109, col 75 of module QueueLease: 305413
  |line 109, col 23 to line 109, col 75 of module QueueLease: 305413
  ||line 109, col 26 to line 109, col 29 of module QueueLease: 305413
  |||line 94, col 17 to line 94, col 30 of module QueueLease: 305413
  ||||line 94, col 17 to line 94, col 22 of module QueueLease: 305413
  |||||line 90, col 19 to line 90, col 30 of module QueueLease: 305413
  ||||||line 90, col 19 to line 90, col 24 of module QueueLease: 305413
  ||||||line 90, col 29 to line 90, col 30 of module QueueLease: 223928
  |||||||line 90, col 30 to line 90, col 30 of module QueueLease: 223928
  ||||||||line 88, col 14 to line 88, col 31 of module QueueLease: 223928
  |||||||||line 88, col 14 to line 88, col 19 of module QueueLease: 223928
  |||||||||line 88, col 24 to line 88, col 31 of module QueueLease: 175672
  ||||line 94, col 27 to line 94, col 30 of module QueueLease: 223928
  |||||line 94, col 28 to line 94, col 30 of module QueueLease: 223928
  ||||||line 91, col 16 to line 93, col 53 of module QueueLease: 223928
  |||||||line 91, col 19 to line 91, col 40 of module QueueLease: 223928
  |||||||line 93, col 21 to line 93, col 53 of module QueueLease: 223928
  ||||||||line 93, col 21 to line 93, col 34 of module QueueLease: 223928
  ||||||||line 93, col 39 to line 93, col 53 of module QueueLease: 7424
  ||line 109, col 36 to line 109, col 61 of module QueueLease: 216504
  ||line 109, col 68 to line 109, col 75 of module QueueLease: 88909
  line 110, col 11 to line 110, col 39 of module QueueLease: 305413
  |line 110, col 22 to line 110, col 38 of module QueueLease: 305413
  ||line 110, col 22 to line 110, col 27 of module QueueLease: 305413
  ||line 110, col 32 to line 110, col 38 of module QueueLease: 223928
  |||line 110, col 33 to line 110, col 38 of module QueueLease: 223928
  ||||line 90, col 19 to line 90, col 30 of module QueueLease: 223928
  |||||line 90, col 19 to line 90, col 24 of module QueueLease: 223928
  |||||line 90, col 29 to line 90, col 30 of module QueueLease: 223928
  ||||||line 90, col 30 to line 90, col 30 of module QueueLease: 223928
  |||||||line 88, col 14 to line 88, col 31 of module QueueLease: 223928
  ||||||||line 88, col 14 to line 88, col 19 of module QueueLease: 223928
  ||||||||line 88, col 24 to line 88, col 31 of module QueueLease: 175672
  line 111, col 11 to line 112, col 59 of module QueueLease: 305413
  |line 111, col 30 to line 112, col 58 of module QueueLease: 305413
  ||line 111, col 30 to line 111, col 43 of module QueueLease: 305413
  ||line 112, col 15 to line 112, col 57 of module QueueLease: 305413
  |||line 112, col 15 to line 112, col 26 of module QueueLease: 305413
  ||||line 112, col 15 to line 112, col 20 of module QueueLease: 305413
  |||||line 90, col 19 to line 90, col 30 of module QueueLease: 305413
  ||||||line 90, col 19 to line 90, col 24 of module QueueLease: 305413
  ||||||line 90, col 29 to line 90, col 30 of module QueueLease: 223928
  |||||||line 90, col 30 to line 90, col 30 of module QueueLease: 223928
  ||||||||line 88, col 14 to line 88, col 31 of module QueueLease: 223928
  |||||||||line 88, col 14 to line 88, col 19 of module QueueLease: 223928
  |||||||||line 88, col 24 to line 88, col 31 of module QueueLease: 175672
  ||||line 112, col 25 to line 112, col 26 of module QueueLease: 223928
  |||||line 95, col 15 to line 95, col 55 of module QueueLease: 223928
  ||||||line 95, col 16 to line 95, col 25 of module QueueLease: 223928
  |||||||line 95, col 16 to line 95, col 16 of module QueueLease: 223928
  ||||||||line 89, col 14 to line 89, col 31 of module QueueLease: 223928
  |||||||||line 89, col 14 to line 89, col 20 of module QueueLease: 223928
  |||||||||line 89, col 25 to line 89, col 31 of module QueueLease: 216504
  ||||||||||line 87, col 20 to line 87, col 67 of module QueueLease: 216504
  |||||||||||line 87, col 20 to line 87, col 25 of module QueueLease: 216504
  |||||||||||line 87, col 30 to line 87, col 67 of module QueueLease: 175672
  |||||||line 95, col 21 to line 95, col 25 of module QueueLease: 183096
  ||||||||line 95, col 22 to line 95, col 25 of module QueueLease: 183096
  |||||||||line 94, col 17 to line 94, col 30 of module QueueLease: 183096
  ||||||||||line 94, col 17 to line 94, col 22 of module QueueLease: 183096
  |||||||||||line 90, col 19 to line 90, col 30 of module QueueLease: 183096
  ||||||||||||line 90, col 19 to line 90, col 24 of module QueueLease: 183096
  ||||||||||||line 90, col 29 to line 90, col 30 of module QueueLease: 183096
  |||||||||||||line 90, col 30 to line 90, col 30 of module QueueLease: 183096
  ||||||||||||||line 88, col 14 to line 88, col 31 of module QueueLease: 183096
  |||||||||||||||line 88, col 14 to line 88, col 19 of module QueueLease: 183096
  |||||||||||||||line 88, col 24 to line 88, col 31 of module QueueLease: 175672
  ||||||||||line 94, col 27 to line 94, col 30 of module QueueLease: 183096
  ||||||line 95, col 32 to line 95, col 54 of module QueueLease: 223928
  |||||||line 95, col 32 to line 95, col 45 of module QueueLease: 223928
  ||||||||line 95, col 32 to line 95, col 38 of module QueueLease: 223928
  ||||||||line 95, col 43 to line 95, col 45 of module QueueLease: 11136
  |||||||line 95, col 50 to line 95, col 54 of module QueueLease: 7424
  line 113, col 11 to line 114, col 30 of module QueueLease: 305413
  |line 113, col 20 to line 114, col 30 of module QueueLease: 305413
  ||line 113, col 23 to line 113, col 26 of module QueueLease: 305413
  |||line 97, col 17 to line 97, col 36 of module QueueLease: 305413
  ||||line 97, col 17 to line 97, col 28 of module QueueLease: 305413
  |||||line 97, col 17 to line 97, col 22 of module QueueLease: 305413
  |||||line 97, col 27 to line 97, col 28 of module QueueLease: 136884
  ||||||line 95, col 15 to line 95, col 55 of module QueueLease: 136884
  |||||||line 95, col 16 to line 95, col 25 of module QueueLease: 136884
  ||||||||line 95, col 16 to line 95, col 16 of module QueueLease: 136884
  |||||||||line 89, col 14 to line 89, col 31 of module QueueLease: 136884
  ||||||||||line 89, col 14 to line 89, col 20 of module QueueLease: 136884
  ||||||||||line 89, col 25 to line 89, col 31 of module QueueLease: 122858
  |||||||||||line 87, col 20 to line 87, col 67 of module QueueLease: 122858
  ||||||||||||line 87, col 20 to line 87, col 25 of module QueueLease: 122858
  ||||||||||||line 87, col 30 to line 87, col 67 of module QueueLease: 97828
  ||||||||line 95, col 21 to line 95, col 25 of module QueueLease: 111854
  |||||||||line 95, col 22 to line 95, col 25 of module QueueLease: 111854
  ||||||||||line 94, col 17 to line 94, col 30 of module QueueLease: 111854
  |||||||||||line 94, col 17 to line 94, col 22 of module QueueLease: 111854
  ||||||||||||line 90, col 19 to line 90, col 30 of module QueueLease: 111854
  |||||||||||||line 90, col 19 to line 90, col 24 of module QueueLease: 111854
  |||||||||||||line 90, col 29 to line 90, col 30 of module QueueLease: 91548
  ||||||||||||||line 90, col 30 to line 90, col 30 of module QueueLease: 91548
  |||||||||||||||line 88, col 14 to line 88, col 31 of module QueueLease: 91548
  ||||||||||||||||line 88, col 14 to line 88, col 19 of module QueueLease: 91548
  ||||||||||||||||line 88, col 24 to line 88, col 31 of module QueueLease: 87836
  |||||||||||line 94, col 27 to line 94, col 30 of module QueueLease: 91548
  |||||||line 95, col 32 to line 95, col 54 of module QueueLease: 116578
  ||||||||line 95, col 32 to line 95, col 45 of module QueueLease: 116578
  |||||||||line 95, col 32 to line 95, col 38 of module QueueLease: 116578
  |||||||||line 95, col 43 to line 95, col 45 of module QueueLease: 10182
  ||||||||line 95, col 50 to line 95, col 54 of module QueueLease: 8326
  |||||||||line 95, col 51 to line 95, col 54 of module QueueLease: 8326
  ||||||||||line 94, col 17 to line 94, col 30 of module QueueLease: 8326
  |||||||||||line 94, col 17 to line 94, col 22 of module QueueLease: 8326
  ||||||||||||line 90, col 19 to line 90, col 30 of module QueueLease: 8326
  |||||||||||||line 90, col 19 to line 90, col 24 of module QueueLease: 8326
  |||||||||||||line 90, col 29 to line 90, col 30 of module QueueLease: 3712
  |||||||||||line 94, col 27 to line 94, col 30 of module QueueLease: 3712
  ||||line 97, col 33 to line 97, col 36 of module QueueLease: 24920
  ||line 113, col 33 to line 113, col 91 of module QueueLease: 24920:49840
  ||line 114, col 26 to line 114, col 30 of module QueueLease: 280493
  line 115, col 11 to line 117, col 44 of module QueueLease: 305413
<Cancel line 121, col 1 to line 121, col 6 of module QueueLease>: 21275:115585
  line 122, col 8 to line 122, col 19 of module QueueLease: 115585
  line 34, col 9 to line 34, col 15 of module QueueLease: 32809
  line 34, col 20 to line 34, col 26 of module QueueLease: 11844
  line 34, col 31 to line 34, col 36 of module QueueLease: 70932
  line 123, col 8 to line 123, col 43 of module QueueLease: 115585
  line 124, col 8 to line 124, col 86 of module QueueLease: 115585
  |line 124, col 20 to line 124, col 86 of module QueueLease: 115585
  ||line 124, col 23 to line 124, col 40 of module QueueLease: 115585
  |||line 124, col 23 to line 124, col 29 of module QueueLease: 115585
  |||line 124, col 34 to line 124, col 40 of module QueueLease: 82776
  ||line 124, col 47 to line 124, col 72 of module QueueLease: 44653
  ||line 124, col 79 to line 124, col 86 of module QueueLease: 70932
  line 125, col 8 to line 125, col 35 of module QueueLease: 115585
  |line 125, col 19 to line 125, col 34 of module QueueLease: 115585
  ||line 125, col 19 to line 125, col 24 of module QueueLease: 115585
  ||line 125, col 29 to line 125, col 34 of module QueueLease: 77111
  line 126, col 8 to line 129, col 48 of module QueueLease: 115585
<Begin line 134, col 1 to line 134, col 14 of module QueueLease>: 18304:80448
  line 135, col 8 to line 135, col 24 of module QueueLease: 80448
  |line 135, col 8 to line 135, col 13 of module QueueLease: 6087296
  |line 135, col 17 to line 135, col 24 of module QueueLease: 6087296
  line 135, col 29 to line 135, col 42 of module QueueLease: 274240
  |line 135, col 29 to line 135, col 33 of module QueueLease: 193792
  line 135, col 47 to line 135, col 58 of module QueueLease: 207168
  |line 135, col 47 to line 135, col 47 of module QueueLease: 126720
  |line 135, col 53 to line 135, col 58 of module QueueLease: 126720
  line 136, col 9 to line 136, col 22 of module QueueLease: 190080
  |line 136, col 9 to line 136, col 17 of module QueueLease: 109632
  |line 136, col 21 to line 136, col 22 of module QueueLease: 109632
  line 137, col 8 to line 137, col 27 of module QueueLease: 80448
  line 138, col 8 to line 138, col 39 of module QueueLease: 80448
  line 139, col 8 to line 139, col 47 of module QueueLease: 80448
  line 140, col 8 to line 140, col 45 of module QueueLease: 80448
  line 141, col 8 to line 141, col 49 of module QueueLease: 80448
  line 142, col 8 to line 142, col 50 of module QueueLease: 80448
  line 143, col 8 to line 146, col 48 of module QueueLease: 80448
<Watch line 148, col 1 to line 148, col 8 of module QueueLease (150 5 157 72)>: 31328:61440
  line 150, col 8 to line 150, col 22 of module QueueLease: 441896
  |line 150, col 8 to line 150, col 12 of module QueueLease: 380456
  line 151, col 8 to line 152, col 79 of module QueueLease: 61440
  line 153, col 8 to line 153, col 38 of module QueueLease: 61440
  line 154, col 8 to line 157, col 72 of module QueueLease: 61440
<Read line 159, col 1 to line 159, col 7 of module QueueLease (161 5 172 57)>: 5376:106752
  line 161, col 8 to line 161, col 21 of module QueueLease: 487208
  |line 161, col 8 to line 161, col 12 of module QueueLease: 380456
  line 162, col 11 to line 162, col 46 of module QueueLease: 106752
  line 163, col 16 to line 163, col 46 of module QueueLease: 6592
  line 164, col 16 to line 164, col 51 of module QueueLease: 6592
  line 165, col 13 to line 168, col 51 of module QueueLease: 100160
  line 169, col 8 to line 172, col 57 of module QueueLease: 106752
<ExecAbort line 176, col 1 to line 176, col 12 of module QueueLease (178 5 187 44)>: 0:45312
  line 178, col 8 to line 178, col 21 of module QueueLease: 425768
  |line 178, col 8 to line 178, col 12 of module QueueLease: 380456
  line 178, col 26 to line 178, col 33 of module QueueLease: 45312
  |line 178, col 26 to line 178, col 30 of module QueueLease: 51904
  |line 178, col 32 to line 178, col 32 of module QueueLease: 51904
  line 179, col 8 to line 179, col 77 of module QueueLease: 45312
  line 180, col 8 to line 180, col 31 of module QueueLease: 45312
  line 181, col 8 to line 181, col 43 of module QueueLease: 45312
  line 182, col 8 to line 182, col 69 of module QueueLease: 45312
  line 183, col 8 to line 183, col 56 of module QueueLease: 45312
  line 184, col 8 to line 187, col 44 of module QueueLease: 45312
<ExecCommit line 191, col 1 to line 191, col 13 of module QueueLease (196 8 211 38)>: 5424:6592
  line 196, col 11 to line 196, col 24 of module QueueLease: 387048
  |line 196, col 11 to line 196, col 15 of module QueueLease: 380456
  line 196, col 29 to line 196, col 37 of module QueueLease: 58496
  |line 196, col 30 to line 196, col 37 of module QueueLease: 51904
  line 197, col 11 to line 197, col 83 of module QueueLease: 6592
  line 198, col 11 to line 198, col 48 of module QueueLease: 6592
  line 199, col 11 to line 199, col 45 of module QueueLease: 6592
  line 200, col 11 to line 200, col 44 of module QueueLease: 6592
  line 201, col 11 to line 201, col 45 of module QueueLease: 6592
  line 202, col 11 to line 202, col 83 of module QueueLease: 6592
  |line 202, col 24 to line 202, col 83 of module QueueLease: 6592
  ||line 202, col 27 to line 202, col 35 of module QueueLease: 6592
  ||line 202, col 42 to line 202, col 68 of module QueueLease: 1648
  ||line 202, col 75 to line 202, col 83 of module QueueLease: 4944
  line 203, col 11 to line 203, col 81 of module QueueLease: 6592
  |line 203, col 23 to line 203, col 81 of module QueueLease: 6592
  ||line 203, col 26 to line 203, col 35 of module QueueLease: 6592
  ||line 203, col 42 to line 203, col 67 of module QueueLease: 1648
  ||line 203, col 74 to line 203, col 81 of module QueueLease: 4944
  line 204, col 11 to line 204, col 62 of module QueueLease: 6592
  |line 204, col 21 to line 204, col 61 of module QueueLease: 6592
  ||line 204, col 21 to line 204, col 25 of module QueueLease: 6592
  ||line 204, col 30 to line 204, col 61 of module QueueLease: 6592
  |||line 204, col 32 to line 204, col 60 of module QueueLease: 6592
  ||||line 204, col 32 to line 204, col 39 of module QueueLease: 6592
  ||||line 204, col 44 to line 204, col 60 of module QueueLease: 3296
  line 205, col 11 to line 205, col 41 of module QueueLease: 6592
  line 206, col 11 to line 206, col 34 of module QueueLease: 6592
  line 207, col 11 to line 207, col 34 of module QueueLease: 6592
  line 208, col 11 to line 208, col 44 of module QueueLease: 6592
  |line 208, col 20 to line 208, col 44 of module QueueLease: 6592
  ||line 40, col 5 to line 41, col 57 of module QueueLease: 6592:13184
  ||line 208, col 31 to line 208, col 41 of module QueueLease: 5824
  ||line 208, col 43 to line 208, col 43 of module QueueLease: 6592
  line 209, col 11 to line 211, col 38 of module QueueLease: 6592
<DropConnection line 215, col 1 to line 215, col 17 of module QueueLease (217 5 226 57)>: 24666:220096
  line 217, col 8 to line 217, col 21 of module QueueLease: 600552
  |line 217, col 8 to line 217, col 12 of module QueueLease: 380456
  |line 217, col 18 to line 217, col 21 of module QueueLease: 380456
  line 218, col 8 to line 218, col 38 of module QueueLease: 220096
  line 219, col 8 to line 219, col 31 of module QueueLease: 220096
  line 220, col 8 to line 220, col 73 of module QueueLease: 220096
  line 221, col 8 to line 222, col 59 of module QueueLease: 220096
  line 223, col 8 to line 226, col 57 of module QueueLease: 220096
<Prune line 232, col 1 to line 232, col 8 of module QueueLease (240 8 249 51)>: 34313:40329
  line 240, col 11 to line 240, col 21 of module QueueLease: 40329
  line 240, col 26 to line 240, col 54 of module QueueLease: 420785
  |line 240, col 26 to line 240, col 26 of module QueueLease: 380456
  |line 240, col 32 to line 240, col 54 of module QueueLease: 380456
  line 241, col 11 to line 241, col 71 of module QueueLease: 40329
  line 242, col 11 to line 242, col 37 of module QueueLease: 40329
  line 243, col 11 to line 243, col 37 of module QueueLease: 40329
  line 244, col 11 to line 244, col 39 of module QueueLease: 40329
  line 245, col 11 to line 245, col 68 of module QueueLease: 40329
  |line 245, col 22 to line 245, col 67 of module QueueLease: 40329
  ||line 245, col 22 to line 245, col 27 of module QueueLease: 40329
  ||line 245, col 33 to line 245, col 66 of module QueueLease: 6016
  line 246, col 11 to line 249, col 51 of module QueueLease: 40329
<TypeOK line 260, col 1 to line 260, col 6 of module QueueLease>
  line 260, col 11 to line 273, col 37 of module QueueLease: 190228
<FencedEffects line 274, col 1 to line 274, col 13 of module QueueLease>
  line 274, col 18 to line 274, col 60 of module QueueLease: 190228
  |line 274, col 45 to line 274, col 60 of module QueueLease: 62272
  |line 274, col 27 to line 274, col 41 of module QueueLease: 190228
<AtMostOncePerLease line 275, col 1 to line 275, col 18 of module QueueLease>
  line 275, col 23 to line 275, col 104 of module QueueLease: 190228
  |line 275, col 41 to line 275, col 104 of module QueueLease: 380456
  ||line 275, col 41 to line 275, col 99 of module QueueLease: 380456
  |||line 275, col 53 to line 275, col 98 of module QueueLease: 380456
  ||||line 275, col 78 to line 275, col 97 of module QueueLease: 124544
  ||||line 275, col 60 to line 275, col 74 of module QueueLease: 380456
  |line 275, col 32 to line 275, col 37 of module QueueLease: 190228
<NoFalseCommit line 276, col 1 to line 276, col 13 of module QueueLease>
  line 276, col 18 to line 276, col 29 of module QueueLease: 190228
<SessionIsolation line 277, col 1 to line 277, col 16 of module QueueLease>
  line 277, col 21 to line 277, col 67 of module QueueLease: 190228
  |line 277, col 41 to line 277, col 67 of module QueueLease: 380456
  |line 277, col 30 to line 277, col 37 of module QueueLease: 190228
<SessionCleanOnReturn line 278, col 1 to line 278, col 20 of module QueueLease>
  line 278, col 25 to line 278, col 90 of module QueueLease: 190228
  |line 278, col 45 to line 278, col 90 of module QueueLease: 380456
  ||line 278, col 45 to line 278, col 58 of module QueueLease: 380456
  ||line 278, col 63 to line 278, col 90 of module QueueLease: 160360
  |line 278, col 34 to line 278, col 41 of module QueueLease: 190228
<LiveRecordIntegrity line 279, col 1 to line 279, col 19 of module QueueLease>
  line 279, col 24 to line 279, col 52 of module QueueLease: 190228
  |line 279, col 24 to line 279, col 27 of module QueueLease: 190228
  ||line 34, col 9 to line 34, col 36 of module QueueLease: 190228
  |||line 34, col 9 to line 34, col 26 of module QueueLease: 190228
  ||||line 34, col 9 to line 34, col 15 of module QueueLease: 190228
  ||||line 34, col 20 to line 34, col 26 of module QueueLease: 157419
  |||line 34, col 31 to line 34, col 36 of module QueueLease: 145575
  |line 279, col 32 to line 279, col 52 of module QueueLease: 115585
<RetainedHistoryIntegrity line 280, col 1 to line 280, col 24 of module QueueLease>
  line 280, col 29 to line 280, col 72 of module QueueLease: 190228
  |line 280, col 29 to line 280, col 56 of module QueueLease: 190228
  |line 280, col 61 to line 280, col 72 of module QueueLease: 40329
<ExclusiveLiveIndex line 281, col 1 to line 281, col 18 of module QueueLease>
  line 281, col 23 to line 282, col 94 of module QueueLease: 190228
  |line 281, col 23 to line 282, col 89 of module QueueLease: 190228
  ||line 281, col 35 to line 282, col 88 of module QueueLease: 190228
  |||line 282, col 27 to line 282, col 87 of module QueueLease: 570684
  ||||line 282, col 27 to line 282, col 66 of module QueueLease: 570684
  |||||line 282, col 28 to line 282, col 43 of module QueueLease: 570684
  ||||||line 282, col 28 to line 282, col 32 of module QueueLease: 570684
  ||||||line 282, col 37 to line 282, col 43 of module QueueLease: 190228
  |||||line 282, col 50 to line 282, col 65 of module QueueLease: 537875
  ||||||line 282, col 50 to line 282, col 54 of module QueueLease: 537875
  ||||||line 282, col 59 to line 282, col 65 of module QueueLease: 190228
  ||||line 282, col 72 to line 282, col 86 of module QueueLease: 526031
  |||||line 282, col 72 to line 282, col 76 of module QueueLease: 526031
  |||||line 282, col 81 to line 282, col 86 of module QueueLease: 190228
  |||line 281, col 42 to line 281, col 54 of module QueueLease: 190228:760912
<CancellationNoReborrow line 283, col 1 to line 283, col 22 of module QueueLease>
  line 283, col 27 to line 283, col 41 of module QueueLease: 190228
End of statistics.
1031650 states generated, 190228 distinct states found, 0 states left on queue.
The depth of the complete state graph search is 19.
The average outdegree of the complete state graph is 1 (minimum is 0, the maximum 31 and the 95th percentile is 3).
Finished in 06s at (2026-09-26 20:47:57)
