TLC2 Version 2.19 of 08 August 2024 (rev: 5a47802)
Running breadth-first search Model-Checking with fp 0 and seed 1 with 1 worker on 10 cores with 1820MB heap and 64MB offheap memory [pid: 45836] (Mac OS X 26.6.2 aarch64, Eclipse Adoptium 21.0.12.1 x86_64, MSBDiskFPSet, DiskStateQueue).
Parsing file /Users/alfongj/Code/engine-core/formal/tla/SolanaRecovery.tla
Parsing file /private/var/folders/ky/s5xblf5j3515d6h6ss25z3w80000gn/T/Naturals.tla
Parsing file /private/var/folders/ky/s5xblf5j3515d6h6ss25z3w80000gn/T/FiniteSets.tla
Parsing file /private/var/folders/ky/s5xblf5j3515d6h6ss25z3w80000gn/T/Sequences.tla
Parsing file /private/var/folders/ky/s5xblf5j3515d6h6ss25z3w80000gn/T/TLC.tla
Semantic processing of module Naturals
Semantic processing of module Sequences
Semantic processing of module FiniteSets
Semantic processing of module TLC
Semantic processing of module SolanaRecovery
Starting... (2026-09-26 20:46:32)
Computing initial states...
Finished computing initial states: 1 distinct state generated at 2026-09-26 20:46:32.
Progress(21) at 2026-09-26 20:46:35: 652,485 states generated (652,485 s/min), 130,900 distinct states found (130,900 ds/min), 33,030 states left on queue.
Model checking completed. No error has been found.
  Estimates of the probability that TLC did not check all reachable states
  because two distinct states had the same fingerprint:
  calculated (optimistic):  val = 1.5E-7
  based on the actual fingerprints:  val = 2.3E-7
The coverage statistics at 2026-09-26 20:46:52
<Init line 23, col 1 to line 23, col 4 of module SolanaRecovery>: 1:1
  line 23, col 9 to line 31, col 75 of module SolanaRecovery: 1
<Claim line 33, col 1 to line 33, col 8 of module SolanaRecovery>: 7202:10040
  line 34, col 6 to line 34, col 24 of module SolanaRecovery: 1383488
  |line 34, col 6 to line 34, col 15 of module SolanaRecovery: 1373448
  line 34, col 29 to line 34, col 47 of module SolanaRecovery: 200816
  |line 34, col 29 to line 34, col 35 of module SolanaRecovery: 190776
  line 34, col 52 to line 34, col 67 of module SolanaRecovery: 75488
  |line 34, col 52 to line 34, col 63 of module SolanaRecovery: 65448
  line 35, col 6 to line 35, col 24 of module SolanaRecovery: 10040
  |line 35, col 6 to line 35, col 12 of module SolanaRecovery: 65448
  |line 35, col 16 to line 35, col 24 of module SolanaRecovery: 65448
  line 36, col 6 to line 37, col 86 of module SolanaRecovery: 10040
<Lock line 39, col 1 to line 39, col 7 of module SolanaRecovery>: 5146:5848
  line 40, col 6 to line 40, col 24 of module SolanaRecovery: 1379296
  |line 40, col 6 to line 40, col 15 of module SolanaRecovery: 1373448
  line 19, col 16 to line 19, col 29 of module SolanaRecovery: 73960
  |line 19, col 16 to line 19, col 25 of module SolanaRecovery: 68112
  line 19, col 34 to line 19, col 58 of module SolanaRecovery: 73960
  |line 19, col 34 to line 19, col 43 of module SolanaRecovery: 68112
  |line 19, col 47 to line 19, col 58 of module SolanaRecovery: 68112
  line 40, col 38 to line 40, col 38 of module SolanaRecovery: 68112
  line 40, col 44 to line 40, col 61 of module SolanaRecovery: 15888
  |line 40, col 44 to line 40, col 57 of module SolanaRecovery: 10040
  line 41, col 6 to line 41, col 72 of module SolanaRecovery: 5848
<LoadAttempt line 43, col 1 to line 43, col 14 of module SolanaRecovery>: 5146:18360
  line 44, col 6 to line 44, col 27 of module SolanaRecovery: 1391808
  |line 44, col 6 to line 44, col 15 of module SolanaRecovery: 1373448
  line 20, col 18 to line 20, col 31 of module SolanaRecovery: 91536
  |line 20, col 18 to line 20, col 27 of module SolanaRecovery: 73176
  line 20, col 36 to line 20, col 62 of module SolanaRecovery: 91536
  |line 20, col 36 to line 20, col 45 of module SolanaRecovery: 73176
  |line 20, col 49 to line 20, col 62 of module SolanaRecovery: 73176
  line 44, col 43 to line 44, col 43 of module SolanaRecovery: 73176
  line 45, col 6 to line 46, col 76 of module SolanaRecovery: 18360
<Build line 48, col 1 to line 48, col 11 of module SolanaRecovery>: 140:576
  line 49, col 6 to line 49, col 25 of module SolanaRecovery: 2747472
  |line 49, col 6 to line 49, col 15 of module SolanaRecovery: 2746896
  line 20, col 18 to line 20, col 31 of module SolanaRecovery: 45408
  |line 20, col 18 to line 20, col 27 of module SolanaRecovery: 44832
  line 20, col 36 to line 20, col 62 of module SolanaRecovery: 45408
  |line 20, col 36 to line 20, col 45 of module SolanaRecovery: 44832
  |line 20, col 49 to line 20, col 62 of module SolanaRecovery: 44832
  line 49, col 41 to line 49, col 41 of module SolanaRecovery: 44832
  line 49, col 47 to line 49, col 59 of module SolanaRecovery: 1728
  |line 49, col 47 to line 49, col 55 of module SolanaRecovery: 1152
  line 50, col 6 to line 50, col 23 of module SolanaRecovery: 1728
  |line 50, col 6 to line 50, col 6 of module SolanaRecovery: 1152
  |line 50, col 15 to line 50, col 23 of module SolanaRecovery: 1152
  line 51, col 6 to line 51, col 57 of module SolanaRecovery: 576
<Persist line 53, col 1 to line 53, col 10 of module SolanaRecovery>: 140:1152
  line 54, col 6 to line 54, col 25 of module SolanaRecovery: 1374600
  |line 54, col 6 to line 54, col 15 of module SolanaRecovery: 1373448
  line 20, col 18 to line 20, col 31 of module SolanaRecovery: 45984
  |line 20, col 18 to line 20, col 27 of module SolanaRecovery: 44832
  line 20, col 36 to line 20, col 62 of module SolanaRecovery: 45984
  |line 20, col 36 to line 20, col 45 of module SolanaRecovery: 44832
  |line 20, col 49 to line 20, col 62 of module SolanaRecovery: 44832
  line 54, col 41 to line 54, col 41 of module SolanaRecovery: 44832
  line 54, col 47 to line 54, col 59 of module SolanaRecovery: 2304
  |line 54, col 47 to line 54, col 55 of module SolanaRecovery: 1152
  line 55, col 6 to line 56, col 86 of module SolanaRecovery: 1152
<PrepareSend line 58, col 1 to line 58, col 14 of module SolanaRecovery>: 1688:12480
  line 59, col 6 to line 59, col 31 of module SolanaRecovery: 1385928
  |line 59, col 6 to line 59, col 15 of module SolanaRecovery: 1373448
  line 20, col 18 to line 20, col 31 of module SolanaRecovery: 110056
  |line 20, col 18 to line 20, col 27 of module SolanaRecovery: 97576
  line 20, col 36 to line 20, col 62 of module SolanaRecovery: 110056
  |line 20, col 36 to line 20, col 45 of module SolanaRecovery: 97576
  |line 20, col 49 to line 20, col 62 of module SolanaRecovery: 97576
  line 59, col 47 to line 59, col 47 of module SolanaRecovery: 97576
  line 59, col 53 to line 59, col 74 of module SolanaRecovery: 29088
  |line 59, col 53 to line 59, col 61 of module SolanaRecovery: 16608
  |line 59, col 65 to line 59, col 74 of module SolanaRecovery: 16608
  line 60, col 6 to line 60, col 33 of module SolanaRecovery: 12480
  |line 60, col 6 to line 60, col 17 of module SolanaRecovery: 16608
  |line 60, col 21 to line 60, col 33 of module SolanaRecovery: 16608
  line 60, col 38 to line 60, col 65 of module SolanaRecovery: 12480
  line 61, col 6 to line 61, col 86 of module SolanaRecovery: 12480
<NoSendAllowance line 63, col 1 to line 63, col 18 of module SolanaRecovery>: 924:21728
  line 64, col 6 to line 64, col 31 of module SolanaRecovery: 1395176
  |line 64, col 6 to line 64, col 15 of module SolanaRecovery: 1373448
  line 64, col 36 to line 64, col 63 of module SolanaRecovery: 119304
  |line 64, col 36 to line 64, col 47 of module SolanaRecovery: 97576
  |line 64, col 51 to line 64, col 63 of module SolanaRecovery: 97576
  line 65, col 6 to line 65, col 41 of module SolanaRecovery: 21728
<BypassPersistence line 67, col 1 to line 67, col 20 of module SolanaRecovery>: 0:0
  line 69, col 6 to line 69, col 40 of module SolanaRecovery: 0
<Send line 74, col 1 to line 74, col 7 of module SolanaRecovery>: 1744:80104
  line 75, col 6 to line 75, col 24 of module SolanaRecovery: 1453552
  |line 75, col 6 to line 75, col 15 of module SolanaRecovery: 1373448
  line 75, col 29 to line 75, col 57 of module SolanaRecovery: 80104
  line 76, col 6 to line 78, col 68 of module SolanaRecovery: 80104
<Execute line 82, col 1 to line 82, col 18 of module SolanaRecovery>: 3714:69232
  line 83, col 6 to line 83, col 21 of module SolanaRecovery: 2816128
  |line 83, col 6 to line 83, col 6 of module SolanaRecovery: 2746896
  |line 83, col 12 to line 83, col 21 of module SolanaRecovery: 2746896
  ||line 21, col 15 to line 21, col 65 of module SolanaRecovery: 2746896
  |||line 21, col 16 to line 21, col 37 of module SolanaRecovery: 2646336
  |||line 21, col 47 to line 21, col 64 of module SolanaRecovery: 2746896
  line 83, col 26 to line 83, col 43 of module SolanaRecovery: 1222808
  |line 83, col 26 to line 83, col 26 of module SolanaRecovery: 1153576
  |line 83, col 35 to line 83, col 43 of module SolanaRecovery: 1153576
  line 83, col 48 to line 83, col 68 of module SolanaRecovery: 535520
  |line 83, col 48 to line 83, col 57 of module SolanaRecovery: 466288
  line 84, col 6 to line 85, col 81 of module SolanaRecovery: 69232
  |line 84, col 11 to line 85, col 81 of module SolanaRecovery: 69232
  ||line 84, col 12 to line 84, col 12 of module SolanaRecovery: 69232
  ||line 84, col 21 to line 84, col 39 of module SolanaRecovery: 69232
  ||line 85, col 33 to line 85, col 80 of module SolanaRecovery: 69232
  |||line 85, col 36 to line 85, col 57 of module SolanaRecovery: 69232
  |||line 85, col 64 to line 85, col 73 of module SolanaRecovery: 34616
<Finalize line 87, col 1 to line 87, col 11 of module SolanaRecovery>: 3986:212392
  line 88, col 6 to line 88, col 51 of module SolanaRecovery: 1585840
  |line 88, col 6 to line 88, col 15 of module SolanaRecovery: 1373448
  |line 88, col 21 to line 88, col 51 of module SolanaRecovery: 1373448
  line 89, col 6 to line 89, col 85 of module SolanaRecovery: 212392
<ExpireHash line 91, col 1 to line 91, col 13 of module SolanaRecovery>: 20986:618996
  line 92, col 6 to line 92, col 23 of module SolanaRecovery: 1992444
  |line 92, col 6 to line 92, col 6 of module SolanaRecovery: 1373448
  |line 92, col 15 to line 92, col 23 of module SolanaRecovery: 1373448
  line 93, col 6 to line 93, col 43 of module SolanaRecovery: 618996
<Observe line 101, col 1 to line 101, col 18 of module SolanaRecovery>: 18944:66384
  line 102, col 6 to line 102, col 43 of module SolanaRecovery: 8307072
  |line 102, col 6 to line 102, col 15 of module SolanaRecovery: 8240688
  |line 102, col 21 to line 102, col 43 of module SolanaRecovery: 8240688
  line 20, col 18 to line 20, col 31 of module SolanaRecovery: 561264
  |line 20, col 18 to line 20, col 27 of module SolanaRecovery: 494880
  line 20, col 36 to line 20, col 62 of module SolanaRecovery: 561264
  |line 20, col 36 to line 20, col 45 of module SolanaRecovery: 494880
  |line 20, col 49 to line 20, col 62 of module SolanaRecovery: 494880
  line 102, col 59 to line 102, col 59 of module SolanaRecovery: 494880
  line 103, col 6 to line 103, col 27 of module SolanaRecovery: 226368
  |line 103, col 6 to line 103, col 14 of module SolanaRecovery: 159984
  |line 103, col 18 to line 103, col 27 of module SolanaRecovery: 159984
  line 103, col 32 to line 103, col 51 of module SolanaRecovery: 66384
  |line 103, col 32 to line 103, col 39 of module SolanaRecovery: 159984
  |line 103, col 43 to line 103, col 51 of module SolanaRecovery: 159984
  line 104, col 6 to line 104, col 47 of module SolanaRecovery: 199296
  |line 104, col 6 to line 104, col 11 of module SolanaRecovery: 132912
  |line 104, col 17 to line 104, col 47 of module SolanaRecovery: 132912
  ||line 96, col 3 to line 99, col 81 of module SolanaRecovery: 132912
  |||line 96, col 3 to line 98, col 80 of module SolanaRecovery: 132912
  ||||line 96, col 3 to line 97, col 58 of module SolanaRecovery: 132912
  |||||line 96, col 3 to line 96, col 21 of module SolanaRecovery: 132912
  |||||line 97, col 9 to line 97, col 57 of module SolanaRecovery: 132912
  ||||||line 97, col 12 to line 97, col 32 of module SolanaRecovery: 132912
  ||||||line 97, col 39 to line 97, col 49 of module SolanaRecovery: 86688:173376
  ||||||line 97, col 56 to line 97, col 57 of module SolanaRecovery: 46224:46224
  ||||line 98, col 9 to line 98, col 79 of module SolanaRecovery: 132912
  |||||line 98, col 12 to line 98, col 54 of module SolanaRecovery: 132912
  ||||||line 98, col 12 to line 98, col 33 of module SolanaRecovery: 132912
  ||||||line 98, col 38 to line 98, col 54 of module SolanaRecovery: 110016
  |||||line 98, col 61 to line 98, col 71 of module SolanaRecovery: 22896:45792
  |||||line 98, col 78 to line 98, col 79 of module SolanaRecovery: 110016:110016
  |||line 99, col 9 to line 99, col 80 of module SolanaRecovery: 132912
  ||||line 99, col 12 to line 99, col 55 of module SolanaRecovery: 132912
  |||||line 99, col 12 to line 99, col 34 of module SolanaRecovery: 132912
  |||||line 99, col 39 to line 99, col 55 of module SolanaRecovery: 110016
  ||||line 99, col 62 to line 99, col 72 of module SolanaRecovery: 22896:45792
  ||||line 99, col 79 to line 99, col 80 of module SolanaRecovery: 110016:110016
  ||line 104, col 37 to line 104, col 46 of module SolanaRecovery: 132912
  line 105, col 6 to line 106, col 85 of module SolanaRecovery: 66384
<CheckBudget line 108, col 1 to line 108, col 14 of module SolanaRecovery>: 2082:15376
  line 109, col 6 to line 109, col 43 of module SolanaRecovery: 1388824
  |line 109, col 6 to line 109, col 15 of module SolanaRecovery: 1373448
  |line 109, col 21 to line 109, col 43 of module SolanaRecovery: 1373448
  line 109, col 48 to line 109, col 67 of module SolanaRecovery: 97856
  |line 109, col 48 to line 109, col 55 of module SolanaRecovery: 82480
  |line 109, col 59 to line 109, col 67 of module SolanaRecovery: 82480
  line 110, col 6 to line 110, col 40 of module SolanaRecovery: 15376
<Decide line 112, col 1 to line 112, col 9 of module SolanaRecovery>: 16200:265312
  line 113, col 6 to line 113, col 49 of module SolanaRecovery: 1638760
  |line 113, col 6 to line 113, col 15 of module SolanaRecovery: 1373448
  |line 113, col 21 to line 113, col 49 of module SolanaRecovery: 1373448
  line 114, col 6 to line 117, col 67 of module SolanaRecovery: 265312
  |line 114, col 11 to line 117, col 67 of module SolanaRecovery: 265312
  ||line 114, col 12 to line 114, col 12 of module SolanaRecovery: 265312
  ||line 114, col 21 to line 117, col 66 of module SolanaRecovery: 265312
  ||line 115, col 8 to line 117, col 66 of module SolanaRecovery: 265312
  |||line 115, col 11 to line 115, col 50 of module SolanaRecovery: 265312
  |||line 116, col 13 to line 117, col 66 of module SolanaRecovery: 234992
  ||||line 116, col 16 to line 116, col 53 of module SolanaRecovery: 234992
  ||||line 117, col 13 to line 117, col 66 of module SolanaRecovery: 89136
<Validity line 119, col 1 to line 119, col 11 of module SolanaRecovery>: 4968:16608
  line 120, col 6 to line 120, col 28 of module SolanaRecovery: 1390056
  |line 120, col 6 to line 120, col 15 of module SolanaRecovery: 1373448
  line 20, col 18 to line 20, col 31 of module SolanaRecovery: 81928
  |line 20, col 18 to line 20, col 27 of module SolanaRecovery: 65320
  line 20, col 36 to line 20, col 62 of module SolanaRecovery: 81928
  |line 20, col 36 to line 20, col 45 of module SolanaRecovery: 65320
  |line 20, col 49 to line 20, col 62 of module SolanaRecovery: 65320
  line 120, col 44 to line 120, col 44 of module SolanaRecovery: 65320
  line 121, col 6 to line 122, col 77 of module SolanaRecovery: 16608
<RefreshOnAbsence line 126, col 1 to line 126, col 22 of module SolanaRecovery>: 0:0
  line 130, col 6 to line 130, col 72 of module SolanaRecovery: 0
<ReleaseForCommit line 132, col 1 to line 132, col 19 of module SolanaRecovery>: 1908:24032
  line 133, col 6 to line 133, col 25 of module SolanaRecovery: 1397480
  |line 133, col 6 to line 133, col 15 of module SolanaRecovery: 1373448
  line 134, col 6 to line 135, col 44 of module SolanaRecovery: 24032
<CommitTerminal line 137, col 1 to line 137, col 17 of module SolanaRecovery>: 924:2096
  line 138, col 6 to line 138, col 28 of module SolanaRecovery: 1375544
  |line 138, col 6 to line 138, col 15 of module SolanaRecovery: 1373448
  line 19, col 16 to line 19, col 29 of module SolanaRecovery: 19552
  |line 19, col 16 to line 19, col 25 of module SolanaRecovery: 17456
  line 19, col 34 to line 19, col 58 of module SolanaRecovery: 19552
  |line 19, col 34 to line 19, col 43 of module SolanaRecovery: 17456
  |line 19, col 47 to line 19, col 58 of module SolanaRecovery: 17456
  line 138, col 43 to line 138, col 43 of module SolanaRecovery: 17456
  line 139, col 6 to line 144, col 78 of module SolanaRecovery: 2096
<Retry line 146, col 1 to line 146, col 8 of module SolanaRecovery>: 1100:309664
  line 147, col 6 to line 147, col 25 of module SolanaRecovery: 1683112
  |line 147, col 6 to line 147, col 15 of module SolanaRecovery: 1373448
  line 148, col 6 to line 152, col 62 of module SolanaRecovery: 309664
<Park line 154, col 1 to line 154, col 7 of module SolanaRecovery>: 1710:4592
  line 155, col 6 to line 155, col 24 of module SolanaRecovery: 1378040
  |line 155, col 6 to line 155, col 15 of module SolanaRecovery: 1373448
  line 19, col 16 to line 19, col 29 of module SolanaRecovery: 36784
  |line 19, col 16 to line 19, col 25 of module SolanaRecovery: 32192
  line 19, col 34 to line 19, col 58 of module SolanaRecovery: 36784
  |line 19, col 34 to line 19, col 43 of module SolanaRecovery: 32192
  |line 19, col 47 to line 19, col 58 of module SolanaRecovery: 32192
  line 155, col 38 to line 155, col 38 of module SolanaRecovery: 32192
  line 156, col 6 to line 158, col 78 of module SolanaRecovery: 4592
<DiscardStale line 160, col 1 to line 160, col 15 of module SolanaRecovery>: 7056:1019176
  line 161, col 6 to line 161, col 24 of module SolanaRecovery: 2392624
  |line 161, col 6 to line 161, col 15 of module SolanaRecovery: 1373448
  line 161, col 29 to line 161, col 40 of module SolanaRecovery: 2201848
  |line 161, col 30 to line 161, col 40 of module SolanaRecovery: 1182672
  line 162, col 6 to line 164, col 62 of module SolanaRecovery: 1019176
<LoseRedisAttempt line 187, col 1 to line 187, col 16 of module SolanaRecovery>: 0:0
  line 189, col 6 to line 189, col 66 of module SolanaRecovery: 0
<Reorg line 191, col 1 to line 191, col 8 of module SolanaRecovery>: 0:0
  line 193, col 6 to line 193, col 42 of module SolanaRecovery: 0
<WorkerStep line 195, col 1 to line 195, col 13 of module SolanaRecovery (199 12 199 43)>: 16267:1182672
  line 199, col 12 to line 199, col 31 of module SolanaRecovery: 1182672
  line 167, col 6 to line 167, col 24 of module SolanaRecovery: 2556120
  |line 167, col 6 to line 167, col 15 of module SolanaRecovery: 1373448
  line 168, col 6 to line 169, col 62 of module SolanaRecovery: 1182672
  line 199, col 42 to line 199, col 42 of module SolanaRecovery: 1373448
<Next line 204, col 1 to line 204, col 4 of module SolanaRecovery (207 7 207 90)>: 564748:882940
  line 207, col 7 to line 207, col 26 of module SolanaRecovery: 684796
  line 172, col 6 to line 172, col 21 of module SolanaRecovery: 884780
  |line 172, col 6 to line 172, col 17 of module SolanaRecovery: 686724
  line 173, col 6 to line 173, col 58 of module SolanaRecovery: 198056
  line 176, col 6 to line 176, col 23 of module SolanaRecovery: 983940
  |line 176, col 6 to line 176, col 19 of module SolanaRecovery: 686724
  line 177, col 6 to line 177, col 39 of module SolanaRecovery: 297216
  line 180, col 6 to line 180, col 24 of module SolanaRecovery: 929648
  |line 180, col 6 to line 180, col 12 of module SolanaRecovery: 686724
  line 180, col 29 to line 180, col 44 of module SolanaRecovery: 485848
  |line 180, col 29 to line 180, col 40 of module SolanaRecovery: 242924
  line 181, col 6 to line 181, col 42 of module SolanaRecovery: 242924
  line 184, col 6 to line 184, col 40 of module SolanaRecovery: 831468
  |line 184, col 6 to line 184, col 12 of module SolanaRecovery: 686724
  |line 184, col 18 to line 184, col 40 of module SolanaRecovery: 686724
  line 184, col 45 to line 184, col 57 of module SolanaRecovery: 389416
  |line 184, col 45 to line 184, col 53 of module SolanaRecovery: 244672
  line 184, col 62 to line 184, col 79 of module SolanaRecovery: 387528
  |line 184, col 62 to line 184, col 75 of module SolanaRecovery: 242784
  line 185, col 6 to line 185, col 54 of module SolanaRecovery: 144744
<TypeOK line 210, col 1 to line 210, col 6 of module SolanaRecovery>
  line 211, col 3 to line 222, col 85 of module SolanaRecovery: 686724
<EverySendDurable line 224, col 1 to line 224, col 16 of module SolanaRecovery>
  line 224, col 21 to line 224, col 79 of module SolanaRecovery: 686724
  |line 224, col 51 to line 224, col 79 of module SolanaRecovery: 661584
  |line 224, col 30 to line 224, col 47 of module SolanaRecovery: 686724
<EverySendReserved line 225, col 1 to line 225, col 17 of module SolanaRecovery>
  line 225, col 22 to line 225, col 54 of module SolanaRecovery: 686724
<LifetimeSendLimit line 226, col 1 to line 226, col 17 of module SolanaRecovery>
  line 226, col 22 to line 226, col 88 of module SolanaRecovery: 686724
<ImmutableSignedIdentity line 227, col 1 to line 227, col 23 of module SolanaRecovery>
  line 227, col 28 to line 227, col 55 of module SolanaRecovery: 686724
  |line 227, col 28 to line 227, col 50 of module SolanaRecovery: 686724
  ||line 227, col 40 to line 227, col 49 of module SolanaRecovery: 686724
  |||line 21, col 15 to line 21, col 65 of module SolanaRecovery: 686724
  ||||line 21, col 16 to line 21, col 37 of module SolanaRecovery: 661584
  ||||line 21, col 47 to line 21, col 64 of module SolanaRecovery: 686724
<AtMostOneEffect line 228, col 1 to line 228, col 15 of module SolanaRecovery>
  line 228, col 20 to line 228, col 46 of module SolanaRecovery: 686724
<TerminalCommitOwned line 229, col 1 to line 229, col 19 of module SolanaRecovery>
  line 229, col 24 to line 229, col 39 of module SolanaRecovery: 686724
<UnresolvedEvidenceRetained line 230, col 1 to line 230, col 26 of module SolanaRecovery>
  line 230, col 31 to line 230, col 90 of module SolanaRecovery: 686724
  |line 230, col 32 to line 230, col 72 of module SolanaRecovery: 686724
  ||line 230, col 32 to line 230, col 46 of module SolanaRecovery: 686724
  |||line 230, col 32 to line 230, col 41 of module SolanaRecovery: 686724
  ||||line 21, col 15 to line 21, col 65 of module SolanaRecovery: 686724
  |||||line 21, col 16 to line 21, col 37 of module SolanaRecovery: 661584
  |||||line 21, col 47 to line 21, col 64 of module SolanaRecovery: 686724
  |||line 230, col 45 to line 230, col 46 of module SolanaRecovery: 686724
  ||line 230, col 51 to line 230, col 72 of module SolanaRecovery: 576788
  |line 230, col 78 to line 230, col 90 of module SolanaRecovery: 575716
<TerminalHasChainProof line 231, col 1 to line 231, col 21 of module SolanaRecovery>
  line 232, col 3 to line 233, col 77 of module SolanaRecovery: 686724
  |line 232, col 7 to line 232, col 75 of module SolanaRecovery: 686724
  ||line 232, col 7 to line 232, col 32 of module SolanaRecovery: 686724
  ||line 232, col 37 to line 232, col 75 of module SolanaRecovery: 536
  |line 233, col 7 to line 233, col 76 of module SolanaRecovery: 686724
  ||line 233, col 7 to line 233, col 32 of module SolanaRecovery: 686724
  ||line 233, col 37 to line 233, col 76 of module SolanaRecovery: 536
<TerminalCleanupAtomic line 234, col 1 to line 234, col 21 of module SolanaRecovery>
  line 234, col 26 to line 234, col 92 of module SolanaRecovery: 686724
  |line 234, col 27 to line 234, col 48 of module SolanaRecovery: 686724
  |line 234, col 55 to line 234, col 91 of module SolanaRecovery: 1072
End of statistics.
4839761 states generated, 686724 distinct states found, 0 states left on queue.
The depth of the complete state graph search is 37.
The average outdegree of the complete state graph is 1 (minimum is 0, the maximum 8 and the 95th percentile is 3).
Finished in 20s at (2026-09-26 20:46:52)
