TLC2 Version 2.19 of 08 August 2024 (rev: 5a47802)
Running breadth-first search Model-Checking with fp 0 and seed 1 with 1 worker on 10 cores with 1820MB heap and 64MB offheap memory [pid: 49473] (Mac OS X 26.6.2 aarch64, Eclipse Adoptium 21.0.12.1 x86_64, MSBDiskFPSet, DiskStateQueue).
Parsing file /Users/alfongj/Code/engine-core/formal/tla/DepthCheckpoint.tla
Parsing file /private/var/folders/ky/s5xblf5j3515d6h6ss25z3w80000gn/T/Naturals.tla
Parsing file /private/var/folders/ky/s5xblf5j3515d6h6ss25z3w80000gn/T/FiniteSets.tla
Parsing file /private/var/folders/ky/s5xblf5j3515d6h6ss25z3w80000gn/T/Sequences.tla
Semantic processing of module Naturals
Semantic processing of module Sequences
Semantic processing of module FiniteSets
Semantic processing of module DepthCheckpoint
Starting... (2026-09-26 21:53:13)
Computing initial states...
Finished computing initial states: 1 distinct state generated at 2026-09-26 21:53:13.
Model checking completed. No error has been found.
  Estimates of the probability that TLC did not check all reachable states
  because two distinct states had the same fingerprint:
  calculated (optimistic):  val = 4.1E-14
The coverage statistics at 2026-09-26 21:53:13
<Init line 13, col 1 to line 13, col 4 of module DepthCheckpoint>: 1:1
  line 13, col 9 to line 21, col 62 of module DepthCheckpoint: 1
<Extend line 26, col 1 to line 26, col 6 of module DepthCheckpoint>: 49:154
  line 27, col 8 to line 27, col 25 of module DepthCheckpoint: 154
  |line 27, col 8 to line 27, col 13 of module DepthCheckpoint: 898
  |line 27, col 17 to line 27, col 25 of module DepthCheckpoint: 898
  line 28, col 8 to line 28, col 37 of module DepthCheckpoint: 154
<Reorg line 34, col 1 to line 34, col 12 of module DepthCheckpoint>: 288:726
  line 35, col 8 to line 35, col 26 of module DepthCheckpoint: 4318
  |line 35, col 8 to line 35, col 12 of module DepthCheckpoint: 3592
  |line 35, col 18 to line 35, col 26 of module DepthCheckpoint: 3592
  line 35, col 31 to line 35, col 50 of module DepthCheckpoint: 726
  |line 35, col 31 to line 35, col 38 of module DepthCheckpoint: 3438
  |line 35, col 42 to line 35, col 50 of module DepthCheckpoint: 3438
  line 36, col 34 to line 36, col 52 of module DepthCheckpoint: 726
  |line 36, col 34 to line 36, col 38 of module DepthCheckpoint: 843
  |line 36, col 42 to line 36, col 52 of module DepthCheckpoint: 843
  line 37, col 8 to line 43, col 76 of module DepthCheckpoint: 726
  |line 37, col 13 to line 43, col 76 of module DepthCheckpoint: 726
  ||line 37, col 14 to line 37, col 14 of module DepthCheckpoint: 726
  ||line 38, col 10 to line 41, col 30 of module DepthCheckpoint: 726
  ||line 42, col 10 to line 42, col 25 of module DepthCheckpoint: 726
  ||line 43, col 30 to line 43, col 75 of module DepthCheckpoint: 726
  |||line 43, col 36 to line 43, col 74 of module DepthCheckpoint: 657
  ||||line 43, col 36 to line 43, col 51 of module DepthCheckpoint: 657
  ||||line 43, col 56 to line 43, col 74 of module DepthCheckpoint: 142
<ReadHead line 48, col 1 to line 48, col 8 of module DepthCheckpoint>: 30:30
  line 49, col 8 to line 49, col 23 of module DepthCheckpoint: 928
  |line 49, col 8 to line 49, col 14 of module DepthCheckpoint: 898
  line 49, col 28 to line 49, col 43 of module DepthCheckpoint: 60
  |line 49, col 28 to line 49, col 39 of module DepthCheckpoint: 30
  line 49, col 48 to line 49, col 56 of module DepthCheckpoint: 60
  |line 49, col 49 to line 49, col 56 of module DepthCheckpoint: 30
  line 50, col 8 to line 51, col 69 of module DepthCheckpoint: 30
<ReadBoundary line 53, col 1 to line 53, col 12 of module DepthCheckpoint>: 91:91
  line 54, col 8 to line 54, col 27 of module DepthCheckpoint: 989
  |line 54, col 8 to line 54, col 14 of module DepthCheckpoint: 898
  line 56, col 11 to line 57, col 49 of module DepthCheckpoint: 91
<RecheckHead line 59, col 1 to line 59, col 11 of module DepthCheckpoint>: 61:132
  line 60, col 8 to line 60, col 30 of module DepthCheckpoint: 1030
  |line 60, col 8 to line 60, col 14 of module DepthCheckpoint: 898
  line 61, col 8 to line 62, col 67 of module DepthCheckpoint: 132
  |line 61, col 13 to line 62, col 67 of module DepthCheckpoint: 132
  ||line 61, col 16 to line 61, col 60 of module DepthCheckpoint: 132
  ||line 62, col 19 to line 62, col 56 of module DepthCheckpoint: 61
  ||line 62, col 63 to line 62, col 67 of module DepthCheckpoint: 71
<RecheckBoundary line 64, col 1 to line 64, col 15 of module DepthCheckpoint>: 82:123
  line 65, col 8 to line 65, col 34 of module DepthCheckpoint: 1021
  |line 65, col 8 to line 65, col 14 of module DepthCheckpoint: 898
  line 66, col 8 to line 67, col 57 of module DepthCheckpoint: 123
  |line 66, col 13 to line 67, col 57 of module DepthCheckpoint: 123
  ||line 66, col 16 to line 66, col 52 of module DepthCheckpoint: 123
  ||line 67, col 19 to line 67, col 46 of module DepthCheckpoint: 82
  ||line 67, col 53 to line 67, col 57 of module DepthCheckpoint: 41
<Persist line 69, col 1 to line 69, col 7 of module DepthCheckpoint>: 118:118
  line 70, col 8 to line 70, col 24 of module DepthCheckpoint: 1016
  |line 70, col 8 to line 70, col 14 of module DepthCheckpoint: 898
  line 70, col 29 to line 70, col 44 of module DepthCheckpoint: 236
  |line 70, col 29 to line 70, col 40 of module DepthCheckpoint: 118
  line 70, col 49 to line 70, col 57 of module DepthCheckpoint: 236
  |line 70, col 50 to line 70, col 57 of module DepthCheckpoint: 118
  line 71, col 8 to line 75, col 80 of module DepthCheckpoint: 118
<CheckContinuity line 77, col 1 to line 77, col 15 of module DepthCheckpoint>: 178:356
  line 78, col 8 to line 78, col 23 of module DepthCheckpoint: 356
  |line 78, col 8 to line 78, col 19 of module DepthCheckpoint: 898
  line 78, col 28 to line 78, col 36 of module DepthCheckpoint: 760
  |line 78, col 29 to line 78, col 36 of module DepthCheckpoint: 404
  line 82, col 11 to line 86, col 74 of module DepthCheckpoint: 356
  |line 82, col 16 to line 86, col 74 of module DepthCheckpoint: 356
  ||line 82, col 17 to line 82, col 17 of module DepthCheckpoint: 356
  ||line 82, col 26 to line 82, col 41 of module DepthCheckpoint: 356
  ||line 83, col 12 to line 83, col 57 of module DepthCheckpoint: 356
  ||line 84, col 23 to line 84, col 26 of module DepthCheckpoint: 356
  |||line 81, col 20 to line 81, col 51 of module DepthCheckpoint: 356
  ||||line 81, col 20 to line 81, col 27 of module DepthCheckpoint: 356
  ||||line 81, col 32 to line 81, col 51 of module DepthCheckpoint: 48
  ||line 85, col 41 to line 85, col 77 of module DepthCheckpoint: 356
  |||line 85, col 44 to line 85, col 47 of module DepthCheckpoint: 356
  ||||line 81, col 20 to line 81, col 51 of module DepthCheckpoint: 356
  |||||line 81, col 20 to line 81, col 27 of module DepthCheckpoint: 356
  |||||line 81, col 32 to line 81, col 51 of module DepthCheckpoint: 48
  |||line 85, col 54 to line 85, col 70 of module DepthCheckpoint: 48
  ||line 86, col 37 to line 86, col 73 of module DepthCheckpoint: 356
  |||line 86, col 43 to line 86, col 72 of module DepthCheckpoint: 308
  ||||line 86, col 43 to line 86, col 59 of module DepthCheckpoint: 308
  ||||line 86, col 64 to line 86, col 72 of module DepthCheckpoint: 108
<TypeOK line 93, col 1 to line 93, col 6 of module DepthCheckpoint>
  line 94, col 5 to line 105, col 74 of module DepthCheckpoint: 898
<NoSpuriousHalt line 108, col 1 to line 108, col 14 of module DepthCheckpoint>
  line 108, col 19 to line 108, col 56 of module DepthCheckpoint: 898
  |line 108, col 19 to line 108, col 26 of module DepthCheckpoint: 898
  |line 108, col 31 to line 108, col 56 of module DepthCheckpoint: 48
<PositiveConflictHalts line 110, col 1 to line 110, col 21 of module DepthCheckpoint>
  line 110, col 26 to line 110, col 78 of module DepthCheckpoint: 898
  |line 110, col 27 to line 110, col 65 of module DepthCheckpoint: 898
  ||line 110, col 27 to line 110, col 35 of module DepthCheckpoint: 898
  ||line 110, col 40 to line 110, col 65 of module DepthCheckpoint: 226
  |line 110, col 71 to line 110, col 78 of module DepthCheckpoint: 48
End of statistics.
1731 states generated, 898 distinct states found, 0 states left on queue.
The depth of the complete state graph search is 10.
The average outdegree of the complete state graph is 1 (minimum is 0, the maximum 5 and the 95th percentile is 3).
Finished in 00s at (2026-09-26 21:53:13)
