TLC2 Version 2.19 of 08 August 2024 (rev: 5a47802)
Running breadth-first search Model-Checking with fp 0 and seed 1 with 1 worker on 10 cores with 1820MB heap and 64MB offheap memory [pid: 49472] (Mac OS X 26.6.2 aarch64, Eclipse Adoptium 21.0.12.1 x86_64, MSBDiskFPSet, DiskStateQueue).
Parsing file /Users/alfongj/Code/engine-core/formal/tla/DisasterRecovery.tla
Parsing file /private/var/folders/ky/s5xblf5j3515d6h6ss25z3w80000gn/T/Naturals.tla
Parsing file /private/var/folders/ky/s5xblf5j3515d6h6ss25z3w80000gn/T/FiniteSets.tla
Parsing file /private/var/folders/ky/s5xblf5j3515d6h6ss25z3w80000gn/T/Sequences.tla
Semantic processing of module Naturals
Semantic processing of module Sequences
Semantic processing of module FiniteSets
Semantic processing of module DisasterRecovery
Starting... (2026-09-26 21:53:12)
Computing initial states...
Finished computing initial states: 1 distinct state generated at 2026-09-26 21:53:12.
Error: Invariant TerminalHasOwnEffect is violated.
Error: The behavior up to this point is:
State 1: <Initial predicate>
s = [ epoch |-> 0,
  checkpoint |-> 0,
  marker |-> [epoch |-> 0, checkpoint |-> 0],
  run |-> 0,
  expectedRun |-> 0,
  owners |-> {},
  halt |-> none,
  attempts |-> {},
  binding |-> (i1 :> none @@ i2 :> none),
  ledger |-> (i1 :> none @@ i2 :> none),
  state |-> (i1 :> "absent" @@ i2 :> "absent"),
  acceptedEver |-> {},
  requiredEvidence |-> {},
  terminalEver |-> {},
  recoveryQuarantine |-> {},
  writes |-> 0,
  ownerEpoch |-> (w1 :> 0 @@ w2 :> 0),
  pending |-> none,
  offline |-> "none",
  offlineAlive |-> FALSE,
  projection |-> {},
  permits |-> {},
  messages |-> {},
  effects |-> {},
  everySendJournaled |-> TRUE,
  noOldAuthorization |-> TRUE,
  noTerminalEnqueue |-> TRUE,
  retriesUseOriginal |-> TRUE,
  lateExecution |-> FALSE ]

State 2: <Start line 35, col 5 to line 40, col 81 of module DisasterRecovery>
s = [ epoch |-> 0,
  checkpoint |-> 0,
  marker |-> [epoch |-> 0, checkpoint |-> 0],
  run |-> 0,
  expectedRun |-> 0,
  owners |-> {w1},
  halt |-> none,
  attempts |-> {},
  binding |-> (i1 :> none @@ i2 :> none),
  ledger |-> (i1 :> none @@ i2 :> none),
  state |-> (i1 :> "absent" @@ i2 :> "absent"),
  acceptedEver |-> {},
  requiredEvidence |-> {},
  terminalEver |-> {},
  recoveryQuarantine |-> {},
  writes |-> 0,
  ownerEpoch |-> (w1 :> 0 @@ w2 :> 0),
  pending |-> none,
  offline |-> "none",
  offlineAlive |-> FALSE,
  projection |-> {},
  permits |-> {},
  messages |-> {},
  effects |-> {},
  everySendJournaled |-> TRUE,
  noOldAuthorization |-> TRUE,
  noTerminalEnqueue |-> TRUE,
  retriesUseOriginal |-> TRUE,
  lateExecution |-> FALSE ]

State 3: <Admit line 51, col 5 to line 57, col 74 of module DisasterRecovery>
s = [ epoch |-> 0,
  checkpoint |-> 1,
  marker |-> [epoch |-> 0, checkpoint |-> 0],
  run |-> 0,
  expectedRun |-> 0,
  owners |-> {w1},
  halt |-> none,
  attempts |-> {},
  binding |-> (i1 :> none @@ i2 :> none),
  ledger |-> (i1 :> p1 @@ i2 :> none),
  state |-> (i1 :> "admitted" @@ i2 :> "absent"),
  acceptedEver |-> {[id |-> i1, payload |-> p1]},
  requiredEvidence |-> {},
  terminalEver |-> {},
  recoveryQuarantine |-> {},
  writes |-> 1,
  ownerEpoch |-> (w1 :> 0 @@ w2 :> 0),
  pending |->
      [ id |-> i1,
        key |-> none,
        payload |-> p1,
        worker |-> w1,
        kind |-> "admit",
        old |-> [epoch |-> 0, checkpoint |-> 0] ],
  offline |-> "none",
  offlineAlive |-> FALSE,
  projection |-> {},
  permits |-> {},
  messages |-> {},
  effects |-> {},
  everySendJournaled |-> TRUE,
  noOldAuthorization |-> TRUE,
  noTerminalEnqueue |-> TRUE,
  retriesUseOriginal |-> TRUE,
  lateExecution |-> FALSE ]

State 4: <Mirror line 83, col 5 to line 92, col 70 of module DisasterRecovery>
s = [ epoch |-> 0,
  checkpoint |-> 1,
  marker |-> [epoch |-> 0, checkpoint |-> 1],
  run |-> 0,
  expectedRun |-> 0,
  owners |-> {w1},
  halt |-> none,
  attempts |-> {},
  binding |-> (i1 :> none @@ i2 :> none),
  ledger |-> (i1 :> p1 @@ i2 :> none),
  state |-> (i1 :> "admitted" @@ i2 :> "absent"),
  acceptedEver |-> {[id |-> i1, payload |-> p1]},
  requiredEvidence |-> {},
  terminalEver |-> {},
  recoveryQuarantine |-> {},
  writes |-> 1,
  ownerEpoch |-> (w1 :> 0 @@ w2 :> 0),
  pending |-> none,
  offline |-> "none",
  offlineAlive |-> FALSE,
  projection |-> {},
  permits |-> {},
  messages |-> {},
  effects |-> {},
  everySendJournaled |-> TRUE,
  noOldAuthorization |-> TRUE,
  noTerminalEnqueue |-> TRUE,
  retriesUseOriginal |-> TRUE,
  lateExecution |-> FALSE ]

State 5: <Admit line 51, col 5 to line 57, col 74 of module DisasterRecovery>
s = [ epoch |-> 0,
  checkpoint |-> 2,
  marker |-> [epoch |-> 0, checkpoint |-> 1],
  run |-> 0,
  expectedRun |-> 0,
  owners |-> {w1},
  halt |-> none,
  attempts |-> {},
  binding |-> (i1 :> none @@ i2 :> none),
  ledger |-> (i1 :> p1 @@ i2 :> p1),
  state |-> (i1 :> "admitted" @@ i2 :> "admitted"),
  acceptedEver |-> {[id |-> i1, payload |-> p1], [id |-> i2, payload |-> p1]},
  requiredEvidence |-> {},
  terminalEver |-> {},
  recoveryQuarantine |-> {},
  writes |-> 2,
  ownerEpoch |-> (w1 :> 0 @@ w2 :> 0),
  pending |->
      [ id |-> i2,
        key |-> none,
        payload |-> p1,
        worker |-> w1,
        kind |-> "admit",
        old |-> [epoch |-> 0, checkpoint |-> 1] ],
  offline |-> "none",
  offlineAlive |-> FALSE,
  projection |-> {},
  permits |-> {},
  messages |-> {},
  effects |-> {},
  everySendJournaled |-> TRUE,
  noOldAuthorization |-> TRUE,
  noTerminalEnqueue |-> TRUE,
  retriesUseOriginal |-> TRUE,
  lateExecution |-> FALSE ]

State 6: <Mirror line 83, col 5 to line 92, col 70 of module DisasterRecovery>
s = [ epoch |-> 0,
  checkpoint |-> 2,
  marker |-> [epoch |-> 0, checkpoint |-> 2],
  run |-> 0,
  expectedRun |-> 0,
  owners |-> {w1},
  halt |-> none,
  attempts |-> {},
  binding |-> (i1 :> none @@ i2 :> none),
  ledger |-> (i1 :> p1 @@ i2 :> p1),
  state |-> (i1 :> "admitted" @@ i2 :> "admitted"),
  acceptedEver |-> {[id |-> i1, payload |-> p1], [id |-> i2, payload |-> p1]},
  requiredEvidence |-> {},
  terminalEver |-> {},
  recoveryQuarantine |-> {},
  writes |-> 2,
  ownerEpoch |-> (w1 :> 0 @@ w2 :> 0),
  pending |-> none,
  offline |-> "none",
  offlineAlive |-> FALSE,
  projection |-> {},
  permits |-> {},
  messages |-> {},
  effects |-> {},
  everySendJournaled |-> TRUE,
  noOldAuthorization |-> TRUE,
  noTerminalEnqueue |-> TRUE,
  retriesUseOriginal |-> TRUE,
  lateExecution |-> FALSE ]

State 7: <AttemptCommit line 60, col 5 to line 69, col 80 of module DisasterRecovery>
s = [ epoch |-> 0,
  checkpoint |-> 3,
  marker |-> [epoch |-> 0, checkpoint |-> 2],
  run |-> 0,
  expectedRun |-> 0,
  owners |-> {w1},
  halt |-> none,
  attempts |-> {[id |-> i1, key |-> k1, payload |-> p1]},
  binding |-> (i1 :> k1 @@ i2 :> none),
  ledger |-> (i1 :> p1 @@ i2 :> p1),
  state |-> (i1 :> "admitted" @@ i2 :> "admitted"),
  acceptedEver |-> {[id |-> i1, payload |-> p1], [id |-> i2, payload |-> p1]},
  requiredEvidence |-> {[id |-> i1, key |-> k1, payload |-> p1]},
  terminalEver |-> {},
  recoveryQuarantine |-> {},
  writes |-> 3,
  ownerEpoch |-> (w1 :> 0 @@ w2 :> 0),
  pending |->
      [ id |-> i1,
        key |-> k1,
        payload |-> p1,
        worker |-> w1,
        kind |-> "attempt",
        old |-> [epoch |-> 0, checkpoint |-> 2] ],
  offline |-> "none",
  offlineAlive |-> FALSE,
  projection |-> {},
  permits |-> {},
  messages |-> {},
  effects |-> {},
  everySendJournaled |-> TRUE,
  noOldAuthorization |-> TRUE,
  noTerminalEnqueue |-> TRUE,
  retriesUseOriginal |-> TRUE,
  lateExecution |-> FALSE ]

State 8: <Mirror line 83, col 5 to line 92, col 70 of module DisasterRecovery>
s = [ epoch |-> 0,
  checkpoint |-> 3,
  marker |-> [epoch |-> 0, checkpoint |-> 3],
  run |-> 0,
  expectedRun |-> 0,
  owners |-> {w1},
  halt |-> none,
  attempts |-> {[id |-> i1, key |-> k1, payload |-> p1]},
  binding |-> (i1 :> k1 @@ i2 :> none),
  ledger |-> (i1 :> p1 @@ i2 :> p1),
  state |-> (i1 :> "admitted" @@ i2 :> "admitted"),
  acceptedEver |-> {[id |-> i1, payload |-> p1], [id |-> i2, payload |-> p1]},
  requiredEvidence |-> {[id |-> i1, key |-> k1, payload |-> p1]},
  terminalEver |-> {},
  recoveryQuarantine |-> {},
  writes |-> 3,
  ownerEpoch |-> (w1 :> 0 @@ w2 :> 0),
  pending |-> none,
  offline |-> "none",
  offlineAlive |-> FALSE,
  projection |-> {},
  permits |->
      { [ epoch |-> 0,
          attempt |-> [id |-> i1, key |-> k1, payload |-> p1],
          worker |-> w1 ] },
  messages |-> {},
  effects |-> {},
  everySendJournaled |-> TRUE,
  noOldAuthorization |-> TRUE,
  noTerminalEnqueue |-> TRUE,
  retriesUseOriginal |-> TRUE,
  lateExecution |-> FALSE ]

State 9: <Next line 176, col 13 to line 176, col 40 of module DisasterRecovery>
s = [ epoch |-> 0,
  checkpoint |-> 3,
  marker |-> [epoch |-> 0, checkpoint |-> 3],
  run |-> 0,
  expectedRun |-> 0,
  owners |-> {w1},
  halt |-> none,
  attempts |-> {[id |-> i1, key |-> k1, payload |-> p1]},
  binding |-> (i1 :> k1 @@ i2 :> none),
  ledger |-> (i1 :> p1 @@ i2 :> p1),
  state |-> (i1 :> "admitted" @@ i2 :> "admitted"),
  acceptedEver |-> {[id |-> i1, payload |-> p1], [id |-> i2, payload |-> p1]},
  requiredEvidence |-> {[id |-> i1, key |-> k1, payload |-> p1]},
  terminalEver |-> {},
  recoveryQuarantine |-> {},
  writes |-> 3,
  ownerEpoch |-> (w1 :> 0 @@ w2 :> 0),
  pending |-> none,
  offline |-> "none",
  offlineAlive |-> FALSE,
  projection |-> {},
  permits |-> {},
  messages |-> {[id |-> i1, key |-> k1, payload |-> p1]},
  effects |-> {},
  everySendJournaled |-> TRUE,
  noOldAuthorization |-> TRUE,
  noTerminalEnqueue |-> TRUE,
  retriesUseOriginal |-> TRUE,
  lateExecution |-> FALSE ]

State 10: <Next line 176, col 47 to line 176, col 78 of module DisasterRecovery>
s = [ epoch |-> 0,
  checkpoint |-> 3,
  marker |-> [epoch |-> 0, checkpoint |-> 3],
  run |-> 0,
  expectedRun |-> 0,
  owners |-> {w1},
  halt |-> none,
  attempts |-> {[id |-> i1, key |-> k1, payload |-> p1]},
  binding |-> (i1 :> k1 @@ i2 :> none),
  ledger |-> (i1 :> p1 @@ i2 :> p1),
  state |-> (i1 :> "admitted" @@ i2 :> "admitted"),
  acceptedEver |-> {[id |-> i1, payload |-> p1], [id |-> i2, payload |-> p1]},
  requiredEvidence |-> {[id |-> i1, key |-> k1, payload |-> p1]},
  terminalEver |-> {},
  recoveryQuarantine |-> {},
  writes |-> 3,
  ownerEpoch |-> (w1 :> 0 @@ w2 :> 0),
  pending |-> none,
  offline |-> "none",
  offlineAlive |-> FALSE,
  projection |-> {},
  permits |-> {},
  messages |-> {[id |-> i1, key |-> k1, payload |-> p1]},
  effects |-> {[id |-> i1, key |-> k1, payload |-> p1]},
  everySendJournaled |-> TRUE,
  noOldAuthorization |-> TRUE,
  noTerminalEnqueue |-> TRUE,
  retriesUseOriginal |-> TRUE,
  lateExecution |-> FALSE ]

State 11: <TerminalCommit line 72, col 5 to line 80, col 79 of module DisasterRecovery>
s = [ epoch |-> 0,
  checkpoint |-> 4,
  marker |-> [epoch |-> 0, checkpoint |-> 3],
  run |-> 0,
  expectedRun |-> 0,
  owners |-> {w1},
  halt |-> none,
  attempts |-> {[id |-> i1, key |-> k1, payload |-> p1]},
  binding |-> (i1 :> k1 @@ i2 :> none),
  ledger |-> (i1 :> p1 @@ i2 :> p1),
  state |-> (i1 :> "admitted" @@ i2 :> "terminal"),
  acceptedEver |-> {[id |-> i1, payload |-> p1], [id |-> i2, payload |-> p1]},
  requiredEvidence |-> {[id |-> i1, key |-> k1, payload |-> p1]},
  terminalEver |-> {i2},
  recoveryQuarantine |-> {},
  writes |-> 4,
  ownerEpoch |-> (w1 :> 0 @@ w2 :> 0),
  pending |->
      [ id |-> i2,
        key |-> none,
        payload |-> p1,
        worker |-> w1,
        kind |-> "terminal",
        old |-> [epoch |-> 0, checkpoint |-> 3] ],
  offline |-> "none",
  offlineAlive |-> FALSE,
  projection |-> {},
  permits |-> {},
  messages |-> {[id |-> i1, key |-> k1, payload |-> p1]},
  effects |-> {[id |-> i1, key |-> k1, payload |-> p1]},
  everySendJournaled |-> TRUE,
  noOldAuthorization |-> TRUE,
  noTerminalEnqueue |-> TRUE,
  retriesUseOriginal |-> TRUE,
  lateExecution |-> FALSE ]

The coverage statistics at 2026-09-26 21:53:12
<Init line 22, col 1 to line 22, col 4 of module DisasterRecovery>: 2:2
  line 22, col 9 to line 32, col 85 of module DisasterRecovery: 2
<Start line 34, col 1 to line 34, col 8 of module DisasterRecovery>: 517:2433
  line 35, col 8 to line 35, col 24 of module DisasterRecovery: 14094
  |line 35, col 8 to line 35, col 8 of module DisasterRecovery: 11661
  |line 35, col 17 to line 35, col 24 of module DisasterRecovery: 11661
  line 36, col 9 to line 36, col 21 of module DisasterRecovery: 9646
  |line 36, col 9 to line 36, col 16 of module DisasterRecovery: 7213
  |line 36, col 20 to line 36, col 21 of module DisasterRecovery: 7213
  line 36, col 26 to line 36, col 40 of module DisasterRecovery: 5198
  |line 36, col 27 to line 36, col 40 of module DisasterRecovery: 2765
  line 37, col 11 to line 37, col 37 of module DisasterRecovery: 2433
  |line 37, col 11 to line 37, col 23 of module DisasterRecovery: 2433
  |line 37, col 28 to line 37, col 37 of module DisasterRecovery: 1533
  ||line 17, col 15 to line 17, col 57 of module DisasterRecovery: 1533
  |||line 17, col 15 to line 17, col 32 of module DisasterRecovery: 1533
  |||line 17, col 37 to line 17, col 57 of module DisasterRecovery: 533
  line 38, col 13 to line 38, col 76 of module DisasterRecovery: 395
  line 39, col 13 to line 40, col 81 of module DisasterRecovery: 2038
  |line 39, col 18 to line 40, col 81 of module DisasterRecovery: 2038
  ||line 39, col 19 to line 39, col 19 of module DisasterRecovery: 2038
  ||line 39, col 37 to line 40, col 80 of module DisasterRecovery: 2038
  |||line 39, col 40 to line 39, col 52 of module DisasterRecovery: 2038
  |||line 39, col 59 to line 39, col 64 of module DisasterRecovery: 900
  |||line 40, col 27 to line 40, col 80 of module DisasterRecovery: 1138
<Crash line 42, col 1 to line 42, col 8 of module DisasterRecovery>: 695:4448
  line 43, col 8 to line 43, col 21 of module DisasterRecovery: 16108
  |line 43, col 8 to line 43, col 8 of module DisasterRecovery: 11660
  |line 43, col 14 to line 43, col 21 of module DisasterRecovery: 11660
  line 44, col 8 to line 46, col 46 of module DisasterRecovery: 4448
  |line 44, col 13 to line 46, col 46 of module DisasterRecovery: 4448
  ||line 44, col 14 to line 44, col 14 of module DisasterRecovery: 4448
  ||line 44, col 23 to line 44, col 40 of module DisasterRecovery: 4448
  ||line 45, col 22 to line 45, col 81 of module DisasterRecovery: 4448
  |||line 45, col 25 to line 45, col 64 of module DisasterRecovery: 4448
  ||||line 45, col 25 to line 45, col 40 of module DisasterRecovery: 4448
  ||||line 45, col 45 to line 45, col 64 of module DisasterRecovery: 2123
  |||line 45, col 71 to line 45, col 74 of module DisasterRecovery: 2123
  ||line 46, col 22 to line 46, col 45 of module DisasterRecovery: 4448:5875
  |||line 46, col 33 to line 46, col 44 of module DisasterRecovery: 1402
<Admit line 50, col 1 to line 50, col 21 of module DisasterRecovery>: 580:778
  line 18, col 15 to line 18, col 28 of module DisasterRecovery: 47406
  |line 18, col 15 to line 18, col 15 of module DisasterRecovery: 46628
  |line 18, col 21 to line 18, col 28 of module DisasterRecovery: 46628
  line 18, col 33 to line 18, col 45 of module DisasterRecovery: 18565
  |line 18, col 33 to line 18, col 38 of module DisasterRecovery: 17787
  |line 18, col 42 to line 18, col 45 of module DisasterRecovery: 17787
  line 17, col 15 to line 17, col 32 of module DisasterRecovery: 14637
  |line 17, col 15 to line 17, col 22 of module DisasterRecovery: 13859
  |line 17, col 26 to line 17, col 32 of module DisasterRecovery: 13859
  line 17, col 37 to line 17, col 57 of module DisasterRecovery: 4169
  |line 17, col 37 to line 17, col 41 of module DisasterRecovery: 3391
  |line 17, col 45 to line 17, col 57 of module DisasterRecovery: 3391
  line 51, col 16 to line 51, col 16 of module DisasterRecovery: 46628
  line 51, col 22 to line 51, col 37 of module DisasterRecovery: 3193
  |line 51, col 22 to line 51, col 30 of module DisasterRecovery: 2415
  |line 51, col 34 to line 51, col 37 of module DisasterRecovery: 2415
  line 51, col 42 to line 51, col 61 of module DisasterRecovery: 778
  |line 51, col 42 to line 51, col 49 of module DisasterRecovery: 2415
  |line 51, col 53 to line 51, col 61 of module DisasterRecovery: 2415
  line 52, col 8 to line 52, col 26 of module DisasterRecovery: 3185
  |line 52, col 8 to line 52, col 19 of module DisasterRecovery: 2407
  |line 52, col 23 to line 52, col 26 of module DisasterRecovery: 2407
  line 53, col 8 to line 57, col 74 of module DisasterRecovery: 778
<AttemptCommit line 59, col 1 to line 59, col 25 of module DisasterRecovery>: 858:1688
  line 18, col 15 to line 18, col 28 of module DisasterRecovery: 47670
  |line 18, col 15 to line 18, col 15 of module DisasterRecovery: 46617
  |line 18, col 21 to line 18, col 28 of module DisasterRecovery: 46617
  line 18, col 33 to line 18, col 45 of module DisasterRecovery: 18834
  |line 18, col 33 to line 18, col 38 of module DisasterRecovery: 17781
  |line 18, col 42 to line 18, col 45 of module DisasterRecovery: 17781
  line 17, col 15 to line 17, col 32 of module DisasterRecovery: 14906
  |line 17, col 15 to line 17, col 22 of module DisasterRecovery: 13853
  |line 17, col 26 to line 17, col 32 of module DisasterRecovery: 13853
  line 17, col 37 to line 17, col 57 of module DisasterRecovery: 4438
  |line 17, col 37 to line 17, col 41 of module DisasterRecovery: 3385
  |line 17, col 45 to line 17, col 57 of module DisasterRecovery: 3385
  line 60, col 16 to line 60, col 16 of module DisasterRecovery: 46617
  line 60, col 22 to line 60, col 37 of module DisasterRecovery: 3462
  |line 60, col 22 to line 60, col 30 of module DisasterRecovery: 2409
  |line 60, col 34 to line 60, col 37 of module DisasterRecovery: 2409
  line 60, col 42 to line 60, col 61 of module DisasterRecovery: 1053
  |line 60, col 42 to line 60, col 49 of module DisasterRecovery: 2409
  |line 60, col 53 to line 60, col 61 of module DisasterRecovery: 2409
  line 61, col 8 to line 61, col 31 of module DisasterRecovery: 3454
  |line 61, col 8 to line 61, col 18 of module DisasterRecovery: 2401
  line 61, col 36 to line 61, col 54 of module DisasterRecovery: 2678
  |line 61, col 36 to line 61, col 47 of module DisasterRecovery: 1625
  |line 61, col 51 to line 61, col 54 of module DisasterRecovery: 1625
  line 62, col 8 to line 62, col 36 of module DisasterRecovery: 2678
  |line 62, col 8 to line 62, col 20 of module DisasterRecovery: 1625
  |line 62, col 26 to line 62, col 36 of module DisasterRecovery: 1625
  line 20, col 40 to line 20, col 49 of module DisasterRecovery: 3780
  |line 20, col 40 to line 20, col 44 of module DisasterRecovery: 2727
  |line 20, col 48 to line 20, col 49 of module DisasterRecovery: 2727
  line 20, col 54 to line 20, col 75 of module DisasterRecovery: 4734
  |line 20, col 54 to line 20, col 69 of module DisasterRecovery: 2727
  |line 20, col 73 to line 20, col 75 of module DisasterRecovery: 2727
  line 20, col 34 to line 20, col 36 of module DisasterRecovery: 1207
  line 63, col 16 to line 63, col 18 of module DisasterRecovery: 1207
  line 63, col 21 to line 63, col 22 of module DisasterRecovery: 1207
  line 65, col 11 to line 69, col 80 of module DisasterRecovery: 1688
<TerminalCommit line 71, col 1 to line 71, col 21 of module DisasterRecovery>: 34:70
  line 18, col 15 to line 18, col 28 of module DisasterRecovery: 23341
  |line 18, col 15 to line 18, col 15 of module DisasterRecovery: 23306
  |line 18, col 21 to line 18, col 28 of module DisasterRecovery: 23306
  line 18, col 33 to line 18, col 45 of module DisasterRecovery: 8925
  |line 18, col 33 to line 18, col 38 of module DisasterRecovery: 8890
  |line 18, col 42 to line 18, col 45 of module DisasterRecovery: 8890
  line 17, col 15 to line 17, col 32 of module DisasterRecovery: 6961
  |line 17, col 15 to line 17, col 22 of module DisasterRecovery: 6926
  |line 17, col 26 to line 17, col 32 of module DisasterRecovery: 6926
  line 17, col 37 to line 17, col 57 of module DisasterRecovery: 1727
  |line 17, col 37 to line 17, col 41 of module DisasterRecovery: 1692
  |line 17, col 45 to line 17, col 57 of module DisasterRecovery: 1692
  line 72, col 16 to line 72, col 16 of module DisasterRecovery: 23306
  line 72, col 22 to line 72, col 37 of module DisasterRecovery: 1239
  |line 72, col 22 to line 72, col 30 of module DisasterRecovery: 1204
  |line 72, col 34 to line 72, col 37 of module DisasterRecovery: 1204
  line 72, col 42 to line 72, col 61 of module DisasterRecovery: 35
  |line 72, col 42 to line 72, col 49 of module DisasterRecovery: 1204
  |line 72, col 53 to line 72, col 61 of module DisasterRecovery: 1204
  line 73, col 8 to line 73, col 50 of module DisasterRecovery: 1235
  |line 73, col 8 to line 73, col 18 of module DisasterRecovery: 1200
  |line 73, col 24 to line 73, col 50 of module DisasterRecovery: 1200
  line 76, col 30 to line 76, col 38 of module DisasterRecovery: 70
  |line 76, col 30 to line 76, col 33 of module DisasterRecovery: 36
  |line 76, col 37 to line 76, col 38 of module DisasterRecovery: 36
  line 76, col 43 to line 76, col 66 of module DisasterRecovery: 35
  line 76, col 72 to line 76, col 87 of module DisasterRecovery: 139
  |line 76, col 72 to line 76, col 72 of module DisasterRecovery: 70
  |line 76, col 78 to line 76, col 87 of module DisasterRecovery: 70
  line 76, col 17 to line 76, col 25 of module DisasterRecovery: 812
  line 77, col 8 to line 80, col 79 of module DisasterRecovery: 69
  |line 77, col 13 to line 80, col 79 of module DisasterRecovery: 70
<Mirror line 82, col 1 to line 82, col 6 of module DisasterRecovery>: 1438:2123
  line 83, col 8 to line 83, col 23 of module DisasterRecovery: 7946
  |line 83, col 8 to line 83, col 16 of module DisasterRecovery: 5823
  |line 83, col 20 to line 83, col 23 of module DisasterRecovery: 5823
  line 83, col 28 to line 83, col 56 of module DisasterRecovery: 4246
  |line 83, col 28 to line 83, col 43 of module DisasterRecovery: 2123
  |line 83, col 49 to line 83, col 56 of module DisasterRecovery: 2123
  line 87, col 14 to line 87, col 71 of module DisasterRecovery: 2123
  |line 87, col 14 to line 87, col 54 of module DisasterRecovery: 2123
  ||line 87, col 14 to line 87, col 29 of module DisasterRecovery: 2123
  ||line 87, col 34 to line 87, col 54 of module DisasterRecovery: 1383
  |line 87, col 59 to line 87, col 71 of module DisasterRecovery: 999
  line 88, col 16 to line 91, col 75 of module DisasterRecovery: 999
  |line 88, col 21 to line 91, col 75 of module DisasterRecovery: 999
  ||line 88, col 22 to line 88, col 22 of module DisasterRecovery: 999
  ||line 88, col 31 to line 88, col 48 of module DisasterRecovery: 999
  ||line 88, col 51 to line 88, col 66 of module DisasterRecovery: 999
  ||line 89, col 27 to line 89, col 82 of module DisasterRecovery: 999
  |||line 89, col 30 to line 89, col 47 of module DisasterRecovery: 999
  |||line 89, col 54 to line 89, col 75 of module DisasterRecovery: 523
  ||line 90, col 38 to line 91, col 74 of module DisasterRecovery: 999
  |||line 91, col 20 to line 91, col 73 of module DisasterRecovery: 999
  ||||line 91, col 20 to line 91, col 37 of module DisasterRecovery: 999
  ||||line 91, col 42 to line 91, col 73 of module DisasterRecovery: 523
  line 92, col 16 to line 92, col 70 of module DisasterRecovery: 1124
<Enqueue line 96, col 1 to line 96, col 25 of module DisasterRecovery>: 106:1637
  line 18, col 15 to line 18, col 28 of module DisasterRecovery: 48263
  |line 18, col 15 to line 18, col 15 of module DisasterRecovery: 46626
  |line 18, col 21 to line 18, col 28 of module DisasterRecovery: 46626
  line 18, col 33 to line 18, col 45 of module DisasterRecovery: 19422
  |line 18, col 33 to line 18, col 38 of module DisasterRecovery: 17785
  |line 18, col 42 to line 18, col 45 of module DisasterRecovery: 17785
  line 17, col 15 to line 17, col 32 of module DisasterRecovery: 15494
  |line 17, col 15 to line 17, col 22 of module DisasterRecovery: 13857
  |line 17, col 26 to line 17, col 32 of module DisasterRecovery: 13857
  line 17, col 37 to line 17, col 57 of module DisasterRecovery: 5026
  |line 17, col 37 to line 17, col 41 of module DisasterRecovery: 3389
  |line 17, col 45 to line 17, col 57 of module DisasterRecovery: 3389
  line 97, col 16 to line 97, col 16 of module DisasterRecovery: 46626
  line 97, col 22 to line 97, col 37 of module DisasterRecovery: 4050
  |line 97, col 22 to line 97, col 30 of module DisasterRecovery: 2413
  |line 97, col 34 to line 97, col 37 of module DisasterRecovery: 2413
  line 97, col 42 to line 97, col 65 of module DisasterRecovery: 4050
  |line 97, col 42 to line 97, col 52 of module DisasterRecovery: 2413
  line 98, col 8 to line 98, col 26 of module DisasterRecovery: 3274
  |line 98, col 8 to line 98, col 19 of module DisasterRecovery: 1637
  |line 98, col 23 to line 98, col 26 of module DisasterRecovery: 1637
  line 98, col 31 to line 98, col 52 of module DisasterRecovery: 3274
  |line 98, col 31 to line 98, col 39 of module DisasterRecovery: 1637
  |line 98, col 45 to line 98, col 52 of module DisasterRecovery: 1637
  line 100, col 11 to line 102, col 63 of module DisasterRecovery: 1637
<UnjournaledSend line 111, col 1 to line 111, col 27 of module DisasterRecovery>: 0:0
  line 114, col 11 to line 115, col 56 of module DisasterRecovery: 0
<RedisLoss line 125, col 1 to line 125, col 9 of module DisasterRecovery>: 1385:5820
  line 125, col 14 to line 125, col 63 of module DisasterRecovery: 5820
<RedisRollback line 126, col 1 to line 126, col 13 of module DisasterRecovery>: 1096:5306
  line 126, col 18 to line 126, col 33 of module DisasterRecovery: 5306
  |line 126, col 18 to line 126, col 29 of module DisasterRecovery: 5820
  line 127, col 5 to line 127, col 67 of module DisasterRecovery: 5306
<RedisRestart line 128, col 1 to line 128, col 12 of module DisasterRecovery>: 2813:3083
  line 128, col 17 to line 128, col 25 of module DisasterRecovery: 8903
  |line 128, col 17 to line 128, col 21 of module DisasterRecovery: 5820
  line 128, col 30 to line 128, col 54 of module DisasterRecovery: 3083
<RepairMarker line 129, col 1 to line 129, col 12 of module DisasterRecovery>: 555:1335
  line 129, col 17 to line 129, col 52 of module DisasterRecovery: 7155
  |line 129, col 17 to line 129, col 22 of module DisasterRecovery: 5820
  |line 129, col 28 to line 129, col 52 of module DisasterRecovery: 5820
  line 130, col 5 to line 130, col 38 of module DisasterRecovery: 1335
<DetectMismatch line 132, col 1 to line 132, col 14 of module DisasterRecovery>: 498:738
  line 133, col 8 to line 133, col 20 of module DisasterRecovery: 6558
  |line 133, col 8 to line 133, col 15 of module DisasterRecovery: 5820
  |line 133, col 19 to line 133, col 20 of module DisasterRecovery: 5820
  line 133, col 25 to line 133, col 40 of module DisasterRecovery: 5176
  |line 133, col 25 to line 133, col 33 of module DisasterRecovery: 4438
  |line 133, col 37 to line 133, col 40 of module DisasterRecovery: 4438
  line 133, col 45 to line 133, col 57 of module DisasterRecovery: 3056
  |line 133, col 45 to line 133, col 50 of module DisasterRecovery: 2318
  |line 133, col 54 to line 133, col 57 of module DisasterRecovery: 2318
  line 133, col 62 to line 133, col 72 of module DisasterRecovery: 2074
  |line 133, col 63 to line 133, col 72 of module DisasterRecovery: 1336
  ||line 17, col 15 to line 17, col 57 of module DisasterRecovery: 1336
  |||line 17, col 15 to line 17, col 32 of module DisasterRecovery: 1336
  |||line 17, col 37 to line 17, col 57 of module DisasterRecovery: 842
  line 134, col 8 to line 134, col 86 of module DisasterRecovery: 738
<Reattach line 136, col 1 to line 136, col 8 of module DisasterRecovery>: 50:299
  line 137, col 8 to line 137, col 20 of module DisasterRecovery: 6119
  |line 137, col 8 to line 137, col 15 of module DisasterRecovery: 5820
  |line 137, col 19 to line 137, col 20 of module DisasterRecovery: 5820
  line 137, col 25 to line 137, col 39 of module DisasterRecovery: 1681
  |line 137, col 26 to line 137, col 39 of module DisasterRecovery: 1382
  line 137, col 44 to line 137, col 59 of module DisasterRecovery: 1515
  |line 137, col 44 to line 137, col 52 of module DisasterRecovery: 1216
  |line 137, col 56 to line 137, col 59 of module DisasterRecovery: 1216
  line 138, col 8 to line 138, col 35 of module DisasterRecovery: 1515
  |line 138, col 8 to line 138, col 13 of module DisasterRecovery: 1216
  |line 138, col 19 to line 138, col 35 of module DisasterRecovery: 1216
  line 138, col 40 to line 138, col 57 of module DisasterRecovery: 1113
  |line 138, col 40 to line 138, col 47 of module DisasterRecovery: 814
  |line 138, col 51 to line 138, col 57 of module DisasterRecovery: 814
  line 139, col 8 to line 139, col 59 of module DisasterRecovery: 299
<RecoverBegin line 141, col 1 to line 141, col 12 of module DisasterRecovery>: 132:854
  line 142, col 9 to line 142, col 21 of module DisasterRecovery: 6674
  |line 142, col 9 to line 142, col 16 of module DisasterRecovery: 5820
  |line 142, col 20 to line 142, col 21 of module DisasterRecovery: 5820
  line 142, col 26 to line 142, col 40 of module DisasterRecovery: 2236
  |line 142, col 27 to line 142, col 40 of module DisasterRecovery: 1382
  line 143, col 8 to line 143, col 23 of module DisasterRecovery: 2070
  |line 143, col 8 to line 143, col 16 of module DisasterRecovery: 1216
  |line 143, col 20 to line 143, col 23 of module DisasterRecovery: 1216
  line 143, col 28 to line 143, col 38 of module DisasterRecovery: 2070
  |line 143, col 28 to line 143, col 34 of module DisasterRecovery: 1216
  line 144, col 8 to line 151, col 94 of module DisasterRecovery: 854
  |line 144, col 13 to line 151, col 94 of module DisasterRecovery: 854
  ||line 144, col 14 to line 144, col 14 of module DisasterRecovery: 854
  ||line 145, col 10 to line 147, col 51 of module DisasterRecovery: 854
  ||line 148, col 10 to line 148, col 76 of module DisasterRecovery: 854
  ||line 149, col 33 to line 149, col 88 of module DisasterRecovery: 854:6356
  |||line 149, col 47 to line 149, col 87 of module DisasterRecovery: 1708
  ||||line 149, col 47 to line 149, col 59 of module DisasterRecovery: 1708
  |||||line 19, col 18 to line 19, col 48 of module DisasterRecovery: 1708
  ||||||line 19, col 40 to line 19, col 48 of module DisasterRecovery: 1145
  ||||||line 19, col 27 to line 19, col 36 of module DisasterRecovery: 1708
  |||||line 149, col 57 to line 149, col 58 of module DisasterRecovery: 1144
  ||||line 149, col 64 to line 149, col 87 of module DisasterRecovery: 573
  |||line 149, col 41 to line 149, col 43 of module DisasterRecovery: 854
  ||line 150, col 41 to line 150, col 55 of module DisasterRecovery: 854
  ||line 150, col 58 to line 150, col 74 of module DisasterRecovery: 854
  ||line 151, col 10 to line 151, col 30 of module DisasterRecovery: 854
  ||line 151, col 73 to line 151, col 93 of module DisasterRecovery: 854
<RecoverPublish line 153, col 1 to line 153, col 14 of module DisasterRecovery>: 85:85
  line 154, col 8 to line 154, col 24 of module DisasterRecovery: 5905
  |line 154, col 8 to line 154, col 16 of module DisasterRecovery: 5820
  line 154, col 29 to line 154, col 42 of module DisasterRecovery: 222
  |line 154, col 29 to line 154, col 29 of module DisasterRecovery: 137
  line 154, col 47 to line 154, col 61 of module DisasterRecovery: 170
  |line 154, col 47 to line 154, col 54 of module DisasterRecovery: 85
  |line 154, col 58 to line 154, col 61 of module DisasterRecovery: 85
  line 155, col 8 to line 155, col 62 of module DisasterRecovery: 85
<RecoverFinish line 156, col 1 to line 156, col 13 of module DisasterRecovery>: 35:35
  line 157, col 8 to line 157, col 26 of module DisasterRecovery: 5855
  |line 157, col 8 to line 157, col 16 of module DisasterRecovery: 5820
  line 157, col 31 to line 157, col 44 of module DisasterRecovery: 161
  |line 157, col 31 to line 157, col 31 of module DisasterRecovery: 126
  line 17, col 15 to line 17, col 32 of module DisasterRecovery: 116
  |line 17, col 15 to line 17, col 22 of module DisasterRecovery: 81
  |line 17, col 26 to line 17, col 32 of module DisasterRecovery: 81
  line 17, col 37 to line 17, col 57 of module DisasterRecovery: 87
  |line 17, col 37 to line 17, col 41 of module DisasterRecovery: 52
  |line 17, col 45 to line 17, col 57 of module DisasterRecovery: 52
  line 158, col 8 to line 158, col 80 of module DisasterRecovery: 35
<RecoveryCrash line 159, col 1 to line 159, col 13 of module DisasterRecovery>: 166:166
  line 160, col 8 to line 160, col 21 of module DisasterRecovery: 5986
  |line 160, col 8 to line 160, col 8 of module DisasterRecovery: 5820
  line 161, col 8 to line 161, col 45 of module DisasterRecovery: 166
<AuthorityRollback line 165, col 1 to line 165, col 17 of module DisasterRecovery>: 0:0
  line 167, col 8 to line 170, col 60 of module DisasterRecovery: 0
<Next line 172, col 1 to line 172, col 4 of module DisasterRecovery (176 13 176 40)>: 508:1402
  line 105, col 8 to line 105, col 22 of module DisasterRecovery: 2804
  |line 105, col 8 to line 105, col 8 of module DisasterRecovery: 1402
  |line 105, col 14 to line 105, col 22 of module DisasterRecovery: 1402
  line 105, col 27 to line 105, col 47 of module DisasterRecovery: 2804
  |line 105, col 27 to line 105, col 34 of module DisasterRecovery: 1402
  |line 105, col 40 to line 105, col 47 of module DisasterRecovery: 1402
  line 108, col 8 to line 109, col 62 of module DisasterRecovery: 1402
  line 176, col 39 to line 176, col 39 of module DisasterRecovery: 1402
  line 176, col 22 to line 176, col 30 of module DisasterRecovery: 5825
<Next line 172, col 1 to line 172, col 4 of module DisasterRecovery (176 47 176 78)>: 313:604
  line 121, col 8 to line 121, col 23 of module DisasterRecovery: 1372
  |line 121, col 8 to line 121, col 8 of module DisasterRecovery: 768
  |line 121, col 14 to line 121, col 23 of module DisasterRecovery: 768
  line 122, col 8 to line 122, col 46 of module DisasterRecovery: 1372
  |line 122, col 9 to line 122, col 46 of module DisasterRecovery: 768
  ||line 122, col 32 to line 122, col 46 of module DisasterRecovery: 164
  ||line 122, col 20 to line 122, col 28 of module DisasterRecovery: 768
  line 123, col 8 to line 123, col 83 of module DisasterRecovery: 604
  line 176, col 77 to line 176, col 77 of module DisasterRecovery: 768
  line 176, col 56 to line 176, col 65 of module DisasterRecovery: 5824
<TypeOK line 182, col 1 to line 182, col 6 of module DisasterRecovery>
  line 183, col 5 to line 198, col 34 of module DisasterRecovery: 11865
<ImmutableAdmission line 200, col 1 to line 200, col 18 of module DisasterRecovery>
  line 200, col 23 to line 200, col 86 of module DisasterRecovery: 11865
  |line 200, col 51 to line 200, col 86 of module DisasterRecovery: 29733
  ||line 200, col 51 to line 200, col 61 of module DisasterRecovery: 29733
  ||line 200, col 66 to line 200, col 86 of module DisasterRecovery: 17713
  |line 200, col 34 to line 200, col 47 of module DisasterRecovery: 11865
<ReplayKeyUnique line 201, col 1 to line 201, col 15 of module DisasterRecovery>
  line 201, col 20 to line 201, col 95 of module DisasterRecovery: 11865
  |line 201, col 37 to line 201, col 95 of module DisasterRecovery: 47460
  ||line 201, col 37 to line 201, col 64 of module DisasterRecovery: 47460
  |||line 201, col 37 to line 201, col 41 of module DisasterRecovery: 47460
  |||line 201, col 46 to line 201, col 64 of module DisasterRecovery: 23730
  ||line 201, col 69 to line 201, col 95 of module DisasterRecovery: 9471
  |line 201, col 31 to line 201, col 33 of module DisasterRecovery: 11865
<EverySendJournaled line 202, col 1 to line 202, col 18 of module DisasterRecovery>
  line 202, col 23 to line 202, col 42 of module DisasterRecovery: 11865
<EvidenceRetained line 203, col 1 to line 203, col 16 of module DisasterRecovery>
  line 203, col 21 to line 203, col 59 of module DisasterRecovery: 11865
<NoOldEpochAuthorization line 204, col 1 to line 204, col 23 of module DisasterRecovery>
  line 204, col 28 to line 204, col 47 of module DisasterRecovery: 11865
<NoTerminalReenqueue line 205, col 1 to line 205, col 19 of module DisasterRecovery>
  line 205, col 24 to line 205, col 42 of module DisasterRecovery: 11865
<OriginalPayloadOnRetry line 206, col 1 to line 206, col 22 of module DisasterRecovery>
  line 206, col 27 to line 206, col 46 of module DisasterRecovery: 11865
<AtMostOneEffectPerId line 207, col 1 to line 207, col 20 of module DisasterRecovery>
  line 207, col 25 to line 207, col 75 of module DisasterRecovery: 11865
  |line 207, col 48 to line 207, col 75 of module DisasterRecovery: 773
  |line 207, col 36 to line 207, col 44 of module DisasterRecovery: 11865
<AttemptedRecoveryIsQuarantined line 208, col 1 to line 208, col 30 of module DisasterRecovery>
  line 208, col 35 to line 209, col 47 of module DisasterRecovery: 11865
  |line 209, col 5 to line 209, col 47 of module DisasterRecovery: 386
  |line 208, col 45 to line 208, col 64 of module DisasterRecovery: 11865
<TerminalHasOwnEffect line 210, col 1 to line 210, col 20 of module DisasterRecovery>
  line 210, col 25 to line 211, col 54 of module DisasterRecovery: 11865
  |line 210, col 41 to line 211, col 54 of module DisasterRecovery: 23730
  ||line 210, col 41 to line 210, col 64 of module DisasterRecovery: 23730
  ||line 211, col 5 to line 211, col 54 of module DisasterRecovery: 112
  |||line 211, col 26 to line 211, col 54 of module DisasterRecovery: 112
  ||||line 211, col 26 to line 211, col 34 of module DisasterRecovery: 112
  ||||line 211, col 39 to line 211, col 54 of module DisasterRecovery: 111
  |||line 211, col 14 to line 211, col 22 of module DisasterRecovery: 112
  |line 210, col 35 to line 210, col 37 of module DisasterRecovery: 11865
End of statistics.
32857 states generated, 11865 distinct states found, 6043 states left on queue.
The depth of the complete state graph search is 11.
The average outdegree of the complete state graph is 2 (minimum is 0, the maximum 9 and the 95th percentile is 6).
Finished in 00s at (2026-09-26 21:53:12)
