   Compiling twmq v0.1.0 (/tmp/engine-diagnostic-draft/twmq)
    Finished `test` profile [unoptimized + debuginfo] target(s) in 0.45s
     Running unittests src/lib.rs (/tmp/engine-diagnostic-draft/target/debug/deps/twmq-395ea38072a245fa)

running 2 tests
test diagnostic_tests::diagnostics_bound_mixed_nacks_keep_order_attempts_and_existing_expiry ... FAILED
test multilane::diagnostic_tests::diagnostics_bound_mixed_nacks_keep_order_attempts_and_existing_expiry ... FAILED

failures:

---- diagnostic_tests::diagnostics_bound_mixed_nacks_keep_order_attempts_and_existing_expiry stdout ----

thread 'diagnostic_tests::diagnostics_bound_mixed_nacks_keep_order_attempts_and_existing_expiry' (1516306) panicked at twmq/src/diagnostic_tests.rs:120:9:
assertion `left == right` failed
  left: 121
 right: 100
note: run with `RUST_BACKTRACE=1` environment variable to display a backtrace

---- multilane::diagnostic_tests::diagnostics_bound_mixed_nacks_keep_order_attempts_and_existing_expiry stdout ----

thread 'multilane::diagnostic_tests::diagnostics_bound_mixed_nacks_keep_order_attempts_and_existing_expiry' (1516307) panicked at twmq/src/multilane_diagnostic_tests.rs:64:9:
assertion `left == right` failed
  left: 121
 right: 100


failures:
    diagnostic_tests::diagnostics_bound_mixed_nacks_keep_order_attempts_and_existing_expiry
    multilane::diagnostic_tests::diagnostics_bound_mixed_nacks_keep_order_attempts_and_existing_expiry

test result: FAILED. 0 passed; 2 failed; 0 ignored; 0 measured; 32 filtered out; finished in 0.02s

error: test failed, to rerun pass `-p twmq --lib`
