   Compiling tracing v0.1.44
   Compiling bitflags v2.13.2
   Compiling getrandom v0.3.3
   Compiling memchr v2.7.5
   Compiling tower v0.5.2
   Compiling schemars v0.8.22
   Compiling system-configuration v0.7.0
   Compiling security-framework v3.7.0
   Compiling rustix v1.0.7
   Compiling security-framework v2.11.1
   Compiling h2 v0.4.19
   Compiling serde_json v1.0.145
   Compiling aws-smithy-runtime-api v1.16.0
   Compiling alloy-trie v0.9.5
   Compiling solana-instructions-sysvar v3.0.0
   Compiling tower-http v0.6.6
   Compiling alloy-json-abi v1.7.3
   Compiling uuid v1.17.0
   Compiling rustls-native-certs v0.8.1
   Compiling tempfile v3.20.0
   Compiling alloy-consensus v1.8.3
   Compiling alloy-sol-macro-input v1.7.3
   Compiling native-tls v0.2.14
   Compiling aws-smithy-schema v0.2.0
   Compiling alloy-sol-macro-expander v1.7.3
   Compiling tokio-native-tls v0.3.1
   Compiling aws-smithy-http v0.64.0
   Compiling aws-credential-types v1.3.0
   Compiling hyper v1.11.1
   Compiling aws-smithy-observability v0.3.0
   Compiling alloy-network-primitives v1.8.3
   Compiling alloy-consensus-any v1.8.3
   Compiling ahash v0.8.12
   Compiling aho-corasick v1.1.3
   Compiling agave-feature-set v3.0.6
   Compiling aws-sigv4 v1.5.1
   Compiling aws-types v1.6.0
   Compiling aws-smithy-json v0.63.0
   Compiling hyper-util v0.1.20
   Compiling alloy-sol-macro v1.7.3
   Compiling regex-automata v0.4.9
   Compiling alloy-sol-types v1.7.3
   Compiling solana-transaction-context v3.0.6
   Compiling hyper-rustls v0.27.7
   Compiling hyper-tls v0.6.0
   Compiling aws-smithy-http-client v1.4.0
   Compiling reqwest v0.12.23
   Compiling solana-transaction-status-client-types v3.0.6
   Compiling regex v1.11.1
   Compiling aws-smithy-xml v0.62.0
   Compiling spl-token-confidential-transfer-proof-extraction v0.5.0
   Compiling solana-version v3.0.6
   Compiling aws-smithy-runtime v1.14.0
   Compiling spl-token-2022-interface v2.1.0
   Compiling aws-smithy-query v0.62.0
   Compiling utoipa-gen v5.4.0
   Compiling alloy-json-rpc v1.8.3
   Compiling alloy-rpc-types-eth v1.8.3
   Compiling alloy-dyn-abi v1.7.3
   Compiling alloy-transport v1.8.3
   Compiling alloy-signer v1.8.3
   Compiling aws-runtime v1.9.2
   Compiling alloy-transport-http v1.7.3
   Compiling alloy-rpc-client v1.7.3
   Compiling alloy-rpc-types-any v1.8.3
   Compiling alloy-network v1.8.3
   Compiling alloy-rpc-types v1.8.3
   Compiling alloy-core v1.7.3
   Compiling solana-packet v3.0.0
   Compiling solana-offchain-message v3.0.0
   Compiling alloy-provider v1.7.3
   Compiling utoipa v5.4.0
   Compiling alloy-signer-local v1.8.3
   Compiling aws-sdk-sts v1.114.0
   Compiling aws-sdk-sso v1.109.0
   Compiling alloy-contract v1.7.3
   Compiling alloy v1.7.3
   Compiling aws-sdk-ssooidc v1.111.0
   Compiling solana-account-decoder v3.0.6
   Compiling reqwest-middleware v0.4.2
   Compiling solana-rpc-client-types v3.0.6
   Compiling agave-reserved-account-keys v3.0.6
   Compiling solana-program v3.0.0
   Compiling solana-sdk v3.0.0
   Compiling engine-aa-types v0.1.0 (/Users/alfongj/Code/engine-core/aa-types)
   Compiling solana-rpc-client-api v3.0.6
   Compiling solana-transaction-status v3.0.6
   Compiling aws-config v1.12.0
   Compiling aws-sdk-kms v1.118.0
   Compiling moka v0.12.10
   Compiling tracing-subscriber v0.3.20
   Compiling thirdweb-core v0.1.0 (/Users/alfongj/Code/engine-core/thirdweb-core)
   Compiling twmq v0.1.0 (/Users/alfongj/Code/engine-core/twmq)
   Compiling engine-solana-core v0.1.0 (/Users/alfongj/Code/engine-core/solana-core)
   Compiling solana-rpc-client v3.0.6
   Compiling rusqlite v0.40.2
   Compiling alloy-signer-aws v1.8.3
   Compiling engine-core v0.1.0 (/Users/alfongj/Code/engine-core/core)
    Finished `release` profile [optimized] target(s) in 42.62s
