TLC2 Version 2.19 of 08 August 2024 (rev: 5a47802)
Running breadth-first search Model-Checking with fp 0 and seed 1 with 1 worker on 10 cores with 1820MB heap and 64MB offheap memory [pid: 39413] (Mac OS X 26.6.2 aarch64, Eclipse Adoptium 21.0.12.1 x86_64, MSBDiskFPSet, DiskStateQueue).
Parsing file /Users/alfongj/Code/engine-core/formal/tla/DisasterRecovery.tla
Parsing file /private/var/folders/ky/s5xblf5j3515d6h6ss25z3w80000gn/T/Naturals.tla
Parsing file /private/var/folders/ky/s5xblf5j3515d6h6ss25z3w80000gn/T/FiniteSets.tla
Parsing file /private/var/folders/ky/s5xblf5j3515d6h6ss25z3w80000gn/T/Sequences.tla
Semantic processing of module Naturals
Semantic processing of module Sequences
Semantic processing of module FiniteSets
Semantic processing of module DisasterRecovery
Starting... (2026-09-26 19:10:29)
Computing initial states...
Finished computing initial states: 1 distinct state generated at 2026-09-26 19:10:29.
Progress(15) at 2026-09-26 19:10:32: 487,045 states generated (487,045 s/min), 145,347 distinct states found (145,347 ds/min), 58,237 states left on queue.
Error: Invariant AtMostOneEffectPerId is violated.
Error: The behavior up to this point is:
State 1: <Initial predicate>
s = [ epoch |-> 0,
  checkpoint |-> 0,
  marker |-> [epoch |-> 0, checkpoint |-> 0],
  run |-> 0,
  expectedRun |-> 0,
  owners |-> {},
  halt |-> none,
  attempts |-> {},
  binding |-> (i1 :> none @@ i2 :> none),
  ledger |-> (i1 :> none @@ i2 :> none),
  state |-> (i1 :> "absent" @@ i2 :> "absent"),
  acceptedEver |-> {},
  requiredEvidence |-> {},
  terminalEver |-> {},
  recoveryQuarantine |-> {},
  writes |-> 0,
  ownerEpoch |-> (w1 :> 0 @@ w2 :> 0),
  pending |-> none,
  offline |-> "none",
  offlineAlive |-> FALSE,
  projection |-> {},
  permits |-> {},
  messages |-> {},
  effects |-> {},
  everySendJournaled |-> TRUE,
  noOldAuthorization |-> TRUE,
  noTerminalEnqueue |-> TRUE,
  retriesUseOriginal |-> TRUE,
  lateExecution |-> FALSE ]

State 2: <Start line 35, col 5 to line 40, col 81 of module DisasterRecovery>
s = [ epoch |-> 0,
  checkpoint |-> 0,
  marker |-> [epoch |-> 0, checkpoint |-> 0],
  run |-> 0,
  expectedRun |-> 0,
  owners |-> {w1},
  halt |-> none,
  attempts |-> {},
  binding |-> (i1 :> none @@ i2 :> none),
  ledger |-> (i1 :> none @@ i2 :> none),
  state |-> (i1 :> "absent" @@ i2 :> "absent"),
  acceptedEver |-> {},
  requiredEvidence |-> {},
  terminalEver |-> {},
  recoveryQuarantine |-> {},
  writes |-> 0,
  ownerEpoch |-> (w1 :> 0 @@ w2 :> 0),
  pending |-> none,
  offline |-> "none",
  offlineAlive |-> FALSE,
  projection |-> {},
  permits |-> {},
  messages |-> {},
  effects |-> {},
  everySendJournaled |-> TRUE,
  noOldAuthorization |-> TRUE,
  noTerminalEnqueue |-> TRUE,
  retriesUseOriginal |-> TRUE,
  lateExecution |-> FALSE ]

State 3: <Admit line 51, col 5 to line 57, col 74 of module DisasterRecovery>
s = [ epoch |-> 0,
  checkpoint |-> 1,
  marker |-> [epoch |-> 0, checkpoint |-> 0],
  run |-> 0,
  expectedRun |-> 0,
  owners |-> {w1},
  halt |-> none,
  attempts |-> {},
  binding |-> (i1 :> none @@ i2 :> none),
  ledger |-> (i1 :> p1 @@ i2 :> none),
  state |-> (i1 :> "admitted" @@ i2 :> "absent"),
  acceptedEver |-> {[id |-> i1, payload |-> p1]},
  requiredEvidence |-> {},
  terminalEver |-> {},
  recoveryQuarantine |-> {},
  writes |-> 1,
  ownerEpoch |-> (w1 :> 0 @@ w2 :> 0),
  pending |->
      [ id |-> i1,
        key |-> none,
        payload |-> p1,
        worker |-> w1,
        kind |-> "admit",
        old |-> [epoch |-> 0, checkpoint |-> 0] ],
  offline |-> "none",
  offlineAlive |-> FALSE,
  projection |-> {},
  permits |-> {},
  messages |-> {},
  effects |-> {},
  everySendJournaled |-> TRUE,
  noOldAuthorization |-> TRUE,
  noTerminalEnqueue |-> TRUE,
  retriesUseOriginal |-> TRUE,
  lateExecution |-> FALSE ]

State 4: <Mirror line 83, col 5 to line 92, col 70 of module DisasterRecovery>
s = [ epoch |-> 0,
  checkpoint |-> 1,
  marker |-> [epoch |-> 0, checkpoint |-> 1],
  run |-> 0,
  expectedRun |-> 0,
  owners |-> {w1},
  halt |-> none,
  attempts |-> {},
  binding |-> (i1 :> none @@ i2 :> none),
  ledger |-> (i1 :> p1 @@ i2 :> none),
  state |-> (i1 :> "admitted" @@ i2 :> "absent"),
  acceptedEver |-> {[id |-> i1, payload |-> p1]},
  requiredEvidence |-> {},
  terminalEver |-> {},
  recoveryQuarantine |-> {},
  writes |-> 1,
  ownerEpoch |-> (w1 :> 0 @@ w2 :> 0),
  pending |-> none,
  offline |-> "none",
  offlineAlive |-> FALSE,
  projection |-> {},
  permits |-> {},
  messages |-> {},
  effects |-> {},
  everySendJournaled |-> TRUE,
  noOldAuthorization |-> TRUE,
  noTerminalEnqueue |-> TRUE,
  retriesUseOriginal |-> TRUE,
  lateExecution |-> FALSE ]

State 5: <AttemptCommit line 60, col 5 to line 69, col 80 of module DisasterRecovery>
s = [ epoch |-> 0,
  checkpoint |-> 2,
  marker |-> [epoch |-> 0, checkpoint |-> 1],
  run |-> 0,
  expectedRun |-> 0,
  owners |-> {w1},
  halt |-> none,
  attempts |-> {[id |-> i1, key |-> k1, payload |-> p1]},
  binding |-> (i1 :> k1 @@ i2 :> none),
  ledger |-> (i1 :> p1 @@ i2 :> none),
  state |-> (i1 :> "admitted" @@ i2 :> "absent"),
  acceptedEver |-> {[id |-> i1, payload |-> p1]},
  requiredEvidence |-> {[id |-> i1, key |-> k1, payload |-> p1]},
  terminalEver |-> {},
  recoveryQuarantine |-> {},
  writes |-> 2,
  ownerEpoch |-> (w1 :> 0 @@ w2 :> 0),
  pending |->
      [ id |-> i1,
        key |-> k1,
        payload |-> p1,
        worker |-> w1,
        kind |-> "attempt",
        old |-> [epoch |-> 0, checkpoint |-> 1] ],
  offline |-> "none",
  offlineAlive |-> FALSE,
  projection |-> {},
  permits |-> {},
  messages |-> {},
  effects |-> {},
  everySendJournaled |-> TRUE,
  noOldAuthorization |-> TRUE,
  noTerminalEnqueue |-> TRUE,
  retriesUseOriginal |-> TRUE,
  lateExecution |-> FALSE ]

State 6: <Mirror line 83, col 5 to line 92, col 70 of module DisasterRecovery>
s = [ epoch |-> 0,
  checkpoint |-> 2,
  marker |-> [epoch |-> 0, checkpoint |-> 2],
  run |-> 0,
  expectedRun |-> 0,
  owners |-> {w1},
  halt |-> none,
  attempts |-> {[id |-> i1, key |-> k1, payload |-> p1]},
  binding |-> (i1 :> k1 @@ i2 :> none),
  ledger |-> (i1 :> p1 @@ i2 :> none),
  state |-> (i1 :> "admitted" @@ i2 :> "absent"),
  acceptedEver |-> {[id |-> i1, payload |-> p1]},
  requiredEvidence |-> {[id |-> i1, key |-> k1, payload |-> p1]},
  terminalEver |-> {},
  recoveryQuarantine |-> {},
  writes |-> 2,
  ownerEpoch |-> (w1 :> 0 @@ w2 :> 0),
  pending |-> none,
  offline |-> "none",
  offlineAlive |-> FALSE,
  projection |-> {},
  permits |->
      { [ epoch |-> 0,
          attempt |-> [id |-> i1, key |-> k1, payload |-> p1],
          worker |-> w1 ] },
  messages |-> {},
  effects |-> {},
  everySendJournaled |-> TRUE,
  noOldAuthorization |-> TRUE,
  noTerminalEnqueue |-> TRUE,
  retriesUseOriginal |-> TRUE,
  lateExecution |-> FALSE ]

State 7: <Next line 176, col 13 to line 176, col 40 of module DisasterRecovery>
s = [ epoch |-> 0,
  checkpoint |-> 2,
  marker |-> [epoch |-> 0, checkpoint |-> 2],
  run |-> 0,
  expectedRun |-> 0,
  owners |-> {w1},
  halt |-> none,
  attempts |-> {[id |-> i1, key |-> k1, payload |-> p1]},
  binding |-> (i1 :> k1 @@ i2 :> none),
  ledger |-> (i1 :> p1 @@ i2 :> none),
  state |-> (i1 :> "admitted" @@ i2 :> "absent"),
  acceptedEver |-> {[id |-> i1, payload |-> p1]},
  requiredEvidence |-> {[id |-> i1, key |-> k1, payload |-> p1]},
  terminalEver |-> {},
  recoveryQuarantine |-> {},
  writes |-> 2,
  ownerEpoch |-> (w1 :> 0 @@ w2 :> 0),
  pending |-> none,
  offline |-> "none",
  offlineAlive |-> FALSE,
  projection |-> {},
  permits |-> {},
  messages |-> {[id |-> i1, key |-> k1, payload |-> p1]},
  effects |-> {},
  everySendJournaled |-> TRUE,
  noOldAuthorization |-> TRUE,
  noTerminalEnqueue |-> TRUE,
  retriesUseOriginal |-> TRUE,
  lateExecution |-> FALSE ]

State 8: <Crash line 43, col 5 to line 46, col 46 of module DisasterRecovery>
s = [ epoch |-> 0,
  checkpoint |-> 2,
  marker |-> [epoch |-> 0, checkpoint |-> 2],
  run |-> 0,
  expectedRun |-> 0,
  owners |-> {},
  halt |-> none,
  attempts |-> {[id |-> i1, key |-> k1, payload |-> p1]},
  binding |-> (i1 :> k1 @@ i2 :> none),
  ledger |-> (i1 :> p1 @@ i2 :> none),
  state |-> (i1 :> "admitted" @@ i2 :> "absent"),
  acceptedEver |-> {[id |-> i1, payload |-> p1]},
  requiredEvidence |-> {[id |-> i1, key |-> k1, payload |-> p1]},
  terminalEver |-> {},
  recoveryQuarantine |-> {},
  writes |-> 2,
  ownerEpoch |-> (w1 :> 0 @@ w2 :> 0),
  pending |-> none,
  offline |-> "none",
  offlineAlive |-> FALSE,
  projection |-> {},
  permits |-> {},
  messages |-> {[id |-> i1, key |-> k1, payload |-> p1]},
  effects |-> {},
  everySendJournaled |-> TRUE,
  noOldAuthorization |-> TRUE,
  noTerminalEnqueue |-> TRUE,
  retriesUseOriginal |-> TRUE,
  lateExecution |-> FALSE ]

State 9: <Next line 176, col 47 to line 176, col 78 of module DisasterRecovery>
s = [ epoch |-> 0,
  checkpoint |-> 2,
  marker |-> [epoch |-> 0, checkpoint |-> 2],
  run |-> 0,
  expectedRun |-> 0,
  owners |-> {},
  halt |-> none,
  attempts |-> {[id |-> i1, key |-> k1, payload |-> p1]},
  binding |-> (i1 :> k1 @@ i2 :> none),
  ledger |-> (i1 :> p1 @@ i2 :> none),
  state |-> (i1 :> "admitted" @@ i2 :> "absent"),
  acceptedEver |-> {[id |-> i1, payload |-> p1]},
  requiredEvidence |-> {[id |-> i1, key |-> k1, payload |-> p1]},
  terminalEver |-> {},
  recoveryQuarantine |-> {},
  writes |-> 2,
  ownerEpoch |-> (w1 :> 0 @@ w2 :> 0),
  pending |-> none,
  offline |-> "none",
  offlineAlive |-> FALSE,
  projection |-> {},
  permits |-> {},
  messages |-> {[id |-> i1, key |-> k1, payload |-> p1]},
  effects |-> {[id |-> i1, key |-> k1, payload |-> p1]},
  everySendJournaled |-> TRUE,
  noOldAuthorization |-> TRUE,
  noTerminalEnqueue |-> TRUE,
  retriesUseOriginal |-> TRUE,
  lateExecution |-> FALSE ]

State 10: <RecoverBegin line 142, col 5 to line 151, col 94 of module DisasterRecovery>
s = [ epoch |-> 1,
  checkpoint |-> 0,
  marker |-> none,
  run |-> 0,
  expectedRun |-> 0,
  owners |-> {},
  halt |-> "recovery",
  attempts |-> {[id |-> i1, key |-> k1, payload |-> p1]},
  binding |-> (i1 :> none @@ i2 :> none),
  ledger |-> (i1 :> p1 @@ i2 :> none),
  state |-> (i1 :> "admitted" @@ i2 :> "absent"),
  acceptedEver |-> {[id |-> i1, payload |-> p1]},
  requiredEvidence |-> {[id |-> i1, key |-> k1, payload |-> p1]},
  terminalEver |-> {},
  recoveryQuarantine |-> {i1},
  writes |-> 2,
  ownerEpoch |-> (w1 :> 0 @@ w2 :> 0),
  pending |-> none,
  offline |-> "sql",
  offlineAlive |-> TRUE,
  projection |-> {},
  permits |-> {},
  messages |-> {[id |-> i1, key |-> k1, payload |-> p1]},
  effects |-> {[id |-> i1, key |-> k1, payload |-> p1]},
  everySendJournaled |-> TRUE,
  noOldAuthorization |-> TRUE,
  noTerminalEnqueue |-> TRUE,
  retriesUseOriginal |-> TRUE,
  lateExecution |-> FALSE ]

State 11: <RecoverPublish line 154, col 5 to line 155, col 62 of module DisasterRecovery>
s = [ epoch |-> 1,
  checkpoint |-> 0,
  marker |-> [epoch |-> 1, checkpoint |-> 0],
  run |-> 0,
  expectedRun |-> 0,
  owners |-> {},
  halt |-> "recovery",
  attempts |-> {[id |-> i1, key |-> k1, payload |-> p1]},
  binding |-> (i1 :> none @@ i2 :> none),
  ledger |-> (i1 :> p1 @@ i2 :> none),
  state |-> (i1 :> "admitted" @@ i2 :> "absent"),
  acceptedEver |-> {[id |-> i1, payload |-> p1]},
  requiredEvidence |-> {[id |-> i1, key |-> k1, payload |-> p1]},
  terminalEver |-> {},
  recoveryQuarantine |-> {i1},
  writes |-> 2,
  ownerEpoch |-> (w1 :> 0 @@ w2 :> 0),
  pending |-> none,
  offline |-> "redis",
  offlineAlive |-> TRUE,
  projection |-> {},
  permits |-> {},
  messages |-> {[id |-> i1, key |-> k1, payload |-> p1]},
  effects |-> {[id |-> i1, key |-> k1, payload |-> p1]},
  everySendJournaled |-> TRUE,
  noOldAuthorization |-> TRUE,
  noTerminalEnqueue |-> TRUE,
  retriesUseOriginal |-> TRUE,
  lateExecution |-> FALSE ]

State 12: <RecoverFinish line 157, col 5 to line 158, col 80 of module DisasterRecovery>
s = [ epoch |-> 1,
  checkpoint |-> 0,
  marker |-> [epoch |-> 1, checkpoint |-> 0],
  run |-> 0,
  expectedRun |-> 0,
  owners |-> {},
  halt |-> none,
  attempts |-> {[id |-> i1, key |-> k1, payload |-> p1]},
  binding |-> (i1 :> none @@ i2 :> none),
  ledger |-> (i1 :> p1 @@ i2 :> none),
  state |-> (i1 :> "admitted" @@ i2 :> "absent"),
  acceptedEver |-> {[id |-> i1, payload |-> p1]},
  requiredEvidence |-> {[id |-> i1, key |-> k1, payload |-> p1]},
  terminalEver |-> {},
  recoveryQuarantine |-> {i1},
  writes |-> 2,
  ownerEpoch |-> (w1 :> 0 @@ w2 :> 0),
  pending |-> none,
  offline |-> "none",
  offlineAlive |-> FALSE,
  projection |-> {},
  permits |-> {},
  messages |-> {[id |-> i1, key |-> k1, payload |-> p1]},
  effects |-> {[id |-> i1, key |-> k1, payload |-> p1]},
  everySendJournaled |-> TRUE,
  noOldAuthorization |-> TRUE,
  noTerminalEnqueue |-> TRUE,
  retriesUseOriginal |-> TRUE,
  lateExecution |-> FALSE ]

State 13: <Start line 35, col 5 to line 40, col 81 of module DisasterRecovery>
s = [ epoch |-> 1,
  checkpoint |-> 0,
  marker |-> [epoch |-> 1, checkpoint |-> 0],
  run |-> 0,
  expectedRun |-> 0,
  owners |-> {w1},
  halt |-> none,
  attempts |-> {[id |-> i1, key |-> k1, payload |-> p1]},
  binding |-> (i1 :> none @@ i2 :> none),
  ledger |-> (i1 :> p1 @@ i2 :> none),
  state |-> (i1 :> "admitted" @@ i2 :> "absent"),
  acceptedEver |-> {[id |-> i1, payload |-> p1]},
  requiredEvidence |-> {[id |-> i1, key |-> k1, payload |-> p1]},
  terminalEver |-> {},
  recoveryQuarantine |-> {i1},
  writes |-> 2,
  ownerEpoch |-> (w1 :> 1 @@ w2 :> 0),
  pending |-> none,
  offline |-> "none",
  offlineAlive |-> FALSE,
  projection |-> {},
  permits |-> {},
  messages |-> {[id |-> i1, key |-> k1, payload |-> p1]},
  effects |-> {[id |-> i1, key |-> k1, payload |-> p1]},
  everySendJournaled |-> TRUE,
  noOldAuthorization |-> TRUE,
  noTerminalEnqueue |-> TRUE,
  retriesUseOriginal |-> TRUE,
  lateExecution |-> FALSE ]

State 14: <AttemptCommit line 60, col 5 to line 69, col 80 of module DisasterRecovery>
s = [ epoch |-> 1,
  checkpoint |-> 1,
  marker |-> [epoch |-> 1, checkpoint |-> 0],
  run |-> 0,
  expectedRun |-> 0,
  owners |-> {w1},
  halt |-> none,
  attempts |->
      { [id |-> i1, key |-> k1, payload |-> p1],
        [id |-> i1, key |-> k2, payload |-> p1] },
  binding |-> (i1 :> k2 @@ i2 :> none),
  ledger |-> (i1 :> p1 @@ i2 :> none),
  state |-> (i1 :> "admitted" @@ i2 :> "absent"),
  acceptedEver |-> {[id |-> i1, payload |-> p1]},
  requiredEvidence |->
      { [id |-> i1, key |-> k1, payload |-> p1],
        [id |-> i1, key |-> k2, payload |-> p1] },
  terminalEver |-> {},
  recoveryQuarantine |-> {i1},
  writes |-> 3,
  ownerEpoch |-> (w1 :> 1 @@ w2 :> 0),
  pending |->
      [ id |-> i1,
        key |-> k2,
        payload |-> p1,
        worker |-> w1,
        kind |-> "attempt",
        old |-> [epoch |-> 1, checkpoint |-> 0] ],
  offline |-> "none",
  offlineAlive |-> FALSE,
  projection |-> {},
  permits |-> {},
  messages |-> {[id |-> i1, key |-> k1, payload |-> p1]},
  effects |-> {[id |-> i1, key |-> k1, payload |-> p1]},
  everySendJournaled |-> TRUE,
  noOldAuthorization |-> TRUE,
  noTerminalEnqueue |-> TRUE,
  retriesUseOriginal |-> TRUE,
  lateExecution |-> FALSE ]

State 15: <Mirror line 83, col 5 to line 92, col 70 of module DisasterRecovery>
s = [ epoch |-> 1,
  checkpoint |-> 1,
  marker |-> [epoch |-> 1, checkpoint |-> 1],
  run |-> 0,
  expectedRun |-> 0,
  owners |-> {w1},
  halt |-> none,
  attempts |->
      { [id |-> i1, key |-> k1, payload |-> p1],
        [id |-> i1, key |-> k2, payload |-> p1] },
  binding |-> (i1 :> k2 @@ i2 :> none),
  ledger |-> (i1 :> p1 @@ i2 :> none),
  state |-> (i1 :> "admitted" @@ i2 :> "absent"),
  acceptedEver |-> {[id |-> i1, payload |-> p1]},
  requiredEvidence |->
      { [id |-> i1, key |-> k1, payload |-> p1],
        [id |-> i1, key |-> k2, payload |-> p1] },
  terminalEver |-> {},
  recoveryQuarantine |-> {i1},
  writes |-> 3,
  ownerEpoch |-> (w1 :> 1 @@ w2 :> 0),
  pending |-> none,
  offline |-> "none",
  offlineAlive |-> FALSE,
  projection |-> {},
  permits |->
      { [ epoch |-> 1,
          attempt |-> [id |-> i1, key |-> k2, payload |-> p1],
          worker |-> w1 ] },
  messages |-> {[id |-> i1, key |-> k1, payload |-> p1]},
  effects |-> {[id |-> i1, key |-> k1, payload |-> p1]},
  everySendJournaled |-> TRUE,
  noOldAuthorization |-> TRUE,
  noTerminalEnqueue |-> TRUE,
  retriesUseOriginal |-> TRUE,
  lateExecution |-> FALSE ]

State 16: <Next line 176, col 13 to line 176, col 40 of module DisasterRecovery>
s = [ epoch |-> 1,
  checkpoint |-> 1,
  marker |-> [epoch |-> 1, checkpoint |-> 1],
  run |-> 0,
  expectedRun |-> 0,
  owners |-> {w1},
  halt |-> none,
  attempts |->
      { [id |-> i1, key |-> k1, payload |-> p1],
        [id |-> i1, key |-> k2, payload |-> p1] },
  binding |-> (i1 :> k2 @@ i2 :> none),
  ledger |-> (i1 :> p1 @@ i2 :> none),
  state |-> (i1 :> "admitted" @@ i2 :> "absent"),
  acceptedEver |-> {[id |-> i1, payload |-> p1]},
  requiredEvidence |->
      { [id |-> i1, key |-> k1, payload |-> p1],
        [id |-> i1, key |-> k2, payload |-> p1] },
  terminalEver |-> {},
  recoveryQuarantine |-> {i1},
  writes |-> 3,
  ownerEpoch |-> (w1 :> 1 @@ w2 :> 0),
  pending |-> none,
  offline |-> "none",
  offlineAlive |-> FALSE,
  projection |-> {},
  permits |-> {},
  messages |->
      { [id |-> i1, key |-> k1, payload |-> p1],
        [id |-> i1, key |-> k2, payload |-> p1] },
  effects |-> {[id |-> i1, key |-> k1, payload |-> p1]},
  everySendJournaled |-> TRUE,
  noOldAuthorization |-> TRUE,
  noTerminalEnqueue |-> TRUE,
  retriesUseOriginal |-> TRUE,
  lateExecution |-> FALSE ]

State 17: <Next line 176, col 47 to line 176, col 78 of module DisasterRecovery>
s = [ epoch |-> 1,
  checkpoint |-> 1,
  marker |-> [epoch |-> 1, checkpoint |-> 1],
  run |-> 0,
  expectedRun |-> 0,
  owners |-> {w1},
  halt |-> none,
  attempts |->
      { [id |-> i1, key |-> k1, payload |-> p1],
        [id |-> i1, key |-> k2, payload |-> p1] },
  binding |-> (i1 :> k2 @@ i2 :> none),
  ledger |-> (i1 :> p1 @@ i2 :> none),
  state |-> (i1 :> "admitted" @@ i2 :> "absent"),
  acceptedEver |-> {[id |-> i1, payload |-> p1]},
  requiredEvidence |->
      { [id |-> i1, key |-> k1, payload |-> p1],
        [id |-> i1, key |-> k2, payload |-> p1] },
  terminalEver |-> {},
  recoveryQuarantine |-> {i1},
  writes |-> 3,
  ownerEpoch |-> (w1 :> 1 @@ w2 :> 0),
  pending |-> none,
  offline |-> "none",
  offlineAlive |-> FALSE,
  projection |-> {},
  permits |-> {},
  messages |->
      { [id |-> i1, key |-> k1, payload |-> p1],
        [id |-> i1, key |-> k2, payload |-> p1] },
  effects |->
      { [id |-> i1, key |-> k1, payload |-> p1],
        [id |-> i1, key |-> k2, payload |-> p1] },
  everySendJournaled |-> TRUE,
  noOldAuthorization |-> TRUE,
  noTerminalEnqueue |-> TRUE,
  retriesUseOriginal |-> TRUE,
  lateExecution |-> FALSE ]

The coverage statistics at 2026-09-26 19:10:35
<Init line 22, col 1 to line 22, col 4 of module DisasterRecovery>: 2:2
  line 22, col 9 to line 32, col 85 of module DisasterRecovery: 2
<Start line 34, col 1 to line 34, col 8 of module DisasterRecovery>: 20914:110860
  line 35, col 8 to line 35, col 24 of module DisasterRecovery: 514563
  |line 35, col 8 to line 35, col 8 of module DisasterRecovery: 403703
  |line 35, col 17 to line 35, col 24 of module DisasterRecovery: 403703
  line 36, col 9 to line 36, col 21 of module DisasterRecovery: 371042
  |line 36, col 9 to line 36, col 16 of module DisasterRecovery: 260182
  |line 36, col 20 to line 36, col 21 of module DisasterRecovery: 260182
  line 36, col 26 to line 36, col 40 of module DisasterRecovery: 227522
  |line 36, col 27 to line 36, col 40 of module DisasterRecovery: 116662
  line 37, col 11 to line 37, col 37 of module DisasterRecovery: 110860
  |line 37, col 11 to line 37, col 23 of module DisasterRecovery: 110860
  |line 37, col 28 to line 37, col 37 of module DisasterRecovery: 63684
  ||line 17, col 15 to line 17, col 57 of module DisasterRecovery: 63684
  |||line 17, col 15 to line 17, col 32 of module DisasterRecovery: 63684
  |||line 17, col 37 to line 17, col 57 of module DisasterRecovery: 23500
  line 38, col 13 to line 38, col 76 of module DisasterRecovery: 17148
  line 39, col 13 to line 40, col 81 of module DisasterRecovery: 93712
  |line 39, col 18 to line 40, col 81 of module DisasterRecovery: 93712
  ||line 39, col 19 to line 39, col 19 of module DisasterRecovery: 93712
  ||line 39, col 37 to line 40, col 80 of module DisasterRecovery: 93712
  |||line 39, col 40 to line 39, col 52 of module DisasterRecovery: 93712
  |||line 39, col 59 to line 39, col 64 of module DisasterRecovery: 47176
  |||line 40, col 27 to line 40, col 80 of module DisasterRecovery: 46536
<Crash line 42, col 1 to line 42, col 8 of module DisasterRecovery>: 24056:143521
  line 43, col 8 to line 43, col 21 of module DisasterRecovery: 547222
  |line 43, col 8 to line 43, col 8 of module DisasterRecovery: 403701
  |line 43, col 14 to line 43, col 21 of module DisasterRecovery: 403701
  line 44, col 8 to line 46, col 46 of module DisasterRecovery: 143521
  |line 44, col 13 to line 46, col 46 of module DisasterRecovery: 143521
  ||line 44, col 14 to line 44, col 14 of module DisasterRecovery: 143521
  ||line 44, col 23 to line 44, col 40 of module DisasterRecovery: 143521
  ||line 45, col 22 to line 45, col 81 of module DisasterRecovery: 143521
  |||line 45, col 25 to line 45, col 64 of module DisasterRecovery: 143521
  ||||line 45, col 25 to line 45, col 40 of module DisasterRecovery: 143521
  ||||line 45, col 45 to line 45, col 64 of module DisasterRecovery: 55170
  |||line 45, col 71 to line 45, col 74 of module DisasterRecovery: 55170
  ||line 46, col 22 to line 46, col 45 of module DisasterRecovery: 143521:34897
  |||line 46, col 33 to line 46, col 44 of module DisasterRecovery: 49579
<Admit line 50, col 1 to line 50, col 21 of module DisasterRecovery>: 7100:9873
  line 18, col 15 to line 18, col 28 of module DisasterRecovery: 1624666
  |line 18, col 15 to line 18, col 15 of module DisasterRecovery: 1614793
  |line 18, col 21 to line 18, col 28 of module DisasterRecovery: 1614793
  line 18, col 33 to line 18, col 45 of module DisasterRecovery: 583950
  |line 18, col 33 to line 18, col 38 of module DisasterRecovery: 574077
  |line 18, col 42 to line 18, col 45 of module DisasterRecovery: 574077
  line 17, col 15 to line 17, col 32 of module DisasterRecovery: 420230
  |line 17, col 15 to line 17, col 22 of module DisasterRecovery: 410357
  |line 17, col 26 to line 17, col 32 of module DisasterRecovery: 410357
  line 17, col 37 to line 17, col 57 of module DisasterRecovery: 133578
  |line 17, col 37 to line 17, col 41 of module DisasterRecovery: 123705
  |line 17, col 45 to line 17, col 57 of module DisasterRecovery: 123705
  line 51, col 16 to line 51, col 16 of module DisasterRecovery: 1614793
  line 51, col 22 to line 51, col 37 of module DisasterRecovery: 99346
  |line 51, col 22 to line 51, col 30 of module DisasterRecovery: 89473
  |line 51, col 34 to line 51, col 37 of module DisasterRecovery: 89473
  line 51, col 42 to line 51, col 61 of module DisasterRecovery: 9873
  |line 51, col 42 to line 51, col 49 of module DisasterRecovery: 89473
  |line 51, col 53 to line 51, col 61 of module DisasterRecovery: 89473
  line 52, col 8 to line 52, col 26 of module DisasterRecovery: 58706
  |line 52, col 8 to line 52, col 19 of module DisasterRecovery: 48833
  |line 52, col 23 to line 52, col 26 of module DisasterRecovery: 48833
  line 53, col 8 to line 57, col 74 of module DisasterRecovery: 9873
<AttemptCommit line 59, col 1 to line 59, col 25 of module DisasterRecovery>: 18392:39256
  line 18, col 15 to line 18, col 28 of module DisasterRecovery: 1638913
  |line 18, col 15 to line 18, col 15 of module DisasterRecovery: 1614782
  |line 18, col 21 to line 18, col 28 of module DisasterRecovery: 1614782
  line 18, col 33 to line 18, col 45 of module DisasterRecovery: 598203
  |line 18, col 33 to line 18, col 38 of module DisasterRecovery: 574072
  |line 18, col 42 to line 18, col 45 of module DisasterRecovery: 574072
  line 17, col 15 to line 17, col 32 of module DisasterRecovery: 434483
  |line 17, col 15 to line 17, col 22 of module DisasterRecovery: 410352
  |line 17, col 26 to line 17, col 32 of module DisasterRecovery: 410352
  line 17, col 37 to line 17, col 57 of module DisasterRecovery: 147831
  |line 17, col 37 to line 17, col 41 of module DisasterRecovery: 123700
  |line 17, col 45 to line 17, col 57 of module DisasterRecovery: 123700
  line 60, col 16 to line 60, col 16 of module DisasterRecovery: 1614782
  line 60, col 22 to line 60, col 37 of module DisasterRecovery: 113599
  |line 60, col 22 to line 60, col 30 of module DisasterRecovery: 89468
  |line 60, col 34 to line 60, col 37 of module DisasterRecovery: 89468
  line 60, col 42 to line 60, col 61 of module DisasterRecovery: 24131
  |line 60, col 42 to line 60, col 49 of module DisasterRecovery: 89468
  |line 60, col 53 to line 60, col 61 of module DisasterRecovery: 89468
  line 61, col 8 to line 61, col 31 of module DisasterRecovery: 72959
  |line 61, col 8 to line 61, col 18 of module DisasterRecovery: 48828
  line 61, col 36 to line 61, col 54 of module DisasterRecovery: 62516
  |line 61, col 36 to line 61, col 47 of module DisasterRecovery: 38385
  |line 61, col 51 to line 61, col 54 of module DisasterRecovery: 38385
  line 62, col 8 to line 62, col 36 of module DisasterRecovery: 62516
  |line 62, col 8 to line 62, col 20 of module DisasterRecovery: 38385
  |line 62, col 26 to line 62, col 36 of module DisasterRecovery: 38385
  line 20, col 40 to line 20, col 49 of module DisasterRecovery: 90470
  |line 20, col 40 to line 20, col 44 of module DisasterRecovery: 66339
  |line 20, col 48 to line 20, col 49 of module DisasterRecovery: 66339
  line 20, col 54 to line 20, col 75 of module DisasterRecovery: 113176
  |line 20, col 54 to line 20, col 69 of module DisasterRecovery: 66339
  |line 20, col 73 to line 20, col 75 of module DisasterRecovery: 66339
  line 20, col 34 to line 20, col 36 of module DisasterRecovery: 29379
  line 63, col 16 to line 63, col 18 of module DisasterRecovery: 29379
  line 63, col 21 to line 63, col 22 of module DisasterRecovery: 29379
  line 65, col 11 to line 69, col 80 of module DisasterRecovery: 39256
<TerminalCommit line 71, col 1 to line 71, col 21 of module DisasterRecovery>: 2541:2544
  line 18, col 15 to line 18, col 28 of module DisasterRecovery: 809932
  |line 18, col 15 to line 18, col 15 of module DisasterRecovery: 807388
  |line 18, col 21 to line 18, col 28 of module DisasterRecovery: 807388
  line 18, col 33 to line 18, col 45 of module DisasterRecovery: 289578
  |line 18, col 33 to line 18, col 38 of module DisasterRecovery: 287034
  |line 18, col 42 to line 18, col 45 of module DisasterRecovery: 287034
  line 17, col 15 to line 17, col 32 of module DisasterRecovery: 207718
  |line 17, col 15 to line 17, col 22 of module DisasterRecovery: 205174
  |line 17, col 26 to line 17, col 32 of module DisasterRecovery: 205174
  line 17, col 37 to line 17, col 57 of module DisasterRecovery: 64392
  |line 17, col 37 to line 17, col 41 of module DisasterRecovery: 61848
  |line 17, col 45 to line 17, col 57 of module DisasterRecovery: 61848
  line 72, col 16 to line 72, col 16 of module DisasterRecovery: 807388
  line 72, col 22 to line 72, col 37 of module DisasterRecovery: 47276
  |line 72, col 22 to line 72, col 30 of module DisasterRecovery: 44732
  |line 72, col 34 to line 72, col 37 of module DisasterRecovery: 44732
  line 72, col 42 to line 72, col 61 of module DisasterRecovery: 2544
  |line 72, col 42 to line 72, col 49 of module DisasterRecovery: 44732
  |line 72, col 53 to line 72, col 61 of module DisasterRecovery: 44732
  line 73, col 8 to line 73, col 50 of module DisasterRecovery: 26956
  |line 73, col 8 to line 73, col 18 of module DisasterRecovery: 24412
  |line 73, col 24 to line 73, col 50 of module DisasterRecovery: 24412
  line 76, col 30 to line 76, col 38 of module DisasterRecovery: 6408
  |line 76, col 30 to line 76, col 33 of module DisasterRecovery: 3864
  |line 76, col 37 to line 76, col 38 of module DisasterRecovery: 3864
  line 76, col 72 to line 76, col 87 of module DisasterRecovery: 5088
  |line 76, col 72 to line 76, col 72 of module DisasterRecovery: 2544
  |line 76, col 78 to line 76, col 87 of module DisasterRecovery: 2544
  line 76, col 17 to line 76, col 25 of module DisasterRecovery: 19191
  line 77, col 8 to line 80, col 79 of module DisasterRecovery: 2544
<Mirror line 82, col 1 to line 82, col 6 of module DisasterRecovery>: 36297:55170
  line 83, col 8 to line 83, col 23 of module DisasterRecovery: 257012
  |line 83, col 8 to line 83, col 16 of module DisasterRecovery: 201842
  |line 83, col 20 to line 83, col 23 of module DisasterRecovery: 201842
  line 83, col 28 to line 83, col 56 of module DisasterRecovery: 110340
  |line 83, col 28 to line 83, col 43 of module DisasterRecovery: 55170
  |line 83, col 49 to line 83, col 56 of module DisasterRecovery: 55170
  line 87, col 14 to line 87, col 71 of module DisasterRecovery: 55170
  |line 87, col 14 to line 87, col 54 of module DisasterRecovery: 55170
  ||line 87, col 14 to line 87, col 29 of module DisasterRecovery: 55170
  ||line 87, col 34 to line 87, col 54 of module DisasterRecovery: 34905
  |line 87, col 59 to line 87, col 71 of module DisasterRecovery: 25104
  line 88, col 16 to line 91, col 75 of module DisasterRecovery: 25104
  |line 88, col 21 to line 91, col 75 of module DisasterRecovery: 25104
  ||line 88, col 22 to line 88, col 22 of module DisasterRecovery: 25104
  ||line 88, col 31 to line 88, col 48 of module DisasterRecovery: 25104
  ||line 88, col 51 to line 88, col 66 of module DisasterRecovery: 25104
  ||line 89, col 27 to line 89, col 82 of module DisasterRecovery: 25104
  |||line 89, col 30 to line 89, col 47 of module DisasterRecovery: 25104
  |||line 89, col 54 to line 89, col 75 of module DisasterRecovery: 16432
  ||line 90, col 38 to line 91, col 74 of module DisasterRecovery: 25104
  |||line 91, col 20 to line 91, col 73 of module DisasterRecovery: 25104
  ||||line 91, col 20 to line 91, col 37 of module DisasterRecovery: 25104
  ||||line 91, col 42 to line 91, col 73 of module DisasterRecovery: 16432
  line 92, col 16 to line 92, col 70 of module DisasterRecovery: 30066
<Enqueue line 96, col 1 to line 96, col 25 of module DisasterRecovery>: 3094:75238
  line 18, col 15 to line 18, col 28 of module DisasterRecovery: 1690030
  |line 18, col 15 to line 18, col 15 of module DisasterRecovery: 1614792
  |line 18, col 21 to line 18, col 28 of module DisasterRecovery: 1614792
  line 18, col 33 to line 18, col 45 of module DisasterRecovery: 649314
  |line 18, col 33 to line 18, col 38 of module DisasterRecovery: 574076
  |line 18, col 42 to line 18, col 45 of module DisasterRecovery: 574076
  line 17, col 15 to line 17, col 32 of module DisasterRecovery: 485594
  |line 17, col 15 to line 17, col 22 of module DisasterRecovery: 410356
  |line 17, col 26 to line 17, col 32 of module DisasterRecovery: 410356
  line 17, col 37 to line 17, col 57 of module DisasterRecovery: 198942
  |line 17, col 37 to line 17, col 41 of module DisasterRecovery: 123704
  |line 17, col 45 to line 17, col 57 of module DisasterRecovery: 123704
  line 97, col 16 to line 97, col 16 of module DisasterRecovery: 1614792
  line 97, col 22 to line 97, col 37 of module DisasterRecovery: 164710
  |line 97, col 22 to line 97, col 30 of module DisasterRecovery: 89472
  |line 97, col 34 to line 97, col 37 of module DisasterRecovery: 89472
  line 97, col 42 to line 97, col 65 of module DisasterRecovery: 164710
  |line 97, col 42 to line 97, col 52 of module DisasterRecovery: 89472
  line 98, col 8 to line 98, col 26 of module DisasterRecovery: 150476
  |line 98, col 8 to line 98, col 19 of module DisasterRecovery: 75238
  |line 98, col 23 to line 98, col 26 of module DisasterRecovery: 75238
  line 98, col 31 to line 98, col 52 of module DisasterRecovery: 150476
  |line 98, col 31 to line 98, col 39 of module DisasterRecovery: 75238
  |line 98, col 45 to line 98, col 52 of module DisasterRecovery: 75238
  line 100, col 11 to line 102, col 63 of module DisasterRecovery: 75238
<UnjournaledSend line 111, col 1 to line 111, col 27 of module DisasterRecovery>: 0:0
  line 114, col 11 to line 115, col 56 of module DisasterRecovery: 0
<RedisLoss line 125, col 1 to line 125, col 9 of module DisasterRecovery>: 36419:201839
  line 125, col 14 to line 125, col 63 of module DisasterRecovery: 201839
<RedisRollback line 126, col 1 to line 126, col 13 of module DisasterRecovery>: 28080:185193
  line 126, col 18 to line 126, col 33 of module DisasterRecovery: 185193
  |line 126, col 18 to line 126, col 29 of module DisasterRecovery: 201839
  line 127, col 5 to line 127, col 67 of module DisasterRecovery: 185193
<RedisRestart line 128, col 1 to line 128, col 12 of module DisasterRecovery>: 71574:80518
  line 128, col 17 to line 128, col 25 of module DisasterRecovery: 282357
  |line 128, col 17 to line 128, col 21 of module DisasterRecovery: 201839
  line 128, col 30 to line 128, col 54 of module DisasterRecovery: 80518
<RepairMarker line 129, col 1 to line 129, col 12 of module DisasterRecovery>: 21854:62030
  line 129, col 17 to line 129, col 52 of module DisasterRecovery: 263869
  |line 129, col 17 to line 129, col 22 of module DisasterRecovery: 201839
  |line 129, col 28 to line 129, col 52 of module DisasterRecovery: 201839
  line 130, col 5 to line 130, col 38 of module DisasterRecovery: 62030
<DetectMismatch line 132, col 1 to line 132, col 14 of module DisasterRecovery>: 15141:25051
  line 133, col 8 to line 133, col 20 of module DisasterRecovery: 226890
  |line 133, col 8 to line 133, col 15 of module DisasterRecovery: 201839
  |line 133, col 19 to line 133, col 20 of module DisasterRecovery: 201839
  line 133, col 25 to line 133, col 40 of module DisasterRecovery: 168561
  |line 133, col 25 to line 133, col 33 of module DisasterRecovery: 143510
  |line 133, col 37 to line 133, col 40 of module DisasterRecovery: 143510
  line 133, col 45 to line 133, col 57 of module DisasterRecovery: 113394
  |line 133, col 45 to line 133, col 50 of module DisasterRecovery: 88343
  |line 133, col 54 to line 133, col 57 of module DisasterRecovery: 88343
  line 133, col 62 to line 133, col 72 of module DisasterRecovery: 72464
  |line 133, col 63 to line 133, col 72 of module DisasterRecovery: 47413
  ||line 17, col 15 to line 17, col 57 of module DisasterRecovery: 47413
  |||line 17, col 15 to line 17, col 32 of module DisasterRecovery: 47413
  |||line 17, col 37 to line 17, col 57 of module DisasterRecovery: 30920
  line 134, col 8 to line 134, col 86 of module DisasterRecovery: 25051
<Reattach line 136, col 1 to line 136, col 8 of module DisasterRecovery>: 1079:13858
  line 137, col 8 to line 137, col 20 of module DisasterRecovery: 215697
  |line 137, col 8 to line 137, col 15 of module DisasterRecovery: 201839
  |line 137, col 19 to line 137, col 20 of module DisasterRecovery: 201839
  line 137, col 25 to line 137, col 39 of module DisasterRecovery: 72187
  |line 137, col 26 to line 137, col 39 of module DisasterRecovery: 58329
  line 137, col 44 to line 137, col 59 of module DisasterRecovery: 69286
  |line 137, col 44 to line 137, col 52 of module DisasterRecovery: 55428
  |line 137, col 56 to line 137, col 59 of module DisasterRecovery: 55428
  line 138, col 8 to line 138, col 35 of module DisasterRecovery: 69286
  |line 138, col 8 to line 138, col 13 of module DisasterRecovery: 55428
  |line 138, col 19 to line 138, col 35 of module DisasterRecovery: 55428
  line 138, col 40 to line 138, col 57 of module DisasterRecovery: 48983
  |line 138, col 40 to line 138, col 47 of module DisasterRecovery: 35125
  |line 138, col 51 to line 138, col 57 of module DisasterRecovery: 35125
  line 139, col 8 to line 139, col 59 of module DisasterRecovery: 13858
<RecoverBegin line 141, col 1 to line 141, col 12 of module DisasterRecovery>: 566:13882
  line 142, col 9 to line 142, col 21 of module DisasterRecovery: 215721
  |line 142, col 9 to line 142, col 16 of module DisasterRecovery: 201839
  |line 142, col 20 to line 142, col 21 of module DisasterRecovery: 201839
  line 142, col 26 to line 142, col 40 of module DisasterRecovery: 72211
  |line 142, col 27 to line 142, col 40 of module DisasterRecovery: 58329
  line 143, col 8 to line 143, col 23 of module DisasterRecovery: 69310
  |line 143, col 8 to line 143, col 16 of module DisasterRecovery: 55428
  |line 143, col 20 to line 143, col 23 of module DisasterRecovery: 55428
  line 143, col 28 to line 143, col 38 of module DisasterRecovery: 69310
  |line 143, col 28 to line 143, col 34 of module DisasterRecovery: 55428
  line 144, col 8 to line 151, col 94 of module DisasterRecovery: 13882
  |line 144, col 13 to line 151, col 94 of module DisasterRecovery: 13882
  ||line 144, col 14 to line 144, col 14 of module DisasterRecovery: 13882
  ||line 145, col 10 to line 147, col 51 of module DisasterRecovery: 13882
  ||line 148, col 10 to line 148, col 76 of module DisasterRecovery: 13882
  ||line 149, col 33 to line 149, col 88 of module DisasterRecovery: 13882:7688
  |||line 149, col 47 to line 149, col 87 of module DisasterRecovery: 27764
  ||||line 149, col 47 to line 149, col 59 of module DisasterRecovery: 27764
  |||||line 19, col 18 to line 19, col 48 of module DisasterRecovery: 27764
  ||||||line 19, col 40 to line 19, col 48 of module DisasterRecovery: 30060
  ||||||line 19, col 27 to line 19, col 36 of module DisasterRecovery: 27764
  |||||line 149, col 57 to line 149, col 58 of module DisasterRecovery: 27080
  ||||line 149, col 64 to line 149, col 87 of module DisasterRecovery: 16520
  |||line 149, col 41 to line 149, col 43 of module DisasterRecovery: 13882
  ||line 150, col 41 to line 150, col 55 of module DisasterRecovery: 13882
  ||line 150, col 58 to line 150, col 74 of module DisasterRecovery: 13882
  ||line 151, col 10 to line 151, col 30 of module DisasterRecovery: 13882
  ||line 151, col 73 to line 151, col 93 of module DisasterRecovery: 13882
<RecoverPublish line 153, col 1 to line 153, col 14 of module DisasterRecovery>: 1059:1060
  line 154, col 8 to line 154, col 24 of module DisasterRecovery: 202898
  |line 154, col 8 to line 154, col 16 of module DisasterRecovery: 201838
  line 154, col 29 to line 154, col 42 of module DisasterRecovery: 3115
  |line 154, col 29 to line 154, col 29 of module DisasterRecovery: 2055
  line 154, col 47 to line 154, col 61 of module DisasterRecovery: 2120
  |line 154, col 47 to line 154, col 54 of module DisasterRecovery: 1060
  |line 154, col 58 to line 154, col 61 of module DisasterRecovery: 1060
  line 155, col 8 to line 155, col 62 of module DisasterRecovery: 1060
<RecoverFinish line 156, col 1 to line 156, col 13 of module DisasterRecovery>: 670:671
  line 157, col 8 to line 157, col 26 of module DisasterRecovery: 202508
  |line 157, col 8 to line 157, col 16 of module DisasterRecovery: 201837
  line 157, col 31 to line 157, col 44 of module DisasterRecovery: 4005
  |line 157, col 31 to line 157, col 31 of module DisasterRecovery: 3334
  line 17, col 15 to line 17, col 32 of module DisasterRecovery: 2512
  |line 17, col 15 to line 17, col 22 of module DisasterRecovery: 1841
  |line 17, col 26 to line 17, col 32 of module DisasterRecovery: 1841
  line 17, col 37 to line 17, col 57 of module DisasterRecovery: 1667
  |line 17, col 37 to line 17, col 41 of module DisasterRecovery: 996
  |line 17, col 45 to line 17, col 57 of module DisasterRecovery: 996
  line 158, col 8 to line 158, col 80 of module DisasterRecovery: 671
<RecoveryCrash line 159, col 1 to line 159, col 13 of module DisasterRecovery>: 2899:2899
  line 160, col 8 to line 160, col 21 of module DisasterRecovery: 204735
  |line 160, col 8 to line 160, col 8 of module DisasterRecovery: 201836
  line 161, col 8 to line 161, col 45 of module DisasterRecovery: 2899
<AuthorityRollback line 165, col 1 to line 165, col 17 of module DisasterRecovery>: 0:0
  line 167, col 8 to line 170, col 60 of module DisasterRecovery: 0
<Next line 172, col 1 to line 172, col 4 of module DisasterRecovery (176 13 176 40)>: 11305:49579
  line 105, col 8 to line 105, col 22 of module DisasterRecovery: 99158
  |line 105, col 8 to line 105, col 8 of module DisasterRecovery: 49579
  |line 105, col 14 to line 105, col 22 of module DisasterRecovery: 49579
  line 105, col 27 to line 105, col 47 of module DisasterRecovery: 99158
  |line 105, col 27 to line 105, col 34 of module DisasterRecovery: 49579
  |line 105, col 40 to line 105, col 47 of module DisasterRecovery: 49579
  line 108, col 8 to line 109, col 62 of module DisasterRecovery: 49579
  line 176, col 39 to line 176, col 39 of module DisasterRecovery: 49579
  line 176, col 22 to line 176, col 30 of module DisasterRecovery: 201847
<Next line 172, col 1 to line 172, col 4 of module DisasterRecovery (176 47 176 78)>: 17203:48838
  line 121, col 8 to line 121, col 23 of module DisasterRecovery: 146371
  |line 121, col 8 to line 121, col 8 of module DisasterRecovery: 97534
  |line 121, col 14 to line 121, col 23 of module DisasterRecovery: 97534
  line 122, col 8 to line 122, col 46 of module DisasterRecovery: 146371
  |line 122, col 9 to line 122, col 46 of module DisasterRecovery: 97534
  ||line 122, col 32 to line 122, col 46 of module DisasterRecovery: 49858
  ||line 122, col 20 to line 122, col 28 of module DisasterRecovery: 97534
  line 123, col 8 to line 123, col 83 of module DisasterRecovery: 48837
  |line 123, col 13 to line 123, col 83 of module DisasterRecovery: 48838
  ||line 123, col 14 to line 123, col 14 of module DisasterRecovery: 48838
  ||line 123, col 23 to line 123, col 44 of module DisasterRecovery: 48838
  ||line 123, col 65 to line 123, col 82 of module DisasterRecovery: 48838
  |||line 123, col 70 to line 123, col 82 of module DisasterRecovery: 48614
  line 176, col 77 to line 176, col 77 of module DisasterRecovery: 97534
  line 176, col 56 to line 176, col 65 of module DisasterRecovery: 201845
<TypeOK line 182, col 1 to line 182, col 6 of module DisasterRecovery>
  line 183, col 5 to line 198, col 34 of module DisasterRecovery: 320244
<AtMostOneEffectPerId line 207, col 1 to line 207, col 20 of module DisasterRecovery>
  line 207, col 25 to line 207, col 75 of module DisasterRecovery: 320244
  |line 207, col 48 to line 207, col 75 of module DisasterRecovery: 88361
  ||line 207, col 48 to line 207, col 58 of module DisasterRecovery: 88361
  ||line 207, col 63 to line 207, col 75 of module DisasterRecovery: 87377
  |line 207, col 36 to line 207, col 44 of module DisasterRecovery: 320244
End of statistics.
1121815 states generated, 320244 distinct states found, 118406 states left on queue.
The depth of the complete state graph search is 17.
The average outdegree of the complete state graph is 2 (minimum is 0, the maximum 11 and the 95th percentile is 5).
Finished in 06s at (2026-09-26 19:10:35)
