TLC2 Version 2.19 of 08 August 2024 (rev: 5a47802)
Running breadth-first search Model-Checking with fp 0 and seed 1 with 1 worker on 10 cores with 1820MB heap and 64MB offheap memory [pid: 33745] (Mac OS X 26.6.2 aarch64, Eclipse Adoptium 21.0.12.1 x86_64, MSBDiskFPSet, DiskStateQueue).
Parsing file /Users/alfongj/Code/engine-core/formal/tla/DisasterRecovery.tla
Parsing file /private/var/folders/ky/s5xblf5j3515d6h6ss25z3w80000gn/T/Naturals.tla
Parsing file /private/var/folders/ky/s5xblf5j3515d6h6ss25z3w80000gn/T/FiniteSets.tla
Parsing file /private/var/folders/ky/s5xblf5j3515d6h6ss25z3w80000gn/T/Sequences.tla
Semantic processing of module Naturals
Semantic processing of module Sequences
Semantic processing of module FiniteSets
Semantic processing of module DisasterRecovery
Starting... (2026-09-26 16:57:13)
Computing initial states...
Finished computing initial states: 1 distinct state generated at 2026-09-26 16:57:13.
Progress(15) at 2026-09-26 16:57:16: 459,971 states generated (459,971 s/min), 131,676 distinct states found (131,676 ds/min), 48,133 states left on queue.
Model checking completed. No error has been found.
  Estimates of the probability that TLC did not check all reachable states
  because two distinct states had the same fingerprint:
  calculated (optimistic):  val = 1.1E-7
  based on the actual fingerprints:  val = 1.2E-8
The coverage statistics at 2026-09-26 16:57:34
<Init line 22, col 1 to line 22, col 4 of module DisasterRecovery>: 1:1
  line 22, col 9 to line 32, col 85 of module DisasterRecovery: 1
<Start line 34, col 1 to line 34, col 8 of module DisasterRecovery>: 56563:490278
  line 35, col 8 to line 35, col 24 of module DisasterRecovery: 1888262
  |line 35, col 8 to line 35, col 8 of module DisasterRecovery: 1397984
  |line 35, col 17 to line 35, col 24 of module DisasterRecovery: 1397984
  line 36, col 9 to line 36, col 21 of module DisasterRecovery: 1437898
  |line 36, col 9 to line 36, col 16 of module DisasterRecovery: 947620
  |line 36, col 20 to line 36, col 21 of module DisasterRecovery: 947620
  line 36, col 26 to line 36, col 40 of module DisasterRecovery: 987534
  |line 36, col 27 to line 36, col 40 of module DisasterRecovery: 497256
  line 37, col 11 to line 37, col 37 of module DisasterRecovery: 490278
  |line 37, col 11 to line 37, col 23 of module DisasterRecovery: 490278
  |line 37, col 28 to line 37, col 37 of module DisasterRecovery: 210988
  ||line 17, col 15 to line 17, col 57 of module DisasterRecovery: 210988
  |||line 17, col 15 to line 17, col 32 of module DisasterRecovery: 210988
  |||line 17, col 37 to line 17, col 57 of module DisasterRecovery: 95710
  line 38, col 13 to line 38, col 76 of module DisasterRecovery: 66964
  line 39, col 13 to line 40, col 81 of module DisasterRecovery: 423314
  |line 39, col 18 to line 40, col 81 of module DisasterRecovery: 423314
  ||line 39, col 19 to line 39, col 19 of module DisasterRecovery: 423314
  ||line 39, col 37 to line 40, col 80 of module DisasterRecovery: 423314
  |||line 39, col 40 to line 39, col 52 of module DisasterRecovery: 423314
  |||line 39, col 59 to line 39, col 64 of module DisasterRecovery: 279290
  |||line 40, col 27 to line 40, col 80 of module DisasterRecovery: 144024
<Crash line 42, col 1 to line 42, col 8 of module DisasterRecovery>: 38854:450364
  line 43, col 8 to line 43, col 21 of module DisasterRecovery: 1848348
  |line 43, col 8 to line 43, col 8 of module DisasterRecovery: 1397984
  |line 43, col 14 to line 43, col 21 of module DisasterRecovery: 1397984
  line 44, col 8 to line 46, col 46 of module DisasterRecovery: 450364
  |line 44, col 13 to line 46, col 46 of module DisasterRecovery: 450364
  ||line 44, col 14 to line 44, col 14 of module DisasterRecovery: 450364
  ||line 44, col 23 to line 44, col 40 of module DisasterRecovery: 450364
  ||line 45, col 22 to line 45, col 81 of module DisasterRecovery: 450364
  |||line 45, col 25 to line 45, col 64 of module DisasterRecovery: 450364
  ||||line 45, col 25 to line 45, col 40 of module DisasterRecovery: 450364
  ||||line 45, col 45 to line 45, col 64 of module DisasterRecovery: 97680
  |||line 45, col 71 to line 45, col 74 of module DisasterRecovery: 97680
  ||line 46, col 22 to line 46, col 45 of module DisasterRecovery: 450364:50000
  |||line 46, col 33 to line 46, col 44 of module DisasterRecovery: 128944
<Admit line 50, col 1 to line 50, col 21 of module DisasterRecovery>: 7600:10160
  line 18, col 15 to line 18, col 28 of module DisasterRecovery: 5602096
  |line 18, col 15 to line 18, col 15 of module DisasterRecovery: 5591936
  |line 18, col 21 to line 18, col 28 of module DisasterRecovery: 5591936
  line 18, col 33 to line 18, col 45 of module DisasterRecovery: 1811616
  |line 18, col 33 to line 18, col 38 of module DisasterRecovery: 1801456
  |line 18, col 42 to line 18, col 45 of module DisasterRecovery: 1801456
  line 17, col 15 to line 17, col 32 of module DisasterRecovery: 1028032
  |line 17, col 15 to line 17, col 22 of module DisasterRecovery: 1017872
  |line 17, col 26 to line 17, col 32 of module DisasterRecovery: 1017872
  line 17, col 37 to line 17, col 57 of module DisasterRecovery: 385208
  |line 17, col 37 to line 17, col 41 of module DisasterRecovery: 375048
  |line 17, col 45 to line 17, col 57 of module DisasterRecovery: 375048
  line 51, col 16 to line 51, col 16 of module DisasterRecovery: 5591936
  line 51, col 22 to line 51, col 37 of module DisasterRecovery: 271968
  |line 51, col 22 to line 51, col 30 of module DisasterRecovery: 261808
  |line 51, col 34 to line 51, col 37 of module DisasterRecovery: 261808
  line 51, col 42 to line 51, col 61 of module DisasterRecovery: 10160
  |line 51, col 42 to line 51, col 49 of module DisasterRecovery: 261808
  |line 51, col 53 to line 51, col 61 of module DisasterRecovery: 261808
  line 52, col 8 to line 52, col 26 of module DisasterRecovery: 72672
  |line 52, col 8 to line 52, col 19 of module DisasterRecovery: 62512
  |line 52, col 23 to line 52, col 26 of module DisasterRecovery: 62512
  line 53, col 8 to line 57, col 74 of module DisasterRecovery: 10160
<AttemptCommit line 59, col 1 to line 59, col 25 of module DisasterRecovery>: 15520:36192
  line 18, col 15 to line 18, col 28 of module DisasterRecovery: 5615904
  |line 18, col 15 to line 18, col 15 of module DisasterRecovery: 5591936
  |line 18, col 21 to line 18, col 28 of module DisasterRecovery: 5591936
  line 18, col 33 to line 18, col 45 of module DisasterRecovery: 1825424
  |line 18, col 33 to line 18, col 38 of module DisasterRecovery: 1801456
  |line 18, col 42 to line 18, col 45 of module DisasterRecovery: 1801456
  line 17, col 15 to line 17, col 32 of module DisasterRecovery: 1041840
  |line 17, col 15 to line 17, col 22 of module DisasterRecovery: 1017872
  |line 17, col 26 to line 17, col 32 of module DisasterRecovery: 1017872
  line 17, col 37 to line 17, col 57 of module DisasterRecovery: 399016
  |line 17, col 37 to line 17, col 41 of module DisasterRecovery: 375048
  |line 17, col 45 to line 17, col 57 of module DisasterRecovery: 375048
  line 60, col 16 to line 60, col 16 of module DisasterRecovery: 5591936
  line 60, col 22 to line 60, col 37 of module DisasterRecovery: 285776
  |line 60, col 22 to line 60, col 30 of module DisasterRecovery: 261808
  |line 60, col 34 to line 60, col 37 of module DisasterRecovery: 261808
  line 60, col 42 to line 60, col 61 of module DisasterRecovery: 23968
  |line 60, col 42 to line 60, col 49 of module DisasterRecovery: 261808
  |line 60, col 53 to line 60, col 61 of module DisasterRecovery: 261808
  line 61, col 8 to line 61, col 31 of module DisasterRecovery: 86480
  |line 61, col 8 to line 61, col 18 of module DisasterRecovery: 62512
  line 61, col 36 to line 61, col 54 of module DisasterRecovery: 69792
  |line 61, col 36 to line 61, col 47 of module DisasterRecovery: 45824
  |line 61, col 51 to line 61, col 54 of module DisasterRecovery: 45824
  line 62, col 8 to line 62, col 36 of module DisasterRecovery: 69792
  |line 62, col 8 to line 62, col 20 of module DisasterRecovery: 45824
  |line 62, col 26 to line 62, col 36 of module DisasterRecovery: 45824
  line 20, col 40 to line 20, col 49 of module DisasterRecovery: 98240
  |line 20, col 40 to line 20, col 44 of module DisasterRecovery: 74272
  |line 20, col 48 to line 20, col 49 of module DisasterRecovery: 74272
  line 20, col 54 to line 20, col 75 of module DisasterRecovery: 116576
  |line 20, col 54 to line 20, col 69 of module DisasterRecovery: 74272
  |line 20, col 73 to line 20, col 75 of module DisasterRecovery: 74272
  line 20, col 34 to line 20, col 36 of module DisasterRecovery: 34080
  line 63, col 16 to line 63, col 18 of module DisasterRecovery: 34080
  line 63, col 21 to line 63, col 22 of module DisasterRecovery: 34080
  line 65, col 11 to line 69, col 80 of module DisasterRecovery: 36192
<TerminalCommit line 71, col 1 to line 71, col 21 of module DisasterRecovery>: 5408:5408
  line 18, col 15 to line 18, col 28 of module DisasterRecovery: 2801376
  |line 18, col 15 to line 18, col 15 of module DisasterRecovery: 2795968
  |line 18, col 21 to line 18, col 28 of module DisasterRecovery: 2795968
  line 18, col 33 to line 18, col 45 of module DisasterRecovery: 906136
  |line 18, col 33 to line 18, col 38 of module DisasterRecovery: 900728
  |line 18, col 42 to line 18, col 45 of module DisasterRecovery: 900728
  line 17, col 15 to line 17, col 32 of module DisasterRecovery: 514344
  |line 17, col 15 to line 17, col 22 of module DisasterRecovery: 508936
  |line 17, col 26 to line 17, col 32 of module DisasterRecovery: 508936
  line 17, col 37 to line 17, col 57 of module DisasterRecovery: 192932
  |line 17, col 37 to line 17, col 41 of module DisasterRecovery: 187524
  |line 17, col 45 to line 17, col 57 of module DisasterRecovery: 187524
  line 72, col 16 to line 72, col 16 of module DisasterRecovery: 2795968
  line 72, col 22 to line 72, col 37 of module DisasterRecovery: 136312
  |line 72, col 22 to line 72, col 30 of module DisasterRecovery: 130904
  |line 72, col 34 to line 72, col 37 of module DisasterRecovery: 130904
  line 72, col 42 to line 72, col 61 of module DisasterRecovery: 5408
  |line 72, col 42 to line 72, col 49 of module DisasterRecovery: 130904
  |line 72, col 53 to line 72, col 61 of module DisasterRecovery: 130904
  line 73, col 8 to line 73, col 50 of module DisasterRecovery: 36664
  |line 73, col 8 to line 73, col 18 of module DisasterRecovery: 31256
  |line 73, col 24 to line 73, col 50 of module DisasterRecovery: 31256
  line 76, col 30 to line 76, col 38 of module DisasterRecovery: 14528
  |line 76, col 30 to line 76, col 33 of module DisasterRecovery: 9120
  |line 76, col 37 to line 76, col 38 of module DisasterRecovery: 9120
  line 76, col 72 to line 76, col 87 of module DisasterRecovery: 10816
  |line 76, col 72 to line 76, col 72 of module DisasterRecovery: 5408
  |line 76, col 78 to line 76, col 87 of module DisasterRecovery: 5408
  line 76, col 17 to line 76, col 25 of module DisasterRecovery: 25472
  line 77, col 8 to line 80, col 79 of module DisasterRecovery: 5408
<Mirror line 82, col 1 to line 82, col 6 of module DisasterRecovery>: 60496:97680
  line 83, col 8 to line 83, col 23 of module DisasterRecovery: 796672
  |line 83, col 8 to line 83, col 16 of module DisasterRecovery: 698992
  |line 83, col 20 to line 83, col 23 of module DisasterRecovery: 698992
  line 83, col 28 to line 83, col 56 of module DisasterRecovery: 195360
  |line 83, col 28 to line 83, col 43 of module DisasterRecovery: 97680
  |line 83, col 49 to line 83, col 56 of module DisasterRecovery: 97680
  line 87, col 14 to line 87, col 71 of module DisasterRecovery: 97680
  |line 87, col 14 to line 87, col 54 of module DisasterRecovery: 97680
  ||line 87, col 14 to line 87, col 29 of module DisasterRecovery: 97680
  ||line 87, col 34 to line 87, col 54 of module DisasterRecovery: 56808
  |line 87, col 59 to line 87, col 71 of module DisasterRecovery: 39536
  line 88, col 16 to line 91, col 75 of module DisasterRecovery: 39536
  |line 88, col 21 to line 91, col 75 of module DisasterRecovery: 39536
  ||line 88, col 22 to line 88, col 22 of module DisasterRecovery: 39536
  ||line 88, col 31 to line 88, col 48 of module DisasterRecovery: 39536
  ||line 88, col 51 to line 88, col 66 of module DisasterRecovery: 39536
  ||line 89, col 27 to line 89, col 82 of module DisasterRecovery: 39536
  |||line 89, col 30 to line 89, col 47 of module DisasterRecovery: 39536
  |||line 89, col 54 to line 89, col 75 of module DisasterRecovery: 23968
  ||line 90, col 38 to line 91, col 74 of module DisasterRecovery: 39536
  |||line 91, col 20 to line 91, col 73 of module DisasterRecovery: 39536
  ||||line 91, col 20 to line 91, col 37 of module DisasterRecovery: 39536
  ||||line 91, col 42 to line 91, col 73 of module DisasterRecovery: 23968
  line 92, col 16 to line 92, col 70 of module DisasterRecovery: 58144
<Enqueue line 96, col 1 to line 96, col 25 of module DisasterRecovery>: 2768:200832
  line 18, col 15 to line 18, col 28 of module DisasterRecovery: 5792768
  |line 18, col 15 to line 18, col 15 of module DisasterRecovery: 5591936
  |line 18, col 21 to line 18, col 28 of module DisasterRecovery: 5591936
  line 18, col 33 to line 18, col 45 of module DisasterRecovery: 2002288
  |line 18, col 33 to line 18, col 38 of module DisasterRecovery: 1801456
  |line 18, col 42 to line 18, col 45 of module DisasterRecovery: 1801456
  line 17, col 15 to line 17, col 32 of module DisasterRecovery: 1218704
  |line 17, col 15 to line 17, col 22 of module DisasterRecovery: 1017872
  |line 17, col 26 to line 17, col 32 of module DisasterRecovery: 1017872
  line 17, col 37 to line 17, col 57 of module DisasterRecovery: 575880
  |line 17, col 37 to line 17, col 41 of module DisasterRecovery: 375048
  |line 17, col 45 to line 17, col 57 of module DisasterRecovery: 375048
  line 97, col 16 to line 97, col 16 of module DisasterRecovery: 5591936
  line 97, col 22 to line 97, col 37 of module DisasterRecovery: 462640
  |line 97, col 22 to line 97, col 30 of module DisasterRecovery: 261808
  |line 97, col 34 to line 97, col 37 of module DisasterRecovery: 261808
  line 97, col 42 to line 97, col 65 of module DisasterRecovery: 462640
  |line 97, col 42 to line 97, col 52 of module DisasterRecovery: 261808
  line 98, col 8 to line 98, col 26 of module DisasterRecovery: 401664
  |line 98, col 8 to line 98, col 19 of module DisasterRecovery: 200832
  |line 98, col 23 to line 98, col 26 of module DisasterRecovery: 200832
  line 98, col 31 to line 98, col 52 of module DisasterRecovery: 401664
  |line 98, col 31 to line 98, col 39 of module DisasterRecovery: 200832
  |line 98, col 45 to line 98, col 52 of module DisasterRecovery: 200832
  line 100, col 11 to line 102, col 63 of module DisasterRecovery: 200832
<UnjournaledSend line 111, col 1 to line 111, col 27 of module DisasterRecovery>: 0:0
  line 114, col 11 to line 115, col 56 of module DisasterRecovery: 0
<RedisLoss line 125, col 1 to line 125, col 9 of module DisasterRecovery>: 80432:698992
  line 125, col 14 to line 125, col 63 of module DisasterRecovery: 698992
<RedisRollback line 126, col 1 to line 126, col 13 of module DisasterRecovery>: 64356:644132
  line 126, col 18 to line 126, col 33 of module DisasterRecovery: 644132
  |line 126, col 18 to line 126, col 29 of module DisasterRecovery: 698992
  line 127, col 5 to line 127, col 67 of module DisasterRecovery: 644132
<RedisRestart line 128, col 1 to line 128, col 12 of module DisasterRecovery>: 142540:181470
  line 128, col 17 to line 128, col 25 of module DisasterRecovery: 880462
  |line 128, col 17 to line 128, col 21 of module DisasterRecovery: 698992
  line 128, col 30 to line 128, col 54 of module DisasterRecovery: 181470
<RepairMarker line 129, col 1 to line 129, col 12 of module DisasterRecovery>: 89477:332052
  line 129, col 17 to line 129, col 52 of module DisasterRecovery: 1031044
  |line 129, col 17 to line 129, col 22 of module DisasterRecovery: 698992
  |line 129, col 28 to line 129, col 52 of module DisasterRecovery: 698992
  line 130, col 5 to line 130, col 38 of module DisasterRecovery: 332052
<DetectMismatch line 132, col 1 to line 132, col 14 of module DisasterRecovery>: 53336:91336
  line 133, col 8 to line 133, col 20 of module DisasterRecovery: 790328
  |line 133, col 8 to line 133, col 15 of module DisasterRecovery: 698992
  |line 133, col 19 to line 133, col 20 of module DisasterRecovery: 698992
  line 133, col 25 to line 133, col 40 of module DisasterRecovery: 541700
  |line 133, col 25 to line 133, col 33 of module DisasterRecovery: 450364
  |line 133, col 37 to line 133, col 40 of module DisasterRecovery: 450364
  line 133, col 45 to line 133, col 57 of module DisasterRecovery: 444020
  |line 133, col 45 to line 133, col 50 of module DisasterRecovery: 352684
  |line 133, col 54 to line 133, col 57 of module DisasterRecovery: 352684
  line 133, col 62 to line 133, col 72 of module DisasterRecovery: 248124
  |line 133, col 63 to line 133, col 72 of module DisasterRecovery: 156788
  ||line 17, col 15 to line 17, col 57 of module DisasterRecovery: 156788
  |||line 17, col 15 to line 17, col 32 of module DisasterRecovery: 156788
  |||line 17, col 37 to line 17, col 57 of module DisasterRecovery: 93762
  line 134, col 8 to line 134, col 86 of module DisasterRecovery: 91336
<Reattach line 136, col 1 to line 136, col 8 of module DisasterRecovery>: 4537:65828
  line 137, col 8 to line 137, col 20 of module DisasterRecovery: 764820
  |line 137, col 8 to line 137, col 15 of module DisasterRecovery: 698992
  |line 137, col 19 to line 137, col 20 of module DisasterRecovery: 698992
  line 137, col 25 to line 137, col 39 of module DisasterRecovery: 314456
  |line 137, col 26 to line 137, col 39 of module DisasterRecovery: 248628
  line 137, col 44 to line 137, col 59 of module DisasterRecovery: 310967
  |line 137, col 44 to line 137, col 52 of module DisasterRecovery: 245139
  |line 137, col 56 to line 137, col 59 of module DisasterRecovery: 245139
  line 138, col 8 to line 138, col 35 of module DisasterRecovery: 310967
  |line 138, col 8 to line 138, col 13 of module DisasterRecovery: 245139
  |line 138, col 19 to line 138, col 35 of module DisasterRecovery: 245139
  line 138, col 40 to line 138, col 57 of module DisasterRecovery: 201708
  |line 138, col 40 to line 138, col 47 of module DisasterRecovery: 135880
  |line 138, col 51 to line 138, col 57 of module DisasterRecovery: 135880
  line 139, col 8 to line 139, col 59 of module DisasterRecovery: 65828
<RecoverBegin line 141, col 1 to line 141, col 12 of module DisasterRecovery>: 594:17718
  line 142, col 9 to line 142, col 21 of module DisasterRecovery: 716710
  |line 142, col 9 to line 142, col 16 of module DisasterRecovery: 698992
  |line 142, col 20 to line 142, col 21 of module DisasterRecovery: 698992
  line 142, col 26 to line 142, col 40 of module DisasterRecovery: 266346
  |line 142, col 27 to line 142, col 40 of module DisasterRecovery: 248628
  line 143, col 8 to line 143, col 23 of module DisasterRecovery: 262857
  |line 143, col 8 to line 143, col 16 of module DisasterRecovery: 245139
  |line 143, col 20 to line 143, col 23 of module DisasterRecovery: 245139
  line 143, col 28 to line 143, col 38 of module DisasterRecovery: 262857
  |line 143, col 28 to line 143, col 34 of module DisasterRecovery: 245139
  line 144, col 8 to line 151, col 94 of module DisasterRecovery: 17718
  |line 144, col 13 to line 151, col 94 of module DisasterRecovery: 17718
  ||line 144, col 14 to line 144, col 14 of module DisasterRecovery: 17718
  ||line 145, col 10 to line 147, col 51 of module DisasterRecovery: 17718
  ||line 148, col 10 to line 148, col 76 of module DisasterRecovery: 17718
  ||line 149, col 33 to line 149, col 88 of module DisasterRecovery: 17718:15256
  |||line 149, col 47 to line 149, col 87 of module DisasterRecovery: 35436
  ||||line 149, col 47 to line 149, col 59 of module DisasterRecovery: 35436
  |||||line 19, col 18 to line 19, col 48 of module DisasterRecovery: 35436
  ||||||line 19, col 40 to line 19, col 48 of module DisasterRecovery: 39688
  ||||||line 19, col 27 to line 19, col 36 of module DisasterRecovery: 35436
  |||||line 149, col 57 to line 149, col 58 of module DisasterRecovery: 34752
  ||||line 149, col 64 to line 149, col 87 of module DisasterRecovery: 22312
  |||line 149, col 41 to line 149, col 43 of module DisasterRecovery: 17718
  ||line 150, col 41 to line 150, col 55 of module DisasterRecovery: 17718
  ||line 150, col 58 to line 150, col 74 of module DisasterRecovery: 17718
  ||line 151, col 10 to line 151, col 30 of module DisasterRecovery: 17718
  ||line 151, col 73 to line 151, col 93 of module DisasterRecovery: 17718
<RecoverPublish line 153, col 1 to line 153, col 14 of module DisasterRecovery>: 1163:1163
  line 154, col 8 to line 154, col 24 of module DisasterRecovery: 700155
  |line 154, col 8 to line 154, col 16 of module DisasterRecovery: 698992
  line 154, col 29 to line 154, col 42 of module DisasterRecovery: 3489
  |line 154, col 29 to line 154, col 29 of module DisasterRecovery: 2326
  line 154, col 47 to line 154, col 61 of module DisasterRecovery: 2326
  |line 154, col 47 to line 154, col 54 of module DisasterRecovery: 1163
  |line 154, col 58 to line 154, col 61 of module DisasterRecovery: 1163
  line 155, col 8 to line 155, col 62 of module DisasterRecovery: 1163
<RecoverFinish line 156, col 1 to line 156, col 13 of module DisasterRecovery>: 786:786
  line 157, col 8 to line 157, col 26 of module DisasterRecovery: 699778
  |line 157, col 8 to line 157, col 16 of module DisasterRecovery: 698992
  line 157, col 31 to line 157, col 44 of module DisasterRecovery: 5438
  |line 157, col 31 to line 157, col 31 of module DisasterRecovery: 4652
  line 17, col 15 to line 17, col 32 of module DisasterRecovery: 3112
  |line 17, col 15 to line 17, col 22 of module DisasterRecovery: 2326
  |line 17, col 26 to line 17, col 32 of module DisasterRecovery: 2326
  line 17, col 37 to line 17, col 57 of module DisasterRecovery: 1949
  |line 17, col 37 to line 17, col 41 of module DisasterRecovery: 1163
  |line 17, col 45 to line 17, col 57 of module DisasterRecovery: 1163
  line 158, col 8 to line 158, col 80 of module DisasterRecovery: 786
<RecoveryCrash line 159, col 1 to line 159, col 13 of module DisasterRecovery>: 3489:3489
  line 160, col 8 to line 160, col 21 of module DisasterRecovery: 702481
  |line 160, col 8 to line 160, col 8 of module DisasterRecovery: 698992
  line 161, col 8 to line 161, col 45 of module DisasterRecovery: 3489
<AuthorityRollback line 165, col 1 to line 165, col 17 of module DisasterRecovery>: 0:0
  line 167, col 8 to line 170, col 60 of module DisasterRecovery: 0
<Next line 172, col 1 to line 172, col 4 of module DisasterRecovery (176 13 176 40)>: 15680:128944
  line 105, col 8 to line 105, col 22 of module DisasterRecovery: 257888
  |line 105, col 8 to line 105, col 8 of module DisasterRecovery: 128944
  |line 105, col 14 to line 105, col 22 of module DisasterRecovery: 128944
  line 105, col 27 to line 105, col 47 of module DisasterRecovery: 257888
  |line 105, col 27 to line 105, col 34 of module DisasterRecovery: 128944
  |line 105, col 40 to line 105, col 47 of module DisasterRecovery: 128944
  line 108, col 8 to line 109, col 62 of module DisasterRecovery: 128944
  line 176, col 39 to line 176, col 39 of module DisasterRecovery: 128944
  line 176, col 22 to line 176, col 30 of module DisasterRecovery: 698992
<Next line 172, col 1 to line 172, col 4 of module DisasterRecovery (176 47 176 78)>: 55392:207736
  line 121, col 8 to line 121, col 23 of module DisasterRecovery: 824928
  |line 121, col 8 to line 121, col 8 of module DisasterRecovery: 617192
  |line 121, col 14 to line 121, col 23 of module DisasterRecovery: 617192
  line 122, col 8 to line 122, col 46 of module DisasterRecovery: 824928
  |line 122, col 9 to line 122, col 46 of module DisasterRecovery: 617192
  ||line 122, col 32 to line 122, col 46 of module DisasterRecovery: 478608
  ||line 122, col 20 to line 122, col 28 of module DisasterRecovery: 617192
  line 123, col 8 to line 123, col 83 of module DisasterRecovery: 207736
  |line 123, col 13 to line 123, col 83 of module DisasterRecovery: 207736
  ||line 123, col 14 to line 123, col 14 of module DisasterRecovery: 207736
  ||line 123, col 23 to line 123, col 44 of module DisasterRecovery: 207736
  ||line 123, col 65 to line 123, col 82 of module DisasterRecovery: 207736
  |||line 123, col 70 to line 123, col 82 of module DisasterRecovery: 188184
  line 176, col 77 to line 176, col 77 of module DisasterRecovery: 617192
  line 176, col 56 to line 176, col 65 of module DisasterRecovery: 698992
<TypeOK line 182, col 1 to line 182, col 6 of module DisasterRecovery>
  line 183, col 5 to line 198, col 34 of module DisasterRecovery: 698992
<ImmutableAdmission line 200, col 1 to line 200, col 18 of module DisasterRecovery>
  line 200, col 23 to line 200, col 86 of module DisasterRecovery: 698992
  |line 200, col 51 to line 200, col 86 of module DisasterRecovery: 2445912
  ||line 200, col 51 to line 200, col 61 of module DisasterRecovery: 2445912
  ||line 200, col 66 to line 200, col 86 of module DisasterRecovery: 1281184
  |line 200, col 34 to line 200, col 47 of module DisasterRecovery: 698992
<ReplayKeyUnique line 201, col 1 to line 201, col 15 of module DisasterRecovery>
  line 201, col 20 to line 201, col 95 of module DisasterRecovery: 698992
  |line 201, col 37 to line 201, col 95 of module DisasterRecovery: 2795968
  ||line 201, col 37 to line 201, col 64 of module DisasterRecovery: 2795968
  |||line 201, col 37 to line 201, col 41 of module DisasterRecovery: 2795968
  |||line 201, col 46 to line 201, col 64 of module DisasterRecovery: 1397984
  ||line 201, col 69 to line 201, col 95 of module DisasterRecovery: 955224
  |line 201, col 31 to line 201, col 33 of module DisasterRecovery: 698992
<EverySendJournaled line 202, col 1 to line 202, col 18 of module DisasterRecovery>
  line 202, col 23 to line 202, col 42 of module DisasterRecovery: 698992
<EvidenceRetained line 203, col 1 to line 203, col 16 of module DisasterRecovery>
  line 203, col 21 to line 203, col 59 of module DisasterRecovery: 698992
<NoOldEpochAuthorization line 204, col 1 to line 204, col 23 of module DisasterRecovery>
  line 204, col 28 to line 204, col 47 of module DisasterRecovery: 698992
<NoTerminalReenqueue line 205, col 1 to line 205, col 19 of module DisasterRecovery>
  line 205, col 24 to line 205, col 42 of module DisasterRecovery: 698992
<OriginalPayloadOnRetry line 206, col 1 to line 206, col 22 of module DisasterRecovery>
  line 206, col 27 to line 206, col 46 of module DisasterRecovery: 698992
<AtMostOneEffectPerId line 207, col 1 to line 207, col 20 of module DisasterRecovery>
  line 207, col 25 to line 207, col 75 of module DisasterRecovery: 698992
  |line 207, col 48 to line 207, col 75 of module DisasterRecovery: 456752
  ||line 207, col 48 to line 207, col 58 of module DisasterRecovery: 456752
  ||line 207, col 63 to line 207, col 75 of module DisasterRecovery: 409456
  |line 207, col 36 to line 207, col 44 of module DisasterRecovery: 698992
<AttemptedRecoveryIsQuarantined line 208, col 1 to line 208, col 30 of module DisasterRecovery>
  line 208, col 35 to line 209, col 47 of module DisasterRecovery: 698992
  |line 209, col 5 to line 209, col 47 of module DisasterRecovery: 209632
  |line 208, col 45 to line 208, col 64 of module DisasterRecovery: 698992
<TerminalHasOwnEffect line 210, col 1 to line 210, col 20 of module DisasterRecovery>
  line 210, col 25 to line 211, col 54 of module DisasterRecovery: 698992
  |line 210, col 41 to line 211, col 54 of module DisasterRecovery: 1397984
  ||line 210, col 41 to line 210, col 64 of module DisasterRecovery: 1397984
  ||line 211, col 5 to line 211, col 54 of module DisasterRecovery: 84224
  |line 210, col 35 to line 210, col 37 of module DisasterRecovery: 698992
End of statistics.
3664561 states generated, 698992 distinct states found, 0 states left on queue.
The depth of the complete state graph search is 27.
The average outdegree of the complete state graph is 1 (minimum is 0, the maximum 9 and the 95th percentile is 3).
Finished in 21s at (2026-09-26 16:57:34)
