TLC2 Version 2.19 of 08 August 2024 (rev: 5a47802)
Running breadth-first search Model-Checking with fp 0 and seed 1 with 1 worker on 10 cores with 1820MB heap and 64MB offheap memory [pid: 33559] (Mac OS X 26.6.2 aarch64, Eclipse Adoptium 21.0.12.1 x86_64, MSBDiskFPSet, DiskStateQueue).
Parsing file /Users/alfongj/Code/engine-core/formal/tla/EoaRecovery.tla
Parsing file /private/var/folders/ky/s5xblf5j3515d6h6ss25z3w80000gn/T/Naturals.tla
Parsing file /private/var/folders/ky/s5xblf5j3515d6h6ss25z3w80000gn/T/FiniteSets.tla
Parsing file /private/var/folders/ky/s5xblf5j3515d6h6ss25z3w80000gn/T/TLC.tla
Parsing file /private/var/folders/ky/s5xblf5j3515d6h6ss25z3w80000gn/T/Sequences.tla
Semantic processing of module Naturals
Semantic processing of module Sequences
Semantic processing of module FiniteSets
Semantic processing of module TLC
Semantic processing of module EoaRecovery
Starting... (2026-09-26 16:55:25)
Implied-temporal checking--satisfiability problem has 1 branches.
Computing initial states...
Finished computing initial states: 1 distinct state generated at 2026-09-26 16:55:25.
Progress(22) at 2026-09-26 16:55:28: 559,720 states generated, 71,734 distinct states found, 0 states left on queue.
Checking temporal properties for the complete state space with 71734 total distinct states at (2026-09-26 16:55:28)
Error: Temporal properties were violated.

Error: The following behavior constitutes a counter-example:

State 1: <Initial predicate>
/\ durable = {}
/\ running = TRUE
/\ state = (a :> "pending" @@ b :> "pending")
/\ latest = 0
/\ sent = {}
/\ nextNonce = 0
/\ reverted = {}
/\ ledger = {}
/\ receipts = {}
/\ prepared = (w1 :> None @@ w2 :> None)

State 2: <Prepare line 33, col 5 to line 38, col 47 of module EoaRecovery>
/\ durable = {}
/\ running = TRUE
/\ state = (a :> "pending" @@ b :> "pending")
/\ latest = 0
/\ sent = {}
/\ nextNonce = 0
/\ reverted = {}
/\ ledger = {}
/\ receipts = {}
/\ prepared = (w1 :> None @@ w2 :> [intent |-> b, nonce |-> 0, fee |-> 0])

State 3: <Reserve line 41, col 5 to line 48, col 70 of module EoaRecovery>
/\ durable = {[intent |-> b, nonce |-> 0, fee |-> 0]}
/\ running = TRUE
/\ state = (a :> "pending" @@ b :> "active")
/\ latest = 0
/\ sent = {}
/\ nextNonce = 1
/\ reverted = {}
/\ ledger = {}
/\ receipts = {}
/\ prepared = (w1 :> None @@ w2 :> None)

State 4: <Prepare line 33, col 5 to line 38, col 47 of module EoaRecovery>
/\ durable = {[intent |-> b, nonce |-> 0, fee |-> 0]}
/\ running = TRUE
/\ state = (a :> "pending" @@ b :> "active")
/\ latest = 0
/\ sent = {}
/\ nextNonce = 1
/\ reverted = {}
/\ ledger = {}
/\ receipts = {}
/\ prepared = (w1 :> None @@ w2 :> [intent |-> a, nonce |-> 1, fee |-> 0])

State 5: <Broadcast line 59, col 5 to line 62, col 47 of module EoaRecovery>
/\ durable = {[intent |-> b, nonce |-> 0, fee |-> 0]}
/\ running = TRUE
/\ state = (a :> "pending" @@ b :> "active")
/\ latest = 0
/\ sent = {[intent |-> b, nonce |-> 0, fee |-> 0]}
/\ nextNonce = 1
/\ reverted = {}
/\ ledger = {}
/\ receipts = {}
/\ prepared = (w1 :> None @@ w2 :> [intent |-> a, nonce |-> 1, fee |-> 0])

State 6: <Mine line 73, col 5 to line 77, col 47 of module EoaRecovery>
/\ durable = {[intent |-> b, nonce |-> 0, fee |-> 0]}
/\ running = TRUE
/\ state = (a :> "pending" @@ b :> "active")
/\ latest = 0
/\ sent = {[intent |-> b, nonce |-> 0, fee |-> 0]}
/\ nextNonce = 1
/\ reverted = {[intent |-> b, nonce |-> 0, fee |-> 0]}
/\ ledger = {[intent |-> b, nonce |-> 0, fee |-> 0]}
/\ receipts = {}
/\ prepared = (w1 :> None @@ w2 :> [intent |-> a, nonce |-> 1, fee |-> 0])

State 7: <ObserveNonce line 80, col 5 to line 83, col 49 of module EoaRecovery>
/\ durable = {[intent |-> b, nonce |-> 0, fee |-> 0]}
/\ running = TRUE
/\ state = (a :> "pending" @@ b :> "active")
/\ latest = 1
/\ sent = {[intent |-> b, nonce |-> 0, fee |-> 0]}
/\ nextNonce = 1
/\ reverted = {[intent |-> b, nonce |-> 0, fee |-> 0]}
/\ ledger = {[intent |-> b, nonce |-> 0, fee |-> 0]}
/\ receipts = {}
/\ prepared = (w1 :> None @@ w2 :> [intent |-> a, nonce |-> 1, fee |-> 0])

State 8: <Reserve line 41, col 5 to line 48, col 70 of module EoaRecovery>
/\ durable = {[intent |-> a, nonce |-> 1, fee |-> 0], [intent |-> b, nonce |-> 0, fee |-> 0]}
/\ running = TRUE
/\ state = (a :> "active" @@ b :> "active")
/\ latest = 1
/\ sent = {[intent |-> b, nonce |-> 0, fee |-> 0]}
/\ nextNonce = 2
/\ reverted = {[intent |-> b, nonce |-> 0, fee |-> 0]}
/\ ledger = {[intent |-> b, nonce |-> 0, fee |-> 0]}
/\ receipts = {}
/\ prepared = (w1 :> None @@ w2 :> None)

State 9: <Broadcast line 59, col 5 to line 62, col 47 of module EoaRecovery>
/\ durable = {[intent |-> a, nonce |-> 1, fee |-> 0], [intent |-> b, nonce |-> 0, fee |-> 0]}
/\ running = TRUE
/\ state = (a :> "active" @@ b :> "active")
/\ latest = 1
/\ sent = {[intent |-> a, nonce |-> 1, fee |-> 0], [intent |-> b, nonce |-> 0, fee |-> 0]}
/\ nextNonce = 2
/\ reverted = {[intent |-> b, nonce |-> 0, fee |-> 0]}
/\ ledger = {[intent |-> b, nonce |-> 0, fee |-> 0]}
/\ receipts = {}
/\ prepared = (w1 :> None @@ w2 :> None)

State 10: <Mine line 73, col 5 to line 77, col 47 of module EoaRecovery>
/\ durable = {[intent |-> a, nonce |-> 1, fee |-> 0], [intent |-> b, nonce |-> 0, fee |-> 0]}
/\ running = TRUE
/\ state = (a :> "active" @@ b :> "active")
/\ latest = 1
/\ sent = {[intent |-> a, nonce |-> 1, fee |-> 0], [intent |-> b, nonce |-> 0, fee |-> 0]}
/\ nextNonce = 2
/\ reverted = {[intent |-> b, nonce |-> 0, fee |-> 0]}
/\ ledger = {[intent |-> a, nonce |-> 1, fee |-> 0], [intent |-> b, nonce |-> 0, fee |-> 0]}
/\ receipts = {}
/\ prepared = (w1 :> None @@ w2 :> None)

State 11: <ReadReceipt line 86, col 5 to line 89, col 47 of module EoaRecovery>
/\ durable = {[intent |-> a, nonce |-> 1, fee |-> 0], [intent |-> b, nonce |-> 0, fee |-> 0]}
/\ running = TRUE
/\ state = (a :> "active" @@ b :> "active")
/\ latest = 1
/\ sent = {[intent |-> a, nonce |-> 1, fee |-> 0], [intent |-> b, nonce |-> 0, fee |-> 0]}
/\ nextNonce = 2
/\ reverted = {[intent |-> b, nonce |-> 0, fee |-> 0]}
/\ ledger = {[intent |-> a, nonce |-> 1, fee |-> 0], [intent |-> b, nonce |-> 0, fee |-> 0]}
/\ receipts = {[intent |-> b, nonce |-> 0, fee |-> 0]}
/\ prepared = (w1 :> None @@ w2 :> None)

State 12: <Bump line 66, col 5 to line 70, col 47 of module EoaRecovery>
/\ durable = { [intent |-> a, nonce |-> 1, fee |-> 0],
  [intent |-> a, nonce |-> 1, fee |-> 1],
  [intent |-> b, nonce |-> 0, fee |-> 0] }
/\ running = TRUE
/\ state = (a :> "active" @@ b :> "active")
/\ latest = 1
/\ sent = {[intent |-> a, nonce |-> 1, fee |-> 0], [intent |-> b, nonce |-> 0, fee |-> 0]}
/\ nextNonce = 2
/\ reverted = {[intent |-> b, nonce |-> 0, fee |-> 0]}
/\ ledger = {[intent |-> a, nonce |-> 1, fee |-> 0], [intent |-> b, nonce |-> 0, fee |-> 0]}
/\ receipts = {[intent |-> b, nonce |-> 0, fee |-> 0]}
/\ prepared = (w1 :> None @@ w2 :> None)

State 13: <Broadcast line 59, col 5 to line 62, col 47 of module EoaRecovery>
/\ durable = { [intent |-> a, nonce |-> 1, fee |-> 0],
  [intent |-> a, nonce |-> 1, fee |-> 1],
  [intent |-> b, nonce |-> 0, fee |-> 0] }
/\ running = TRUE
/\ state = (a :> "active" @@ b :> "active")
/\ latest = 1
/\ sent = { [intent |-> a, nonce |-> 1, fee |-> 0],
  [intent |-> a, nonce |-> 1, fee |-> 1],
  [intent |-> b, nonce |-> 0, fee |-> 0] }
/\ nextNonce = 2
/\ reverted = {[intent |-> b, nonce |-> 0, fee |-> 0]}
/\ ledger = {[intent |-> a, nonce |-> 1, fee |-> 0], [intent |-> b, nonce |-> 0, fee |-> 0]}
/\ receipts = {[intent |-> b, nonce |-> 0, fee |-> 0]}
/\ prepared = (w1 :> None @@ w2 :> None)

State 14: <Confirm line 100, col 5 to line 106, col 47 of module EoaRecovery>
/\ durable = {[intent |-> a, nonce |-> 1, fee |-> 0], [intent |-> a, nonce |-> 1, fee |-> 1]}
/\ running = TRUE
/\ state = (a :> "active" @@ b :> "failed")
/\ latest = 1
/\ sent = { [intent |-> a, nonce |-> 1, fee |-> 0],
  [intent |-> a, nonce |-> 1, fee |-> 1],
  [intent |-> b, nonce |-> 0, fee |-> 0] }
/\ nextNonce = 2
/\ reverted = {[intent |-> b, nonce |-> 0, fee |-> 0]}
/\ ledger = {[intent |-> a, nonce |-> 1, fee |-> 0], [intent |-> b, nonce |-> 0, fee |-> 0]}
/\ receipts = {[intent |-> b, nonce |-> 0, fee |-> 0]}
/\ prepared = (w1 :> None @@ w2 :> None)

State 15: <ObserveNonce line 80, col 5 to line 83, col 49 of module EoaRecovery>
/\ durable = {[intent |-> a, nonce |-> 1, fee |-> 0], [intent |-> a, nonce |-> 1, fee |-> 1]}
/\ running = TRUE
/\ state = (a :> "active" @@ b :> "failed")
/\ latest = 0
/\ sent = { [intent |-> a, nonce |-> 1, fee |-> 0],
  [intent |-> a, nonce |-> 1, fee |-> 1],
  [intent |-> b, nonce |-> 0, fee |-> 0] }
/\ nextNonce = 2
/\ reverted = {[intent |-> b, nonce |-> 0, fee |-> 0]}
/\ ledger = {[intent |-> a, nonce |-> 1, fee |-> 0], [intent |-> b, nonce |-> 0, fee |-> 0]}
/\ receipts = {[intent |-> b, nonce |-> 0, fee |-> 0]}
/\ prepared = (w1 :> None @@ w2 :> None)

State 16: <MissingReceipt line 94, col 5 to line 97, col 47 of module EoaRecovery>
/\ durable = {[intent |-> a, nonce |-> 1, fee |-> 0], [intent |-> a, nonce |-> 1, fee |-> 1]}
/\ running = TRUE
/\ state = (a :> "active" @@ b :> "failed")
/\ latest = 0
/\ sent = { [intent |-> a, nonce |-> 1, fee |-> 0],
  [intent |-> a, nonce |-> 1, fee |-> 1],
  [intent |-> b, nonce |-> 0, fee |-> 0] }
/\ nextNonce = 2
/\ reverted = {[intent |-> b, nonce |-> 0, fee |-> 0]}
/\ ledger = {[intent |-> a, nonce |-> 1, fee |-> 0], [intent |-> b, nonce |-> 0, fee |-> 0]}
/\ receipts = {}
/\ prepared = (w1 :> None @@ w2 :> None)

State 17: Stuttering
Finished checking temporal properties in 00s at 2026-09-26 16:55:28
The coverage statistics at 2026-09-26 16:55:28
<Init line 18, col 1 to line 18, col 4 of module EoaRecovery>: 2:2
  line 19, col 5 to line 28, col 21 of module EoaRecovery: 2
<Prepare line 32, col 1 to line 32, col 13 of module EoaRecovery>: 22:1272
  line 33, col 8 to line 33, col 14 of module EoaRecovery: 1272
  line 33, col 19 to line 33, col 36 of module EoaRecovery: 252790
  |line 33, col 19 to line 33, col 29 of module EoaRecovery: 251518
  |line 33, col 33 to line 33, col 36 of module EoaRecovery: 251518
  line 34, col 8 to line 34, col 27 of module EoaRecovery: 143220
  |line 34, col 8 to line 34, col 15 of module EoaRecovery: 141948
  line 34, col 32 to line 34, col 53 of module EoaRecovery: 1272
  line 35, col 8 to line 36, col 57 of module EoaRecovery: 1272
  line 37, col 8 to line 38, col 47 of module EoaRecovery: 1272
<Reserve line 40, col 1 to line 40, col 10 of module EoaRecovery>: 24:1265
  line 41, col 8 to line 41, col 14 of module EoaRecovery: 1265
  line 41, col 19 to line 41, col 36 of module EoaRecovery: 127021
  |line 41, col 19 to line 41, col 29 of module EoaRecovery: 125756
  |line 41, col 33 to line 41, col 36 of module EoaRecovery: 125756
  line 43, col 32 to line 43, col 58 of module EoaRecovery: 56050
  |line 43, col 32 to line 43, col 46 of module EoaRecovery: 54785
  line 43, col 63 to line 43, col 81 of module EoaRecovery: 3154
  |line 43, col 63 to line 43, col 69 of module EoaRecovery: 1889
  |line 43, col 73 to line 43, col 81 of module EoaRecovery: 1889
  line 44, col 11 to line 44, col 56 of module EoaRecovery: 1265
  line 45, col 11 to line 45, col 34 of module EoaRecovery: 1265
  line 46, col 11 to line 46, col 37 of module EoaRecovery: 1265
  line 47, col 8 to line 47, col 48 of module EoaRecovery: 1265
  line 48, col 8 to line 48, col 70 of module EoaRecovery: 1265
<Discard line 50, col 1 to line 50, col 10 of module EoaRecovery>: 0:54783
  line 51, col 8 to line 51, col 25 of module EoaRecovery: 198275
  |line 51, col 8 to line 51, col 18 of module EoaRecovery: 143492
  |line 51, col 22 to line 51, col 25 of module EoaRecovery: 143492
  line 52, col 8 to line 52, col 48 of module EoaRecovery: 54783
  line 53, col 8 to line 54, col 47 of module EoaRecovery: 54783
<Broadcast line 58, col 1 to line 58, col 12 of module EoaRecovery>: 366:31923
  line 59, col 8 to line 59, col 14 of module EoaRecovery: 31923
  line 59, col 19 to line 59, col 31 of module EoaRecovery: 534905
  |line 59, col 19 to line 59, col 19 of module EoaRecovery: 502982
  |line 59, col 25 to line 59, col 31 of module EoaRecovery: 502982
  line 59, col 36 to line 59, col 48 of module EoaRecovery: 160581
  |line 59, col 36 to line 59, col 36 of module EoaRecovery: 128658
  |line 59, col 45 to line 59, col 48 of module EoaRecovery: 128658
  line 60, col 8 to line 60, col 28 of module EoaRecovery: 31923
  line 61, col 8 to line 62, col 47 of module EoaRecovery: 31923
<Bump line 65, col 1 to line 65, col 7 of module EoaRecovery>: 244:15368
  line 66, col 8 to line 66, col 14 of module EoaRecovery: 15368
  line 66, col 19 to line 66, col 31 of module EoaRecovery: 518347
  |line 66, col 19 to line 66, col 19 of module EoaRecovery: 502979
  |line 66, col 25 to line 66, col 31 of module EoaRecovery: 502979
  line 66, col 36 to line 66, col 44 of module EoaRecovery: 144023
  |line 66, col 36 to line 66, col 40 of module EoaRecovery: 128655
  line 67, col 8 to line 67, col 42 of module EoaRecovery: 87380
  |line 67, col 8 to line 67, col 27 of module EoaRecovery: 72012
  |line 67, col 36 to line 67, col 42 of module EoaRecovery: 72012
  line 68, col 8 to line 68, col 53 of module EoaRecovery: 15368
  line 69, col 8 to line 70, col 47 of module EoaRecovery: 15368
<Mine line 72, col 1 to line 72, col 14 of module EoaRecovery>: 3880:12743
  line 73, col 8 to line 73, col 17 of module EoaRecovery: 1160535
  |line 73, col 8 to line 73, col 8 of module EoaRecovery: 1147792
  |line 73, col 14 to line 73, col 17 of module EoaRecovery: 1147792
  line 73, col 22 to line 73, col 50 of module EoaRecovery: 411254
  |line 73, col 22 to line 73, col 28 of module EoaRecovery: 398511
  |line 73, col 32 to line 73, col 50 of module EoaRecovery: 398511
  line 74, col 8 to line 74, col 32 of module EoaRecovery: 12743
  line 75, col 8 to line 75, col 64 of module EoaRecovery: 12743
  |line 75, col 20 to line 75, col 64 of module EoaRecovery: 12743
  ||line 75, col 23 to line 75, col 27 of module EoaRecovery: 12743
  ||line 75, col 34 to line 75, col 50 of module EoaRecovery: 6371
  ||line 75, col 57 to line 75, col 64 of module EoaRecovery: 6372
  line 76, col 8 to line 77, col 47 of module EoaRecovery: 12743
<ObserveNonce line 79, col 1 to line 79, col 15 of module EoaRecovery>: 35696:179508
  line 80, col 8 to line 80, col 14 of module EoaRecovery: 179508
  line 80, col 19 to line 80, col 46 of module EoaRecovery: 368106
  |line 80, col 19 to line 80, col 19 of module EoaRecovery: 188598
  |line 80, col 25 to line 80, col 46 of module EoaRecovery: 188598
  line 81, col 8 to line 81, col 18 of module EoaRecovery: 179508
  line 82, col 8 to line 83, col 49 of module EoaRecovery: 179508
<ReadReceipt line 85, col 1 to line 85, col 14 of module EoaRecovery>: 3880:116651
  line 86, col 8 to line 86, col 14 of module EoaRecovery: 116651
  line 86, col 19 to line 86, col 30 of module EoaRecovery: 619629
  |line 86, col 19 to line 86, col 19 of module EoaRecovery: 502978
  |line 86, col 25 to line 86, col 30 of module EoaRecovery: 502978
  line 87, col 8 to line 87, col 36 of module EoaRecovery: 116651
  line 88, col 8 to line 89, col 47 of module EoaRecovery: 116651
<MissingReceipt line 93, col 1 to line 93, col 17 of module EoaRecovery>: 9376:58323
  line 94, col 8 to line 94, col 14 of module EoaRecovery: 58323
  line 94, col 19 to line 94, col 32 of module EoaRecovery: 561300
  |line 94, col 19 to line 94, col 19 of module EoaRecovery: 502977
  |line 94, col 25 to line 94, col 32 of module EoaRecovery: 502977
  line 95, col 8 to line 95, col 33 of module EoaRecovery: 58323
  line 96, col 8 to line 97, col 47 of module EoaRecovery: 58323
<Confirm line 99, col 1 to line 99, col 10 of module EoaRecovery>: 9376:16201
  line 100, col 8 to line 100, col 14 of module EoaRecovery: 16201
  line 100, col 19 to line 100, col 45 of module EoaRecovery: 519177
  |line 100, col 19 to line 100, col 19 of module EoaRecovery: 502976
  |line 100, col 25 to line 100, col 45 of module EoaRecovery: 502976
  line 101, col 8 to line 101, col 23 of module EoaRecovery: 16201
  |line 101, col 8 to line 101, col 14 of module EoaRecovery: 32401
  |line 101, col 18 to line 101, col 23 of module EoaRecovery: 32401
  line 101, col 28 to line 101, col 53 of module EoaRecovery: 32402
  |line 101, col 28 to line 101, col 42 of module EoaRecovery: 16201
  line 102, col 8 to line 103, col 79 of module EoaRecovery: 16201
  |line 102, col 17 to line 103, col 79 of module EoaRecovery: 16201
  ||line 102, col 18 to line 102, col 22 of module EoaRecovery: 16201
  ||line 102, col 31 to line 103, col 78 of module EoaRecovery: 16201
  ||line 103, col 11 to line 103, col 78 of module EoaRecovery: 16201
  |||line 103, col 14 to line 103, col 47 of module EoaRecovery: 16201
  ||||line 103, col 14 to line 103, col 27 of module EoaRecovery: 16201
  ||||line 103, col 32 to line 103, col 47 of module EoaRecovery: 8101
  line 104, col 8 to line 104, col 55 of module EoaRecovery: 16201
  |line 104, col 19 to line 104, col 55 of module EoaRecovery: 16201:185196
  ||line 104, col 36 to line 104, col 54 of module EoaRecovery: 45683
  ||line 104, col 26 to line 104, col 32 of module EoaRecovery: 16201
  line 105, col 8 to line 106, col 47 of module EoaRecovery: 16201
<UnsafeRequeue line 110, col 1 to line 110, col 16 of module EoaRecovery>: 0:0
  line 113, col 8 to line 113, col 54 of module EoaRecovery: 0
  line 114, col 8 to line 114, col 55 of module EoaRecovery: 0
  line 115, col 8 to line 116, col 47 of module EoaRecovery: 0
<Crash line 118, col 1 to line 118, col 5 of module EoaRecovery>: 8869:62865
  line 119, col 8 to line 119, col 14 of module EoaRecovery: 62865
  line 120, col 8 to line 120, col 23 of module EoaRecovery: 62865
  line 121, col 8 to line 121, col 43 of module EoaRecovery: 62865
  line 122, col 8 to line 123, col 38 of module EoaRecovery: 62865
<Restart line 124, col 1 to line 124, col 7 of module EoaRecovery>: 0:8869
  line 125, col 8 to line 125, col 15 of module EoaRecovery: 80603
  |line 125, col 9 to line 125, col 15 of module EoaRecovery: 71734
  line 125, col 20 to line 125, col 34 of module EoaRecovery: 8869
  line 126, col 8 to line 127, col 48 of module EoaRecovery: 8869
<Reorg line 131, col 1 to line 131, col 5 of module EoaRecovery>: 0:0
  line 133, col 8 to line 133, col 19 of module EoaRecovery: 0
  line 133, col 24 to line 133, col 37 of module EoaRecovery: 0
  line 133, col 42 to line 133, col 55 of module EoaRecovery: 0
  line 133, col 60 to line 133, col 70 of module EoaRecovery: 0
  line 134, col 8 to line 134, col 71 of module EoaRecovery: 0
<Next line 156, col 1 to line 156, col 4 of module EoaRecovery (164 8 164 56)>: 0:0
  line 141, col 11 to line 141, col 49 of module EoaRecovery: 0
  line 142, col 11 to line 142, col 82 of module EoaRecovery: 0
  line 143, col 11 to line 143, col 36 of module EoaRecovery: 0
  line 144, col 11 to line 144, col 83 of module EoaRecovery: 0
  line 60, col 8 to line 60, col 28 of module EoaRecovery: 0
  line 61, col 8 to line 62, col 47 of module EoaRecovery: 0
  line 74, col 8 to line 74, col 32 of module EoaRecovery: 0
  line 75, col 8 to line 75, col 64 of module EoaRecovery: 0
  line 76, col 8 to line 77, col 47 of module EoaRecovery: 0
  line 150, col 16 to line 150, col 94 of module EoaRecovery: 0
  line 151, col 16 to line 151, col 56 of module EoaRecovery: 0
  line 152, col 16 to line 152, col 44 of module EoaRecovery: 0
  line 153, col 16 to line 153, col 44 of module EoaRecovery: 0
  line 154, col 11 to line 154, col 76 of module EoaRecovery: 0
<TypeOK line 169, col 1 to line 169, col 6 of module EoaRecovery>
  line 170, col 5 to line 176, col 26 of module EoaRecovery: 71734
<OneIntentPerNonce line 177, col 1 to line 177, col 17 of module EoaRecovery>
  line 177, col 22 to line 177, col 83 of module EoaRecovery: 71734
  |line 177, col 44 to line 177, col 83 of module EoaRecovery: 426916
  ||line 177, col 44 to line 177, col 60 of module EoaRecovery: 426916
  ||line 177, col 65 to line 177, col 83 of module EoaRecovery: 276260
  |line 177, col 34 to line 177, col 40 of module EoaRecovery: 71734
<ActiveHasDurableIdentity line 178, col 1 to line 178, col 24 of module EoaRecovery>
  line 178, col 29 to line 178, col 101 of module EoaRecovery: 71734
  |line 178, col 48 to line 178, col 101 of module EoaRecovery: 143468
  ||line 178, col 48 to line 178, col 66 of module EoaRecovery: 143468
  ||line 178, col 71 to line 178, col 101 of module EoaRecovery: 82220
  |||line 178, col 90 to line 178, col 101 of module EoaRecovery: 124396
  |||line 178, col 80 to line 178, col 86 of module EoaRecovery: 82220
  |line 178, col 38 to line 178, col 44 of module EoaRecovery: 71734
<AtMostOneEffect line 179, col 1 to line 179, col 15 of module EoaRecovery>
  line 179, col 20 to line 179, col 96 of module EoaRecovery: 71734
  |line 179, col 39 to line 179, col 96 of module EoaRecovery: 143468
  ||line 179, col 39 to line 179, col 91 of module EoaRecovery: 143468
  |||line 179, col 51 to line 179, col 90 of module EoaRecovery: 143468
  ||||line 179, col 78 to line 179, col 89 of module EoaRecovery: 133200
  ||||line 179, col 58 to line 179, col 74 of module EoaRecovery: 143468
  |line 179, col 29 to line 179, col 35 of module EoaRecovery: 71734
<TerminalMatchesExecution line 180, col 1 to line 180, col 24 of module EoaRecovery>
  line 180, col 29 to line 182, col 64 of module EoaRecovery: 71734
  |line 181, col 5 to line 182, col 64 of module EoaRecovery: 143468
  ||line 181, col 9 to line 181, col 75 of module EoaRecovery: 143468
  |||line 181, col 9 to line 181, col 30 of module EoaRecovery: 143468
  |||line 181, col 35 to line 181, col 75 of module EoaRecovery: 29600
  ||||line 181, col 64 to line 181, col 75 of module EoaRecovery: 36512
  ||||line 181, col 44 to line 181, col 60 of module EoaRecovery: 29600
  ||line 182, col 9 to line 182, col 63 of module EoaRecovery: 143468
  |||line 182, col 9 to line 182, col 27 of module EoaRecovery: 143468
  |||line 182, col 32 to line 182, col 63 of module EoaRecovery: 29600
  ||||line 182, col 52 to line 182, col 63 of module EoaRecovery: 36512
  ||||line 182, col 41 to line 182, col 48 of module EoaRecovery: 29600
  |line 180, col 38 to line 180, col 44 of module EoaRecovery: 71734
End of statistics.
559720 states generated, 71734 distinct states found, 0 states left on queue.
Finished in 02s at (2026-09-26 16:55:28)
