TLC2 Version 2.19 of 08 August 2024 (rev: 5a47802)
Running breadth-first search Model-Checking with fp 0 and seed 1 with 1 worker on 10 cores with 1820MB heap and 64MB offheap memory [pid: 33556] (Mac OS X 26.6.2 aarch64, Eclipse Adoptium 21.0.12.1 x86_64, MSBDiskFPSet, DiskStateQueue).
Parsing file /Users/alfongj/Code/engine-core/formal/tla/EoaRecovery.tla
Parsing file /private/var/folders/ky/s5xblf5j3515d6h6ss25z3w80000gn/T/Naturals.tla
Parsing file /private/var/folders/ky/s5xblf5j3515d6h6ss25z3w80000gn/T/FiniteSets.tla
Parsing file /private/var/folders/ky/s5xblf5j3515d6h6ss25z3w80000gn/T/TLC.tla
Parsing file /private/var/folders/ky/s5xblf5j3515d6h6ss25z3w80000gn/T/Sequences.tla
Semantic processing of module Naturals
Semantic processing of module Sequences
Semantic processing of module FiniteSets
Semantic processing of module TLC
Semantic processing of module EoaRecovery
Starting... (2026-09-26 16:55:23)
Computing initial states...
Finished computing initial states: 1 distinct state generated at 2026-09-26 16:55:23.
Error: Invariant AtMostOneEffect is violated.
Error: The behavior up to this point is:
State 1: <Initial predicate>
/\ durable = {}
/\ running = TRUE
/\ state = (a :> "pending" @@ b :> "pending")
/\ latest = 0
/\ sent = {}
/\ nextNonce = 0
/\ reverted = {}
/\ ledger = {}
/\ receipts = {}
/\ prepared = (w1 :> None @@ w2 :> None)

State 2: <Prepare line 33, col 5 to line 38, col 47 of module EoaRecovery>
/\ durable = {}
/\ running = TRUE
/\ state = (a :> "pending" @@ b :> "pending")
/\ latest = 0
/\ sent = {}
/\ nextNonce = 0
/\ reverted = {}
/\ ledger = {}
/\ receipts = {}
/\ prepared = (w1 :> [intent |-> a, nonce |-> 0, fee |-> 0] @@ w2 :> None)

State 3: <Reserve line 41, col 5 to line 48, col 70 of module EoaRecovery>
/\ durable = {[intent |-> a, nonce |-> 0, fee |-> 0]}
/\ running = TRUE
/\ state = (a :> "active" @@ b :> "pending")
/\ latest = 0
/\ sent = {}
/\ nextNonce = 1
/\ reverted = {}
/\ ledger = {}
/\ receipts = {}
/\ prepared = (w1 :> None @@ w2 :> None)

State 4: <Broadcast line 59, col 5 to line 62, col 47 of module EoaRecovery>
/\ durable = {[intent |-> a, nonce |-> 0, fee |-> 0]}
/\ running = TRUE
/\ state = (a :> "active" @@ b :> "pending")
/\ latest = 0
/\ sent = {[intent |-> a, nonce |-> 0, fee |-> 0]}
/\ nextNonce = 1
/\ reverted = {}
/\ ledger = {}
/\ receipts = {}
/\ prepared = (w1 :> None @@ w2 :> None)

State 5: <Mine line 73, col 5 to line 77, col 47 of module EoaRecovery>
/\ durable = {[intent |-> a, nonce |-> 0, fee |-> 0]}
/\ running = TRUE
/\ state = (a :> "active" @@ b :> "pending")
/\ latest = 0
/\ sent = {[intent |-> a, nonce |-> 0, fee |-> 0]}
/\ nextNonce = 1
/\ reverted = {}
/\ ledger = {[intent |-> a, nonce |-> 0, fee |-> 0]}
/\ receipts = {}
/\ prepared = (w1 :> None @@ w2 :> None)

State 6: <ObserveNonce line 80, col 5 to line 83, col 49 of module EoaRecovery>
/\ durable = {[intent |-> a, nonce |-> 0, fee |-> 0]}
/\ running = TRUE
/\ state = (a :> "active" @@ b :> "pending")
/\ latest = 1
/\ sent = {[intent |-> a, nonce |-> 0, fee |-> 0]}
/\ nextNonce = 1
/\ reverted = {}
/\ ledger = {[intent |-> a, nonce |-> 0, fee |-> 0]}
/\ receipts = {}
/\ prepared = (w1 :> None @@ w2 :> None)

State 7: <UnsafeRequeue line 111, col 5 to line 116, col 47 of module EoaRecovery>
/\ durable = {}
/\ running = TRUE
/\ state = (a :> "pending" @@ b :> "pending")
/\ latest = 1
/\ sent = {[intent |-> a, nonce |-> 0, fee |-> 0]}
/\ nextNonce = 1
/\ reverted = {}
/\ ledger = {[intent |-> a, nonce |-> 0, fee |-> 0]}
/\ receipts = {}
/\ prepared = (w1 :> None @@ w2 :> None)

State 8: <Prepare line 33, col 5 to line 38, col 47 of module EoaRecovery>
/\ durable = {}
/\ running = TRUE
/\ state = (a :> "pending" @@ b :> "pending")
/\ latest = 1
/\ sent = {[intent |-> a, nonce |-> 0, fee |-> 0]}
/\ nextNonce = 1
/\ reverted = {}
/\ ledger = {[intent |-> a, nonce |-> 0, fee |-> 0]}
/\ receipts = {}
/\ prepared = (w1 :> [intent |-> a, nonce |-> 1, fee |-> 0] @@ w2 :> None)

State 9: <Reserve line 41, col 5 to line 48, col 70 of module EoaRecovery>
/\ durable = {[intent |-> a, nonce |-> 1, fee |-> 0]}
/\ running = TRUE
/\ state = (a :> "active" @@ b :> "pending")
/\ latest = 1
/\ sent = {[intent |-> a, nonce |-> 0, fee |-> 0]}
/\ nextNonce = 2
/\ reverted = {}
/\ ledger = {[intent |-> a, nonce |-> 0, fee |-> 0]}
/\ receipts = {}
/\ prepared = (w1 :> None @@ w2 :> None)

State 10: <Broadcast line 59, col 5 to line 62, col 47 of module EoaRecovery>
/\ durable = {[intent |-> a, nonce |-> 1, fee |-> 0]}
/\ running = TRUE
/\ state = (a :> "active" @@ b :> "pending")
/\ latest = 1
/\ sent = {[intent |-> a, nonce |-> 0, fee |-> 0], [intent |-> a, nonce |-> 1, fee |-> 0]}
/\ nextNonce = 2
/\ reverted = {}
/\ ledger = {[intent |-> a, nonce |-> 0, fee |-> 0]}
/\ receipts = {}
/\ prepared = (w1 :> None @@ w2 :> None)

State 11: <Mine line 73, col 5 to line 77, col 47 of module EoaRecovery>
/\ durable = {[intent |-> a, nonce |-> 1, fee |-> 0]}
/\ running = TRUE
/\ state = (a :> "active" @@ b :> "pending")
/\ latest = 1
/\ sent = {[intent |-> a, nonce |-> 0, fee |-> 0], [intent |-> a, nonce |-> 1, fee |-> 0]}
/\ nextNonce = 2
/\ reverted = {}
/\ ledger = {[intent |-> a, nonce |-> 0, fee |-> 0], [intent |-> a, nonce |-> 1, fee |-> 0]}
/\ receipts = {}
/\ prepared = (w1 :> None @@ w2 :> None)

The coverage statistics at 2026-09-26 16:55:23
<Init line 18, col 1 to line 18, col 4 of module EoaRecovery>: 2:2
  line 19, col 5 to line 28, col 21 of module EoaRecovery: 2
<Prepare line 32, col 1 to line 32, col 13 of module EoaRecovery>: 166:1408
  line 33, col 8 to line 33, col 14 of module EoaRecovery: 1408
  line 33, col 19 to line 33, col 36 of module EoaRecovery: 11314
  |line 33, col 19 to line 33, col 29 of module EoaRecovery: 9906
  |line 33, col 33 to line 33, col 36 of module EoaRecovery: 9906
  line 34, col 8 to line 34, col 27 of module EoaRecovery: 6274
  |line 34, col 8 to line 34, col 15 of module EoaRecovery: 4866
  line 34, col 32 to line 34, col 53 of module EoaRecovery: 1408
  |line 34, col 32 to line 34, col 40 of module EoaRecovery: 1482
  |line 34, col 44 to line 34, col 53 of module EoaRecovery: 1482
  line 35, col 8 to line 36, col 57 of module EoaRecovery: 1408
  line 37, col 8 to line 38, col 47 of module EoaRecovery: 1408
<Reserve line 40, col 1 to line 40, col 10 of module EoaRecovery>: 92:898
  line 41, col 8 to line 41, col 14 of module EoaRecovery: 898
  line 41, col 19 to line 41, col 36 of module EoaRecovery: 5848
  |line 41, col 19 to line 41, col 29 of module EoaRecovery: 4950
  |line 41, col 33 to line 41, col 36 of module EoaRecovery: 4950
  line 43, col 32 to line 43, col 58 of module EoaRecovery: 3418
  |line 43, col 32 to line 43, col 46 of module EoaRecovery: 2520
  line 43, col 63 to line 43, col 81 of module EoaRecovery: 2340
  |line 43, col 63 to line 43, col 69 of module EoaRecovery: 1442
  |line 43, col 73 to line 43, col 81 of module EoaRecovery: 1442
  line 44, col 11 to line 44, col 56 of module EoaRecovery: 898
  line 45, col 11 to line 45, col 34 of module EoaRecovery: 898
  line 46, col 11 to line 46, col 37 of module EoaRecovery: 898
  line 47, col 8 to line 47, col 48 of module EoaRecovery: 898
  line 48, col 8 to line 48, col 70 of module EoaRecovery: 898
<Discard line 50, col 1 to line 50, col 10 of module EoaRecovery>: 0:2518
  line 51, col 8 to line 51, col 25 of module EoaRecovery: 7940
  |line 51, col 8 to line 51, col 18 of module EoaRecovery: 5422
  |line 51, col 22 to line 51, col 25 of module EoaRecovery: 5422
  line 52, col 8 to line 52, col 48 of module EoaRecovery: 2518
  line 53, col 8 to line 54, col 47 of module EoaRecovery: 2518
<Broadcast line 58, col 1 to line 58, col 12 of module EoaRecovery>: 358:2005
  line 59, col 8 to line 59, col 14 of module EoaRecovery: 2005
  line 59, col 19 to line 59, col 31 of module EoaRecovery: 21778
  |line 59, col 19 to line 59, col 19 of module EoaRecovery: 19773
  |line 59, col 25 to line 59, col 31 of module EoaRecovery: 19773
  line 59, col 36 to line 59, col 48 of module EoaRecovery: 6633
  |line 59, col 36 to line 59, col 36 of module EoaRecovery: 4628
  |line 59, col 45 to line 59, col 48 of module EoaRecovery: 4628
  line 60, col 8 to line 60, col 28 of module EoaRecovery: 2005
  line 61, col 8 to line 62, col 47 of module EoaRecovery: 2005
<Bump line 65, col 1 to line 65, col 7 of module EoaRecovery>: 262:1366
  line 66, col 8 to line 66, col 14 of module EoaRecovery: 1366
  line 66, col 19 to line 66, col 31 of module EoaRecovery: 21137
  |line 66, col 19 to line 66, col 19 of module EoaRecovery: 19771
  |line 66, col 25 to line 66, col 31 of module EoaRecovery: 19771
  line 66, col 36 to line 66, col 44 of module EoaRecovery: 5992
  |line 66, col 36 to line 66, col 40 of module EoaRecovery: 4626
  line 67, col 8 to line 67, col 42 of module EoaRecovery: 4362
  |line 67, col 8 to line 67, col 27 of module EoaRecovery: 2996
  |line 67, col 36 to line 67, col 42 of module EoaRecovery: 2996
  line 68, col 8 to line 68, col 53 of module EoaRecovery: 1366
  line 69, col 8 to line 70, col 47 of module EoaRecovery: 1366
<Mine line 72, col 1 to line 72, col 14 of module EoaRecovery>: 1025:1205
  line 73, col 8 to line 73, col 17 of module EoaRecovery: 44491
  |line 73, col 8 to line 73, col 8 of module EoaRecovery: 43287
  |line 73, col 14 to line 73, col 17 of module EoaRecovery: 43287
  line 73, col 22 to line 73, col 50 of module EoaRecovery: 8159
  |line 73, col 22 to line 73, col 28 of module EoaRecovery: 6955
  |line 73, col 32 to line 73, col 50 of module EoaRecovery: 6955
  line 74, col 8 to line 74, col 32 of module EoaRecovery: 1204
  |line 74, col 18 to line 74, col 32 of module EoaRecovery: 1205
  line 75, col 8 to line 75, col 64 of module EoaRecovery: 1204
  |line 75, col 20 to line 75, col 64 of module EoaRecovery: 1205
  ||line 75, col 23 to line 75, col 27 of module EoaRecovery: 1205
  ||line 75, col 34 to line 75, col 50 of module EoaRecovery: 601
  ||line 75, col 57 to line 75, col 64 of module EoaRecovery: 604
  line 76, col 8 to line 77, col 47 of module EoaRecovery: 1204
<ObserveNonce line 79, col 1 to line 79, col 15 of module EoaRecovery>: 1350:4457
  line 80, col 8 to line 80, col 14 of module EoaRecovery: 4457
  line 80, col 19 to line 80, col 46 of module EoaRecovery: 11860
  |line 80, col 19 to line 80, col 19 of module EoaRecovery: 7403
  |line 80, col 25 to line 80, col 46 of module EoaRecovery: 7403
  line 81, col 8 to line 81, col 18 of module EoaRecovery: 4457
  line 82, col 8 to line 83, col 49 of module EoaRecovery: 4457
<ReadReceipt line 85, col 1 to line 85, col 14 of module EoaRecovery>: 704:1993
  line 86, col 8 to line 86, col 14 of module EoaRecovery: 1993
  line 86, col 19 to line 86, col 30 of module EoaRecovery: 21764
  |line 86, col 19 to line 86, col 19 of module EoaRecovery: 19771
  |line 86, col 25 to line 86, col 30 of module EoaRecovery: 19771
  line 87, col 8 to line 87, col 36 of module EoaRecovery: 1993
  line 88, col 8 to line 89, col 47 of module EoaRecovery: 1993
<MissingReceipt line 93, col 1 to line 93, col 17 of module EoaRecovery>: 60:690
  line 94, col 8 to line 94, col 14 of module EoaRecovery: 690
  line 94, col 19 to line 94, col 32 of module EoaRecovery: 20461
  |line 94, col 19 to line 94, col 19 of module EoaRecovery: 19771
  |line 94, col 25 to line 94, col 32 of module EoaRecovery: 19771
  line 95, col 8 to line 95, col 33 of module EoaRecovery: 690
  line 96, col 8 to line 97, col 47 of module EoaRecovery: 690
<Confirm line 99, col 1 to line 99, col 10 of module EoaRecovery>: 140:180
  line 100, col 8 to line 100, col 14 of module EoaRecovery: 180
  line 100, col 19 to line 100, col 45 of module EoaRecovery: 19951
  |line 100, col 19 to line 100, col 19 of module EoaRecovery: 19771
  |line 100, col 25 to line 100, col 45 of module EoaRecovery: 19771
  line 101, col 8 to line 101, col 23 of module EoaRecovery: 180
  |line 101, col 8 to line 101, col 14 of module EoaRecovery: 516
  |line 101, col 18 to line 101, col 23 of module EoaRecovery: 516
  line 101, col 28 to line 101, col 53 of module EoaRecovery: 360
  |line 101, col 28 to line 101, col 42 of module EoaRecovery: 180
  line 102, col 8 to line 103, col 79 of module EoaRecovery: 180
  |line 102, col 17 to line 103, col 79 of module EoaRecovery: 180
  ||line 102, col 18 to line 102, col 22 of module EoaRecovery: 180
  ||line 102, col 31 to line 103, col 78 of module EoaRecovery: 180
  ||line 103, col 11 to line 103, col 78 of module EoaRecovery: 180
  |||line 103, col 14 to line 103, col 47 of module EoaRecovery: 180
  ||||line 103, col 14 to line 103, col 27 of module EoaRecovery: 180
  ||||line 103, col 32 to line 103, col 47 of module EoaRecovery: 90
  line 104, col 8 to line 104, col 55 of module EoaRecovery: 180
  |line 104, col 19 to line 104, col 55 of module EoaRecovery: 180:329
  ||line 104, col 36 to line 104, col 54 of module EoaRecovery: 318
  ||line 104, col 26 to line 104, col 32 of module EoaRecovery: 180
  line 105, col 8 to line 106, col 47 of module EoaRecovery: 180
<UnsafeRequeue line 110, col 1 to line 110, col 16 of module EoaRecovery>: 344:669
  line 111, col 8 to line 111, col 39 of module EoaRecovery: 669
  line 111, col 44 to line 111, col 56 of module EoaRecovery: 20440
  |line 111, col 44 to line 111, col 44 of module EoaRecovery: 19771
  |line 111, col 50 to line 111, col 56 of module EoaRecovery: 19771
  line 112, col 8 to line 112, col 23 of module EoaRecovery: 669
  |line 112, col 8 to line 112, col 14 of module EoaRecovery: 4626
  |line 112, col 18 to line 112, col 23 of module EoaRecovery: 4626
  line 112, col 28 to line 112, col 44 of module EoaRecovery: 1518
  |line 112, col 28 to line 112, col 28 of module EoaRecovery: 849
  |line 112, col 37 to line 112, col 44 of module EoaRecovery: 849
  line 113, col 8 to line 113, col 54 of module EoaRecovery: 669
  line 114, col 8 to line 114, col 55 of module EoaRecovery: 669
  |line 114, col 19 to line 114, col 55 of module EoaRecovery: 669:1123
  ||line 114, col 36 to line 114, col 54 of module EoaRecovery: 1409
  ||line 114, col 26 to line 114, col 32 of module EoaRecovery: 669
  line 115, col 8 to line 116, col 47 of module EoaRecovery: 669
<Crash line 118, col 1 to line 118, col 5 of module EoaRecovery>: 439:2467
  line 119, col 8 to line 119, col 14 of module EoaRecovery: 2467
  line 120, col 8 to line 120, col 23 of module EoaRecovery: 2467
  line 121, col 8 to line 121, col 43 of module EoaRecovery: 2467
  line 122, col 8 to line 123, col 38 of module EoaRecovery: 2467
<Restart line 124, col 1 to line 124, col 7 of module EoaRecovery>: 0:237
  line 125, col 8 to line 125, col 15 of module EoaRecovery: 2941
  |line 125, col 9 to line 125, col 15 of module EoaRecovery: 2704
  line 125, col 20 to line 125, col 34 of module EoaRecovery: 237
  line 126, col 8 to line 127, col 48 of module EoaRecovery: 237
<Reorg line 131, col 1 to line 131, col 5 of module EoaRecovery>: 0:0
  line 133, col 8 to line 133, col 19 of module EoaRecovery: 0
  line 133, col 24 to line 133, col 37 of module EoaRecovery: 0
  line 133, col 42 to line 133, col 55 of module EoaRecovery: 0
  line 133, col 60 to line 133, col 70 of module EoaRecovery: 0
  line 134, col 8 to line 134, col 71 of module EoaRecovery: 0
<Next line 156, col 1 to line 156, col 4 of module EoaRecovery (164 8 164 56)>: 0:0
  line 141, col 11 to line 141, col 49 of module EoaRecovery: 0
  line 142, col 11 to line 142, col 82 of module EoaRecovery: 0
  line 143, col 11 to line 143, col 36 of module EoaRecovery: 0
  line 144, col 11 to line 144, col 83 of module EoaRecovery: 0
  line 60, col 8 to line 60, col 28 of module EoaRecovery: 0
  line 61, col 8 to line 62, col 47 of module EoaRecovery: 0
  line 74, col 8 to line 74, col 32 of module EoaRecovery: 0
  line 75, col 8 to line 75, col 64 of module EoaRecovery: 0
  line 76, col 8 to line 77, col 47 of module EoaRecovery: 0
  line 150, col 16 to line 150, col 94 of module EoaRecovery: 0
  line 151, col 16 to line 151, col 56 of module EoaRecovery: 0
  line 152, col 16 to line 152, col 44 of module EoaRecovery: 0
  line 153, col 16 to line 153, col 44 of module EoaRecovery: 0
  line 154, col 11 to line 154, col 76 of module EoaRecovery: 0
<TypeOK line 169, col 1 to line 169, col 6 of module EoaRecovery>
  line 170, col 5 to line 176, col 26 of module EoaRecovery: 4941
<AtMostOneEffect line 179, col 1 to line 179, col 15 of module EoaRecovery>
  line 179, col 20 to line 179, col 96 of module EoaRecovery: 4941
  |line 179, col 39 to line 179, col 96 of module EoaRecovery: 9881
  ||line 179, col 39 to line 179, col 91 of module EoaRecovery: 9881
  |||line 179, col 51 to line 179, col 90 of module EoaRecovery: 9881
  ||||line 179, col 78 to line 179, col 89 of module EoaRecovery: 4738
  ||||line 179, col 58 to line 179, col 74 of module EoaRecovery: 9881
  |line 179, col 29 to line 179, col 35 of module EoaRecovery: 4941
End of statistics.
20063 states generated, 4941 distinct states found, 2235 states left on queue.
The depth of the complete state graph search is 11.
The average outdegree of the complete state graph is 2 (minimum is 0, the maximum 7 and the 95th percentile is 4).
Finished in 00s at (2026-09-26 16:55:23)
