TLC2 Version 2.19 of 08 August 2024 (rev: 5a47802)
Running breadth-first search Model-Checking with fp 0 and seed 1 with 1 worker on 10 cores with 1820MB heap and 64MB offheap memory [pid: 33651] (Mac OS X 26.6.2 aarch64, Eclipse Adoptium 21.0.12.1 x86_64, MSBDiskFPSet, DiskStateQueue).
Parsing file /Users/alfongj/Code/engine-core/formal/tla/QueueLease.tla
Parsing file /private/var/folders/ky/s5xblf5j3515d6h6ss25z3w80000gn/T/Naturals.tla
Parsing file /private/var/folders/ky/s5xblf5j3515d6h6ss25z3w80000gn/T/FiniteSets.tla
Parsing file /private/var/folders/ky/s5xblf5j3515d6h6ss25z3w80000gn/T/Sequences.tla
Parsing file /private/var/folders/ky/s5xblf5j3515d6h6ss25z3w80000gn/T/TLC.tla
Semantic processing of module Naturals
Semantic processing of module Sequences
Semantic processing of module FiniteSets
Semantic processing of module TLC
Semantic processing of module QueueLease
Starting... (2026-09-26 16:56:46)
Computing initial states...
Finished computing initial states: 1 distinct state generated at 2026-09-26 16:56:46.
Model checking completed. No error has been found.
  Estimates of the probability that TLC did not check all reachable states
  because two distinct states had the same fingerprint:
  calculated (optimistic):  val = 1.6E-11
The coverage statistics at 2026-09-26 16:56:47
<Init line 45, col 1 to line 45, col 4 of module QueueLease>: 1:1
  line 46, col 5 to line 58, col 70 of module QueueLease: 1
<Push line 62, col 1 to line 62, col 11 of module QueueLease>: 588:1020
  line 63, col 8 to line 63, col 13 of module QueueLease: 18226
  |line 63, col 9 to line 63, col 13 of module QueueLease: 17206
  line 63, col 18 to line 63, col 44 of module QueueLease: 1020
  |line 63, col 18 to line 63, col 27 of module QueueLease: 3660
  |line 63, col 31 to line 63, col 44 of module QueueLease: 3660
  line 64, col 8 to line 64, col 35 of module QueueLease: 1020
  line 65, col 8 to line 65, col 52 of module QueueLease: 1020
  line 66, col 8 to line 66, col 70 of module QueueLease: 1020
  line 67, col 8 to line 70, col 48 of module QueueLease: 1020
<Expire line 73, col 1 to line 73, col 9 of module QueueLease>: 401:1150
  line 74, col 8 to line 74, col 22 of module QueueLease: 18356
  |line 74, col 8 to line 74, col 8 of module QueueLease: 17206
  |line 74, col 14 to line 74, col 22 of module QueueLease: 17206
  line 75, col 8 to line 75, col 35 of module QueueLease: 1150
  line 76, col 8 to line 76, col 65 of module QueueLease: 1150
  line 77, col 8 to line 80, col 74 of module QueueLease: 1150
<Poll line 86, col 1 to line 86, col 17 of module QueueLease (99 8 117 44)>: 531:16176
  line 99, col 12 to line 99, col 16 of module QueueLease: 43819
  |line 99, col 13 to line 99, col 16 of module QueueLease: 34412
  ||line 97, col 17 to line 97, col 36 of module QueueLease: 34412
  |||line 97, col 17 to line 97, col 28 of module QueueLease: 34412
  ||||line 97, col 17 to line 97, col 22 of module QueueLease: 34412
  ||||line 97, col 27 to line 97, col 28 of module QueueLease: 17206
  |||||line 95, col 15 to line 95, col 55 of module QueueLease: 17206
  ||||||line 95, col 16 to line 95, col 25 of module QueueLease: 17206
  |||||||line 95, col 16 to line 95, col 16 of module QueueLease: 17206
  ||||||||line 89, col 14 to line 89, col 31 of module QueueLease: 17206
  |||||||||line 89, col 14 to line 89, col 20 of module QueueLease: 17206
  |||||||||line 89, col 25 to line 89, col 31 of module QueueLease: 14050
  ||||||||||line 87, col 20 to line 87, col 67 of module QueueLease: 14050
  |||||||||||line 87, col 20 to line 87, col 25 of module QueueLease: 14050
  |||||||||||line 87, col 30 to line 87, col 67 of module QueueLease: 4920
  |||||||line 95, col 21 to line 95, col 25 of module QueueLease: 5776
  ||||||||line 95, col 22 to line 95, col 25 of module QueueLease: 5776
  |||||||||line 94, col 17 to line 94, col 30 of module QueueLease: 5776
  ||||||||||line 94, col 17 to line 94, col 22 of module QueueLease: 5776
  |||||||||||line 90, col 19 to line 90, col 30 of module QueueLease: 5776
  ||||||||||||line 90, col 19 to line 90, col 24 of module QueueLease: 5776
  ||||||||||||line 90, col 29 to line 90, col 30 of module QueueLease: 1852
  |||||||||||||line 90, col 30 to line 90, col 30 of module QueueLease: 1852
  ||||||||||||||line 88, col 14 to line 88, col 31 of module QueueLease: 1852
  |||||||||||||||line 88, col 14 to line 88, col 19 of module QueueLease: 1852
  |||||||||||||||line 88, col 24 to line 88, col 31 of module QueueLease: 1310
  ||||||||||line 94, col 27 to line 94, col 30 of module QueueLease: 1852
  |||||||||||line 94, col 28 to line 94, col 30 of module QueueLease: 1852
  ||||||||||||line 91, col 16 to line 93, col 53 of module QueueLease: 1852
  |||||||||||||line 91, col 19 to line 91, col 40 of module QueueLease: 1852
  |||||||||||||line 93, col 21 to line 93, col 53 of module QueueLease: 1852
  ||||||||||||||line 93, col 21 to line 93, col 34 of module QueueLease: 1852
  ||||||||||||||line 93, col 39 to line 93, col 53 of module QueueLease: 148
  |||||||||||||||line 93, col 41 to line 93, col 52 of module QueueLease: 148
  ||||||||||||||||line 93, col 41 to line 93, col 41 of module QueueLease: 148
  |||||||||||||||||line 89, col 14 to line 89, col 31 of module QueueLease: 148
  ||||||||||||||||||line 89, col 14 to line 89, col 20 of module QueueLease: 148
  ||||||||||||||||||line 89, col 25 to line 89, col 31 of module QueueLease: 66
  ||||||line 95, col 32 to line 95, col 54 of module QueueLease: 13282
  |||||||line 95, col 32 to line 95, col 45 of module QueueLease: 13282
  ||||||||line 95, col 32 to line 95, col 38 of module QueueLease: 13282
  ||||||||line 95, col 43 to line 95, col 45 of module QueueLease: 1624
  |||||||line 95, col 50 to line 95, col 54 of module QueueLease: 812
  ||||||||line 95, col 51 to line 95, col 54 of module QueueLease: 812
  |||||||||line 94, col 17 to line 94, col 30 of module QueueLease: 812
  ||||||||||line 94, col 17 to line 94, col 22 of module QueueLease: 812
  |||||||||||line 90, col 19 to line 90, col 30 of module QueueLease: 812
  ||||||||||||line 90, col 19 to line 90, col 24 of module QueueLease: 812
  ||||||||||||line 90, col 29 to line 90, col 30 of module QueueLease: 271
  ||||||||||line 94, col 27 to line 94, col 30 of module QueueLease: 271
  |||||||||||line 94, col 28 to line 94, col 30 of module QueueLease: 271
  ||||||||||||line 91, col 16 to line 93, col 53 of module QueueLease: 271
  |||||||||||||line 91, col 19 to line 91, col 40 of module QueueLease: 271
  |||||||||||||line 93, col 21 to line 93, col 53 of module QueueLease: 271
  ||||||||||||||line 93, col 21 to line 93, col 34 of module QueueLease: 271
  ||||||||||||||line 93, col 39 to line 93, col 53 of module QueueLease: 41
  |||line 97, col 33 to line 97, col 36 of module QueueLease: 4465
  line 99, col 22 to line 99, col 33 of module QueueLease: 37224
  |line 99, col 22 to line 99, col 22 of module QueueLease: 34412
  |line 99, col 28 to line 99, col 33 of module QueueLease: 34412
  line 87, col 20 to line 87, col 25 of module QueueLease: 4586
  line 87, col 30 to line 87, col 67 of module QueueLease: 14300
  |line 87, col 30 to line 87, col 50 of module QueueLease: 9714
  |line 87, col 59 to line 87, col 67 of module QueueLease: 9714
  line 90, col 19 to line 90, col 24 of module QueueLease: 9236
  line 90, col 29 to line 90, col 30 of module QueueLease: 21036
  |line 90, col 30 to line 90, col 30 of module QueueLease: 11800
  ||line 88, col 14 to line 88, col 31 of module QueueLease: 11800
  |||line 88, col 14 to line 88, col 19 of module QueueLease: 11800
  |||line 88, col 24 to line 88, col 31 of module QueueLease: 5512
  line 100, col 34 to line 100, col 47 of module QueueLease: 1533
  line 97, col 17 to line 97, col 22 of module QueueLease: 821
  line 89, col 14 to line 89, col 20 of module QueueLease: 510
  line 87, col 20 to line 87, col 25 of module QueueLease: 164
  line 87, col 30 to line 87, col 67 of module QueueLease: 4366
  |line 87, col 30 to line 87, col 50 of module QueueLease: 4202
  |line 87, col 59 to line 87, col 67 of module QueueLease: 4202
  line 95, col 21 to line 95, col 25 of module QueueLease: 3520
  |line 95, col 22 to line 95, col 25 of module QueueLease: 2846
  ||line 94, col 17 to line 94, col 30 of module QueueLease: 2846
  |||line 94, col 17 to line 94, col 22 of module QueueLease: 2846
  ||||line 90, col 19 to line 90, col 30 of module QueueLease: 2846
  |||||line 90, col 19 to line 90, col 24 of module QueueLease: 2846
  |||||line 90, col 29 to line 90, col 30 of module QueueLease: 2172
  ||||||line 90, col 30 to line 90, col 30 of module QueueLease: 2172
  |||||||line 88, col 14 to line 88, col 31 of module QueueLease: 2172
  ||||||||line 88, col 14 to line 88, col 19 of module QueueLease: 2172
  ||||||||line 88, col 24 to line 88, col 31 of module QueueLease: 1474
  |||line 94, col 27 to line 94, col 30 of module QueueLease: 2172
  ||||line 94, col 28 to line 94, col 30 of module QueueLease: 2172
  |||||line 91, col 16 to line 93, col 53 of module QueueLease: 2172
  ||||||line 91, col 19 to line 91, col 40 of module QueueLease: 2172
  ||||||line 93, col 21 to line 93, col 53 of module QueueLease: 2172
  |||||||line 93, col 21 to line 93, col 34 of module QueueLease: 2172
  |||||||line 93, col 39 to line 93, col 53 of module QueueLease: 174
  ||||||||line 93, col 41 to line 93, col 52 of module QueueLease: 174
  |||||||||line 93, col 41 to line 93, col 41 of module QueueLease: 174
  ||||||||||line 89, col 14 to line 89, col 31 of module QueueLease: 174
  |||||||||||line 89, col 14 to line 89, col 20 of module QueueLease: 174
  |||||||||||line 89, col 25 to line 89, col 31 of module QueueLease: 66
  line 95, col 32 to line 95, col 45 of module QueueLease: 147
  line 95, col 50 to line 95, col 54 of module QueueLease: 643
  |line 95, col 51 to line 95, col 54 of module QueueLease: 496
  ||line 94, col 17 to line 94, col 30 of module QueueLease: 496
  |||line 94, col 17 to line 94, col 22 of module QueueLease: 496
  ||||line 90, col 19 to line 90, col 30 of module QueueLease: 496
  |||||line 90, col 19 to line 90, col 24 of module QueueLease: 496
  |||||line 90, col 29 to line 90, col 30 of module QueueLease: 349
  |||line 94, col 27 to line 94, col 30 of module QueueLease: 349
  ||||line 94, col 28 to line 94, col 30 of module QueueLease: 349
  |||||line 91, col 16 to line 93, col 53 of module QueueLease: 349
  ||||||line 91, col 19 to line 91, col 40 of module QueueLease: 349
  ||||||line 93, col 21 to line 93, col 53 of module QueueLease: 349
  |||||||line 93, col 21 to line 93, col 34 of module QueueLease: 349
  |||||||line 93, col 39 to line 93, col 53 of module QueueLease: 54
  line 97, col 33 to line 97, col 36 of module QueueLease: 821
  line 101, col 11 to line 101, col 34 of module QueueLease: 16176
  |line 101, col 23 to line 101, col 33 of module QueueLease: 16176
  ||line 101, col 23 to line 101, col 24 of module QueueLease: 16176
  |||line 95, col 15 to line 95, col 55 of module QueueLease: 16176
  ||||line 95, col 16 to line 95, col 25 of module QueueLease: 16176
  |||||line 95, col 16 to line 95, col 16 of module QueueLease: 16176
  ||||||line 89, col 14 to line 89, col 31 of module QueueLease: 16176
  |||||||line 89, col 14 to line 89, col 20 of module QueueLease: 16176
  |||||||line 89, col 25 to line 89, col 31 of module QueueLease: 14270
  ||||||||line 87, col 20 to line 87, col 67 of module QueueLease: 14270
  |||||||||line 87, col 20 to line 87, col 25 of module QueueLease: 14270
  |||||||||line 87, col 30 to line 87, col 67 of module QueueLease: 7698
  |||||line 95, col 21 to line 95, col 25 of module QueueLease: 9604
  ||||||line 95, col 22 to line 95, col 25 of module QueueLease: 9604
  |||||||line 94, col 17 to line 94, col 30 of module QueueLease: 9604
  ||||||||line 94, col 17 to line 94, col 22 of module QueueLease: 9604
  |||||||||line 90, col 19 to line 90, col 30 of module QueueLease: 9604
  ||||||||||line 90, col 19 to line 90, col 24 of module QueueLease: 9604
  ||||||||||line 90, col 29 to line 90, col 30 of module QueueLease: 7292
  |||||||||||line 90, col 30 to line 90, col 30 of module QueueLease: 7292
  ||||||||||||line 88, col 14 to line 88, col 31 of module QueueLease: 7292
  |||||||||||||line 88, col 14 to line 88, col 19 of module QueueLease: 7292
  |||||||||||||line 88, col 24 to line 88, col 31 of module QueueLease: 5896
  ||||||||line 94, col 27 to line 94, col 30 of module QueueLease: 7292
  |||||||||line 94, col 28 to line 94, col 30 of module QueueLease: 7292
  ||||||||||line 91, col 16 to line 93, col 53 of module QueueLease: 7292
  |||||||||||line 91, col 19 to line 91, col 40 of module QueueLease: 7292
  |||||||||||line 93, col 21 to line 93, col 53 of module QueueLease: 7292
  ||||||||||||line 93, col 21 to line 93, col 34 of module QueueLease: 7292
  ||||||||||||line 93, col 39 to line 93, col 53 of module QueueLease: 480
  |||||||||||||line 93, col 41 to line 93, col 52 of module QueueLease: 480
  ||||||||||||||line 93, col 41 to line 93, col 41 of module QueueLease: 480
  |||||||||||||||line 89, col 14 to line 89, col 31 of module QueueLease: 480
  ||||||||||||||||line 89, col 14 to line 89, col 20 of module QueueLease: 480
  ||||||||||||||||line 89, col 25 to line 89, col 31 of module QueueLease: 264
  ||||line 95, col 32 to line 95, col 54 of module QueueLease: 13864
  |||||line 95, col 32 to line 95, col 45 of module QueueLease: 13864
  ||||||line 95, col 32 to line 95, col 38 of module QueueLease: 13864
  ||||||line 95, col 43 to line 95, col 45 of module QueueLease: 3076
  |||||line 95, col 50 to line 95, col 54 of module QueueLease: 2378
  ||||||line 95, col 51 to line 95, col 54 of module QueueLease: 2378
  |||||||line 94, col 17 to line 94, col 30 of module QueueLease: 2378
  ||||||||line 94, col 17 to line 94, col 22 of module QueueLease: 2378
  |||||||||line 90, col 19 to line 90, col 30 of module QueueLease: 2378
  ||||||||||line 90, col 19 to line 90, col 24 of module QueueLease: 2378
  ||||||||||line 90, col 29 to line 90, col 30 of module QueueLease: 1396
  ||||||||line 94, col 27 to line 94, col 30 of module QueueLease: 1396
  |||||||||line 94, col 28 to line 94, col 30 of module QueueLease: 1396
  ||||||||||line 91, col 16 to line 93, col 53 of module QueueLease: 1396
  |||||||||||line 91, col 19 to line 91, col 40 of module QueueLease: 1396
  |||||||||||line 93, col 21 to line 93, col 53 of module QueueLease: 1396
  ||||||||||||line 93, col 21 to line 93, col 34 of module QueueLease: 1396
  ||||||||||||line 93, col 39 to line 93, col 53 of module QueueLease: 216
  ||line 101, col 29 to line 101, col 33 of module QueueLease: 3294
  |||line 101, col 30 to line 101, col 33 of module QueueLease: 3294
  ||||line 97, col 17 to line 97, col 36 of module QueueLease: 3294
  |||||line 97, col 17 to line 97, col 28 of module QueueLease: 3294
  ||||||line 97, col 17 to line 97, col 22 of module QueueLease: 3294
  ||||||line 97, col 27 to line 97, col 28 of module QueueLease: 1132
  |||||||line 95, col 15 to line 95, col 55 of module QueueLease: 1132
  ||||||||line 95, col 16 to line 95, col 25 of module QueueLease: 1132
  |||||||||line 95, col 16 to line 95, col 16 of module QueueLease: 1132
  ||||||||||line 89, col 14 to line 89, col 31 of module QueueLease: 1132
  |||||||||||line 89, col 14 to line 89, col 20 of module QueueLease: 1132
  |||||||||||line 89, col 25 to line 89, col 31 of module QueueLease: 622
  ||||||||||||line 87, col 20 to line 87, col 67 of module QueueLease: 622
  |||||||||||||line 87, col 20 to line 87, col 25 of module QueueLease: 622
  |||||||||||||line 87, col 30 to line 87, col 67 of module QueueLease: 328
  |||||||||line 95, col 21 to line 95, col 25 of module QueueLease: 838
  ||||||||line 95, col 32 to line 95, col 54 of module QueueLease: 294
  |||||line 97, col 33 to line 97, col 36 of module QueueLease: 1132
  line 102, col 11 to line 102, col 23 of module QueueLease: 16176
  |line 102, col 22 to line 102, col 23 of module QueueLease: 16176
  ||line 96, col 15 to line 96, col 38 of module QueueLease: 16176
  |||line 96, col 15 to line 96, col 29 of module QueueLease: 16176
  ||||line 96, col 15 to line 96, col 21 of module QueueLease: 16176
  ||||line 96, col 26 to line 96, col 29 of module QueueLease: 3076
  |||line 96, col 34 to line 96, col 38 of module QueueLease: 698
  ||||line 96, col 35 to line 96, col 38 of module QueueLease: 698
  |||||line 94, col 17 to line 94, col 30 of module QueueLease: 698
  ||||||line 94, col 17 to line 94, col 22 of module QueueLease: 698
  ||||||line 94, col 27 to line 94, col 30 of module QueueLease: 698
  |||||||line 94, col 28 to line 94, col 30 of module QueueLease: 698
  ||||||||line 91, col 16 to line 93, col 53 of module QueueLease: 698
  |||||||||line 91, col 19 to line 91, col 40 of module QueueLease: 698
  |||||||||line 93, col 21 to line 93, col 53 of module QueueLease: 698
  ||||||||||line 93, col 21 to line 93, col 34 of module QueueLease: 698
  ||||||||||line 93, col 39 to line 93, col 53 of module QueueLease: 108
  line 103, col 11 to line 103, col 31 of module QueueLease: 16176
  |line 103, col 22 to line 103, col 30 of module QueueLease: 16176
  ||line 103, col 22 to line 103, col 22 of module QueueLease: 16176
  |||line 88, col 14 to line 88, col 31 of module QueueLease: 16176
  ||||line 88, col 14 to line 88, col 19 of module QueueLease: 16176
  ||||line 88, col 24 to line 88, col 31 of module QueueLease: 7698
  ||line 103, col 27 to line 103, col 30 of module QueueLease: 16176
  |||line 97, col 17 to line 97, col 36 of module QueueLease: 16176
  ||||line 97, col 17 to line 97, col 28 of module QueueLease: 16176
  |||||line 97, col 17 to line 97, col 22 of module QueueLease: 16176
  |||||line 97, col 27 to line 97, col 28 of module QueueLease: 7573
  ||||||line 95, col 15 to line 95, col 55 of module QueueLease: 7573
  |||||||line 95, col 16 to line 95, col 25 of module QueueLease: 7573
  ||||||||line 95, col 16 to line 95, col 16 of module QueueLease: 7573
  |||||||||line 89, col 14 to line 89, col 31 of module QueueLease: 7573
  ||||||||||line 89, col 14 to line 89, col 20 of module QueueLease: 7573
  ||||||||||line 89, col 25 to line 89, col 31 of module QueueLease: 6365
  |||||||||||line 87, col 20 to line 87, col 67 of module QueueLease: 6365
  ||||||||||||line 87, col 20 to line 87, col 25 of module QueueLease: 6365
  ||||||||||||line 87, col 30 to line 87, col 67 of module QueueLease: 3276
  ||||||||line 95, col 21 to line 95, col 25 of module QueueLease: 4484
  |||||||||line 95, col 22 to line 95, col 25 of module QueueLease: 4484
  ||||||||||line 94, col 17 to line 94, col 30 of module QueueLease: 4484
  |||||||||||line 94, col 17 to line 94, col 22 of module QueueLease: 4484
  ||||||||||||line 90, col 19 to line 90, col 30 of module QueueLease: 4484
  |||||||||||||line 90, col 19 to line 90, col 24 of module QueueLease: 4484
  |||||||||||||line 90, col 29 to line 90, col 30 of module QueueLease: 3646
  ||||||||||||||line 90, col 30 to line 90, col 30 of module QueueLease: 3646
  |||||||||||||||line 88, col 14 to line 88, col 31 of module QueueLease: 3646
  ||||||||||||||||line 88, col 14 to line 88, col 19 of module QueueLease: 3646
  ||||||||||||||||line 88, col 24 to line 88, col 31 of module QueueLease: 2948
  |||||||||||line 94, col 27 to line 94, col 30 of module QueueLease: 3646
  ||||||||||||line 94, col 28 to line 94, col 30 of module QueueLease: 3646
  |||||||||||||line 91, col 16 to line 93, col 53 of module QueueLease: 3646
  ||||||||||||||line 91, col 19 to line 91, col 40 of module QueueLease: 3646
  ||||||||||||||line 93, col 21 to line 93, col 53 of module QueueLease: 3646
  |||||||||||||||line 93, col 21 to line 93, col 34 of module QueueLease: 3646
  |||||||||||||||line 93, col 39 to line 93, col 53 of module QueueLease: 240
  ||||||||||||||||line 93, col 41 to line 93, col 52 of module QueueLease: 240
  |||||||||||||||||line 93, col 41 to line 93, col 41 of module QueueLease: 240
  ||||||||||||||||||line 89, col 14 to line 89, col 31 of module QueueLease: 240
  |||||||||||||||||||line 89, col 14 to line 89, col 20 of module QueueLease: 240
  |||||||||||||||||||line 89, col 25 to line 89, col 31 of module QueueLease: 132
  |||||||line 95, col 32 to line 95, col 54 of module QueueLease: 6735
  ||||||||line 95, col 32 to line 95, col 45 of module QueueLease: 6735
  |||||||||line 95, col 32 to line 95, col 38 of module QueueLease: 6735
  |||||||||line 95, col 43 to line 95, col 45 of module QueueLease: 1341
  ||||||||line 95, col 50 to line 95, col 54 of module QueueLease: 992
  |||||||||line 95, col 51 to line 95, col 54 of module QueueLease: 992
  ||||||||||line 94, col 17 to line 94, col 30 of module QueueLease: 992
  |||||||||||line 94, col 17 to line 94, col 22 of module QueueLease: 992
  ||||||||||||line 90, col 19 to line 90, col 30 of module QueueLease: 992
  |||||||||||||line 90, col 19 to line 90, col 24 of module QueueLease: 992
  |||||||||||||line 90, col 29 to line 90, col 30 of module QueueLease: 698
  |||||||||||line 94, col 27 to line 94, col 30 of module QueueLease: 698
  ||||||||||||line 94, col 28 to line 94, col 30 of module QueueLease: 698
  |||||||||||||line 91, col 16 to line 93, col 53 of module QueueLease: 698
  ||||||||||||||line 91, col 19 to line 91, col 40 of module QueueLease: 698
  ||||||||||||||line 93, col 21 to line 93, col 53 of module QueueLease: 698
  |||||||||||||||line 93, col 21 to line 93, col 34 of module QueueLease: 698
  |||||||||||||||line 93, col 39 to line 93, col 53 of module QueueLease: 108
  ||||line 97, col 33 to line 97, col 36 of module QueueLease: 1132
  line 104, col 11 to line 104, col 79 of module QueueLease: 16176
  |line 104, col 26 to line 104, col 79 of module QueueLease: 16176
  ||line 104, col 29 to line 104, col 32 of module QueueLease: 16176
  |||line 97, col 17 to line 97, col 36 of module QueueLease: 16176
  ||||line 97, col 17 to line 97, col 28 of module QueueLease: 16176
  |||||line 97, col 17 to line 97, col 22 of module QueueLease: 16176
  |||||line 97, col 27 to line 97, col 28 of module QueueLease: 7573
  ||||||line 95, col 15 to line 95, col 55 of module QueueLease: 7573
  |||||||line 95, col 16 to line 95, col 25 of module QueueLease: 7573
  ||||||||line 95, col 16 to line 95, col 16 of module QueueLease: 7573
  |||||||||line 89, col 14 to line 89, col 31 of module QueueLease: 7573
  ||||||||||line 89, col 14 to line 89, col 20 of module QueueLease: 7573
  ||||||||||line 89, col 25 to line 89, col 31 of module QueueLease: 6365
  |||||||||||line 87, col 20 to line 87, col 67 of module QueueLease: 6365
  ||||||||||||line 87, col 20 to line 87, col 25 of module QueueLease: 6365
  ||||||||||||line 87, col 30 to line 87, col 67 of module QueueLease: 3276
  ||||||||line 95, col 21 to line 95, col 25 of module QueueLease: 4484
  |||||||||line 95, col 22 to line 95, col 25 of module QueueLease: 4484
  ||||||||||line 94, col 17 to line 94, col 30 of module QueueLease: 4484
  |||||||||||line 94, col 17 to line 94, col 22 of module QueueLease: 4484
  ||||||||||||line 90, col 19 to line 90, col 30 of module QueueLease: 4484
  |||||||||||||line 90, col 19 to line 90, col 24 of module QueueLease: 4484
  |||||||||||||line 90, col 29 to line 90, col 30 of module QueueLease: 3646
  ||||||||||||||line 90, col 30 to line 90, col 30 of module QueueLease: 3646
  |||||||||||||||line 88, col 14 to line 88, col 31 of module QueueLease: 3646
  ||||||||||||||||line 88, col 14 to line 88, col 19 of module QueueLease: 3646
  ||||||||||||||||line 88, col 24 to line 88, col 31 of module QueueLease: 2948
  |||||||||||line 94, col 27 to line 94, col 30 of module QueueLease: 3646
  ||||||||||||line 94, col 28 to line 94, col 30 of module QueueLease: 3646
  |||||||||||||line 91, col 16 to line 93, col 53 of module QueueLease: 3646
  ||||||||||||||line 91, col 19 to line 91, col 40 of module QueueLease: 3646
  ||||||||||||||line 93, col 21 to line 93, col 53 of module QueueLease: 3646
  |||||||||||||||line 93, col 21 to line 93, col 34 of module QueueLease: 3646
  |||||||||||||||line 93, col 39 to line 93, col 53 of module QueueLease: 240
  ||||||||||||||||line 93, col 41 to line 93, col 52 of module QueueLease: 240
  |||||||||||||||||line 93, col 41 to line 93, col 41 of module QueueLease: 240
  ||||||||||||||||||line 89, col 14 to line 89, col 31 of module QueueLease: 240
  |||||||||||||||||||line 89, col 14 to line 89, col 20 of module QueueLease: 240
  |||||||||||||||||||line 89, col 25 to line 89, col 31 of module QueueLease: 132
  |||||||line 95, col 32 to line 95, col 54 of module QueueLease: 6735
  ||||||||line 95, col 32 to line 95, col 45 of module QueueLease: 6735
  |||||||||line 95, col 32 to line 95, col 38 of module QueueLease: 6735
  |||||||||line 95, col 43 to line 95, col 45 of module QueueLease: 1341
  ||||||||line 95, col 50 to line 95, col 54 of module QueueLease: 992
  |||||||||line 95, col 51 to line 95, col 54 of module QueueLease: 992
  ||||||||||line 94, col 17 to line 94, col 30 of module QueueLease: 992
  |||||||||||line 94, col 17 to line 94, col 22 of module QueueLease: 992
  ||||||||||||line 90, col 19 to line 90, col 30 of module QueueLease: 992
  |||||||||||||line 90, col 19 to line 90, col 24 of module QueueLease: 992
  |||||||||||||line 90, col 29 to line 90, col 30 of module QueueLease: 698
  |||||||||||line 94, col 27 to line 94, col 30 of module QueueLease: 698
  ||||||||||||line 94, col 28 to line 94, col 30 of module QueueLease: 698
  |||||||||||||line 91, col 16 to line 93, col 53 of module QueueLease: 698
  ||||||||||||||line 91, col 19 to line 91, col 40 of module QueueLease: 698
  ||||||||||||||line 93, col 21 to line 93, col 53 of module QueueLease: 698
  |||||||||||||||line 93, col 21 to line 93, col 34 of module QueueLease: 698
  |||||||||||||||line 93, col 39 to line 93, col 53 of module QueueLease: 108
  ||||line 97, col 33 to line 97, col 36 of module QueueLease: 1132
  ||line 104, col 39 to line 104, col 39 of module QueueLease: 1132
  ||line 104, col 46 to line 104, col 79 of module QueueLease: 15044
  |||line 104, col 49 to line 104, col 55 of module QueueLease: 15044
  ||||line 87, col 20 to line 87, col 67 of module QueueLease: 15044
  |||||line 87, col 20 to line 87, col 25 of module QueueLease: 15044
  |||||line 87, col 30 to line 87, col 67 of module QueueLease: 7370
  |||line 104, col 69 to line 104, col 79 of module QueueLease: 7674
  line 105, col 11 to line 105, col 79 of module QueueLease: 16176
  |line 105, col 24 to line 105, col 79 of module QueueLease: 16176
  ||line 105, col 27 to line 105, col 30 of module QueueLease: 16176
  |||line 97, col 17 to line 97, col 36 of module QueueLease: 16176
  ||||line 97, col 17 to line 97, col 28 of module QueueLease: 16176
  |||||line 97, col 17 to line 97, col 22 of module QueueLease: 16176
  |||||line 97, col 27 to line 97, col 28 of module QueueLease: 7573
  ||||||line 95, col 15 to line 95, col 55 of module QueueLease: 7573
  |||||||line 95, col 16 to line 95, col 25 of module QueueLease: 7573
  ||||||||line 95, col 16 to line 95, col 16 of module QueueLease: 7573
  |||||||||line 89, col 14 to line 89, col 31 of module QueueLease: 7573
  ||||||||||line 89, col 14 to line 89, col 20 of module QueueLease: 7573
  ||||||||||line 89, col 25 to line 89, col 31 of module QueueLease: 6365
  |||||||||||line 87, col 20 to line 87, col 67 of module QueueLease: 6365
  ||||||||||||line 87, col 20 to line 87, col 25 of module QueueLease: 6365
  ||||||||||||line 87, col 30 to line 87, col 67 of module QueueLease: 3276
  ||||||||line 95, col 21 to line 95, col 25 of module QueueLease: 4484
  |||||||||line 95, col 22 to line 95, col 25 of module QueueLease: 4484
  ||||||||||line 94, col 17 to line 94, col 30 of module QueueLease: 4484
  |||||||||||line 94, col 17 to line 94, col 22 of module QueueLease: 4484
  ||||||||||||line 90, col 19 to line 90, col 30 of module QueueLease: 4484
  |||||||||||||line 90, col 19 to line 90, col 24 of module QueueLease: 4484
  |||||||||||||line 90, col 29 to line 90, col 30 of module QueueLease: 3646
  ||||||||||||||line 90, col 30 to line 90, col 30 of module QueueLease: 3646
  |||||||||||||||line 88, col 14 to line 88, col 31 of module QueueLease: 3646
  ||||||||||||||||line 88, col 14 to line 88, col 19 of module QueueLease: 3646
  ||||||||||||||||line 88, col 24 to line 88, col 31 of module QueueLease: 2948
  |||||||||||line 94, col 27 to line 94, col 30 of module QueueLease: 3646
  ||||||||||||line 94, col 28 to line 94, col 30 of module QueueLease: 3646
  |||||||||||||line 91, col 16 to line 93, col 53 of module QueueLease: 3646
  ||||||||||||||line 91, col 19 to line 91, col 40 of module QueueLease: 3646
  ||||||||||||||line 93, col 21 to line 93, col 53 of module QueueLease: 3646
  |||||||||||||||line 93, col 21 to line 93, col 34 of module QueueLease: 3646
  |||||||||||||||line 93, col 39 to line 93, col 53 of module QueueLease: 240
  ||||||||||||||||line 93, col 41 to line 93, col 52 of module QueueLease: 240
  |||||||||||||||||line 93, col 41 to line 93, col 41 of module QueueLease: 240
  ||||||||||||||||||line 89, col 14 to line 89, col 31 of module QueueLease: 240
  |||||||||||||||||||line 89, col 14 to line 89, col 20 of module QueueLease: 240
  |||||||||||||||||||line 89, col 25 to line 89, col 31 of module QueueLease: 132
  |||||||line 95, col 32 to line 95, col 54 of module QueueLease: 6735
  ||||||||line 95, col 32 to line 95, col 45 of module QueueLease: 6735
  |||||||||line 95, col 32 to line 95, col 38 of module QueueLease: 6735
  |||||||||line 95, col 43 to line 95, col 45 of module QueueLease: 1341
  ||||||||line 95, col 50 to line 95, col 54 of module QueueLease: 992
  |||||||||line 95, col 51 to line 95, col 54 of module QueueLease: 992
  ||||||||||line 94, col 17 to line 94, col 30 of module QueueLease: 992
  |||||||||||line 94, col 17 to line 94, col 22 of module QueueLease: 992
  ||||||||||||line 90, col 19 to line 90, col 30 of module QueueLease: 992
  |||||||||||||line 90, col 19 to line 90, col 24 of module QueueLease: 992
  |||||||||||||line 90, col 29 to line 90, col 30 of module QueueLease: 698
  |||||||||||line 94, col 27 to line 94, col 30 of module QueueLease: 698
  ||||||||||||line 94, col 28 to line 94, col 30 of module QueueLease: 698
  |||||||||||||line 91, col 16 to line 93, col 53 of module QueueLease: 698
  ||||||||||||||line 91, col 19 to line 91, col 40 of module QueueLease: 698
  ||||||||||||||line 93, col 21 to line 93, col 53 of module QueueLease: 698
  |||||||||||||||line 93, col 21 to line 93, col 34 of module QueueLease: 698
  |||||||||||||||line 93, col 39 to line 93, col 53 of module QueueLease: 108
  ||||line 97, col 33 to line 97, col 36 of module QueueLease: 1132
  ||line 105, col 37 to line 105, col 64 of module QueueLease: 1132
  ||line 105, col 71 to line 105, col 79 of module QueueLease: 15044
  line 106, col 11 to line 106, col 60 of module QueueLease: 16176
  |line 106, col 21 to line 106, col 60 of module QueueLease: 16176
  ||line 106, col 24 to line 106, col 27 of module QueueLease: 16176
  |||line 97, col 17 to line 97, col 36 of module QueueLease: 16176
  ||||line 97, col 17 to line 97, col 28 of module QueueLease: 16176
  |||||line 97, col 17 to line 97, col 22 of module QueueLease: 16176
  |||||line 97, col 27 to line 97, col 28 of module QueueLease: 7573
  ||||||line 95, col 15 to line 95, col 55 of module QueueLease: 7573
  |||||||line 95, col 16 to line 95, col 25 of module QueueLease: 7573
  ||||||||line 95, col 16 to line 95, col 16 of module QueueLease: 7573
  |||||||||line 89, col 14 to line 89, col 31 of module QueueLease: 7573
  ||||||||||line 89, col 14 to line 89, col 20 of module QueueLease: 7573
  ||||||||||line 89, col 25 to line 89, col 31 of module QueueLease: 6365
  |||||||||||line 87, col 20 to line 87, col 67 of module QueueLease: 6365
  ||||||||||||line 87, col 20 to line 87, col 25 of module QueueLease: 6365
  ||||||||||||line 87, col 30 to line 87, col 67 of module QueueLease: 3276
  ||||||||line 95, col 21 to line 95, col 25 of module QueueLease: 4484
  |||||||||line 95, col 22 to line 95, col 25 of module QueueLease: 4484
  ||||||||||line 94, col 17 to line 94, col 30 of module QueueLease: 4484
  |||||||||||line 94, col 17 to line 94, col 22 of module QueueLease: 4484
  ||||||||||||line 90, col 19 to line 90, col 30 of module QueueLease: 4484
  |||||||||||||line 90, col 19 to line 90, col 24 of module QueueLease: 4484
  |||||||||||||line 90, col 29 to line 90, col 30 of module QueueLease: 3646
  ||||||||||||||line 90, col 30 to line 90, col 30 of module QueueLease: 3646
  |||||||||||||||line 88, col 14 to line 88, col 31 of module QueueLease: 3646
  ||||||||||||||||line 88, col 14 to line 88, col 19 of module QueueLease: 3646
  ||||||||||||||||line 88, col 24 to line 88, col 31 of module QueueLease: 2948
  |||||||||||line 94, col 27 to line 94, col 30 of module QueueLease: 3646
  ||||||||||||line 94, col 28 to line 94, col 30 of module QueueLease: 3646
  |||||||||||||line 91, col 16 to line 93, col 53 of module QueueLease: 3646
  ||||||||||||||line 91, col 19 to line 91, col 40 of module QueueLease: 3646
  ||||||||||||||line 93, col 21 to line 93, col 53 of module QueueLease: 3646
  |||||||||||||||line 93, col 21 to line 93, col 34 of module QueueLease: 3646
  |||||||||||||||line 93, col 39 to line 93, col 53 of module QueueLease: 240
  ||||||||||||||||line 93, col 41 to line 93, col 52 of module QueueLease: 240
  |||||||||||||||||line 93, col 41 to line 93, col 41 of module QueueLease: 240
  ||||||||||||||||||line 89, col 14 to line 89, col 31 of module QueueLease: 240
  |||||||||||||||||||line 89, col 14 to line 89, col 20 of module QueueLease: 240
  |||||||||||||||||||line 89, col 25 to line 89, col 31 of module QueueLease: 132
  |||||||line 95, col 32 to line 95, col 54 of module QueueLease: 6735
  ||||||||line 95, col 32 to line 95, col 45 of module QueueLease: 6735
  |||||||||line 95, col 32 to line 95, col 38 of module QueueLease: 6735
  |||||||||line 95, col 43 to line 95, col 45 of module QueueLease: 1341
  ||||||||line 95, col 50 to line 95, col 54 of module QueueLease: 992
  |||||||||line 95, col 51 to line 95, col 54 of module QueueLease: 992
  ||||||||||line 94, col 17 to line 94, col 30 of module QueueLease: 992
  |||||||||||line 94, col 17 to line 94, col 22 of module QueueLease: 992
  ||||||||||||line 90, col 19 to line 90, col 30 of module QueueLease: 992
  |||||||||||||line 90, col 19 to line 90, col 24 of module QueueLease: 992
  |||||||||||||line 90, col 29 to line 90, col 30 of module QueueLease: 698
  |||||||||||line 94, col 27 to line 94, col 30 of module QueueLease: 698
  ||||||||||||line 94, col 28 to line 94, col 30 of module QueueLease: 698
  |||||||||||||line 91, col 16 to line 93, col 53 of module QueueLease: 698
  ||||||||||||||line 91, col 19 to line 91, col 40 of module QueueLease: 698
  ||||||||||||||line 93, col 21 to line 93, col 53 of module QueueLease: 698
  |||||||||||||||line 93, col 21 to line 93, col 34 of module QueueLease: 698
  |||||||||||||||line 93, col 39 to line 93, col 53 of module QueueLease: 108
  ||||line 97, col 33 to line 97, col 36 of module QueueLease: 1132
  ||line 106, col 34 to line 106, col 48 of module QueueLease: 1132
  ||line 106, col 55 to line 106, col 60 of module QueueLease: 15044
  line 107, col 11 to line 108, col 50 of module QueueLease: 16176
  |line 107, col 30 to line 108, col 50 of module QueueLease: 16176
  ||line 107, col 33 to line 107, col 36 of module QueueLease: 16176
  |||line 97, col 17 to line 97, col 36 of module QueueLease: 16176
  ||||line 97, col 17 to line 97, col 28 of module QueueLease: 16176
  |||||line 97, col 17 to line 97, col 22 of module QueueLease: 16176
  |||||line 97, col 27 to line 97, col 28 of module QueueLease: 7573
  ||||||line 95, col 15 to line 95, col 55 of module QueueLease: 7573
  |||||||line 95, col 16 to line 95, col 25 of module QueueLease: 7573
  ||||||||line 95, col 16 to line 95, col 16 of module QueueLease: 7573
  |||||||||line 89, col 14 to line 89, col 31 of module QueueLease: 7573
  ||||||||||line 89, col 14 to line 89, col 20 of module QueueLease: 7573
  ||||||||||line 89, col 25 to line 89, col 31 of module QueueLease: 6365
  |||||||||||line 87, col 20 to line 87, col 67 of module QueueLease: 6365
  ||||||||||||line 87, col 20 to line 87, col 25 of module QueueLease: 6365
  ||||||||||||line 87, col 30 to line 87, col 67 of module QueueLease: 3276
  ||||||||line 95, col 21 to line 95, col 25 of module QueueLease: 4484
  |||||||||line 95, col 22 to line 95, col 25 of module QueueLease: 4484
  ||||||||||line 94, col 17 to line 94, col 30 of module QueueLease: 4484
  |||||||||||line 94, col 17 to line 94, col 22 of module QueueLease: 4484
  ||||||||||||line 90, col 19 to line 90, col 30 of module QueueLease: 4484
  |||||||||||||line 90, col 19 to line 90, col 24 of module QueueLease: 4484
  |||||||||||||line 90, col 29 to line 90, col 30 of module QueueLease: 3646
  ||||||||||||||line 90, col 30 to line 90, col 30 of module QueueLease: 3646
  |||||||||||||||line 88, col 14 to line 88, col 31 of module QueueLease: 3646
  ||||||||||||||||line 88, col 14 to line 88, col 19 of module QueueLease: 3646
  ||||||||||||||||line 88, col 24 to line 88, col 31 of module QueueLease: 2948
  |||||||||||line 94, col 27 to line 94, col 30 of module QueueLease: 3646
  ||||||||||||line 94, col 28 to line 94, col 30 of module QueueLease: 3646
  |||||||||||||line 91, col 16 to line 93, col 53 of module QueueLease: 3646
  ||||||||||||||line 91, col 19 to line 91, col 40 of module QueueLease: 3646
  ||||||||||||||line 93, col 21 to line 93, col 53 of module QueueLease: 3646
  |||||||||||||||line 93, col 21 to line 93, col 34 of module QueueLease: 3646
  |||||||||||||||line 93, col 39 to line 93, col 53 of module QueueLease: 240
  ||||||||||||||||line 93, col 41 to line 93, col 52 of module QueueLease: 240
  |||||||||||||||||line 93, col 41 to line 93, col 41 of module QueueLease: 240
  ||||||||||||||||||line 89, col 14 to line 89, col 31 of module QueueLease: 240
  |||||||||||||||||||line 89, col 14 to line 89, col 20 of module QueueLease: 240
  |||||||||||||||||||line 89, col 25 to line 89, col 31 of module QueueLease: 132
  |||||||line 95, col 32 to line 95, col 54 of module QueueLease: 6735
  ||||||||line 95, col 32 to line 95, col 45 of module QueueLease: 6735
  |||||||||line 95, col 32 to line 95, col 38 of module QueueLease: 6735
  |||||||||line 95, col 43 to line 95, col 45 of module QueueLease: 1341
  ||||||||line 95, col 50 to line 95, col 54 of module QueueLease: 992
  |||||||||line 95, col 51 to line 95, col 54 of module QueueLease: 992
  ||||||||||line 94, col 17 to line 94, col 30 of module QueueLease: 992
  |||||||||||line 94, col 17 to line 94, col 22 of module QueueLease: 992
  ||||||||||||line 90, col 19 to line 90, col 30 of module QueueLease: 992
  |||||||||||||line 90, col 19 to line 90, col 24 of module QueueLease: 992
  |||||||||||||line 90, col 29 to line 90, col 30 of module QueueLease: 698
  |||||||||||line 94, col 27 to line 94, col 30 of module QueueLease: 698
  ||||||||||||line 94, col 28 to line 94, col 30 of module QueueLease: 698
  |||||||||||||line 91, col 16 to line 93, col 53 of module QueueLease: 698
  ||||||||||||||line 91, col 19 to line 91, col 40 of module QueueLease: 698
  ||||||||||||||line 93, col 21 to line 93, col 53 of module QueueLease: 698
  |||||||||||||||line 93, col 21 to line 93, col 34 of module QueueLease: 698
  |||||||||||||||line 93, col 39 to line 93, col 53 of module QueueLease: 108
  ||||line 97, col 33 to line 97, col 36 of module QueueLease: 1132
  ||line 107, col 43 to line 107, col 84 of module QueueLease: 1132
  ||line 108, col 36 to line 108, col 50 of module QueueLease: 15044
  line 109, col 11 to line 109, col 75 of module QueueLease: 16176
  |line 109, col 23 to line 109, col 75 of module QueueLease: 16176
  ||line 109, col 26 to line 109, col 29 of module QueueLease: 16176
  |||line 94, col 17 to line 94, col 30 of module QueueLease: 16176
  ||||line 94, col 17 to line 94, col 22 of module QueueLease: 16176
  |||||line 90, col 19 to line 90, col 30 of module QueueLease: 16176
  ||||||line 90, col 19 to line 90, col 24 of module QueueLease: 16176
  ||||||line 90, col 29 to line 90, col 30 of module QueueLease: 12882
  |||||||line 90, col 30 to line 90, col 30 of module QueueLease: 12882
  ||||||||line 88, col 14 to line 88, col 31 of module QueueLease: 12882
  |||||||||line 88, col 14 to line 88, col 19 of module QueueLease: 12882
  |||||||||line 88, col 24 to line 88, col 31 of module QueueLease: 5896
  ||||line 94, col 27 to line 94, col 30 of module QueueLease: 12882
  |||||line 94, col 28 to line 94, col 30 of module QueueLease: 12882
  ||||||line 91, col 16 to line 93, col 53 of module QueueLease: 12882
  |||||||line 91, col 19 to line 91, col 40 of module QueueLease: 12882
  |||||||line 93, col 21 to line 93, col 53 of module QueueLease: 12882
  ||||||||line 93, col 21 to line 93, col 34 of module QueueLease: 12882
  ||||||||line 93, col 39 to line 93, col 53 of module QueueLease: 1804
  |||||||||line 93, col 41 to line 93, col 52 of module QueueLease: 1804
  ||||||||||line 93, col 41 to line 93, col 41 of module QueueLease: 1804
  |||||||||||line 89, col 14 to line 89, col 31 of module QueueLease: 1804
  ||||||||||||line 89, col 14 to line 89, col 20 of module QueueLease: 1804
  ||||||||||||line 89, col 25 to line 89, col 31 of module QueueLease: 1588
  |||||||||||||line 87, col 20 to line 87, col 67 of module QueueLease: 1588
  ||||||||||||||line 87, col 20 to line 87, col 25 of module QueueLease: 1588
  ||||||||||||||line 87, col 30 to line 87, col 67 of module QueueLease: 264
  ||||||||||line 93, col 46 to line 93, col 52 of module QueueLease: 1324
  ||line 109, col 36 to line 109, col 61 of module QueueLease: 11882
  ||line 109, col 68 to line 109, col 75 of module QueueLease: 4294
  line 110, col 11 to line 110, col 39 of module QueueLease: 16176
  |line 110, col 22 to line 110, col 38 of module QueueLease: 16176
  ||line 110, col 22 to line 110, col 27 of module QueueLease: 16176
  ||line 110, col 32 to line 110, col 38 of module QueueLease: 12882
  |||line 110, col 33 to line 110, col 38 of module QueueLease: 12882
  ||||line 90, col 19 to line 90, col 30 of module QueueLease: 12882
  |||||line 90, col 19 to line 90, col 24 of module QueueLease: 12882
  |||||line 90, col 29 to line 90, col 30 of module QueueLease: 12882
  ||||||line 90, col 30 to line 90, col 30 of module QueueLease: 12882
  |||||||line 88, col 14 to line 88, col 31 of module QueueLease: 12882
  ||||||||line 88, col 14 to line 88, col 19 of module QueueLease: 12882
  ||||||||line 88, col 24 to line 88, col 31 of module QueueLease: 5896
  line 111, col 11 to line 112, col 59 of module QueueLease: 16176
  |line 111, col 30 to line 112, col 58 of module QueueLease: 16176
  ||line 111, col 30 to line 111, col 43 of module QueueLease: 16176
  ||line 112, col 15 to line 112, col 57 of module QueueLease: 16176
  |||line 112, col 15 to line 112, col 26 of module QueueLease: 16176
  ||||line 112, col 15 to line 112, col 20 of module QueueLease: 16176
  |||||line 90, col 19 to line 90, col 30 of module QueueLease: 16176
  ||||||line 90, col 19 to line 90, col 24 of module QueueLease: 16176
  ||||||line 90, col 29 to line 90, col 30 of module QueueLease: 12882
  |||||||line 90, col 30 to line 90, col 30 of module QueueLease: 12882
  ||||||||line 88, col 14 to line 88, col 31 of module QueueLease: 12882
  |||||||||line 88, col 14 to line 88, col 19 of module QueueLease: 12882
  |||||||||line 88, col 24 to line 88, col 31 of module QueueLease: 5896
  ||||line 112, col 25 to line 112, col 26 of module QueueLease: 12882
  |||||line 95, col 15 to line 95, col 55 of module QueueLease: 12882
  ||||||line 95, col 16 to line 95, col 25 of module QueueLease: 12882
  |||||||line 95, col 16 to line 95, col 16 of module QueueLease: 12882
  ||||||||line 89, col 14 to line 89, col 31 of module QueueLease: 12882
  |||||||||line 89, col 14 to line 89, col 20 of module QueueLease: 12882
  |||||||||line 89, col 25 to line 89, col 31 of module QueueLease: 11486
  ||||||||||line 87, col 20 to line 87, col 67 of module QueueLease: 11486
  |||||||||||line 87, col 20 to line 87, col 25 of module QueueLease: 11486
  |||||||||||line 87, col 30 to line 87, col 67 of module QueueLease: 5896
  |||||||line 95, col 21 to line 95, col 25 of module QueueLease: 7292
  ||||||||line 95, col 22 to line 95, col 25 of module QueueLease: 7292
  |||||||||line 94, col 17 to line 94, col 30 of module QueueLease: 7292
  ||||||||||line 94, col 17 to line 94, col 22 of module QueueLease: 7292
  |||||||||||line 90, col 19 to line 90, col 30 of module QueueLease: 7292
  ||||||||||||line 90, col 19 to line 90, col 24 of module QueueLease: 7292
  ||||||||||||line 90, col 29 to line 90, col 30 of module QueueLease: 7292
  |||||||||||||line 90, col 30 to line 90, col 30 of module QueueLease: 7292
  ||||||||||||||line 88, col 14 to line 88, col 31 of module QueueLease: 7292
  |||||||||||||||line 88, col 14 to line 88, col 19 of module QueueLease: 7292
  |||||||||||||||line 88, col 24 to line 88, col 31 of module QueueLease: 5896
  ||||||||||line 94, col 27 to line 94, col 30 of module QueueLease: 7292
  |||||||||||line 94, col 28 to line 94, col 30 of module QueueLease: 7292
  ||||||||||||line 91, col 16 to line 93, col 53 of module QueueLease: 7292
  |||||||||||||line 91, col 19 to line 91, col 40 of module QueueLease: 7292
  |||||||||||||line 93, col 21 to line 93, col 53 of module QueueLease: 7292
  ||||||||||||||line 93, col 21 to line 93, col 34 of module QueueLease: 7292
  ||||||||||||||line 93, col 39 to line 93, col 53 of module QueueLease: 480
  |||||||||||||||line 93, col 41 to line 93, col 52 of module QueueLease: 480
  ||||||||||||||||line 93, col 41 to line 93, col 41 of module QueueLease: 480
  |||||||||||||||||line 89, col 14 to line 89, col 31 of module QueueLease: 480
  ||||||||||||||||||line 89, col 14 to line 89, col 20 of module QueueLease: 480
  ||||||||||||||||||line 89, col 25 to line 89, col 31 of module QueueLease: 264
  ||||||line 95, col 32 to line 95, col 54 of module QueueLease: 12882
  |||||||line 95, col 32 to line 95, col 45 of module QueueLease: 12882
  ||||||||line 95, col 32 to line 95, col 38 of module QueueLease: 12882
  ||||||||line 95, col 43 to line 95, col 45 of module QueueLease: 2094
  |||||||line 95, col 50 to line 95, col 54 of module QueueLease: 1396
  ||||||||line 95, col 51 to line 95, col 54 of module QueueLease: 1396
  |||||||||line 94, col 17 to line 94, col 30 of module QueueLease: 1396
  ||||||||||line 94, col 17 to line 94, col 22 of module QueueLease: 1396
  ||||||||||line 94, col 27 to line 94, col 30 of module QueueLease: 1396
  |||||||||||line 94, col 28 to line 94, col 30 of module QueueLease: 1396
  ||||||||||||line 91, col 16 to line 93, col 53 of module QueueLease: 1396
  |||||||||||||line 91, col 19 to line 91, col 40 of module QueueLease: 1396
  |||||||||||||line 93, col 21 to line 93, col 53 of module QueueLease: 1396
  ||||||||||||||line 93, col 21 to line 93, col 34 of module QueueLease: 1396
  ||||||||||||||line 93, col 39 to line 93, col 53 of module QueueLease: 216
  line 113, col 11 to line 114, col 30 of module QueueLease: 16176
  |line 113, col 20 to line 114, col 30 of module QueueLease: 16176
  ||line 113, col 23 to line 113, col 26 of module QueueLease: 16176
  |||line 97, col 17 to line 97, col 36 of module QueueLease: 16176
  ||||line 97, col 17 to line 97, col 28 of module QueueLease: 16176
  |||||line 97, col 17 to line 97, col 22 of module QueueLease: 16176
  |||||line 97, col 27 to line 97, col 28 of module QueueLease: 7573
  ||||||line 95, col 15 to line 95, col 55 of module QueueLease: 7573
  |||||||line 95, col 16 to line 95, col 25 of module QueueLease: 7573
  ||||||||line 95, col 16 to line 95, col 16 of module QueueLease: 7573
  |||||||||line 89, col 14 to line 89, col 31 of module QueueLease: 7573
  ||||||||||line 89, col 14 to line 89, col 20 of module QueueLease: 7573
  ||||||||||line 89, col 25 to line 89, col 31 of module QueueLease: 6365
  |||||||||||line 87, col 20 to line 87, col 67 of module QueueLease: 6365
  ||||||||||||line 87, col 20 to line 87, col 25 of module QueueLease: 6365
  ||||||||||||line 87, col 30 to line 87, col 67 of module QueueLease: 3276
  ||||||||line 95, col 21 to line 95, col 25 of module QueueLease: 4484
  |||||||||line 95, col 22 to line 95, col 25 of module QueueLease: 4484
  ||||||||||line 94, col 17 to line 94, col 30 of module QueueLease: 4484
  |||||||||||line 94, col 17 to line 94, col 22 of module QueueLease: 4484
  ||||||||||||line 90, col 19 to line 90, col 30 of module QueueLease: 4484
  |||||||||||||line 90, col 19 to line 90, col 24 of module QueueLease: 4484
  |||||||||||||line 90, col 29 to line 90, col 30 of module QueueLease: 3646
  ||||||||||||||line 90, col 30 to line 90, col 30 of module QueueLease: 3646
  |||||||||||||||line 88, col 14 to line 88, col 31 of module QueueLease: 3646
  ||||||||||||||||line 88, col 14 to line 88, col 19 of module QueueLease: 3646
  ||||||||||||||||line 88, col 24 to line 88, col 31 of module QueueLease: 2948
  |||||||||||line 94, col 27 to line 94, col 30 of module QueueLease: 3646
  ||||||||||||line 94, col 28 to line 94, col 30 of module QueueLease: 3646
  |||||||||||||line 91, col 16 to line 93, col 53 of module QueueLease: 3646
  ||||||||||||||line 91, col 19 to line 91, col 40 of module QueueLease: 3646
  ||||||||||||||line 93, col 21 to line 93, col 53 of module QueueLease: 3646
  |||||||||||||||line 93, col 21 to line 93, col 34 of module QueueLease: 3646
  |||||||||||||||line 93, col 39 to line 93, col 53 of module QueueLease: 240
  ||||||||||||||||line 93, col 41 to line 93, col 52 of module QueueLease: 240
  |||||||||||||||||line 93, col 41 to line 93, col 41 of module QueueLease: 240
  ||||||||||||||||||line 89, col 14 to line 89, col 31 of module QueueLease: 240
  |||||||||||||||||||line 89, col 14 to line 89, col 20 of module QueueLease: 240
  |||||||||||||||||||line 89, col 25 to line 89, col 31 of module QueueLease: 132
  |||||||line 95, col 32 to line 95, col 54 of module QueueLease: 6735
  ||||||||line 95, col 32 to line 95, col 45 of module QueueLease: 6735
  |||||||||line 95, col 32 to line 95, col 38 of module QueueLease: 6735
  |||||||||line 95, col 43 to line 95, col 45 of module QueueLease: 1341
  ||||||||line 95, col 50 to line 95, col 54 of module QueueLease: 992
  |||||||||line 95, col 51 to line 95, col 54 of module QueueLease: 992
  ||||||||||line 94, col 17 to line 94, col 30 of module QueueLease: 992
  |||||||||||line 94, col 17 to line 94, col 22 of module QueueLease: 992
  ||||||||||||line 90, col 19 to line 90, col 30 of module QueueLease: 992
  |||||||||||||line 90, col 19 to line 90, col 24 of module QueueLease: 992
  |||||||||||||line 90, col 29 to line 90, col 30 of module QueueLease: 698
  |||||||||||line 94, col 27 to line 94, col 30 of module QueueLease: 698
  ||||||||||||line 94, col 28 to line 94, col 30 of module QueueLease: 698
  |||||||||||||line 91, col 16 to line 93, col 53 of module QueueLease: 698
  ||||||||||||||line 91, col 19 to line 91, col 40 of module QueueLease: 698
  ||||||||||||||line 93, col 21 to line 93, col 53 of module QueueLease: 698
  |||||||||||||||line 93, col 21 to line 93, col 34 of module QueueLease: 698
  |||||||||||||||line 93, col 39 to line 93, col 53 of module QueueLease: 108
  ||||line 97, col 33 to line 97, col 36 of module QueueLease: 1132
  ||line 113, col 33 to line 113, col 91 of module QueueLease: 1132:1132
  ||line 114, col 26 to line 114, col 30 of module QueueLease: 15044
  line 115, col 11 to line 117, col 44 of module QueueLease: 16176
<Cancel line 121, col 1 to line 121, col 6 of module QueueLease>: 701:4850
  line 122, col 8 to line 122, col 19 of module QueueLease: 4850
  line 34, col 9 to line 34, col 15 of module QueueLease: 1578
  line 34, col 20 to line 34, col 26 of module QueueLease: 812
  line 34, col 31 to line 34, col 36 of module QueueLease: 2460
  line 123, col 8 to line 123, col 43 of module QueueLease: 4850
  line 124, col 8 to line 124, col 86 of module QueueLease: 4850
  |line 124, col 20 to line 124, col 86 of module QueueLease: 4850
  ||line 124, col 23 to line 124, col 40 of module QueueLease: 4850
  |||line 124, col 23 to line 124, col 29 of module QueueLease: 4850
  |||line 124, col 34 to line 124, col 40 of module QueueLease: 3272
  ||line 124, col 47 to line 124, col 72 of module QueueLease: 2390
  ||line 124, col 79 to line 124, col 86 of module QueueLease: 2460
  line 125, col 8 to line 125, col 35 of module QueueLease: 4850
  |line 125, col 19 to line 125, col 34 of module QueueLease: 4850
  ||line 125, col 19 to line 125, col 24 of module QueueLease: 4850
  ||line 125, col 29 to line 125, col 34 of module QueueLease: 3078
  line 126, col 8 to line 129, col 48 of module QueueLease: 4850
<Begin line 134, col 1 to line 134, col 14 of module QueueLease>: 1232:3784
  line 135, col 8 to line 135, col 24 of module QueueLease: 3784
  |line 135, col 8 to line 135, col 13 of module QueueLease: 68824
  |line 135, col 17 to line 135, col 24 of module QueueLease: 68824
  line 135, col 29 to line 135, col 42 of module QueueLease: 16672
  |line 135, col 29 to line 135, col 33 of module QueueLease: 12888
  line 135, col 47 to line 135, col 58 of module QueueLease: 8288
  |line 135, col 47 to line 135, col 47 of module QueueLease: 4504
  |line 135, col 53 to line 135, col 58 of module QueueLease: 4504
  line 136, col 9 to line 136, col 22 of module QueueLease: 7568
  |line 136, col 9 to line 136, col 17 of module QueueLease: 3784
  |line 136, col 21 to line 136, col 22 of module QueueLease: 3784
  line 137, col 8 to line 137, col 27 of module QueueLease: 3784
  line 138, col 8 to line 138, col 39 of module QueueLease: 3784
  line 139, col 8 to line 139, col 47 of module QueueLease: 3784
  line 140, col 8 to line 140, col 45 of module QueueLease: 3784
  line 141, col 8 to line 141, col 49 of module QueueLease: 3784
  line 142, col 8 to line 142, col 50 of module QueueLease: 3784
  line 143, col 8 to line 146, col 48 of module QueueLease: 3784
<Watch line 148, col 1 to line 148, col 8 of module QueueLease (150 5 157 72)>: 1232:2168
  line 150, col 8 to line 150, col 22 of module QueueLease: 10771
  |line 150, col 8 to line 150, col 12 of module QueueLease: 8603
  line 151, col 8 to line 152, col 79 of module QueueLease: 2168
  line 153, col 8 to line 153, col 38 of module QueueLease: 2168
  line 154, col 8 to line 157, col 72 of module QueueLease: 2168
<Read line 159, col 1 to line 159, col 7 of module QueueLease (161 5 172 57)>: 144:2864
  line 161, col 8 to line 161, col 21 of module QueueLease: 11467
  |line 161, col 8 to line 161, col 12 of module QueueLease: 8603
  line 162, col 11 to line 162, col 46 of module QueueLease: 2864
  line 163, col 16 to line 163, col 46 of module QueueLease: 160
  line 164, col 16 to line 164, col 51 of module QueueLease: 160
  line 165, col 13 to line 168, col 51 of module QueueLease: 2704
  line 169, col 8 to line 172, col 57 of module QueueLease: 2864
<ExecAbort line 176, col 1 to line 176, col 12 of module QueueLease (178 5 187 44)>: 0:696
  line 178, col 8 to line 178, col 21 of module QueueLease: 9299
  |line 178, col 8 to line 178, col 12 of module QueueLease: 8603
  line 178, col 26 to line 178, col 33 of module QueueLease: 696
  |line 178, col 26 to line 178, col 30 of module QueueLease: 856
  |line 178, col 32 to line 178, col 32 of module QueueLease: 856
  line 179, col 8 to line 179, col 77 of module QueueLease: 696
  line 180, col 8 to line 180, col 31 of module QueueLease: 696
  line 181, col 8 to line 181, col 43 of module QueueLease: 696
  line 182, col 8 to line 182, col 69 of module QueueLease: 696
  line 183, col 8 to line 183, col 56 of module QueueLease: 696
  line 184, col 8 to line 187, col 44 of module QueueLease: 696
<ExecCommit line 191, col 1 to line 191, col 13 of module QueueLease (196 8 211 38)>: 140:160
  line 196, col 11 to line 196, col 24 of module QueueLease: 8763
  |line 196, col 11 to line 196, col 15 of module QueueLease: 8603
  line 196, col 29 to line 196, col 37 of module QueueLease: 1016
  |line 196, col 30 to line 196, col 37 of module QueueLease: 856
  line 197, col 11 to line 197, col 83 of module QueueLease: 160
  line 198, col 11 to line 198, col 48 of module QueueLease: 160
  line 199, col 11 to line 199, col 45 of module QueueLease: 160
  line 200, col 11 to line 200, col 44 of module QueueLease: 160
  line 201, col 11 to line 201, col 45 of module QueueLease: 160
  line 202, col 11 to line 202, col 83 of module QueueLease: 160
  |line 202, col 24 to line 202, col 83 of module QueueLease: 160
  ||line 202, col 27 to line 202, col 35 of module QueueLease: 160
  ||line 202, col 42 to line 202, col 68 of module QueueLease: 40
  ||line 202, col 75 to line 202, col 83 of module QueueLease: 120
  line 203, col 11 to line 203, col 81 of module QueueLease: 160
  |line 203, col 23 to line 203, col 81 of module QueueLease: 160
  ||line 203, col 26 to line 203, col 35 of module QueueLease: 160
  ||line 203, col 42 to line 203, col 67 of module QueueLease: 40
  ||line 203, col 74 to line 203, col 81 of module QueueLease: 120
  line 204, col 11 to line 204, col 62 of module QueueLease: 160
  |line 204, col 21 to line 204, col 61 of module QueueLease: 160
  ||line 204, col 21 to line 204, col 25 of module QueueLease: 160
  ||line 204, col 30 to line 204, col 61 of module QueueLease: 160
  |||line 204, col 32 to line 204, col 60 of module QueueLease: 160
  ||||line 204, col 32 to line 204, col 39 of module QueueLease: 160
  ||||line 204, col 44 to line 204, col 60 of module QueueLease: 80
  line 205, col 11 to line 205, col 41 of module QueueLease: 160
  line 206, col 11 to line 206, col 34 of module QueueLease: 160
  line 207, col 11 to line 207, col 34 of module QueueLease: 160
  line 208, col 11 to line 208, col 44 of module QueueLease: 160
  line 209, col 11 to line 211, col 38 of module QueueLease: 160
<DropConnection line 215, col 1 to line 215, col 17 of module QueueLease (217 5 226 57)>: 1129:5888
  line 217, col 8 to line 217, col 21 of module QueueLease: 14491
  |line 217, col 8 to line 217, col 12 of module QueueLease: 8603
  |line 217, col 18 to line 217, col 21 of module QueueLease: 8603
  line 218, col 8 to line 218, col 38 of module QueueLease: 5888
  line 219, col 8 to line 219, col 31 of module QueueLease: 5888
  line 220, col 8 to line 220, col 73 of module QueueLease: 5888
  line 221, col 8 to line 222, col 59 of module QueueLease: 5888
  line 223, col 8 to line 226, col 57 of module QueueLease: 5888
<Prune line 232, col 1 to line 232, col 8 of module QueueLease (240 8 249 51)>: 2504:3264
  line 240, col 11 to line 240, col 21 of module QueueLease: 3264
  line 240, col 26 to line 240, col 54 of module QueueLease: 20470
  |line 240, col 26 to line 240, col 26 of module QueueLease: 17206
  |line 240, col 32 to line 240, col 54 of module QueueLease: 17206
  line 241, col 11 to line 241, col 71 of module QueueLease: 3264
  line 242, col 11 to line 242, col 37 of module QueueLease: 3264
  |line 242, col 20 to line 242, col 36 of module QueueLease: 3264
  ||line 242, col 20 to line 242, col 23 of module QueueLease: 3264
  ||line 242, col 28 to line 242, col 36 of module QueueLease: 3264
  |||line 239, col 22 to line 239, col 54 of module QueueLease: 3264
  ||||line 239, col 22 to line 239, col 34 of module QueueLease: 3264
  |||||line 235, col 26 to line 236, col 81 of module QueueLease: 3264
  ||||||line 235, col 26 to line 235, col 40 of module QueueLease: 3264
  ||||||line 236, col 29 to line 236, col 80 of module QueueLease: 3264
  |||||||line 236, col 29 to line 236, col 45 of module QueueLease: 3264
  ||||||||line 236, col 29 to line 236, col 35 of module QueueLease: 3264
  ||||||||line 236, col 40 to line 236, col 45 of module QueueLease: 3032
  |||||||line 236, col 51 to line 236, col 79 of module QueueLease: 2784
  ||||||||line 236, col 51 to line 236, col 57 of module QueueLease: 2784
  ||||||||line 236, col 62 to line 236, col 79 of module QueueLease: 164
  ||||line 239, col 39 to line 239, col 54 of module QueueLease: 2620
  line 243, col 11 to line 243, col 37 of module QueueLease: 3264
  |line 243, col 20 to line 243, col 36 of module QueueLease: 3264
  ||line 243, col 20 to line 243, col 23 of module QueueLease: 3264
  ||line 243, col 28 to line 243, col 36 of module QueueLease: 3264
  |||line 239, col 22 to line 239, col 54 of module QueueLease: 3264
  ||||line 239, col 22 to line 239, col 34 of module QueueLease: 3264
  |||||line 235, col 26 to line 236, col 81 of module QueueLease: 3264
  ||||||line 235, col 26 to line 235, col 40 of module QueueLease: 3264
  ||||||line 236, col 29 to line 236, col 80 of module QueueLease: 3264
  |||||||line 236, col 29 to line 236, col 45 of module QueueLease: 3264
  ||||||||line 236, col 29 to line 236, col 35 of module QueueLease: 3264
  ||||||||line 236, col 40 to line 236, col 45 of module QueueLease: 3032
  |||||||line 236, col 51 to line 236, col 79 of module QueueLease: 2784
  ||||||||line 236, col 51 to line 236, col 57 of module QueueLease: 2784
  ||||||||line 236, col 62 to line 236, col 79 of module QueueLease: 164
  ||||line 239, col 39 to line 239, col 54 of module QueueLease: 2620
  line 244, col 11 to line 244, col 39 of module QueueLease: 3264
  |line 244, col 21 to line 244, col 38 of module QueueLease: 3264
  ||line 244, col 21 to line 244, col 25 of module QueueLease: 3264
  ||line 244, col 30 to line 244, col 38 of module QueueLease: 2801
  |||line 239, col 22 to line 239, col 54 of module QueueLease: 2801
  ||||line 239, col 22 to line 239, col 34 of module QueueLease: 2801
  |||||line 235, col 26 to line 236, col 81 of module QueueLease: 2801
  ||||||line 235, col 26 to line 235, col 40 of module QueueLease: 2801
  ||||||line 236, col 29 to line 236, col 80 of module QueueLease: 2801
  |||||||line 236, col 29 to line 236, col 45 of module QueueLease: 2801
  ||||||||line 236, col 29 to line 236, col 35 of module QueueLease: 2801
  ||||||||line 236, col 40 to line 236, col 45 of module QueueLease: 2569
  |||||||line 236, col 51 to line 236, col 79 of module QueueLease: 2321
  ||||||||line 236, col 51 to line 236, col 57 of module QueueLease: 2321
  ||||||||line 236, col 62 to line 236, col 79 of module QueueLease: 164
  ||||line 239, col 39 to line 239, col 54 of module QueueLease: 2157
  line 245, col 11 to line 245, col 68 of module QueueLease: 3264
  |line 245, col 22 to line 245, col 67 of module QueueLease: 3264
  ||line 245, col 22 to line 245, col 27 of module QueueLease: 3264
  ||line 245, col 33 to line 245, col 66 of module QueueLease: 1068
  |||line 245, col 33 to line 245, col 41 of module QueueLease: 1068
  ||||line 239, col 22 to line 239, col 54 of module QueueLease: 1068
  |||||line 239, col 22 to line 239, col 34 of module QueueLease: 1068
  ||||||line 235, col 26 to line 236, col 81 of module QueueLease: 1068
  |||||||line 235, col 26 to line 235, col 40 of module QueueLease: 1068
  |||||||line 236, col 29 to line 236, col 80 of module QueueLease: 1068
  ||||||||line 236, col 29 to line 236, col 45 of module QueueLease: 1068
  |||||||||line 236, col 29 to line 236, col 35 of module QueueLease: 1068
  |||||||||line 236, col 40 to line 236, col 45 of module QueueLease: 986
  ||||||||line 236, col 51 to line 236, col 79 of module QueueLease: 862
  |||||||||line 236, col 51 to line 236, col 57 of module QueueLease: 862
  |||||||||line 236, col 62 to line 236, col 79 of module QueueLease: 82
  |||||line 239, col 39 to line 239, col 54 of module QueueLease: 780
  |||line 245, col 46 to line 245, col 66 of module QueueLease: 604
  line 246, col 11 to line 249, col 51 of module QueueLease: 3264
<TypeOK line 260, col 1 to line 260, col 6 of module QueueLease>
  line 260, col 11 to line 273, col 37 of module QueueLease: 8603
<FencedEffects line 274, col 1 to line 274, col 13 of module QueueLease>
  line 274, col 18 to line 274, col 60 of module QueueLease: 8603
  |line 274, col 45 to line 274, col 60 of module QueueLease: 6167
  |line 274, col 27 to line 274, col 41 of module QueueLease: 8603
<AtMostOncePerLease line 275, col 1 to line 275, col 18 of module QueueLease>
  line 275, col 23 to line 275, col 104 of module QueueLease: 8603
  |line 275, col 41 to line 275, col 104 of module QueueLease: 17206
  ||line 275, col 41 to line 275, col 99 of module QueueLease: 17206
  |||line 275, col 53 to line 275, col 98 of module QueueLease: 17206
  ||||line 275, col 78 to line 275, col 97 of module QueueLease: 12334
  ||||line 275, col 60 to line 275, col 74 of module QueueLease: 17206
  |line 275, col 32 to line 275, col 37 of module QueueLease: 8603
<NoFalseCommit line 276, col 1 to line 276, col 13 of module QueueLease>
  line 276, col 18 to line 276, col 29 of module QueueLease: 8603
<SessionIsolation line 277, col 1 to line 277, col 16 of module QueueLease>
  line 277, col 21 to line 277, col 67 of module QueueLease: 8603
<SessionCleanOnReturn line 278, col 1 to line 278, col 20 of module QueueLease>
  line 278, col 25 to line 278, col 90 of module QueueLease: 8603
  |line 278, col 45 to line 278, col 90 of module QueueLease: 8603
  ||line 278, col 45 to line 278, col 58 of module QueueLease: 8603
  ||line 278, col 63 to line 278, col 90 of module QueueLease: 2715
  |line 278, col 34 to line 278, col 41 of module QueueLease: 8603
<LiveRecordIntegrity line 279, col 1 to line 279, col 19 of module QueueLease>
  line 279, col 24 to line 279, col 52 of module QueueLease: 8603
  |line 279, col 24 to line 279, col 27 of module QueueLease: 8603
  ||line 34, col 9 to line 34, col 36 of module QueueLease: 8603
  |||line 34, col 9 to line 34, col 26 of module QueueLease: 8603
  ||||line 34, col 9 to line 34, col 15 of module QueueLease: 8603
  ||||line 34, col 20 to line 34, col 26 of module QueueLease: 7025
  |||line 34, col 31 to line 34, col 36 of module QueueLease: 6213
  |line 279, col 32 to line 279, col 52 of module QueueLease: 4850
<RetainedHistoryIntegrity line 280, col 1 to line 280, col 24 of module QueueLease>
  line 280, col 29 to line 280, col 72 of module QueueLease: 8603
  |line 280, col 29 to line 280, col 56 of module QueueLease: 8603
  |line 280, col 61 to line 280, col 72 of module QueueLease: 3021
<ExclusiveLiveIndex line 281, col 1 to line 281, col 18 of module QueueLease>
  line 281, col 23 to line 282, col 94 of module QueueLease: 8603
  |line 281, col 23 to line 282, col 89 of module QueueLease: 8603
  ||line 281, col 35 to line 282, col 88 of module QueueLease: 8603
  |||line 282, col 27 to line 282, col 87 of module QueueLease: 25809
  ||||line 282, col 27 to line 282, col 66 of module QueueLease: 25809
  |||||line 282, col 28 to line 282, col 43 of module QueueLease: 25809
  ||||||line 282, col 28 to line 282, col 32 of module QueueLease: 25809
  ||||||line 282, col 37 to line 282, col 43 of module QueueLease: 8603
  |||||line 282, col 50 to line 282, col 65 of module QueueLease: 24231
  ||||||line 282, col 50 to line 282, col 54 of module QueueLease: 24231
  ||||||line 282, col 59 to line 282, col 65 of module QueueLease: 8603
  ||||line 282, col 72 to line 282, col 86 of module QueueLease: 23419
  |||||line 282, col 72 to line 282, col 76 of module QueueLease: 23419
  |||||line 282, col 81 to line 282, col 86 of module QueueLease: 8603
  |||line 281, col 42 to line 281, col 54 of module QueueLease: 8603:34412
<CancellationNoReborrow line 283, col 1 to line 283, col 22 of module QueueLease>
  line 283, col 27 to line 283, col 41 of module QueueLease: 8603
End of statistics.
42021 states generated, 8603 distinct states found, 0 states left on queue.
The depth of the complete state graph search is 18.
The average outdegree of the complete state graph is 1 (minimum is 0, the maximum 11 and the 95th percentile is 3).
Finished in 00s at (2026-09-26 16:56:47)
