TLC2 Version 2.19 of 08 August 2024 (rev: 5a47802)
Running breadth-first search Model-Checking with fp 0 and seed 1 with 1 worker on 10 cores with 1820MB heap and 64MB offheap memory [pid: 33640] (Mac OS X 26.6.2 aarch64, Eclipse Adoptium 21.0.12.1 x86_64, MSBDiskFPSet, DiskStateQueue).
Parsing file /Users/alfongj/Code/engine-core/formal/tla/SolanaRecovery.tla
Parsing file /private/var/folders/ky/s5xblf5j3515d6h6ss25z3w80000gn/T/Naturals.tla
Parsing file /private/var/folders/ky/s5xblf5j3515d6h6ss25z3w80000gn/T/FiniteSets.tla
Parsing file /private/var/folders/ky/s5xblf5j3515d6h6ss25z3w80000gn/T/Sequences.tla
Parsing file /private/var/folders/ky/s5xblf5j3515d6h6ss25z3w80000gn/T/TLC.tla
Semantic processing of module Naturals
Semantic processing of module Sequences
Semantic processing of module FiniteSets
Semantic processing of module TLC
Semantic processing of module SolanaRecovery
Starting... (2026-09-26 16:56:34)
Computing initial states...
Finished computing initial states: 1 distinct state generated at 2026-09-26 16:56:34.
Error: Invariant UnresolvedEvidenceRetained is violated.
Error: The behavior up to this point is:
State 1: <Initial predicate>
s = [ token |-> (w1 :> 0 @@ w2 :> 0),
  queueOwner |-> 0,
  storageOwner |-> 0,
  messages |-> <<>>,
  epoch |-> 0,
  queue |-> "Pending",
  admission |-> "Active",
  attempt |-> 0,
  broadcasts |-> 0,
  checks |-> 0,
  reservations |-> 0,
  phase |-> (w1 :> "Idle" @@ w2 :> "Idle"),
  local |-> (w1 :> 0 @@ w2 :> 0),
  observed |-> (w1 :> "Unknown" @@ w2 :> "Unknown"),
  chain |-> (s1 :> "Unseen" @@ s2 :> "Unseen"),
  expired |-> {},
  effects |-> {},
  persistedEver |-> {},
  terminalIdentity |-> 0,
  terminalKind |-> "None",
  staleTerminal |-> FALSE ]

State 2: <Claim line 34, col 3 to line 37, col 86 of module SolanaRecovery>
s = [ token |-> (w1 :> 1 @@ w2 :> 0),
  queueOwner |-> 1,
  storageOwner |-> 0,
  messages |-> <<>>,
  epoch |-> 1,
  queue |-> "Active",
  admission |-> "Active",
  attempt |-> 0,
  broadcasts |-> 0,
  checks |-> 0,
  reservations |-> 0,
  phase |-> (w1 :> "Load" @@ w2 :> "Idle"),
  local |-> (w1 :> 0 @@ w2 :> 0),
  observed |-> (w1 :> "Unknown" @@ w2 :> "Unknown"),
  chain |-> (s1 :> "Unseen" @@ s2 :> "Unseen"),
  expired |-> {},
  effects |-> {},
  persistedEver |-> {},
  terminalIdentity |-> 0,
  terminalKind |-> "None",
  staleTerminal |-> FALSE ]

State 3: <Lock line 40, col 3 to line 41, col 72 of module SolanaRecovery>
s = [ token |-> (w1 :> 1 @@ w2 :> 0),
  queueOwner |-> 1,
  storageOwner |-> 1,
  messages |-> <<>>,
  epoch |-> 1,
  queue |-> "Active",
  admission |-> "Active",
  attempt |-> 0,
  broadcasts |-> 0,
  checks |-> 0,
  reservations |-> 0,
  phase |-> (w1 :> "Recover" @@ w2 :> "Idle"),
  local |-> (w1 :> 0 @@ w2 :> 0),
  observed |-> (w1 :> "Unknown" @@ w2 :> "Unknown"),
  chain |-> (s1 :> "Unseen" @@ s2 :> "Unseen"),
  expired |-> {},
  effects |-> {},
  persistedEver |-> {},
  terminalIdentity |-> 0,
  terminalKind |-> "None",
  staleTerminal |-> FALSE ]

State 4: <LoadAttempt line 44, col 3 to line 46, col 76 of module SolanaRecovery>
s = [ token |-> (w1 :> 1 @@ w2 :> 0),
  queueOwner |-> 1,
  storageOwner |-> 1,
  messages |-> <<>>,
  epoch |-> 1,
  queue |-> "Active",
  admission |-> "Active",
  attempt |-> 0,
  broadcasts |-> 0,
  checks |-> 0,
  reservations |-> 0,
  phase |-> (w1 :> "Build" @@ w2 :> "Idle"),
  local |-> (w1 :> 0 @@ w2 :> 0),
  observed |-> (w1 :> "Unknown" @@ w2 :> "Unknown"),
  chain |-> (s1 :> "Unseen" @@ s2 :> "Unseen"),
  expired |-> {},
  effects |-> {},
  persistedEver |-> {},
  terminalIdentity |-> 0,
  terminalKind |-> "None",
  staleTerminal |-> FALSE ]

State 5: <Build line 49, col 3 to line 51, col 57 of module SolanaRecovery>
s = [ token |-> (w1 :> 1 @@ w2 :> 0),
  queueOwner |-> 1,
  storageOwner |-> 1,
  messages |-> <<>>,
  epoch |-> 1,
  queue |-> "Active",
  admission |-> "Active",
  attempt |-> 0,
  broadcasts |-> 0,
  checks |-> 0,
  reservations |-> 0,
  phase |-> (w1 :> "Built" @@ w2 :> "Idle"),
  local |-> (w1 :> s1 @@ w2 :> 0),
  observed |-> (w1 :> "Unknown" @@ w2 :> "Unknown"),
  chain |-> (s1 :> "Unseen" @@ s2 :> "Unseen"),
  expired |-> {},
  effects |-> {},
  persistedEver |-> {},
  terminalIdentity |-> 0,
  terminalKind |-> "None",
  staleTerminal |-> FALSE ]

State 6: <Persist line 54, col 3 to line 56, col 86 of module SolanaRecovery>
s = [ token |-> (w1 :> 1 @@ w2 :> 0),
  queueOwner |-> 1,
  storageOwner |-> 1,
  messages |-> <<>>,
  epoch |-> 1,
  queue |-> "Active",
  admission |-> "Active",
  attempt |-> s1,
  broadcasts |-> 0,
  checks |-> 0,
  reservations |-> 0,
  phase |-> (w1 :> "PrepareSend" @@ w2 :> "Idle"),
  local |-> (w1 :> s1 @@ w2 :> 0),
  observed |-> (w1 :> "Unknown" @@ w2 :> "Unknown"),
  chain |-> (s1 :> "Unseen" @@ s2 :> "Unseen"),
  expired |-> {},
  effects |-> {},
  persistedEver |-> {s1},
  terminalIdentity |-> 0,
  terminalKind |-> "None",
  staleTerminal |-> FALSE ]

State 7: <PrepareSend line 59, col 3 to line 61, col 86 of module SolanaRecovery>
s = [ token |-> (w1 :> 1 @@ w2 :> 0),
  queueOwner |-> 1,
  storageOwner |-> 1,
  messages |-> <<>>,
  epoch |-> 1,
  queue |-> "Active",
  admission |-> "Active",
  attempt |-> s1,
  broadcasts |-> 1,
  checks |-> 0,
  reservations |-> 1,
  phase |-> (w1 :> "Send" @@ w2 :> "Idle"),
  local |-> (w1 :> s1 @@ w2 :> 0),
  observed |-> (w1 :> "Unknown" @@ w2 :> "Unknown"),
  chain |-> (s1 :> "Unseen" @@ s2 :> "Unseen"),
  expired |-> {},
  effects |-> {},
  persistedEver |-> {s1},
  terminalIdentity |-> 0,
  terminalKind |-> "None",
  staleTerminal |-> FALSE ]

State 8: <Send line 75, col 3 to line 78, col 68 of module SolanaRecovery>
s = [ token |-> (w1 :> 1 @@ w2 :> 0),
  queueOwner |-> 1,
  storageOwner |-> 1,
  messages |-> <<[identity |-> s1, persistedBefore |-> TRUE]>>,
  epoch |-> 1,
  queue |-> "Active",
  admission |-> "Active",
  attempt |-> s1,
  broadcasts |-> 1,
  checks |-> 0,
  reservations |-> 1,
  phase |-> (w1 :> "Retry" @@ w2 :> "Idle"),
  local |-> (w1 :> s1 @@ w2 :> 0),
  observed |-> (w1 :> "Unknown" @@ w2 :> "Unknown"),
  chain |-> (s1 :> "Unseen" @@ s2 :> "Unseen"),
  expired |-> {},
  effects |-> {},
  persistedEver |-> {s1},
  terminalIdentity |-> 0,
  terminalKind |-> "None",
  staleTerminal |-> FALSE ]

State 9: <LoseRedisAttempt line 188, col 3 to line 189, col 66 of module SolanaRecovery>
s = [ token |-> (w1 :> 1 @@ w2 :> 0),
  queueOwner |-> 1,
  storageOwner |-> 1,
  messages |-> <<[identity |-> s1, persistedBefore |-> TRUE]>>,
  epoch |-> 1,
  queue |-> "Active",
  admission |-> "Active",
  attempt |-> 0,
  broadcasts |-> 0,
  checks |-> 0,
  reservations |-> 1,
  phase |-> (w1 :> "Retry" @@ w2 :> "Idle"),
  local |-> (w1 :> s1 @@ w2 :> 0),
  observed |-> (w1 :> "Unknown" @@ w2 :> "Unknown"),
  chain |-> (s1 :> "Unseen" @@ s2 :> "Unseen"),
  expired |-> {},
  effects |-> {},
  persistedEver |-> {s1},
  terminalIdentity |-> 0,
  terminalKind |-> "None",
  staleTerminal |-> FALSE ]

The coverage statistics at 2026-09-26 16:56:35
<Init line 23, col 1 to line 23, col 4 of module SolanaRecovery>: 2:2
  line 23, col 9 to line 31, col 75 of module SolanaRecovery: 2
<Claim line 33, col 1 to line 33, col 8 of module SolanaRecovery>: 80:105
  line 34, col 6 to line 34, col 24 of module SolanaRecovery: 914
  |line 34, col 6 to line 34, col 15 of module SolanaRecovery: 809
  line 34, col 29 to line 34, col 47 of module SolanaRecovery: 442
  |line 34, col 29 to line 34, col 35 of module SolanaRecovery: 337
  line 34, col 52 to line 34, col 67 of module SolanaRecovery: 210
  |line 34, col 52 to line 34, col 63 of module SolanaRecovery: 105
  line 35, col 6 to line 35, col 24 of module SolanaRecovery: 105
  line 36, col 6 to line 37, col 86 of module SolanaRecovery: 105
<Lock line 39, col 1 to line 39, col 7 of module SolanaRecovery>: 30:37
  line 40, col 6 to line 40, col 24 of module SolanaRecovery: 845
  |line 40, col 6 to line 40, col 15 of module SolanaRecovery: 808
  line 19, col 16 to line 19, col 29 of module SolanaRecovery: 238
  |line 19, col 16 to line 19, col 25 of module SolanaRecovery: 201
  line 19, col 34 to line 19, col 58 of module SolanaRecovery: 238
  |line 19, col 34 to line 19, col 43 of module SolanaRecovery: 201
  |line 19, col 47 to line 19, col 58 of module SolanaRecovery: 201
  line 40, col 38 to line 40, col 38 of module SolanaRecovery: 201
  line 40, col 44 to line 40, col 61 of module SolanaRecovery: 98
  |line 40, col 44 to line 40, col 57 of module SolanaRecovery: 61
  line 41, col 6 to line 41, col 72 of module SolanaRecovery: 37
<LoadAttempt line 43, col 1 to line 43, col 14 of module SolanaRecovery>: 18:75
  line 44, col 6 to line 44, col 27 of module SolanaRecovery: 882
  |line 44, col 6 to line 44, col 15 of module SolanaRecovery: 807
  line 20, col 18 to line 20, col 31 of module SolanaRecovery: 194
  |line 20, col 18 to line 20, col 27 of module SolanaRecovery: 119
  line 20, col 36 to line 20, col 62 of module SolanaRecovery: 194
  |line 20, col 36 to line 20, col 45 of module SolanaRecovery: 119
  |line 20, col 49 to line 20, col 62 of module SolanaRecovery: 119
  line 44, col 43 to line 44, col 43 of module SolanaRecovery: 119
  line 45, col 6 to line 46, col 76 of module SolanaRecovery: 75
<Build line 48, col 1 to line 48, col 11 of module SolanaRecovery>: 16:57
  line 49, col 6 to line 49, col 25 of module SolanaRecovery: 1662
  |line 49, col 6 to line 49, col 15 of module SolanaRecovery: 1605
  line 20, col 18 to line 20, col 31 of module SolanaRecovery: 182
  |line 20, col 18 to line 20, col 27 of module SolanaRecovery: 125
  line 20, col 36 to line 20, col 62 of module SolanaRecovery: 182
  |line 20, col 36 to line 20, col 45 of module SolanaRecovery: 125
  |line 20, col 49 to line 20, col 62 of module SolanaRecovery: 125
  line 49, col 41 to line 49, col 41 of module SolanaRecovery: 125
  line 49, col 47 to line 49, col 59 of module SolanaRecovery: 142
  |line 49, col 47 to line 49, col 55 of module SolanaRecovery: 85
  line 50, col 6 to line 50, col 23 of module SolanaRecovery: 142
  |line 50, col 6 to line 50, col 6 of module SolanaRecovery: 85
  |line 50, col 15 to line 50, col 23 of module SolanaRecovery: 85
  line 51, col 6 to line 51, col 57 of module SolanaRecovery: 57
<Persist line 53, col 1 to line 53, col 10 of module SolanaRecovery>: 8:41
  line 54, col 6 to line 54, col 25 of module SolanaRecovery: 847
  |line 54, col 6 to line 54, col 15 of module SolanaRecovery: 806
  line 20, col 18 to line 20, col 31 of module SolanaRecovery: 98
  |line 20, col 18 to line 20, col 27 of module SolanaRecovery: 57
  line 20, col 36 to line 20, col 62 of module SolanaRecovery: 98
  |line 20, col 36 to line 20, col 45 of module SolanaRecovery: 57
  |line 20, col 49 to line 20, col 62 of module SolanaRecovery: 57
  line 54, col 41 to line 54, col 41 of module SolanaRecovery: 57
  line 54, col 47 to line 54, col 59 of module SolanaRecovery: 82
  |line 54, col 47 to line 54, col 55 of module SolanaRecovery: 41
  line 55, col 6 to line 56, col 86 of module SolanaRecovery: 41
<PrepareSend line 58, col 1 to line 58, col 14 of module SolanaRecovery>: 4:17
  line 59, col 6 to line 59, col 31 of module SolanaRecovery: 822
  |line 59, col 6 to line 59, col 15 of module SolanaRecovery: 805
  line 20, col 18 to line 20, col 31 of module SolanaRecovery: 42
  |line 20, col 18 to line 20, col 27 of module SolanaRecovery: 25
  line 20, col 36 to line 20, col 62 of module SolanaRecovery: 42
  |line 20, col 36 to line 20, col 45 of module SolanaRecovery: 25
  |line 20, col 49 to line 20, col 62 of module SolanaRecovery: 25
  line 59, col 47 to line 59, col 47 of module SolanaRecovery: 25
  line 59, col 53 to line 59, col 74 of module SolanaRecovery: 38
  |line 59, col 53 to line 59, col 61 of module SolanaRecovery: 21
  |line 59, col 65 to line 59, col 74 of module SolanaRecovery: 21
  line 60, col 6 to line 60, col 65 of module SolanaRecovery: 17
  line 61, col 6 to line 61, col 86 of module SolanaRecovery: 17
<NoSendAllowance line 63, col 1 to line 63, col 18 of module SolanaRecovery>: 0:0
  line 64, col 6 to line 64, col 31 of module SolanaRecovery: 804
  line 64, col 36 to line 64, col 63 of module SolanaRecovery: 24
  line 65, col 6 to line 65, col 41 of module SolanaRecovery: 0
<BypassPersistence line 67, col 1 to line 67, col 20 of module SolanaRecovery>: 0:0
  line 69, col 6 to line 69, col 40 of module SolanaRecovery: 0
<Send line 74, col 1 to line 74, col 7 of module SolanaRecovery>: 4:5
  line 75, col 6 to line 75, col 24 of module SolanaRecovery: 809
  |line 75, col 6 to line 75, col 15 of module SolanaRecovery: 804
  line 75, col 29 to line 75, col 57 of module SolanaRecovery: 5
  line 76, col 6 to line 78, col 68 of module SolanaRecovery: 5
<Execute line 82, col 1 to line 82, col 18 of module SolanaRecovery>: 2:4
  line 83, col 6 to line 83, col 21 of module SolanaRecovery: 1608
  |line 83, col 6 to line 83, col 6 of module SolanaRecovery: 1604
  |line 83, col 12 to line 83, col 21 of module SolanaRecovery: 1604
  ||line 21, col 15 to line 21, col 65 of module SolanaRecovery: 1604
  |||line 21, col 16 to line 21, col 37 of module SolanaRecovery: 8
  |||line 21, col 47 to line 21, col 64 of module SolanaRecovery: 1604
  line 83, col 26 to line 83, col 43 of module SolanaRecovery: 8
  |line 83, col 26 to line 83, col 26 of module SolanaRecovery: 4
  |line 83, col 35 to line 83, col 43 of module SolanaRecovery: 4
  line 83, col 48 to line 83, col 68 of module SolanaRecovery: 8
  |line 83, col 48 to line 83, col 57 of module SolanaRecovery: 4
  line 84, col 6 to line 85, col 81 of module SolanaRecovery: 4
  |line 84, col 11 to line 85, col 81 of module SolanaRecovery: 4
  ||line 84, col 12 to line 84, col 12 of module SolanaRecovery: 4
  ||line 84, col 21 to line 84, col 39 of module SolanaRecovery: 4
  ||line 85, col 33 to line 85, col 80 of module SolanaRecovery: 4
  |||line 85, col 36 to line 85, col 57 of module SolanaRecovery: 4
  |||line 85, col 64 to line 85, col 73 of module SolanaRecovery: 2
<Finalize line 87, col 1 to line 87, col 11 of module SolanaRecovery>: 0:0
  line 88, col 6 to line 88, col 51 of module SolanaRecovery: 802
  line 89, col 6 to line 89, col 85 of module SolanaRecovery: 0
<ExpireHash line 91, col 1 to line 91, col 13 of module SolanaRecovery>: 69:530
  line 92, col 6 to line 92, col 23 of module SolanaRecovery: 1332
  |line 92, col 6 to line 92, col 6 of module SolanaRecovery: 802
  |line 92, col 15 to line 92, col 23 of module SolanaRecovery: 802
  line 93, col 6 to line 93, col 43 of module SolanaRecovery: 530
<Observe line 101, col 1 to line 101, col 18 of module SolanaRecovery>: 0:0
  line 102, col 6 to line 102, col 60 of module SolanaRecovery: 4812
  line 105, col 6 to line 106, col 85 of module SolanaRecovery: 0
<CheckBudget line 108, col 1 to line 108, col 14 of module SolanaRecovery>: 0:0
  line 109, col 6 to line 109, col 67 of module SolanaRecovery: 803
  line 110, col 6 to line 110, col 40 of module SolanaRecovery: 0
<Decide line 112, col 1 to line 112, col 9 of module SolanaRecovery>: 0:0
  line 113, col 6 to line 113, col 49 of module SolanaRecovery: 803
  line 114, col 6 to line 117, col 67 of module SolanaRecovery: 0
<Validity line 119, col 1 to line 119, col 11 of module SolanaRecovery>: 0:0
  line 120, col 6 to line 120, col 45 of module SolanaRecovery: 803
  line 121, col 6 to line 122, col 77 of module SolanaRecovery: 0
<RefreshOnAbsence line 126, col 1 to line 126, col 22 of module SolanaRecovery>: 0:0
  line 130, col 6 to line 130, col 72 of module SolanaRecovery: 0
<ReleaseForCommit line 132, col 1 to line 132, col 19 of module SolanaRecovery>: 0:0
  line 133, col 6 to line 133, col 25 of module SolanaRecovery: 803
  line 134, col 6 to line 135, col 44 of module SolanaRecovery: 0
<CommitTerminal line 137, col 1 to line 137, col 17 of module SolanaRecovery>: 0:0
  line 138, col 6 to line 138, col 69 of module SolanaRecovery: 803
  line 139, col 6 to line 144, col 78 of module SolanaRecovery: 0
<Retry line 146, col 1 to line 146, col 8 of module SolanaRecovery>: 1:2
  line 147, col 6 to line 147, col 25 of module SolanaRecovery: 805
  |line 147, col 6 to line 147, col 15 of module SolanaRecovery: 803
  line 148, col 6 to line 152, col 62 of module SolanaRecovery: 2
<Park line 154, col 1 to line 154, col 7 of module SolanaRecovery>: 0:0
  line 155, col 6 to line 155, col 39 of module SolanaRecovery: 803
  line 156, col 6 to line 158, col 78 of module SolanaRecovery: 0
<DiscardStale line 160, col 1 to line 160, col 15 of module SolanaRecovery>: 2:282
  line 161, col 6 to line 161, col 24 of module SolanaRecovery: 1085
  |line 161, col 6 to line 161, col 15 of module SolanaRecovery: 803
  line 161, col 29 to line 161, col 40 of module SolanaRecovery: 749
  |line 161, col 30 to line 161, col 40 of module SolanaRecovery: 467
  line 162, col 6 to line 164, col 62 of module SolanaRecovery: 282
<LoseRedisAttempt line 187, col 1 to line 187, col 16 of module SolanaRecovery>: 27:28
  line 188, col 6 to line 188, col 19 of module SolanaRecovery: 27
  line 188, col 24 to line 188, col 36 of module SolanaRecovery: 428
  |line 188, col 24 to line 188, col 32 of module SolanaRecovery: 401
  line 189, col 6 to line 189, col 66 of module SolanaRecovery: 27
  |line 189, col 11 to line 189, col 66 of module SolanaRecovery: 28
<Reorg line 191, col 1 to line 191, col 8 of module SolanaRecovery>: 0:0
  line 193, col 6 to line 193, col 42 of module SolanaRecovery: 0
<WorkerStep line 195, col 1 to line 195, col 13 of module SolanaRecovery (199 12 199 43)>: 57:467
  line 199, col 12 to line 199, col 31 of module SolanaRecovery: 467
  line 167, col 6 to line 167, col 24 of module SolanaRecovery: 1270
  |line 167, col 6 to line 167, col 15 of module SolanaRecovery: 803
  line 168, col 6 to line 169, col 62 of module SolanaRecovery: 467
  line 199, col 42 to line 199, col 42 of module SolanaRecovery: 803
<Next line 204, col 1 to line 204, col 4 of module SolanaRecovery (207 7 207 90)>: 442:555
  line 207, col 7 to line 207, col 26 of module SolanaRecovery: 367
  line 172, col 6 to line 172, col 21 of module SolanaRecovery: 624
  |line 172, col 6 to line 172, col 17 of module SolanaRecovery: 401
  line 173, col 6 to line 173, col 58 of module SolanaRecovery: 223
  line 176, col 6 to line 176, col 23 of module SolanaRecovery: 614
  |line 176, col 6 to line 176, col 19 of module SolanaRecovery: 401
  line 177, col 6 to line 177, col 39 of module SolanaRecovery: 213
  line 180, col 6 to line 180, col 24 of module SolanaRecovery: 520
  |line 180, col 6 to line 180, col 12 of module SolanaRecovery: 401
  line 180, col 29 to line 180, col 44 of module SolanaRecovery: 238
  |line 180, col 29 to line 180, col 40 of module SolanaRecovery: 119
  line 181, col 6 to line 181, col 42 of module SolanaRecovery: 119
  line 184, col 6 to line 184, col 40 of module SolanaRecovery: 401
  line 184, col 45 to line 184, col 57 of module SolanaRecovery: 59
  line 185, col 6 to line 185, col 54 of module SolanaRecovery: 0
<TypeOK line 210, col 1 to line 210, col 6 of module SolanaRecovery>
  line 211, col 3 to line 222, col 85 of module SolanaRecovery: 761
<UnresolvedEvidenceRetained line 230, col 1 to line 230, col 26 of module SolanaRecovery>
  line 230, col 31 to line 230, col 90 of module SolanaRecovery: 761
  |line 230, col 32 to line 230, col 72 of module SolanaRecovery: 761
  ||line 230, col 32 to line 230, col 46 of module SolanaRecovery: 761
  |||line 230, col 32 to line 230, col 41 of module SolanaRecovery: 761
  ||||line 21, col 15 to line 21, col 65 of module SolanaRecovery: 761
  |||||line 21, col 16 to line 21, col 37 of module SolanaRecovery: 13
  |||||line 21, col 47 to line 21, col 64 of module SolanaRecovery: 761
  |||line 230, col 45 to line 230, col 46 of module SolanaRecovery: 761
  ||line 230, col 51 to line 230, col 72 of module SolanaRecovery: 13
  |line 230, col 78 to line 230, col 90 of module SolanaRecovery: 13
End of statistics.
2189 states generated, 761 distinct states found, 360 states left on queue.
The depth of the complete state graph search is 9.
The average outdegree of the complete state graph is 2 (minimum is 0, the maximum 7 and the 95th percentile is 5).
Finished in 00s at (2026-09-26 16:56:35)
