test_actual_reconcile_retains_prior_stop_and_captures_custody_without_rpc (capacity_resource_phase_test.CampaignBoundary) ... ok
test_actual_reconcile_stops_engine_then_transitions_before_first_oracle_read (capacity_resource_phase_test.CampaignBoundary) ... ok
test_failed_stop_keeps_original_budget_and_performs_no_new_probe (capacity_resource_phase_test.PhaseMonitor) ... ok
test_monitor_cannot_assess_obsolete_horizon_after_engine_stop (capacity_resource_phase_test.PhaseMonitor) ... ok
test_exact_incident_depletion_keeps_peak_but_only_reserves_verification (capacity_resource_phase_test.PhasePolicy) ... ok
test_existing_load_stop_never_clears_at_phase_transition (capacity_resource_phase_test.PhasePolicy) ... ok
test_no_setup_transition_and_verification_spike_still_fences (capacity_resource_phase_test.PhasePolicy) ... ok
test_reconciliation_is_finite_nonrenewable_and_never_extends_original_deadline (capacity_resource_phase_test.PhasePolicy) ... ok
test_compressed_failures_cannot_fake_elapsed_outage (capacity_resource_guard_test.Provider) ... ok
test_no_public_credentialed_or_redirect_routing (capacity_resource_guard_test.Provider) ... ok
test_outage_debounce_reset_then_latched_no_auto_recovery (capacity_resource_guard_test.Provider) ... ok
test_read_probe_has_exact_one_request_no_retry_no_secret_error (capacity_resource_guard_test.Provider) ... ok
test_success_identity_mismatch_rpc_error_and_oversize_are_distinguished (capacity_resource_guard_test.Provider) ... ok
test_df_full_disk_and_inode_exhaustion_are_not_parse_failures (capacity_resource_guard_test.Resources) ... ok
test_different_host_volume_is_rejected_before_lima_probe (capacity_resource_guard_test.Resources) ... ok
test_fixed_setup_is_reserved_without_extrapolating_then_load_spikes_count (capacity_resource_guard_test.Resources) ... ok
test_freed_space_does_not_reset_peak_and_other_resources_are_independent (capacity_resource_guard_test.Resources) ... ok
test_invalid_budgets_never_disable_guard_silently (capacity_resource_guard_test.Resources) ... ok
test_layout_change_missing_probe_and_horizon_are_fenced (capacity_resource_guard_test.Resources) ... ok
test_monitor_evidence_is_private_no_overwrite_and_stops_before_child (capacity_resource_guard_test.Resources) ... ok
test_monitor_probe_failure_is_fixed_category_not_subprocess_output (capacity_resource_guard_test.Resources) ... ok
test_observed_growth_replaces_lower_declared_budget_and_latches (capacity_resource_guard_test.Resources) ... ok
test_observer_programming_error_also_latches_instead_of_silently_stopping (capacity_resource_guard_test.Resources) ... ok
test_preflight_reserves_the_entire_horizon_and_shutdown_not_only_floor (capacity_resource_guard_test.Resources) ... ok
test_probe_is_only_bounded_read_commands_without_live_vm (capacity_resource_guard_test.Resources) ... ok
test_realistic_host_margin_and_host_only_probe_cover_non_native_jobs (capacity_resource_guard_test.Resources) ... ok
test_chaos_cannot_mutate_after_stop_during_trigger_wait_or_before_restart (capacity_infrastructure_test.CleanupGuards) ... ok
test_custody_file_inventory_error_does_not_mask_original_exception (capacity_infrastructure_test.CleanupGuards) ... ok
test_exception_joins_lifecycle_worker_before_custody_and_cleanup (capacity_infrastructure_test.CleanupGuards) ... ok
test_guard_cleanup_failure_does_not_skip_children_or_report (capacity_infrastructure_test.CleanupGuards) ... ok
test_held_http_202_finishes_before_exception_custody_snapshot (capacity_infrastructure_test.CleanupGuards) ... ok
test_planned_proxy_rpc_errors_do_not_count_as_direct_provider_outage (capacity_infrastructure_test.CleanupGuards) ... ok
test_stop_during_actual_reconcile_cannot_repromote_capacity (capacity_infrastructure_test.CleanupGuards) ... ok
test_actual_load_stops_offers_skips_failed_end_sample_drain_hook_and_retries (capacity_infrastructure_test.Infrastructure) ... ok
test_actual_run_preserves_wal_custody_when_oracle_is_unavailable (capacity_infrastructure_test.Infrastructure) ... ok
test_already_queued_dispatch_and_retry_do_not_post_after_latch (capacity_infrastructure_test.Infrastructure) ... ok
test_native_cli_requires_resource_guard_and_explicit_bounded_budget (capacity_infrastructure_test.Infrastructure) ... ok
test_resource_preflight_rejects_before_starting_any_service (capacity_infrastructure_test.Infrastructure) ... ok
test_transient_fault_does_not_abort_and_outage_latches_distinct_reason (capacity_infrastructure_test.Infrastructure) ... ok
test_supervisor_preserves_outage_and_pause_failure_and_blocks_resume (capacity_infrastructure_test.SupervisorIntegration) ... ok
test_actual_reconcile_never_calls_a_fenced_engine_restart_recovered (capacity_fence_test.DurableFenceTests) ... ok
test_arbitrary_restart_failure_never_fabricates_a_durable_fence (capacity_fence_test.DurableFenceTests) ... ok
test_drain_detects_chain_fence_without_rpc_or_retry_and_hides_reason (capacity_fence_test.DurableFenceTests) ... ok
test_fence_appearing_during_drain_stops_at_next_existing_poll (capacity_fence_test.DurableFenceTests) ... ok
test_missing_invalid_or_unreadable_journal_is_not_a_fence (capacity_fence_test.DurableFenceTests) ... ok
test_restart_fence_aborts_every_remaining_offer_without_claiming_recovery (capacity_fence_test.DurableFenceTests) ... ok
test_run_still_reconciles_accepted_unknown_ids_before_owned_node_cleanup (capacity_fence_test.DurableFenceTests) ... ok
test_unrecognized_private_reason_is_not_copied_or_interpreted (capacity_fence_test.DurableFenceTests) ... ok
test_broadcast_concurrency_cli_reaches_actual_setup_env_without_ambient_override (capacity_campaign_test.EvidenceTests) ... ok
test_http_start_lateness_is_distinct_and_excludes_retries (capacity_campaign_test.EvidenceTests) ... ok
test_journal_observer_counts_ids_not_fee_bump_attempt_rows (capacity_campaign_test.EvidenceTests) ... ok
test_local_only_urls_reject_secrets_or_nonlocal_hosts (capacity_campaign_test.EvidenceTests) ... ok
test_profile_bounds_and_individual_depths (capacity_campaign_test.EvidenceTests) ... ok
test_publish_is_private_atomic_no_overwrite (capacity_campaign_test.EvidenceTests) ... ok
test_transport_diagnostics_keep_errno_without_secrets (capacity_campaign_test.EvidenceTests) ... ok
test_api_post_connection_reused_without_ambient_proxy (capacity_campaign_test.HttpTests) ... ok
test_lost_accepted_post_is_not_automatically_retried (capacity_campaign_test.HttpTests) ... ok
test_redirect_is_returned_without_following (capacity_campaign_test.HttpTests) ... ok
test_complete_constant_lag_window_is_only_candidate_input (capacity_campaign_test.MeasurementTests) ... ok
test_draining_everything_cannot_mask_unsigned_backlog_growth (capacity_campaign_test.MeasurementTests) ... ok
test_fault_classification_preserves_safety_and_durable_fences (capacity_campaign_test.MeasurementTests) ... ok
test_recovered_proxy_failures_still_disqualify_nominal_capacity (capacity_campaign_test.MeasurementTests) ... ok
test_short_window_never_claims_capacity (capacity_campaign_test.MeasurementTests) ... ok
test_100ms_eligible_late_slots_are_bounded_microbursts (capacity_campaign_test.SchedulingTests) ... ok
test_equal_rate_phases_prevent_alphabetical_capacity_starvation (capacity_campaign_test.SchedulingTests) ... ok
test_full_dispatch_has_no_hidden_queue_and_other_chain_still_offered (capacity_campaign_test.SchedulingTests) ... ok
test_pool_is_bounded_and_failure_releases_permit (capacity_campaign_test.SchedulingTests) ... ok
test_stall_discards_missed_slots_without_catchup_or_retry (capacity_campaign_test.SchedulingTests) ... ok
test_continuous_arrivals_revisit_old_signatures_before_intake_stops (capacity_campaign_test.SolanaLiveObserverTests) ... ok
test_incremental_journal_enqueues_once_without_reviving_finalized (capacity_campaign_test.SolanaLiveObserverTests) ... ok
test_partial_rpc_failure_keeps_unprocessed_work_for_next_sample (capacity_campaign_test.SolanaLiveObserverTests) ... ok
test_removals_do_not_skip_waiting_signatures_and_wave_is_bounded (capacity_campaign_test.SolanaLiveObserverTests) ... ok
test_repeated_first_batch_errors_do_not_starve_other_pending_work (capacity_campaign_test.SolanaLiveObserverTests) ... ok
test_wrong_status_count_cannot_remove_or_silently_skip_pending_work (capacity_campaign_test.SolanaLiveObserverTests) ... ok
test_bounded_guard_probes_cover_ends_without_duplicate_ids (capacity_scenarios_test.RecoveryInventoryTests) ... ok
test_exact_restore_preserves_original_random_uid_and_unknown_binding (capacity_scenarios_test.RecoveryInventoryTests) ... ok
test_payload_replay_and_evidence_tampering_are_independently_rejected (capacity_scenarios_test.RecoveryInventoryTests) ... ok
test_recovery_must_advance_epoch_without_changing_deployment (capacity_scenarios_test.RecoveryInventoryTests) ... ok
test_unknown_attempt_may_not_be_reactivated_or_reported_terminal (capacity_scenarios_test.RecoveryInventoryTests) ... ok
test_poll_experiment_is_bounded_and_explicit (capacity_scenarios_test.ScenarioConfigurationTests) ... ok
test_reorg_rejects_uncontrolled_or_unrepresentable_finality (capacity_scenarios_test.ScenarioConfigurationTests) ... ok
test_unstable_solana_balance_cut_is_not_qualified_as_redis_recovery (capacity_scenarios_test.ScenarioConfigurationTests) ... ok
test_clean_drain_remains_only_numeric_counters (capacity_pool_test.PoolTests) ... ok
test_hash_digest_detects_changed_identity_even_same_count_and_nonce (capacity_pool_test.PoolTests) ... ok
test_inventory_distinguishes_orphaned_targets_from_later_queued_loss (capacity_pool_test.PoolTests) ... ok
test_local_pool_count_requires_both_valid_counters (capacity_pool_test.PoolTests) ... ok
test_native_nonce_delta_never_claims_empty_pool_or_calls_txpool (capacity_pool_test.PoolTests) ... ok
test_other_wallet_and_malformed_pool_are_not_miscounted (capacity_pool_test.PoolTests) ... ok
test_queued_transactions_behind_nonce_gap_fail_empty_drain (capacity_pool_test.PoolTests) ... ok
test_3_percent_terminal_growth_is_never_promoted (capacity_assess_test.AssessmentTests) ... ok
test_aligned_12_second_sawtooth_is_steady (capacity_assess_test.AssessmentTests) ... ok
test_observer_error_cannot_be_promoted_despite_complete_exact_reconciliation (capacity_assess_test.AssessmentTests) ... ok
test_short_clean_screen_stays_unconfirmed (capacity_assess_test.AssessmentTests) ... ok
test_tiny_sample_clock_drift_does_not_discard_whole_window (capacity_assess_test.AssessmentTests) ... ok

----------------------------------------------------------------------
Ran 94 tests in 1.719s

OK
