    Blocking waiting for file lock on build directory
    Finished `test` profile [unoptimized + debuginfo] target(s) in 1.78s
     Running unittests src/lib.rs (target/debug/deps/twmq-395ea38072a245fa)

running 26 tests
test lease_tests::completion_error_does_not_replay_partially_executed_commands ... ok
test lease_tests::cancelled_expired_job_is_not_reborrowed_in_the_same_batch ... ok
test lease_tests::cancellation_after_nack_removes_delayed_work ... ok
test lease_tests::old_completion_cannot_ack_a_reborrowed_job_or_commit_hooks ... ok
test lease_tests::concurrent_acknowledgements_commit_one_outcome_and_one_hook ... ok
test lease_tests::immediate_refill_preserves_configured_concurrency ... ok
test lease_tests::pruning_final_reference_clears_deferred_cancellation ... ok
test lease_tests::zero_terminal_retention_removes_index_and_records ... ok
test multilane::lease_tests::cancelled_expired_lane_job_is_not_reborrowed ... ok
test lease_tests::cancellation_of_reused_id_is_not_overruled_by_historical_success ... ok
test multilane::lease_tests::concurrent_lane_acknowledgements_commit_once ... ok
test lease_tests::pruning_preserves_delayed_reused_id_and_deletes_finished_jobs ... ok
test lease_tests::same_kind_terminal_history_retains_reused_id_until_last_reference ... ok
test lease_tests::cross_kind_terminal_history_retains_reused_id_until_last_reference ... ok
test multilane::lease_tests::cancellation_of_reused_lane_id_is_not_overruled_by_historical_success ... ok
test multilane::lease_tests::same_id_reuse_creates_a_new_lease_generation ... ok
test multilane::lease_tests::pruning_final_reference_clears_deferred_cancellation ... ok
test multilane::lease_tests::immediate_lane_refill_preserves_configured_concurrency ... ok
test multilane::lease_tests::zero_terminal_retention_removes_index_and_records ... ok
test multilane::lease_tests::cross_kind_terminal_history_retains_reused_id_until_last_reference ... ok
test multilane::lease_tests::pruning_preserves_delayed_reused_id_and_deletes_finished_lane_jobs ... ok
test multilane::lease_tests::same_kind_terminal_history_retains_reused_id_until_last_reference ... ok
test lease_tests::empty_worker_does_not_spin_and_shutdown_does_not_wait_for_poll ... ok
test multilane::lease_tests::empty_lane_worker_does_not_spin_and_shuts_down_promptly ... ok
test lease_tests::completed_permits_refill_backlog_without_waiting_for_poll_timer ... ok
test multilane::lease_tests::completed_lane_permits_refill_without_waiting_for_poll_timer ... ok

test result: ok. 26 passed; 0 failed; 0 ignored; 0 measured; 0 filtered out; finished in 0.11s
