{"report": "/private/tmp/capacity-bounded-nitro40-017a2525ad46.json", "outcome": "error", "capacity_candidate": false, "logs": "/var/folders/ky/s5xblf5j3515d6h6ss25z3w80000gn/T/engine-capacity-o2z614gl"}
Traceback (most recent call last):
  File "/Users/alfongj/Code/engine-core/scripts/capacity_campaign.py", line 1660, in <module>
    main()
  File "/Users/alfongj/Code/engine-core/scripts/capacity_campaign.py", line 1654, in main
    campaign.run()
  File "/Users/alfongj/Code/engine-core/scripts/capacity_campaign.py", line 1503, in run
    self.load()
  File "/Users/alfongj/Code/engine-core/scripts/capacity_campaign.py", line 1219, in load
    self.sample()
  File "/Users/alfongj/Code/engine-core/scripts/capacity_campaign.py", line 773, in sample
    chains[name]["included"] = int(node.call("eth_getTransactionCount", [FROM, "latest"]), 16) - self.initial[name]["sender_nonce"]
  File "/Users/alfongj/Code/engine-core/scripts/capacity_campaign.py", line 326, in call
    status, value = request(self.url, {"jsonrpc": "2.0", "id": 1, "method": method, "params": params})
  File "/Users/alfongj/Code/engine-core/scripts/capacity_campaign.py", line 79, in request
    status, raw = LOCAL_HTTP.request(url, body=body, headers={"Content-Type": "application/json", **(headers or {})}, timeout=timeout)
  File "/Users/alfongj/Code/engine-core/scripts/capacity_faults.py", line 205, in request
    connection.connect()
  File "/Users/alfongj/Code/engine-core/scripts/capacity_faults.py", line 123, in connect
    super().connect()
  File "/Library/Developer/CommandLineTools/Library/Frameworks/Python3.framework/Versions/3.9/lib/python3.9/http/client.py", line 923, in connect
    self.sock = self._create_connection(
  File "/Library/Developer/CommandLineTools/Library/Frameworks/Python3.framework/Versions/3.9/lib/python3.9/socket.py", line 843, in create_connection
    raise err
  File "/Library/Developer/CommandLineTools/Library/Frameworks/Python3.framework/Versions/3.9/lib/python3.9/socket.py", line 831, in create_connection
    sock.connect(sa)
ConnectionRefusedError: [Errno 61] Connection refused
