    Blocking waiting for file lock on package cache
    Blocking waiting for file lock on package cache
    Blocking waiting for file lock on package cache
    Blocking waiting for file lock on build directory
   Compiling engine-core v0.1.0 (/Users/alfongj/Code/engine-core/core)
   Compiling engine-eip7702-core v0.1.0 (/Users/alfongj/Code/engine-core/eip7702-core)
   Compiling engine-aa-core v0.1.0 (/Users/alfongj/Code/engine-core/aa-core)
   Compiling engine-executors v0.1.0 (/Users/alfongj/Code/engine-core/executors)
warning: constant `MAX_INFLIGHT_PER_EOA` is never used
  --> executors/src/eoa/worker/mod.rs:36:7
   |
36 | const MAX_INFLIGHT_PER_EOA: u64 = 100; // Default from spec
   |       ^^^^^^^^^^^^^^^^^^^^
   |
   = note: `#[warn(dead_code)]` (part of `#[warn(unused)]`) on by default

warning: constant `MAX_RECYCLED_THRESHOLD` is never used
  --> executors/src/eoa/worker/mod.rs:37:7
   |
37 | const MAX_RECYCLED_THRESHOLD: u64 = 50; // Circuit breaker from spec
   |       ^^^^^^^^^^^^^^^^^^^^^^

warning: constant `TARGET_TRANSACTIONS_PER_EOA` is never used
  --> executors/src/eoa/worker/mod.rs:38:7
   |
38 | const TARGET_TRANSACTIONS_PER_EOA: u64 = 10; // Fleet management from spec
   |       ^^^^^^^^^^^^^^^^^^^^^^^^^^^

warning: constant `MIN_TRANSACTIONS_PER_EOA` is never used
  --> executors/src/eoa/worker/mod.rs:39:7
   |
39 | const MIN_TRANSACTIONS_PER_EOA: u64 = 1; // Fleet management from spec
   |       ^^^^^^^^^^^^^^^^^^^^^^^^

   Compiling thirdweb-engine v0.1.0 (/Users/alfongj/Code/engine-core/server)
warning: `engine-executors` (lib) generated 4 warnings
    Finished `test` profile [unoptimized + debuginfo] target(s) in 22.13s
     Running tests/api_safety.rs (target/debug/deps/api_safety-28840b022ca6eac9)

running 1 test
test public_routes_reject_unauthorized_mutations_and_invalid_execution ... ok

test result: ok. 1 passed; 0 failed; 0 ignored; 0 measured; 0 filtered out; finished in 0.31s

