TLC2 Version 2.19 of 08 August 2024 (rev: 5a47802)
Running breadth-first search Model-Checking with fp 0 and seed 1 with 1 worker on 10 cores with 1820MB heap and 64MB offheap memory [pid: 68063] (Mac OS X 26.6.2 aarch64, Eclipse Adoptium 21.0.12.1 x86_64, MSBDiskFPSet, DiskStateQueue).
Parsing file /Users/alfongj/Code/engine-core/formal/tla/DisasterRecoveryProjection.tla
Parsing file /private/var/folders/ky/s5xblf5j3515d6h6ss25z3w80000gn/T/Naturals.tla
Parsing file /private/var/folders/ky/s5xblf5j3515d6h6ss25z3w80000gn/T/FiniteSets.tla
Parsing file /private/var/folders/ky/s5xblf5j3515d6h6ss25z3w80000gn/T/Sequences.tla
Semantic processing of module Naturals
Semantic processing of module Sequences
Semantic processing of module FiniteSets
Semantic processing of module DisasterRecoveryProjection
Starting... (2026-09-27 08:13:32)
Computing initial states...
Finished computing initial states: 1 distinct state generated at 2026-09-27 08:13:32.
Progress(23) at 2026-09-27 08:13:35: 814,737 states generated (814,737 s/min), 142,662 distinct states found (142,662 ds/min), 23,374 states left on queue.
Model checking completed. No error has been found.
  Estimates of the probability that TLC did not check all reachable states
  because two distinct states had the same fingerprint:
  calculated (optimistic):  val = 1.4E-8
  based on the actual fingerprints:  val = 2.1E-9
The coverage statistics at 2026-09-27 08:13:38
<Init line 31, col 1 to line 31, col 4 of module DisasterRecoveryProjection>: 1:1
  line 31, col 9 to line 41, col 47 of module DisasterRecoveryProjection: 1
<Start line 43, col 1 to line 43, col 5 of module DisasterRecoveryProjection>: 2162:60442
  line 44, col 8 to line 44, col 15 of module DisasterRecoveryProjection: 280972
  |line 44, col 9 to line 44, col 15 of module DisasterRecoveryProjection: 220530
  line 44, col 20 to line 44, col 34 of module DisasterRecoveryProjection: 124424
  |line 44, col 21 to line 44, col 34 of module DisasterRecoveryProjection: 63982
  line 45, col 8 to line 49, col 71 of module DisasterRecoveryProjection: 60442
  |line 45, col 13 to line 49, col 71 of module DisasterRecoveryProjection: 60442
  ||line 45, col 14 to line 45, col 14 of module DisasterRecoveryProjection: 60442
  ||line 45, col 23 to line 45, col 36 of module DisasterRecoveryProjection: 60442
  ||line 45, col 39 to line 45, col 53 of module DisasterRecoveryProjection: 60442
  ||line 45, col 56 to line 45, col 72 of module DisasterRecoveryProjection: 60442
  ||line 46, col 26 to line 49, col 70 of module DisasterRecoveryProjection: 60442
  |||line 46, col 29 to line 46, col 44 of module DisasterRecoveryProjection: 60442
  |||line 47, col 18 to line 49, col 70 of module DisasterRecoveryProjection: 21996
  ||||line 47, col 21 to line 47, col 45 of module DisasterRecoveryProjection: 21996
  ||||line 48, col 18 to line 49, col 70 of module DisasterRecoveryProjection: 21996
  |||||line 48, col 21 to line 48, col 44 of module DisasterRecoveryProjection: 21996
  |||||line 49, col 18 to line 49, col 70 of module DisasterRecoveryProjection: 17136
<Crash line 51, col 1 to line 51, col 5 of module DisasterRecoveryProjection>: 4999:156548
  line 52, col 8 to line 52, col 14 of module DisasterRecoveryProjection: 377078
  |line 52, col 8 to line 52, col 8 of module DisasterRecoveryProjection: 220530
  line 53, col 8 to line 56, col 59 of module DisasterRecoveryProjection: 156548
<Cancel line 59, col 1 to line 59, col 6 of module DisasterRecoveryProjection>: 54:43188
  line 60, col 8 to line 60, col 14 of module DisasterRecoveryProjection: 252366
  |line 60, col 8 to line 60, col 8 of module DisasterRecoveryProjection: 220530
  line 60, col 20 to line 60, col 34 of module DisasterRecoveryProjection: 188384
  |line 60, col 20 to line 60, col 27 of module DisasterRecoveryProjection: 156548
  |line 60, col 31 to line 60, col 34 of module DisasterRecoveryProjection: 156548
  line 60, col 39 to line 60, col 56 of module DisasterRecoveryProjection: 167900
  |line 60, col 39 to line 60, col 49 of module DisasterRecoveryProjection: 156548
  |line 60, col 53 to line 60, col 56 of module DisasterRecoveryProjection: 156548
  line 61, col 8 to line 62, col 63 of module DisasterRecoveryProjection: 43188
<TransportUncertain line 66, col 1 to line 66, col 18 of module DisasterRecoveryProjection>: 162:16560
  line 67, col 8 to line 67, col 14 of module DisasterRecoveryProjection: 237090
  |line 67, col 8 to line 67, col 8 of module DisasterRecoveryProjection: 220530
  line 67, col 19 to line 67, col 31 of module DisasterRecoveryProjection: 173108
  |line 67, col 19 to line 67, col 24 of module DisasterRecoveryProjection: 156548
  |line 67, col 28 to line 67, col 31 of module DisasterRecoveryProjection: 156548
  line 67, col 36 to line 67, col 51 of module DisasterRecoveryProjection: 47916
  |line 67, col 36 to line 67, col 44 of module DisasterRecoveryProjection: 31356
  |line 67, col 48 to line 67, col 51 of module DisasterRecoveryProjection: 31356
  line 68, col 8 to line 68, col 77 of module DisasterRecoveryProjection: 16560
<Observe line 70, col 1 to line 70, col 7 of module DisasterRecoveryProjection>: 13480:31356
  line 71, col 8 to line 71, col 14 of module DisasterRecoveryProjection: 251886
  |line 71, col 8 to line 71, col 8 of module DisasterRecoveryProjection: 220530
  line 71, col 19 to line 71, col 31 of module DisasterRecoveryProjection: 187904
  |line 71, col 19 to line 71, col 24 of module DisasterRecoveryProjection: 156548
  |line 71, col 28 to line 71, col 31 of module DisasterRecoveryProjection: 156548
  line 73, col 14 to line 73, col 29 of module DisasterRecoveryProjection: 31356
  line 74, col 19 to line 74, col 24 of module DisasterRecoveryProjection: 14796
  |line 26, col 11 to line 26, col 40 of module DisasterRecoveryProjection: 14796
  ||line 26, col 11 to line 26, col 28 of module DisasterRecoveryProjection: 14796
  ||line 26, col 33 to line 26, col 40 of module DisasterRecoveryProjection: 3504
  |||line 25, col 13 to line 25, col 46 of module DisasterRecoveryProjection: 3504
  ||||line 25, col 13 to line 25, col 33 of module DisasterRecoveryProjection: 3504
  ||||line 25, col 38 to line 25, col 46 of module DisasterRecoveryProjection: 2336
  line 75, col 21 to line 75, col 73 of module DisasterRecoveryProjection: 1168
  line 76, col 24 to line 78, col 60 of module DisasterRecoveryProjection: 13628
  line 79, col 26 to line 80, col 66 of module DisasterRecoveryProjection: 0
  line 81, col 26 to line 81, col 82 of module DisasterRecoveryProjection: 13628
  line 82, col 19 to line 82, col 83 of module DisasterRecoveryProjection: 16560
  |line 82, col 19 to line 82, col 42 of module DisasterRecoveryProjection: 16560
  ||line 82, col 19 to line 82, col 30 of module DisasterRecoveryProjection: 16560
  ||line 82, col 35 to line 82, col 42 of module DisasterRecoveryProjection: 16560
  |||line 25, col 13 to line 25, col 46 of module DisasterRecoveryProjection: 16560
  ||||line 25, col 13 to line 25, col 33 of module DisasterRecoveryProjection: 16560
  ||||line 25, col 38 to line 25, col 46 of module DisasterRecoveryProjection: 11040
  |line 82, col 47 to line 82, col 83 of module DisasterRecoveryProjection: 5520
  line 83, col 21 to line 83, col 74 of module DisasterRecoveryProjection: 2160
  line 84, col 24 to line 85, col 88 of module DisasterRecoveryProjection: 14400
  line 86, col 26 to line 87, col 80 of module DisasterRecoveryProjection: 0
  line 88, col 26 to line 88, col 82 of module DisasterRecoveryProjection: 14400
<Commit line 92, col 1 to line 92, col 6 of module DisasterRecoveryProjection>: 54:792
  line 93, col 8 to line 93, col 14 of module DisasterRecoveryProjection: 221322
  |line 93, col 8 to line 93, col 8 of module DisasterRecoveryProjection: 220530
  line 93, col 19 to line 93, col 25 of module DisasterRecoveryProjection: 157340
  |line 93, col 19 to line 93, col 19 of module DisasterRecoveryProjection: 156548
  line 93, col 30 to line 93, col 42 of module DisasterRecoveryProjection: 8190
  |line 93, col 30 to line 93, col 35 of module DisasterRecoveryProjection: 7398
  |line 93, col 39 to line 93, col 42 of module DisasterRecoveryProjection: 7398
  line 93, col 47 to line 93, col 58 of module DisasterRecoveryProjection: 8190
  |line 93, col 47 to line 93, col 54 of module DisasterRecoveryProjection: 7398
  line 94, col 8 to line 94, col 23 of module DisasterRecoveryProjection: 8190
  |line 94, col 8 to line 94, col 16 of module DisasterRecoveryProjection: 7398
  |line 94, col 20 to line 94, col 23 of module DisasterRecoveryProjection: 7398
  line 94, col 28 to line 94, col 42 of module DisasterRecoveryProjection: 8190
  |line 94, col 28 to line 94, col 35 of module DisasterRecoveryProjection: 7398
  |line 94, col 39 to line 94, col 42 of module DisasterRecoveryProjection: 7398
  line 94, col 47 to line 94, col 64 of module DisasterRecoveryProjection: 7038
  |line 94, col 47 to line 94, col 57 of module DisasterRecoveryProjection: 6246
  |line 94, col 61 to line 94, col 64 of module DisasterRecoveryProjection: 6246
  line 95, col 8 to line 95, col 27 of module DisasterRecoveryProjection: 792
  |line 95, col 8 to line 95, col 15 of module DisasterRecoveryProjection: 6246
  |line 95, col 19 to line 95, col 27 of module DisasterRecoveryProjection: 6246
  line 97, col 11 to line 100, col 73 of module DisasterRecoveryProjection: 792
<Migrate line 104, col 1 to line 104, col 7 of module DisasterRecoveryProjection>: 0:0
  line 105, col 8 to line 105, col 14 of module DisasterRecoveryProjection: 220530
  line 105, col 19 to line 105, col 25 of module DisasterRecoveryProjection: 156548
  line 105, col 30 to line 105, col 42 of module DisasterRecoveryProjection: 7398
  line 105, col 47 to line 105, col 58 of module DisasterRecoveryProjection: 7398
  line 108, col 11 to line 110, col 67 of module DisasterRecoveryProjection: 0
<Publish line 114, col 1 to line 114, col 7 of module DisasterRecoveryProjection>: 324:10608
  line 115, col 8 to line 115, col 14 of module DisasterRecoveryProjection: 231138
  |line 115, col 8 to line 115, col 8 of module DisasterRecoveryProjection: 220530
  line 115, col 19 to line 115, col 31 of module DisasterRecoveryProjection: 167156
  |line 115, col 19 to line 115, col 24 of module DisasterRecoveryProjection: 156548
  |line 115, col 28 to line 115, col 31 of module DisasterRecoveryProjection: 156548
  line 17, col 20 to line 17, col 35 of module DisasterRecoveryProjection: 31356
  line 18, col 8 to line 18, col 19 of module DisasterRecoveryProjection: 27168
  |line 18, col 8 to line 18, col 15 of module DisasterRecoveryProjection: 16560
  line 18, col 24 to line 18, col 49 of module DisasterRecoveryProjection: 27168
  |line 18, col 24 to line 18, col 39 of module DisasterRecoveryProjection: 16560
  |line 18, col 43 to line 18, col 49 of module DisasterRecoveryProjection: 16560
  line 19, col 8 to line 19, col 32 of module DisasterRecoveryProjection: 27168
  |line 19, col 8 to line 19, col 20 of module DisasterRecoveryProjection: 16560
  |line 19, col 24 to line 19, col 32 of module DisasterRecoveryProjection: 16560
  line 19, col 37 to line 19, col 65 of module DisasterRecoveryProjection: 27168
  |line 19, col 37 to line 19, col 49 of module DisasterRecoveryProjection: 16560
  |line 19, col 53 to line 19, col 65 of module DisasterRecoveryProjection: 16560
  line 20, col 8 to line 20, col 36 of module DisasterRecoveryProjection: 27168
  |line 20, col 8 to line 20, col 26 of module DisasterRecoveryProjection: 16560
  |line 20, col 30 to line 20, col 36 of module DisasterRecoveryProjection: 16560
  line 21, col 9 to line 21, col 33 of module DisasterRecoveryProjection: 27168
  |line 21, col 9 to line 21, col 29 of module DisasterRecoveryProjection: 16560
  line 22, col 9 to line 22, col 51 of module DisasterRecoveryProjection: 27168
  |line 22, col 9 to line 22, col 36 of module DisasterRecoveryProjection: 16560
  |line 22, col 40 to line 22, col 51 of module DisasterRecoveryProjection: 16560
  line 23, col 12 to line 24, col 50 of module DisasterRecoveryProjection: 16560
  line 116, col 8 to line 116, col 24 of module DisasterRecoveryProjection: 27168
  |line 116, col 8 to line 116, col 17 of module DisasterRecoveryProjection: 16560
  |line 116, col 21 to line 116, col 24 of module DisasterRecoveryProjection: 16560
  line 116, col 29 to line 116, col 58 of module DisasterRecoveryProjection: 21216
  |line 116, col 29 to line 116, col 42 of module DisasterRecoveryProjection: 10608
  |line 116, col 46 to line 116, col 58 of module DisasterRecoveryProjection: 10608
  line 116, col 63 to line 116, col 80 of module DisasterRecoveryProjection: 21216
  |line 116, col 63 to line 116, col 72 of module DisasterRecoveryProjection: 10608
  line 117, col 8 to line 117, col 53 of module DisasterRecoveryProjection: 21216
  |line 117, col 8 to line 117, col 24 of module DisasterRecoveryProjection: 10608
  |line 117, col 30 to line 117, col 53 of module DisasterRecoveryProjection: 10608
  line 118, col 11 to line 118, col 34 of module DisasterRecoveryProjection: 10608
  line 119, col 13 to line 119, col 65 of module DisasterRecoveryProjection: 2592
  line 120, col 16 to line 120, col 33 of module DisasterRecoveryProjection: 8016
  line 121, col 18 to line 121, col 50 of module DisasterRecoveryProjection: 1296
  line 122, col 18 to line 122, col 74 of module DisasterRecoveryProjection: 6720
<Acknowledge line 126, col 1 to line 126, col 11 of module DisasterRecoveryProjection>: 300:5952
  line 127, col 8 to line 127, col 14 of module DisasterRecoveryProjection: 226482
  |line 127, col 8 to line 127, col 8 of module DisasterRecoveryProjection: 220530
  line 127, col 19 to line 127, col 31 of module DisasterRecoveryProjection: 162500
  |line 127, col 19 to line 127, col 24 of module DisasterRecoveryProjection: 156548
  |line 127, col 28 to line 127, col 31 of module DisasterRecoveryProjection: 156548
  line 17, col 20 to line 17, col 35 of module DisasterRecoveryProjection: 31356
  line 18, col 8 to line 18, col 19 of module DisasterRecoveryProjection: 22512
  |line 18, col 8 to line 18, col 15 of module DisasterRecoveryProjection: 16560
  line 18, col 24 to line 18, col 49 of module DisasterRecoveryProjection: 22512
  |line 18, col 24 to line 18, col 39 of module DisasterRecoveryProjection: 16560
  |line 18, col 43 to line 18, col 49 of module DisasterRecoveryProjection: 16560
  line 19, col 8 to line 19, col 32 of module DisasterRecoveryProjection: 22512
  |line 19, col 8 to line 19, col 20 of module DisasterRecoveryProjection: 16560
  |line 19, col 24 to line 19, col 32 of module DisasterRecoveryProjection: 16560
  line 19, col 37 to line 19, col 65 of module DisasterRecoveryProjection: 22512
  |line 19, col 37 to line 19, col 49 of module DisasterRecoveryProjection: 16560
  |line 19, col 53 to line 19, col 65 of module DisasterRecoveryProjection: 16560
  line 20, col 8 to line 20, col 36 of module DisasterRecoveryProjection: 22512
  |line 20, col 8 to line 20, col 26 of module DisasterRecoveryProjection: 16560
  |line 20, col 30 to line 20, col 36 of module DisasterRecoveryProjection: 16560
  line 21, col 9 to line 21, col 33 of module DisasterRecoveryProjection: 22512
  |line 21, col 9 to line 21, col 29 of module DisasterRecoveryProjection: 16560
  line 22, col 9 to line 22, col 51 of module DisasterRecoveryProjection: 22512
  |line 22, col 9 to line 22, col 36 of module DisasterRecoveryProjection: 16560
  |line 22, col 40 to line 22, col 51 of module DisasterRecoveryProjection: 16560
  line 23, col 12 to line 24, col 50 of module DisasterRecoveryProjection: 16560
  line 27, col 22 to line 27, col 58 of module DisasterRecoveryProjection: 16560
  |line 27, col 22 to line 27, col 38 of module DisasterRecoveryProjection: 16560
  |line 27, col 43 to line 27, col 58 of module DisasterRecoveryProjection: 10608
  line 28, col 5 to line 28, col 31 of module DisasterRecoveryProjection: 16560
  |line 28, col 5 to line 28, col 21 of module DisasterRecoveryProjection: 10608
  |line 28, col 25 to line 28, col 31 of module DisasterRecoveryProjection: 10608
  line 28, col 36 to line 28, col 65 of module DisasterRecoveryProjection: 11904
  |line 28, col 36 to line 28, col 49 of module DisasterRecoveryProjection: 5952
  |line 28, col 53 to line 28, col 65 of module DisasterRecoveryProjection: 5952
  line 29, col 12 to line 29, col 29 of module DisasterRecoveryProjection: 11904
  |line 29, col 12 to line 29, col 21 of module DisasterRecoveryProjection: 5952
  line 128, col 8 to line 136, col 61 of module DisasterRecoveryProjection: 5952
  |line 128, col 13 to line 136, col 61 of module DisasterRecoveryProjection: 5952
  ||line 128, col 14 to line 128, col 14 of module DisasterRecoveryProjection: 5952
  ||line 128, col 23 to line 128, col 55 of module DisasterRecoveryProjection: 5952
  ||line 129, col 23 to line 131, col 44 of module DisasterRecoveryProjection: 5952
  |||line 129, col 26 to line 130, col 75 of module DisasterRecoveryProjection: 5952
  ||||line 129, col 26 to line 129, col 43 of module DisasterRecoveryProjection: 5952
  ||||line 130, col 26 to line 130, col 74 of module DisasterRecoveryProjection: 4464
  |||line 131, col 28 to line 131, col 34 of module DisasterRecoveryProjection: 1488
  |||line 131, col 41 to line 131, col 44 of module DisasterRecoveryProjection: 4464
  ||line 132, col 24 to line 132, col 50 of module DisasterRecoveryProjection: 5952
  |||line 132, col 29 to line 132, col 50 of module DisasterRecoveryProjection: 4608
  ||line 133, col 24 to line 133, col 50 of module DisasterRecoveryProjection: 5952
  |||line 133, col 29 to line 133, col 50 of module DisasterRecoveryProjection: 4608
  ||line 134, col 9 to line 134, col 62 of module DisasterRecoveryProjection: 5952
  ||line 135, col 30 to line 135, col 45 of module DisasterRecoveryProjection: 5952
  |||line 135, col 35 to line 135, col 45 of module DisasterRecoveryProjection: 3264
  ||line 136, col 9 to line 136, col 24 of module DisasterRecoveryProjection: 5952
  ||line 136, col 27 to line 136, col 43 of module DisasterRecoveryProjection: 5952
  ||line 136, col 46 to line 136, col 60 of module DisasterRecoveryProjection: 5952
<ReturnPermission line 138, col 1 to line 138, col 16 of module DisasterRecoveryProjection>: 168:11352
  line 139, col 8 to line 139, col 14 of module DisasterRecoveryProjection: 231882
  |line 139, col 8 to line 139, col 8 of module DisasterRecoveryProjection: 220530
  line 139, col 19 to line 139, col 36 of module DisasterRecoveryProjection: 167900
  |line 139, col 19 to line 139, col 29 of module DisasterRecoveryProjection: 156548
  |line 139, col 33 to line 139, col 36 of module DisasterRecoveryProjection: 156548
  line 140, col 8 to line 142, col 44 of module DisasterRecoveryProjection: 11352
<PrematurePermission line 144, col 1 to line 144, col 19 of module DisasterRecoveryProjection>: 0:0
  line 146, col 8 to line 146, col 53 of module DisasterRecoveryProjection: 0
<RedisLoss line 148, col 1 to line 148, col 9 of module DisasterRecoveryProjection>: 3758:220530
  line 148, col 14 to line 148, col 44 of module DisasterRecoveryProjection: 220530
<RedisRollback line 149, col 1 to line 149, col 13 of module DisasterRecoveryProjection>: 5238:311218
  line 150, col 8 to line 150, col 23 of module DisasterRecoveryProjection: 191370
  |line 150, col 8 to line 150, col 19 of module DisasterRecoveryProjection: 220530
  line 152, col 11 to line 152, col 71 of module DisasterRecoveryProjection: 311218
  line 151, col 24 to line 151, col 44 of module DisasterRecoveryProjection: 191370
<RedisRestart line 153, col 1 to line 153, col 12 of module DisasterRecoveryProjection>: 8848:73034
  line 153, col 17 to line 153, col 25 of module DisasterRecoveryProjection: 293564
  |line 153, col 17 to line 153, col 21 of module DisasterRecoveryProjection: 220530
  line 153, col 30 to line 153, col 54 of module DisasterRecoveryProjection: 73034
<RedisRoleChange line 154, col 1 to line 154, col 15 of module DisasterRecoveryProjection>: 28782:108837
  line 154, col 20 to line 154, col 28 of module DisasterRecoveryProjection: 329367
  |line 154, col 20 to line 154, col 20 of module DisasterRecoveryProjection: 220530
  line 154, col 33 to line 154, col 65 of module DisasterRecoveryProjection: 108837
<RedisForeignToken line 156, col 1 to line 156, col 17 of module DisasterRecoveryProjection>: 18204:220530
  line 156, col 22 to line 156, col 62 of module DisasterRecoveryProjection: 220530
<PermanentHalt line 158, col 1 to line 158, col 13 of module DisasterRecoveryProjection>: 129330:129330
  line 159, col 8 to line 159, col 20 of module DisasterRecoveryProjection: 263640
  |line 159, col 8 to line 159, col 13 of module DisasterRecoveryProjection: 220530
  |line 159, col 17 to line 159, col 20 of module DisasterRecoveryProjection: 220530
  line 161, col 11 to line 161, col 57 of module DisasterRecoveryProjection: 129330
  line 160, col 21 to line 160, col 55 of module DisasterRecoveryProjection: 43110:172440
<IllicitHaltClear line 162, col 1 to line 162, col 16 of module DisasterRecoveryProjection>: 0:0
  line 164, col 8 to line 164, col 58 of module DisasterRecoveryProjection: 0
<Reattach line 169, col 1 to line 169, col 8 of module DisasterRecoveryProjection>: 64:924
  line 170, col 8 to line 170, col 15 of module DisasterRecoveryProjection: 221454
  |line 170, col 9 to line 170, col 15 of module DisasterRecoveryProjection: 220530
  line 170, col 20 to line 170, col 34 of module DisasterRecoveryProjection: 64906
  |line 170, col 21 to line 170, col 34 of module DisasterRecoveryProjection: 63982
  line 170, col 39 to line 170, col 54 of module DisasterRecoveryProjection: 61366
  |line 170, col 39 to line 170, col 47 of module DisasterRecoveryProjection: 60442
  |line 170, col 51 to line 170, col 54 of module DisasterRecoveryProjection: 60442
  line 171, col 8 to line 171, col 20 of module DisasterRecoveryProjection: 39370
  |line 171, col 8 to line 171, col 13 of module DisasterRecoveryProjection: 38446
  |line 171, col 17 to line 171, col 20 of module DisasterRecoveryProjection: 38446
  line 171, col 25 to line 171, col 42 of module DisasterRecoveryProjection: 8214
  |line 171, col 25 to line 171, col 32 of module DisasterRecoveryProjection: 7290
  |line 171, col 36 to line 171, col 42 of module DisasterRecoveryProjection: 7290
  line 171, col 47 to line 171, col 55 of module DisasterRecoveryProjection: 2772
  |line 171, col 47 to line 171, col 47 of module DisasterRecoveryProjection: 1848
  line 172, col 8 to line 172, col 63 of module DisasterRecoveryProjection: 924
<RecoverBegin line 176, col 1 to line 176, col 12 of module DisasterRecoveryProjection>: 472:16864
  line 177, col 8 to line 177, col 15 of module DisasterRecoveryProjection: 237394
  |line 177, col 9 to line 177, col 15 of module DisasterRecoveryProjection: 220530
  line 177, col 20 to line 177, col 34 of module DisasterRecoveryProjection: 80846
  |line 177, col 21 to line 177, col 34 of module DisasterRecoveryProjection: 63982
  line 177, col 39 to line 177, col 49 of module DisasterRecoveryProjection: 77306
  |line 177, col 39 to line 177, col 45 of module DisasterRecoveryProjection: 60442
  line 178, col 8 to line 184, col 30 of module DisasterRecoveryProjection: 16864
  |line 178, col 13 to line 184, col 30 of module DisasterRecoveryProjection: 16864
  ||line 178, col 14 to line 178, col 14 of module DisasterRecoveryProjection: 16864
  ||line 179, col 31 to line 180, col 67 of module DisasterRecoveryProjection: 16864
  |||line 180, col 16 to line 180, col 66 of module DisasterRecoveryProjection: 16864
  ||||line 180, col 19 to line 180, col 34 of module DisasterRecoveryProjection: 16864
  ||||line 180, col 41 to line 180, col 42 of module DisasterRecoveryProjection: 9052:19598
  ||||line 180, col 49 to line 180, col 66 of module DisasterRecoveryProjection: 7812:15968
  ||line 181, col 9 to line 181, col 24 of module DisasterRecoveryProjection: 16864
  ||line 181, col 27 to line 181, col 41 of module DisasterRecoveryProjection: 16864
  ||line 181, col 44 to line 181, col 61 of module DisasterRecoveryProjection: 16864
  ||line 182, col 9 to line 182, col 25 of module DisasterRecoveryProjection: 16864
  ||line 182, col 28 to line 182, col 42 of module DisasterRecoveryProjection: 16864
  ||line 182, col 45 to line 182, col 59 of module DisasterRecoveryProjection: 16864
  ||line 183, col 9 to line 183, col 29 of module DisasterRecoveryProjection: 16864
  ||line 184, col 9 to line 184, col 29 of module DisasterRecoveryProjection: 16864
<RecoverPublish line 185, col 1 to line 185, col 14 of module DisasterRecoveryProjection>: 354:354
  line 186, col 8 to line 186, col 24 of module DisasterRecoveryProjection: 220884
  |line 186, col 8 to line 186, col 16 of module DisasterRecoveryProjection: 220530
  line 186, col 29 to line 186, col 42 of module DisasterRecoveryProjection: 3906
  |line 186, col 29 to line 186, col 29 of module DisasterRecoveryProjection: 3552
  line 186, col 47 to line 186, col 55 of module DisasterRecoveryProjection: 1770
  |line 186, col 47 to line 186, col 47 of module DisasterRecoveryProjection: 1416
  line 186, col 60 to line 186, col 74 of module DisasterRecoveryProjection: 1062
  |line 186, col 60 to line 186, col 67 of module DisasterRecoveryProjection: 708
  |line 186, col 71 to line 186, col 74 of module DisasterRecoveryProjection: 708
  line 187, col 8 to line 187, col 62 of module DisasterRecoveryProjection: 354
<RecoverFinish line 188, col 1 to line 188, col 13 of module DisasterRecoveryProjection>: 236:236
  line 189, col 8 to line 189, col 26 of module DisasterRecoveryProjection: 220766
  |line 189, col 8 to line 189, col 16 of module DisasterRecoveryProjection: 220530
  line 189, col 31 to line 189, col 44 of module DisasterRecoveryProjection: 5564
  |line 189, col 31 to line 189, col 31 of module DisasterRecoveryProjection: 5328
  line 26, col 11 to line 26, col 28 of module DisasterRecoveryProjection: 2360
  |line 26, col 11 to line 26, col 18 of module DisasterRecoveryProjection: 2124
  |line 26, col 22 to line 26, col 28 of module DisasterRecoveryProjection: 2124
  line 25, col 13 to line 25, col 33 of module DisasterRecoveryProjection: 944
  |line 25, col 13 to line 25, col 17 of module DisasterRecoveryProjection: 708
  |line 25, col 21 to line 25, col 33 of module DisasterRecoveryProjection: 708
  line 25, col 38 to line 25, col 46 of module DisasterRecoveryProjection: 708
  |line 25, col 38 to line 25, col 38 of module DisasterRecoveryProjection: 472
  line 190, col 8 to line 191, col 51 of module DisasterRecoveryProjection: 236
<RecoveryCrash line 192, col 1 to line 192, col 13 of module DisasterRecoveryProjection>: 3540:3540
  line 192, col 18 to line 192, col 31 of module DisasterRecoveryProjection: 224070
  |line 192, col 18 to line 192, col 18 of module DisasterRecoveryProjection: 220530
  line 192, col 36 to line 192, col 73 of module DisasterRecoveryProjection: 3540
<TypeOK line 201, col 1 to line 201, col 6 of module DisasterRecoveryProjection>
  line 202, col 5 to line 211, col 75 of module DisasterRecoveryProjection: 220530
<PermissionRequiresAcknowledgement line 213, col 1 to line 213, col 33 of module DisasterRecoveryProjection>
  line 213, col 38 to line 213, col 72 of module DisasterRecoveryProjection: 220530
<PendingRetained line 214, col 1 to line 214, col 15 of module DisasterRecoveryProjection>
  line 214, col 20 to line 215, col 78 of module DisasterRecoveryProjection: 220530
  |line 214, col 20 to line 214, col 36 of module DisasterRecoveryProjection: 220530
  |line 214, col 48 to line 215, col 78 of module DisasterRecoveryProjection: 220530
  ||line 214, col 48 to line 214, col 86 of module DisasterRecoveryProjection: 220530
  ||line 215, col 27 to line 215, col 77 of module DisasterRecoveryProjection: 220530
  |||line 215, col 30 to line 215, col 45 of module DisasterRecoveryProjection: 220530
  |||line 215, col 52 to line 215, col 53 of module DisasterRecoveryProjection: 116598:116598
  |||line 215, col 60 to line 215, col 77 of module DisasterRecoveryProjection: 103932:207864
<NoUnwitnessedRepair line 216, col 1 to line 216, col 19 of module DisasterRecoveryProjection>
  line 216, col 24 to line 216, col 35 of module DisasterRecoveryProjection: 220530
<NoAutomaticRunAdoption line 217, col 1 to line 217, col 22 of module DisasterRecoveryProjection>
  line 217, col 27 to line 217, col 39 of module DisasterRecoveryProjection: 220530
<NoResurrectedCaller line 218, col 1 to line 218, col 19 of module DisasterRecoveryProjection>
  line 218, col 24 to line 218, col 43 of module DisasterRecoveryProjection: 220530
<NoArbitraryHaltClear line 219, col 1 to line 219, col 20 of module DisasterRecoveryProjection>
  line 219, col 25 to line 219, col 38 of module DisasterRecoveryProjection: 220530
End of statistics.
1422196 states generated, 220530 distinct states found, 0 states left on queue.
The depth of the complete state graph search is 31.
The average outdegree of the complete state graph is 1 (minimum is 0, the maximum 12 and the 95th percentile is 5).
Finished in 05s at (2026-09-27 08:13:38)
