TLC2 Version 2.19 of 08 August 2024 (rev: 5a47802)
Running breadth-first search Model-Checking with fp 0 and seed 1 with 1 worker on 10 cores with 1820MB heap and 64MB offheap memory [pid: 67981] (Mac OS X 26.6.2 aarch64, Eclipse Adoptium 21.0.12.1 x86_64, MSBDiskFPSet, DiskStateQueue).
Parsing file /Users/alfongj/Code/engine-core/formal/tla/DisasterRecovery.tla
Parsing file /private/var/folders/ky/s5xblf5j3515d6h6ss25z3w80000gn/T/Naturals.tla
Parsing file /private/var/folders/ky/s5xblf5j3515d6h6ss25z3w80000gn/T/FiniteSets.tla
Parsing file /private/var/folders/ky/s5xblf5j3515d6h6ss25z3w80000gn/T/Sequences.tla
Semantic processing of module Naturals
Semantic processing of module Sequences
Semantic processing of module FiniteSets
Semantic processing of module DisasterRecovery
Starting... (2026-09-27 08:10:49)
Computing initial states...
Finished computing initial states: 1 distinct state generated at 2026-09-27 08:10:50.
Progress(17) at 2026-09-27 08:10:53: 433,717 states generated (433,717 s/min), 126,542 distinct states found (126,542 ds/min), 43,941 states left on queue.
Model checking completed. No error has been found.
  Estimates of the probability that TLC did not check all reachable states
  because two distinct states had the same fingerprint:
  calculated (optimistic):  val = 5.8E-7
  based on the actual fingerprints:  val = 5.1E-7
The coverage statistics at 2026-09-27 08:11:40
<Init line 25, col 1 to line 25, col 4 of module DisasterRecovery>: 1:1
  line 25, col 9 to line 35, col 85 of module DisasterRecovery: 1
<Start line 37, col 1 to line 37, col 8 of module DisasterRecovery>: 130843:813686
  line 38, col 8 to line 38, col 24 of module DisasterRecovery: 4030086
  |line 38, col 8 to line 38, col 8 of module DisasterRecovery: 3216400
  |line 38, col 17 to line 38, col 24 of module DisasterRecovery: 3216400
  line 39, col 9 to line 39, col 21 of module DisasterRecovery: 2832218
  |line 39, col 9 to line 39, col 16 of module DisasterRecovery: 2018532
  |line 39, col 20 to line 39, col 21 of module DisasterRecovery: 2018532
  line 39, col 26 to line 39, col 40 of module DisasterRecovery: 1634350
  |line 39, col 27 to line 39, col 40 of module DisasterRecovery: 820664
  line 40, col 11 to line 40, col 44 of module DisasterRecovery: 813686
  |line 40, col 11 to line 40, col 23 of module DisasterRecovery: 813686
  |line 40, col 28 to line 40, col 44 of module DisasterRecovery: 403900
  ||line 20, col 22 to line 21, col 66 of module DisasterRecovery: 403900
  |||line 20, col 25 to line 20, col 40 of module DisasterRecovery: 403900
  |||line 20, col 47 to line 20, col 56 of module DisasterRecovery: 163084
  ||||line 17, col 15 to line 17, col 57 of module DisasterRecovery: 163084
  |||||line 17, col 15 to line 17, col 32 of module DisasterRecovery: 163084
  |||||line 17, col 37 to line 17, col 57 of module DisasterRecovery: 95710
  |||line 21, col 5 to line 21, col 66 of module DisasterRecovery: 240816
  ||||line 21, col 5 to line 21, col 41 of module DisasterRecovery: 240816
  ||||line 21, col 46 to line 21, col 66 of module DisasterRecovery: 178208
  line 41, col 13 to line 41, col 76 of module DisasterRecovery: 191572
  line 42, col 13 to line 43, col 81 of module DisasterRecovery: 622114
  |line 42, col 18 to line 43, col 81 of module DisasterRecovery: 622114
  ||line 42, col 19 to line 42, col 19 of module DisasterRecovery: 622114
  ||line 42, col 37 to line 43, col 80 of module DisasterRecovery: 622114
  |||line 42, col 40 to line 42, col 52 of module DisasterRecovery: 622114
  |||line 42, col 59 to line 42, col 64 of module DisasterRecovery: 409786
  |||line 43, col 27 to line 43, col 80 of module DisasterRecovery: 212328
<Crash line 45, col 1 to line 45, col 8 of module DisasterRecovery>: 81934:1197868
  line 46, col 8 to line 46, col 21 of module DisasterRecovery: 4414268
  |line 46, col 8 to line 46, col 8 of module DisasterRecovery: 3216400
  |line 46, col 14 to line 46, col 21 of module DisasterRecovery: 3216400
  line 47, col 8 to line 50, col 46 of module DisasterRecovery: 1197868
  |line 47, col 13 to line 50, col 46 of module DisasterRecovery: 1197868
  ||line 47, col 14 to line 47, col 14 of module DisasterRecovery: 1197868
  ||line 47, col 23 to line 47, col 40 of module DisasterRecovery: 1197868
  ||line 48, col 26 to line 48, col 86 of module DisasterRecovery: 1197868
  |||line 48, col 29 to line 48, col 68 of module DisasterRecovery: 1197868
  ||||line 48, col 29 to line 48, col 44 of module DisasterRecovery: 1197868
  ||||line 48, col 49 to line 48, col 68 of module DisasterRecovery: 660720
  |||line 48, col 75 to line 48, col 79 of module DisasterRecovery: 528832
  ||line 49, col 24 to line 49, col 87 of module DisasterRecovery: 1197868
  |||line 49, col 27 to line 49, col 70 of module DisasterRecovery: 1197868
  ||||line 49, col 27 to line 49, col 44 of module DisasterRecovery: 1197868
  ||||line 49, col 49 to line 49, col 70 of module DisasterRecovery: 211944
  |||line 49, col 77 to line 49, col 80 of module DisasterRecovery: 211944
  ||line 50, col 22 to line 50, col 45 of module DisasterRecovery: 1197868:125844
  |||line 50, col 33 to line 50, col 44 of module DisasterRecovery: 210704
<Admit line 54, col 1 to line 54, col 21 of module DisasterRecovery>: 7600:10160
  line 18, col 15 to line 18, col 28 of module DisasterRecovery: 12875760
  |line 18, col 15 to line 18, col 15 of module DisasterRecovery: 12865600
  |line 18, col 21 to line 18, col 28 of module DisasterRecovery: 12865600
  line 18, col 33 to line 18, col 45 of module DisasterRecovery: 4801632
  |line 18, col 33 to line 18, col 38 of module DisasterRecovery: 4791472
  |line 18, col 42 to line 18, col 45 of module DisasterRecovery: 4791472
  line 17, col 15 to line 17, col 32 of module DisasterRecovery: 2416736
  |line 17, col 15 to line 17, col 22 of module DisasterRecovery: 2406576
  |line 17, col 26 to line 17, col 32 of module DisasterRecovery: 2406576
  line 17, col 37 to line 17, col 57 of module DisasterRecovery: 1119192
  |line 17, col 37 to line 17, col 41 of module DisasterRecovery: 1109032
  |line 17, col 45 to line 17, col 57 of module DisasterRecovery: 1109032
  line 19, col 18 to line 19, col 33 of module DisasterRecovery: 783776
  |line 19, col 18 to line 19, col 26 of module DisasterRecovery: 773616
  |line 19, col 30 to line 19, col 33 of module DisasterRecovery: 773616
  line 19, col 38 to line 19, col 55 of module DisasterRecovery: 430112
  |line 19, col 38 to line 19, col 48 of module DisasterRecovery: 419952
  |line 19, col 52 to line 19, col 55 of module DisasterRecovery: 419952
  line 55, col 16 to line 55, col 16 of module DisasterRecovery: 12865600
  line 55, col 22 to line 55, col 37 of module DisasterRecovery: 271968
  |line 55, col 22 to line 55, col 30 of module DisasterRecovery: 261808
  |line 55, col 34 to line 55, col 37 of module DisasterRecovery: 261808
  line 55, col 42 to line 55, col 61 of module DisasterRecovery: 10160
  |line 55, col 42 to line 55, col 49 of module DisasterRecovery: 261808
  |line 55, col 53 to line 55, col 61 of module DisasterRecovery: 261808
  line 56, col 8 to line 56, col 26 of module DisasterRecovery: 72672
  |line 56, col 8 to line 56, col 19 of module DisasterRecovery: 62512
  |line 56, col 23 to line 56, col 26 of module DisasterRecovery: 62512
  line 57, col 8 to line 62, col 74 of module DisasterRecovery: 10160
<AttemptCommit line 64, col 1 to line 64, col 25 of module DisasterRecovery>: 15520:36192
  line 18, col 15 to line 18, col 28 of module DisasterRecovery: 12889568
  |line 18, col 15 to line 18, col 15 of module DisasterRecovery: 12865600
  |line 18, col 21 to line 18, col 28 of module DisasterRecovery: 12865600
  line 18, col 33 to line 18, col 45 of module DisasterRecovery: 4815440
  |line 18, col 33 to line 18, col 38 of module DisasterRecovery: 4791472
  |line 18, col 42 to line 18, col 45 of module DisasterRecovery: 4791472
  line 17, col 15 to line 17, col 32 of module DisasterRecovery: 2430544
  |line 17, col 15 to line 17, col 22 of module DisasterRecovery: 2406576
  |line 17, col 26 to line 17, col 32 of module DisasterRecovery: 2406576
  line 17, col 37 to line 17, col 57 of module DisasterRecovery: 1133000
  |line 17, col 37 to line 17, col 41 of module DisasterRecovery: 1109032
  |line 17, col 45 to line 17, col 57 of module DisasterRecovery: 1109032
  line 19, col 18 to line 19, col 33 of module DisasterRecovery: 797584
  |line 19, col 18 to line 19, col 26 of module DisasterRecovery: 773616
  |line 19, col 30 to line 19, col 33 of module DisasterRecovery: 773616
  line 19, col 38 to line 19, col 55 of module DisasterRecovery: 443920
  |line 19, col 38 to line 19, col 48 of module DisasterRecovery: 419952
  |line 19, col 52 to line 19, col 55 of module DisasterRecovery: 419952
  line 65, col 16 to line 65, col 16 of module DisasterRecovery: 12865600
  line 65, col 22 to line 65, col 37 of module DisasterRecovery: 285776
  |line 65, col 22 to line 65, col 30 of module DisasterRecovery: 261808
  |line 65, col 34 to line 65, col 37 of module DisasterRecovery: 261808
  line 65, col 42 to line 65, col 61 of module DisasterRecovery: 23968
  |line 65, col 42 to line 65, col 49 of module DisasterRecovery: 261808
  |line 65, col 53 to line 65, col 61 of module DisasterRecovery: 261808
  line 66, col 8 to line 66, col 31 of module DisasterRecovery: 86480
  |line 66, col 8 to line 66, col 18 of module DisasterRecovery: 62512
  line 66, col 36 to line 66, col 54 of module DisasterRecovery: 69792
  |line 66, col 36 to line 66, col 47 of module DisasterRecovery: 45824
  |line 66, col 51 to line 66, col 54 of module DisasterRecovery: 45824
  line 67, col 8 to line 67, col 36 of module DisasterRecovery: 69792
  |line 67, col 8 to line 67, col 20 of module DisasterRecovery: 45824
  |line 67, col 26 to line 67, col 36 of module DisasterRecovery: 45824
  line 23, col 40 to line 23, col 49 of module DisasterRecovery: 98240
  |line 23, col 40 to line 23, col 44 of module DisasterRecovery: 74272
  |line 23, col 48 to line 23, col 49 of module DisasterRecovery: 74272
  line 23, col 54 to line 23, col 75 of module DisasterRecovery: 116576
  |line 23, col 54 to line 23, col 69 of module DisasterRecovery: 74272
  |line 23, col 73 to line 23, col 75 of module DisasterRecovery: 74272
  line 23, col 34 to line 23, col 36 of module DisasterRecovery: 34080
  line 68, col 16 to line 68, col 18 of module DisasterRecovery: 34080
  line 68, col 21 to line 68, col 22 of module DisasterRecovery: 34080
  line 70, col 11 to line 75, col 80 of module DisasterRecovery: 36192
<TerminalCommit line 77, col 1 to line 77, col 21 of module DisasterRecovery>: 5408:5408
  line 18, col 15 to line 18, col 28 of module DisasterRecovery: 6438208
  |line 18, col 15 to line 18, col 15 of module DisasterRecovery: 6432800
  |line 18, col 21 to line 18, col 28 of module DisasterRecovery: 6432800
  line 18, col 33 to line 18, col 45 of module DisasterRecovery: 2401144
  |line 18, col 33 to line 18, col 38 of module DisasterRecovery: 2395736
  |line 18, col 42 to line 18, col 45 of module DisasterRecovery: 2395736
  line 17, col 15 to line 17, col 32 of module DisasterRecovery: 1208696
  |line 17, col 15 to line 17, col 22 of module DisasterRecovery: 1203288
  |line 17, col 26 to line 17, col 32 of module DisasterRecovery: 1203288
  line 17, col 37 to line 17, col 57 of module DisasterRecovery: 559924
  |line 17, col 37 to line 17, col 41 of module DisasterRecovery: 554516
  |line 17, col 45 to line 17, col 57 of module DisasterRecovery: 554516
  line 19, col 18 to line 19, col 33 of module DisasterRecovery: 392216
  |line 19, col 18 to line 19, col 26 of module DisasterRecovery: 386808
  |line 19, col 30 to line 19, col 33 of module DisasterRecovery: 386808
  line 19, col 38 to line 19, col 55 of module DisasterRecovery: 215384
  |line 19, col 38 to line 19, col 48 of module DisasterRecovery: 209976
  |line 19, col 52 to line 19, col 55 of module DisasterRecovery: 209976
  line 78, col 16 to line 78, col 16 of module DisasterRecovery: 6432800
  line 78, col 22 to line 78, col 37 of module DisasterRecovery: 136312
  |line 78, col 22 to line 78, col 30 of module DisasterRecovery: 130904
  |line 78, col 34 to line 78, col 37 of module DisasterRecovery: 130904
  line 78, col 42 to line 78, col 61 of module DisasterRecovery: 5408
  |line 78, col 42 to line 78, col 49 of module DisasterRecovery: 130904
  |line 78, col 53 to line 78, col 61 of module DisasterRecovery: 130904
  line 79, col 8 to line 79, col 50 of module DisasterRecovery: 36664
  |line 79, col 8 to line 79, col 18 of module DisasterRecovery: 31256
  |line 79, col 24 to line 79, col 50 of module DisasterRecovery: 31256
  line 82, col 30 to line 82, col 38 of module DisasterRecovery: 14528
  |line 82, col 30 to line 82, col 33 of module DisasterRecovery: 9120
  |line 82, col 37 to line 82, col 38 of module DisasterRecovery: 9120
  line 82, col 72 to line 82, col 87 of module DisasterRecovery: 10816
  |line 82, col 72 to line 82, col 72 of module DisasterRecovery: 5408
  |line 82, col 78 to line 82, col 87 of module DisasterRecovery: 5408
  line 82, col 17 to line 82, col 25 of module DisasterRecovery: 25472
  line 83, col 8 to line 87, col 79 of module DisasterRecovery: 5408
<Mirror line 93, col 1 to line 93, col 6 of module DisasterRecovery>: 222496:343392
  line 94, col 8 to line 94, col 23 of module DisasterRecovery: 1951592
  |line 94, col 8 to line 94, col 16 of module DisasterRecovery: 1608200
  |line 94, col 20 to line 94, col 23 of module DisasterRecovery: 1608200
  line 94, col 28 to line 94, col 40 of module DisasterRecovery: 1236200
  |line 94, col 28 to line 94, col 35 of module DisasterRecovery: 892808
  |line 94, col 39 to line 94, col 40 of module DisasterRecovery: 892808
  line 94, col 45 to line 94, col 57 of module DisasterRecovery: 1004112
  |line 94, col 45 to line 94, col 50 of module DisasterRecovery: 660720
  |line 94, col 54 to line 94, col 57 of module DisasterRecovery: 660720
  line 95, col 11 to line 95, col 27 of module DisasterRecovery: 343392
  |line 20, col 22 to line 21, col 66 of module DisasterRecovery: 343392
  ||line 20, col 25 to line 20, col 40 of module DisasterRecovery: 343392
  ||line 21, col 5 to line 21, col 66 of module DisasterRecovery: 343392
  |||line 21, col 5 to line 21, col 41 of module DisasterRecovery: 343392
  |||line 21, col 46 to line 21, col 66 of module DisasterRecovery: 253376
  line 96, col 14 to line 96, col 47 of module DisasterRecovery: 176832
  line 97, col 14 to line 97, col 50 of module DisasterRecovery: 166560
<Acknowledge line 99, col 1 to line 99, col 11 of module DisasterRecovery>: 49632:88416
  line 100, col 8 to line 100, col 23 of module DisasterRecovery: 1696616
  |line 100, col 8 to line 100, col 16 of module DisasterRecovery: 1608200
  |line 100, col 20 to line 100, col 23 of module DisasterRecovery: 1608200
  line 100, col 28 to line 100, col 40 of module DisasterRecovery: 981224
  |line 100, col 28 to line 100, col 35 of module DisasterRecovery: 892808
  |line 100, col 39 to line 100, col 40 of module DisasterRecovery: 892808
  line 100, col 45 to line 100, col 57 of module DisasterRecovery: 749136
  |line 100, col 45 to line 100, col 50 of module DisasterRecovery: 660720
  |line 100, col 54 to line 100, col 57 of module DisasterRecovery: 660720
  line 17, col 15 to line 17, col 32 of module DisasterRecovery: 431808
  |line 17, col 15 to line 17, col 22 of module DisasterRecovery: 343392
  |line 17, col 26 to line 17, col 32 of module DisasterRecovery: 343392
  line 17, col 37 to line 17, col 57 of module DisasterRecovery: 215104
  |line 17, col 37 to line 17, col 41 of module DisasterRecovery: 126688
  |line 17, col 45 to line 17, col 57 of module DisasterRecovery: 126688
  line 101, col 8 to line 102, col 67 of module DisasterRecovery: 88416
  |line 101, col 13 to line 102, col 67 of module DisasterRecovery: 88416
  ||line 101, col 14 to line 101, col 14 of module DisasterRecovery: 88416
  ||line 101, col 37 to line 101, col 77 of module DisasterRecovery: 88416
  |||line 101, col 40 to line 101, col 52 of module DisasterRecovery: 88416
  |||line 101, col 59 to line 101, col 67 of module DisasterRecovery: 39536
  |||line 101, col 74 to line 101, col 77 of module DisasterRecovery: 48880
  ||line 102, col 28 to line 102, col 43 of module DisasterRecovery: 88416
  ||line 102, col 46 to line 102, col 66 of module DisasterRecovery: 88416
<ReturnPermission line 104, col 1 to line 104, col 16 of module DisasterRecovery>: 23520:211944
  line 105, col 8 to line 105, col 25 of module DisasterRecovery: 1820144
  |line 105, col 8 to line 105, col 18 of module DisasterRecovery: 1608200
  |line 105, col 22 to line 105, col 25 of module DisasterRecovery: 1608200
  line 105, col 30 to line 105, col 60 of module DisasterRecovery: 423888
  |line 105, col 30 to line 105, col 47 of module DisasterRecovery: 211944
  |line 105, col 53 to line 105, col 60 of module DisasterRecovery: 211944
  line 109, col 11 to line 112, col 72 of module DisasterRecovery: 211944
  |line 109, col 16 to line 112, col 72 of module DisasterRecovery: 211944
  ||line 109, col 17 to line 109, col 17 of module DisasterRecovery: 211944
  ||line 109, col 26 to line 109, col 43 of module DisasterRecovery: 211944
  ||line 110, col 24 to line 110, col 79 of module DisasterRecovery: 211944
  |||line 110, col 27 to line 110, col 44 of module DisasterRecovery: 211944
  |||line 110, col 51 to line 110, col 72 of module DisasterRecovery: 114816
  ||line 111, col 35 to line 112, col 71 of module DisasterRecovery: 211944
  |||line 112, col 17 to line 112, col 70 of module DisasterRecovery: 211944
  ||||line 112, col 17 to line 112, col 34 of module DisasterRecovery: 211944
  ||||line 112, col 39 to line 112, col 70 of module DisasterRecovery: 114816
<Enqueue line 116, col 1 to line 116, col 25 of module DisasterRecovery>: 3088:200832
  line 18, col 15 to line 18, col 28 of module DisasterRecovery: 13066432
  |line 18, col 15 to line 18, col 15 of module DisasterRecovery: 12865600
  |line 18, col 21 to line 18, col 28 of module DisasterRecovery: 12865600
  line 18, col 33 to line 18, col 45 of module DisasterRecovery: 4992304
  |line 18, col 33 to line 18, col 38 of module DisasterRecovery: 4791472
  |line 18, col 42 to line 18, col 45 of module DisasterRecovery: 4791472
  line 17, col 15 to line 17, col 32 of module DisasterRecovery: 2607408
  |line 17, col 15 to line 17, col 22 of module DisasterRecovery: 2406576
  |line 17, col 26 to line 17, col 32 of module DisasterRecovery: 2406576
  line 17, col 37 to line 17, col 57 of module DisasterRecovery: 1309864
  |line 17, col 37 to line 17, col 41 of module DisasterRecovery: 1109032
  |line 17, col 45 to line 17, col 57 of module DisasterRecovery: 1109032
  line 19, col 18 to line 19, col 33 of module DisasterRecovery: 974448
  |line 19, col 18 to line 19, col 26 of module DisasterRecovery: 773616
  |line 19, col 30 to line 19, col 33 of module DisasterRecovery: 773616
  line 19, col 38 to line 19, col 55 of module DisasterRecovery: 620784
  |line 19, col 38 to line 19, col 48 of module DisasterRecovery: 419952
  |line 19, col 52 to line 19, col 55 of module DisasterRecovery: 419952
  line 117, col 16 to line 117, col 16 of module DisasterRecovery: 12865600
  line 117, col 22 to line 117, col 37 of module DisasterRecovery: 462640
  |line 117, col 22 to line 117, col 30 of module DisasterRecovery: 261808
  |line 117, col 34 to line 117, col 37 of module DisasterRecovery: 261808
  line 117, col 42 to line 117, col 65 of module DisasterRecovery: 462640
  |line 117, col 42 to line 117, col 52 of module DisasterRecovery: 261808
  line 118, col 8 to line 118, col 26 of module DisasterRecovery: 401664
  |line 118, col 8 to line 118, col 19 of module DisasterRecovery: 200832
  |line 118, col 23 to line 118, col 26 of module DisasterRecovery: 200832
  line 118, col 31 to line 118, col 52 of module DisasterRecovery: 401664
  |line 118, col 31 to line 118, col 39 of module DisasterRecovery: 200832
  |line 118, col 45 to line 118, col 52 of module DisasterRecovery: 200832
  line 120, col 11 to line 122, col 63 of module DisasterRecovery: 200832
<UnjournaledSend line 131, col 1 to line 131, col 27 of module DisasterRecovery>: 0:0
  line 134, col 11 to line 135, col 56 of module DisasterRecovery: 0
<RedisLoss line 145, col 1 to line 145, col 9 of module DisasterRecovery>: 151720:1608200
  line 145, col 14 to line 145, col 63 of module DisasterRecovery: 1608200
<RedisRollback line 146, col 1 to line 146, col 13 of module DisasterRecovery>: 141244:1553340
  line 146, col 18 to line 146, col 33 of module DisasterRecovery: 1553340
  |line 146, col 18 to line 146, col 29 of module DisasterRecovery: 1608200
  line 147, col 5 to line 147, col 67 of module DisasterRecovery: 1553340
<RedisRestart line 148, col 1 to line 148, col 12 of module DisasterRecovery>: 299596:396718
  line 148, col 17 to line 148, col 25 of module DisasterRecovery: 2004918
  |line 148, col 17 to line 148, col 21 of module DisasterRecovery: 1608200
  line 148, col 30 to line 148, col 54 of module DisasterRecovery: 396718
<RepairMarker line 149, col 1 to line 149, col 12 of module DisasterRecovery>: 150581:797628
  line 149, col 17 to line 149, col 52 of module DisasterRecovery: 2405828
  |line 149, col 17 to line 149, col 22 of module DisasterRecovery: 1608200
  |line 149, col 28 to line 149, col 52 of module DisasterRecovery: 1608200
  line 150, col 5 to line 150, col 38 of module DisasterRecovery: 797628
<DetectMismatch line 152, col 1 to line 152, col 14 of module DisasterRecovery>: 183952:319824
  line 153, col 8 to line 153, col 20 of module DisasterRecovery: 1928024
  |line 153, col 8 to line 153, col 15 of module DisasterRecovery: 1608200
  |line 153, col 19 to line 153, col 20 of module DisasterRecovery: 1608200
  line 153, col 25 to line 153, col 37 of module DisasterRecovery: 1517692
  |line 153, col 25 to line 153, col 30 of module DisasterRecovery: 1197868
  |line 153, col 34 to line 153, col 37 of module DisasterRecovery: 1197868
  line 153, col 42 to line 153, col 59 of module DisasterRecovery: 921468
  |line 153, col 43 to line 153, col 59 of module DisasterRecovery: 601644
  ||line 20, col 22 to line 21, col 66 of module DisasterRecovery: 601644
  |||line 20, col 25 to line 20, col 40 of module DisasterRecovery: 601644
  |||line 20, col 47 to line 20, col 56 of module DisasterRecovery: 258252
  ||||line 17, col 15 to line 17, col 57 of module DisasterRecovery: 258252
  |||||line 17, col 15 to line 17, col 32 of module DisasterRecovery: 258252
  |||||line 17, col 37 to line 17, col 57 of module DisasterRecovery: 150570
  |||line 21, col 5 to line 21, col 66 of module DisasterRecovery: 343392
  ||||line 21, col 5 to line 21, col 41 of module DisasterRecovery: 343392
  ||||line 21, col 46 to line 21, col 66 of module DisasterRecovery: 253376
  line 154, col 8 to line 154, col 86 of module DisasterRecovery: 319824
<Reattach line 156, col 1 to line 156, col 8 of module DisasterRecovery>: 4537:65828
  line 157, col 8 to line 157, col 20 of module DisasterRecovery: 1674028
  |line 157, col 8 to line 157, col 15 of module DisasterRecovery: 1608200
  |line 157, col 19 to line 157, col 20 of module DisasterRecovery: 1608200
  line 157, col 25 to line 157, col 39 of module DisasterRecovery: 476160
  |line 157, col 26 to line 157, col 39 of module DisasterRecovery: 410332
  line 157, col 44 to line 157, col 59 of module DisasterRecovery: 472671
  |line 157, col 44 to line 157, col 52 of module DisasterRecovery: 406843
  |line 157, col 56 to line 157, col 59 of module DisasterRecovery: 406843
  line 158, col 8 to line 158, col 35 of module DisasterRecovery: 240583
  |line 158, col 8 to line 158, col 13 of module DisasterRecovery: 174755
  |line 158, col 19 to line 158, col 35 of module DisasterRecovery: 174755
  line 158, col 40 to line 158, col 57 of module DisasterRecovery: 177756
  |line 158, col 40 to line 158, col 47 of module DisasterRecovery: 111928
  |line 158, col 51 to line 158, col 57 of module DisasterRecovery: 111928
  line 159, col 8 to line 159, col 59 of module DisasterRecovery: 65828
<RecoverBegin line 161, col 1 to line 161, col 12 of module DisasterRecovery>: 594:42382
  line 162, col 9 to line 162, col 21 of module DisasterRecovery: 1650582
  |line 162, col 9 to line 162, col 16 of module DisasterRecovery: 1608200
  |line 162, col 20 to line 162, col 21 of module DisasterRecovery: 1608200
  line 162, col 26 to line 162, col 40 of module DisasterRecovery: 452714
  |line 162, col 27 to line 162, col 40 of module DisasterRecovery: 410332
  line 163, col 8 to line 163, col 18 of module DisasterRecovery: 449225
  |line 163, col 8 to line 163, col 14 of module DisasterRecovery: 406843
  line 164, col 8 to line 172, col 94 of module DisasterRecovery: 42382
  |line 164, col 13 to line 172, col 94 of module DisasterRecovery: 42382
  ||line 164, col 14 to line 164, col 14 of module DisasterRecovery: 42382
  ||line 165, col 10 to line 167, col 51 of module DisasterRecovery: 42382
  ||line 168, col 10 to line 168, col 76 of module DisasterRecovery: 42382
  ||line 169, col 33 to line 169, col 88 of module DisasterRecovery: 42382:40300
  |||line 169, col 47 to line 169, col 87 of module DisasterRecovery: 84764
  ||||line 169, col 47 to line 169, col 59 of module DisasterRecovery: 84764
  |||||line 22, col 18 to line 22, col 48 of module DisasterRecovery: 84764
  ||||||line 22, col 40 to line 22, col 48 of module DisasterRecovery: 92080
  ||||||line 22, col 27 to line 22, col 36 of module DisasterRecovery: 84764
  |||||line 169, col 57 to line 169, col 58 of module DisasterRecovery: 82848
  ||||line 169, col 64 to line 169, col 87 of module DisasterRecovery: 50656
  |||line 169, col 41 to line 169, col 43 of module DisasterRecovery: 42382
  ||line 170, col 41 to line 170, col 55 of module DisasterRecovery: 42382
  ||line 170, col 58 to line 170, col 74 of module DisasterRecovery: 42382
  ||line 171, col 10 to line 171, col 25 of module DisasterRecovery: 42382
  ||line 171, col 28 to line 171, col 48 of module DisasterRecovery: 42382
  ||line 171, col 51 to line 171, col 68 of module DisasterRecovery: 42382
  ||line 172, col 10 to line 172, col 30 of module DisasterRecovery: 42382
  ||line 172, col 73 to line 172, col 93 of module DisasterRecovery: 42382
<RecoverPublish line 174, col 1 to line 174, col 14 of module DisasterRecovery>: 1163:1163
  line 175, col 8 to line 175, col 24 of module DisasterRecovery: 1609363
  |line 175, col 8 to line 175, col 16 of module DisasterRecovery: 1608200
  line 175, col 29 to line 175, col 42 of module DisasterRecovery: 3489
  |line 175, col 29 to line 175, col 29 of module DisasterRecovery: 2326
  line 175, col 47 to line 175, col 61 of module DisasterRecovery: 2326
  |line 175, col 47 to line 175, col 54 of module DisasterRecovery: 1163
  |line 175, col 58 to line 175, col 61 of module DisasterRecovery: 1163
  line 176, col 8 to line 176, col 62 of module DisasterRecovery: 1163
<RecoverFinish line 177, col 1 to line 177, col 13 of module DisasterRecovery>: 786:786
  line 178, col 8 to line 178, col 26 of module DisasterRecovery: 1608986
  |line 178, col 8 to line 178, col 16 of module DisasterRecovery: 1608200
  line 178, col 31 to line 178, col 44 of module DisasterRecovery: 5438
  |line 178, col 31 to line 178, col 31 of module DisasterRecovery: 4652
  line 17, col 15 to line 17, col 32 of module DisasterRecovery: 3112
  |line 17, col 15 to line 17, col 22 of module DisasterRecovery: 2326
  |line 17, col 26 to line 17, col 32 of module DisasterRecovery: 2326
  line 17, col 37 to line 17, col 57 of module DisasterRecovery: 1949
  |line 17, col 37 to line 17, col 41 of module DisasterRecovery: 1163
  |line 17, col 45 to line 17, col 57 of module DisasterRecovery: 1163
  line 179, col 8 to line 179, col 80 of module DisasterRecovery: 786
<RecoveryCrash line 180, col 1 to line 180, col 13 of module DisasterRecovery>: 3489:3489
  line 181, col 8 to line 181, col 21 of module DisasterRecovery: 1611689
  |line 181, col 8 to line 181, col 8 of module DisasterRecovery: 1608200
  line 182, col 8 to line 182, col 45 of module DisasterRecovery: 3489
<AuthorityRollback line 186, col 1 to line 186, col 17 of module DisasterRecovery>: 0:0
  line 188, col 8 to line 192, col 47 of module DisasterRecovery: 0
<Next line 194, col 1 to line 194, col 4 of module DisasterRecovery (198 13 198 40)>: 16320:210704
  line 125, col 8 to line 125, col 22 of module DisasterRecovery: 421408
  |line 125, col 8 to line 125, col 8 of module DisasterRecovery: 210704
  |line 125, col 14 to line 125, col 22 of module DisasterRecovery: 210704
  line 125, col 27 to line 125, col 47 of module DisasterRecovery: 421408
  |line 125, col 27 to line 125, col 34 of module DisasterRecovery: 210704
  |line 125, col 40 to line 125, col 47 of module DisasterRecovery: 210704
  line 128, col 8 to line 129, col 62 of module DisasterRecovery: 210704
  line 198, col 39 to line 198, col 39 of module DisasterRecovery: 210704
  line 198, col 22 to line 198, col 30 of module DisasterRecovery: 1608200
<Next line 194, col 1 to line 194, col 4 of module DisasterRecovery (198 47 198 78)>: 114176:381240
  line 141, col 8 to line 141, col 23 of module DisasterRecovery: 1631392
  |line 141, col 8 to line 141, col 8 of module DisasterRecovery: 1250152
  |line 141, col 14 to line 141, col 23 of module DisasterRecovery: 1250152
  line 142, col 8 to line 142, col 46 of module DisasterRecovery: 1631392
  |line 142, col 9 to line 142, col 46 of module DisasterRecovery: 1250152
  ||line 142, col 32 to line 142, col 46 of module DisasterRecovery: 938064
  ||line 142, col 20 to line 142, col 28 of module DisasterRecovery: 1250152
  line 143, col 8 to line 143, col 83 of module DisasterRecovery: 381240
  |line 143, col 13 to line 143, col 83 of module DisasterRecovery: 381240
  ||line 143, col 14 to line 143, col 14 of module DisasterRecovery: 381240
  ||line 143, col 23 to line 143, col 44 of module DisasterRecovery: 381240
  ||line 143, col 65 to line 143, col 82 of module DisasterRecovery: 381240
  |||line 143, col 70 to line 143, col 82 of module DisasterRecovery: 361688
  line 198, col 77 to line 198, col 77 of module DisasterRecovery: 1250152
  line 198, col 56 to line 198, col 65 of module DisasterRecovery: 1608200
<TypeOK line 204, col 1 to line 204, col 6 of module DisasterRecovery>
  line 205, col 5 to line 220, col 63 of module DisasterRecovery: 1608200
<ImmutableAdmission line 222, col 1 to line 222, col 18 of module DisasterRecovery>
  line 222, col 23 to line 222, col 86 of module DisasterRecovery: 1608200
  |line 222, col 51 to line 222, col 86 of module DisasterRecovery: 5661568
  ||line 222, col 51 to line 222, col 61 of module DisasterRecovery: 5661568
  ||line 222, col 66 to line 222, col 86 of module DisasterRecovery: 2959208
  |line 222, col 34 to line 222, col 47 of module DisasterRecovery: 1608200
<ReplayKeyUnique line 223, col 1 to line 223, col 15 of module DisasterRecovery>
  line 223, col 20 to line 223, col 95 of module DisasterRecovery: 1608200
  |line 223, col 37 to line 223, col 95 of module DisasterRecovery: 6432800
  ||line 223, col 37 to line 223, col 64 of module DisasterRecovery: 6432800
  |||line 223, col 37 to line 223, col 41 of module DisasterRecovery: 6432800
  |||line 223, col 46 to line 223, col 64 of module DisasterRecovery: 3216400
  ||line 223, col 69 to line 223, col 95 of module DisasterRecovery: 2066000
  |line 223, col 31 to line 223, col 33 of module DisasterRecovery: 1608200
<EverySendJournaled line 224, col 1 to line 224, col 18 of module DisasterRecovery>
  line 224, col 23 to line 224, col 42 of module DisasterRecovery: 1608200
<EvidenceRetained line 225, col 1 to line 225, col 16 of module DisasterRecovery>
  line 225, col 21 to line 225, col 59 of module DisasterRecovery: 1608200
<NoOldEpochAuthorization line 226, col 1 to line 226, col 23 of module DisasterRecovery>
  line 226, col 28 to line 226, col 47 of module DisasterRecovery: 1608200
<NoTerminalReenqueue line 227, col 1 to line 227, col 19 of module DisasterRecovery>
  line 227, col 24 to line 227, col 42 of module DisasterRecovery: 1608200
<OriginalPayloadOnRetry line 228, col 1 to line 228, col 22 of module DisasterRecovery>
  line 228, col 27 to line 228, col 46 of module DisasterRecovery: 1608200
<AtMostOneEffectPerId line 229, col 1 to line 229, col 20 of module DisasterRecovery>
  line 229, col 25 to line 229, col 75 of module DisasterRecovery: 1608200
  |line 229, col 48 to line 229, col 75 of module DisasterRecovery: 916208
  ||line 229, col 48 to line 229, col 58 of module DisasterRecovery: 916208
  ||line 229, col 63 to line 229, col 75 of module DisasterRecovery: 868912
  |line 229, col 36 to line 229, col 44 of module DisasterRecovery: 1608200
<AttemptedRecoveryIsQuarantined line 230, col 1 to line 230, col 30 of module DisasterRecovery>
  line 230, col 35 to line 231, col 47 of module DisasterRecovery: 1608200
  |line 231, col 5 to line 231, col 47 of module DisasterRecovery: 367328
  |line 230, col 45 to line 230, col 64 of module DisasterRecovery: 1608200
<TerminalHasOwnEffect line 232, col 1 to line 232, col 20 of module DisasterRecovery>
  line 232, col 25 to line 233, col 54 of module DisasterRecovery: 1608200
  |line 232, col 41 to line 233, col 54 of module DisasterRecovery: 3216400
  ||line 232, col 41 to line 232, col 64 of module DisasterRecovery: 3216400
  ||line 233, col 5 to line 233, col 54 of module DisasterRecovery: 248832
  |line 232, col 35 to line 232, col 37 of module DisasterRecovery: 1608200
End of statistics.
8289201 states generated, 1608200 distinct states found, 0 states left on queue.
The depth of the complete state graph search is 34.
The average outdegree of the complete state graph is 1 (minimum is 0, the maximum 9 and the 95th percentile is 3).
Finished in 50s at (2026-09-27 08:11:40)
