TLC2 Version 2.19 of 08 August 2024 (rev: 5a47802)
Running breadth-first search Model-Checking with fp 0 and seed 1 with 1 worker on 10 cores with 1820MB heap and 64MB offheap memory [pid: 68004] (Mac OS X 26.6.2 aarch64, Eclipse Adoptium 21.0.12.1 x86_64, MSBDiskFPSet, DiskStateQueue).
Parsing file /Users/alfongj/Code/engine-core/formal/tla/DisasterRecovery.tla
Parsing file /private/var/folders/ky/s5xblf5j3515d6h6ss25z3w80000gn/T/Naturals.tla
Parsing file /private/var/folders/ky/s5xblf5j3515d6h6ss25z3w80000gn/T/FiniteSets.tla
Parsing file /private/var/folders/ky/s5xblf5j3515d6h6ss25z3w80000gn/T/Sequences.tla
Semantic processing of module Naturals
Semantic processing of module Sequences
Semantic processing of module FiniteSets
Semantic processing of module DisasterRecovery
Starting... (2026-09-27 08:11:42)
Computing initial states...
Finished computing initial states: 1 distinct state generated at 2026-09-27 08:11:42.
Error: Invariant ReplayKeyUnique is violated.
Error: The behavior up to this point is:
State 1: <Initial predicate>
s = [ epoch |-> 0,
  checkpoint |-> 0,
  marker |-> [epoch |-> 0, checkpoint |-> 0],
  run |-> 0,
  expectedRun |-> 0,
  owners |-> {},
  halt |-> none,
  pending |-> none,
  returning |-> none,
  attempts |-> {},
  binding |-> (i1 :> none @@ i2 :> none),
  ledger |-> (i1 :> none @@ i2 :> none),
  state |-> (i1 :> "absent" @@ i2 :> "absent"),
  acceptedEver |-> {},
  requiredEvidence |-> {},
  terminalEver |-> {},
  recoveryQuarantine |-> {},
  writes |-> 0,
  ownerEpoch |-> (w1 :> 0 @@ w2 :> 0),
  callerAlive |-> FALSE,
  offline |-> "none",
  offlineAlive |-> FALSE,
  projection |-> {},
  permits |-> {},
  messages |-> {},
  effects |-> {},
  everySendJournaled |-> TRUE,
  noOldAuthorization |-> TRUE,
  noTerminalEnqueue |-> TRUE,
  retriesUseOriginal |-> TRUE,
  lateExecution |-> FALSE ]

State 2: <Start line 38, col 5 to line 43, col 81 of module DisasterRecovery>
s = [ epoch |-> 0,
  checkpoint |-> 0,
  marker |-> [epoch |-> 0, checkpoint |-> 0],
  run |-> 0,
  expectedRun |-> 0,
  owners |-> {w1},
  halt |-> none,
  pending |-> none,
  returning |-> none,
  attempts |-> {},
  binding |-> (i1 :> none @@ i2 :> none),
  ledger |-> (i1 :> none @@ i2 :> none),
  state |-> (i1 :> "absent" @@ i2 :> "absent"),
  acceptedEver |-> {},
  requiredEvidence |-> {},
  terminalEver |-> {},
  recoveryQuarantine |-> {},
  writes |-> 0,
  ownerEpoch |-> (w1 :> 0 @@ w2 :> 0),
  callerAlive |-> FALSE,
  offline |-> "none",
  offlineAlive |-> FALSE,
  projection |-> {},
  permits |-> {},
  messages |-> {},
  effects |-> {},
  everySendJournaled |-> TRUE,
  noOldAuthorization |-> TRUE,
  noTerminalEnqueue |-> TRUE,
  retriesUseOriginal |-> TRUE,
  lateExecution |-> FALSE ]

State 3: <Admit line 55, col 5 to line 62, col 74 of module DisasterRecovery>
s = [ epoch |-> 0,
  checkpoint |-> 1,
  marker |-> [epoch |-> 0, checkpoint |-> 0],
  run |-> 0,
  expectedRun |-> 0,
  owners |-> {w1},
  halt |-> none,
  pending |->
      [ id |-> i1,
        key |-> none,
        payload |-> p1,
        worker |-> w1,
        old |-> [epoch |-> 0, checkpoint |-> 0],
        kind |-> "admit" ],
  returning |-> none,
  attempts |-> {},
  binding |-> (i1 :> none @@ i2 :> none),
  ledger |-> (i1 :> p1 @@ i2 :> none),
  state |-> (i1 :> "admitted" @@ i2 :> "absent"),
  acceptedEver |-> {[id |-> i1, payload |-> p1]},
  requiredEvidence |-> {},
  terminalEver |-> {},
  recoveryQuarantine |-> {},
  writes |-> 1,
  ownerEpoch |-> (w1 :> 0 @@ w2 :> 0),
  callerAlive |-> TRUE,
  offline |-> "none",
  offlineAlive |-> FALSE,
  projection |-> {},
  permits |-> {},
  messages |-> {},
  effects |-> {},
  everySendJournaled |-> TRUE,
  noOldAuthorization |-> TRUE,
  noTerminalEnqueue |-> TRUE,
  retriesUseOriginal |-> TRUE,
  lateExecution |-> FALSE ]

State 4: <Mirror line 94, col 5 to line 97, col 50 of module DisasterRecovery>
s = [ epoch |-> 0,
  checkpoint |-> 1,
  marker |-> [epoch |-> 0, checkpoint |-> 1],
  run |-> 0,
  expectedRun |-> 0,
  owners |-> {w1},
  halt |-> none,
  pending |->
      [ id |-> i1,
        key |-> none,
        payload |-> p1,
        worker |-> w1,
        old |-> [epoch |-> 0, checkpoint |-> 0],
        kind |-> "admit" ],
  returning |-> none,
  attempts |-> {},
  binding |-> (i1 :> none @@ i2 :> none),
  ledger |-> (i1 :> p1 @@ i2 :> none),
  state |-> (i1 :> "admitted" @@ i2 :> "absent"),
  acceptedEver |-> {[id |-> i1, payload |-> p1]},
  requiredEvidence |-> {},
  terminalEver |-> {},
  recoveryQuarantine |-> {},
  writes |-> 1,
  ownerEpoch |-> (w1 :> 0 @@ w2 :> 0),
  callerAlive |-> TRUE,
  offline |-> "none",
  offlineAlive |-> FALSE,
  projection |-> {},
  permits |-> {},
  messages |-> {},
  effects |-> {},
  everySendJournaled |-> TRUE,
  noOldAuthorization |-> TRUE,
  noTerminalEnqueue |-> TRUE,
  retriesUseOriginal |-> TRUE,
  lateExecution |-> FALSE ]

State 5: <Acknowledge line 100, col 5 to line 102, col 67 of module DisasterRecovery>
s = [ epoch |-> 0,
  checkpoint |-> 1,
  marker |-> [epoch |-> 0, checkpoint |-> 1],
  run |-> 0,
  expectedRun |-> 0,
  owners |-> {w1},
  halt |-> none,
  pending |-> none,
  returning |->
      [ id |-> i1,
        key |-> none,
        payload |-> p1,
        worker |-> w1,
        old |-> [epoch |-> 0, checkpoint |-> 0],
        kind |-> "admit" ],
  attempts |-> {},
  binding |-> (i1 :> none @@ i2 :> none),
  ledger |-> (i1 :> p1 @@ i2 :> none),
  state |-> (i1 :> "admitted" @@ i2 :> "absent"),
  acceptedEver |-> {[id |-> i1, payload |-> p1]},
  requiredEvidence |-> {},
  terminalEver |-> {},
  recoveryQuarantine |-> {},
  writes |-> 1,
  ownerEpoch |-> (w1 :> 0 @@ w2 :> 0),
  callerAlive |-> FALSE,
  offline |-> "none",
  offlineAlive |-> FALSE,
  projection |-> {},
  permits |-> {},
  messages |-> {},
  effects |-> {},
  everySendJournaled |-> TRUE,
  noOldAuthorization |-> TRUE,
  noTerminalEnqueue |-> TRUE,
  retriesUseOriginal |-> TRUE,
  lateExecution |-> FALSE ]

State 6: <ReturnPermission line 105, col 5 to line 112, col 72 of module DisasterRecovery>
s = [ epoch |-> 0,
  checkpoint |-> 1,
  marker |-> [epoch |-> 0, checkpoint |-> 1],
  run |-> 0,
  expectedRun |-> 0,
  owners |-> {w1},
  halt |-> none,
  pending |-> none,
  returning |-> none,
  attempts |-> {},
  binding |-> (i1 :> none @@ i2 :> none),
  ledger |-> (i1 :> p1 @@ i2 :> none),
  state |-> (i1 :> "admitted" @@ i2 :> "absent"),
  acceptedEver |-> {[id |-> i1, payload |-> p1]},
  requiredEvidence |-> {},
  terminalEver |-> {},
  recoveryQuarantine |-> {},
  writes |-> 1,
  ownerEpoch |-> (w1 :> 0 @@ w2 :> 0),
  callerAlive |-> FALSE,
  offline |-> "none",
  offlineAlive |-> FALSE,
  projection |-> {},
  permits |-> {},
  messages |-> {},
  effects |-> {},
  everySendJournaled |-> TRUE,
  noOldAuthorization |-> TRUE,
  noTerminalEnqueue |-> TRUE,
  retriesUseOriginal |-> TRUE,
  lateExecution |-> FALSE ]

State 7: <Admit line 55, col 5 to line 62, col 74 of module DisasterRecovery>
s = [ epoch |-> 0,
  checkpoint |-> 2,
  marker |-> [epoch |-> 0, checkpoint |-> 1],
  run |-> 0,
  expectedRun |-> 0,
  owners |-> {w1},
  halt |-> none,
  pending |->
      [ id |-> i2,
        key |-> none,
        payload |-> p1,
        worker |-> w1,
        old |-> [epoch |-> 0, checkpoint |-> 1],
        kind |-> "admit" ],
  returning |-> none,
  attempts |-> {},
  binding |-> (i1 :> none @@ i2 :> none),
  ledger |-> (i1 :> p1 @@ i2 :> p1),
  state |-> (i1 :> "admitted" @@ i2 :> "admitted"),
  acceptedEver |-> {[id |-> i1, payload |-> p1], [id |-> i2, payload |-> p1]},
  requiredEvidence |-> {},
  terminalEver |-> {},
  recoveryQuarantine |-> {},
  writes |-> 2,
  ownerEpoch |-> (w1 :> 0 @@ w2 :> 0),
  callerAlive |-> TRUE,
  offline |-> "none",
  offlineAlive |-> FALSE,
  projection |-> {},
  permits |-> {},
  messages |-> {},
  effects |-> {},
  everySendJournaled |-> TRUE,
  noOldAuthorization |-> TRUE,
  noTerminalEnqueue |-> TRUE,
  retriesUseOriginal |-> TRUE,
  lateExecution |-> FALSE ]

State 8: <Mirror line 94, col 5 to line 97, col 50 of module DisasterRecovery>
s = [ epoch |-> 0,
  checkpoint |-> 2,
  marker |-> [epoch |-> 0, checkpoint |-> 2],
  run |-> 0,
  expectedRun |-> 0,
  owners |-> {w1},
  halt |-> none,
  pending |->
      [ id |-> i2,
        key |-> none,
        payload |-> p1,
        worker |-> w1,
        old |-> [epoch |-> 0, checkpoint |-> 1],
        kind |-> "admit" ],
  returning |-> none,
  attempts |-> {},
  binding |-> (i1 :> none @@ i2 :> none),
  ledger |-> (i1 :> p1 @@ i2 :> p1),
  state |-> (i1 :> "admitted" @@ i2 :> "admitted"),
  acceptedEver |-> {[id |-> i1, payload |-> p1], [id |-> i2, payload |-> p1]},
  requiredEvidence |-> {},
  terminalEver |-> {},
  recoveryQuarantine |-> {},
  writes |-> 2,
  ownerEpoch |-> (w1 :> 0 @@ w2 :> 0),
  callerAlive |-> TRUE,
  offline |-> "none",
  offlineAlive |-> FALSE,
  projection |-> {},
  permits |-> {},
  messages |-> {},
  effects |-> {},
  everySendJournaled |-> TRUE,
  noOldAuthorization |-> TRUE,
  noTerminalEnqueue |-> TRUE,
  retriesUseOriginal |-> TRUE,
  lateExecution |-> FALSE ]

State 9: <Acknowledge line 100, col 5 to line 102, col 67 of module DisasterRecovery>
s = [ epoch |-> 0,
  checkpoint |-> 2,
  marker |-> [epoch |-> 0, checkpoint |-> 2],
  run |-> 0,
  expectedRun |-> 0,
  owners |-> {w1},
  halt |-> none,
  pending |-> none,
  returning |->
      [ id |-> i2,
        key |-> none,
        payload |-> p1,
        worker |-> w1,
        old |-> [epoch |-> 0, checkpoint |-> 1],
        kind |-> "admit" ],
  attempts |-> {},
  binding |-> (i1 :> none @@ i2 :> none),
  ledger |-> (i1 :> p1 @@ i2 :> p1),
  state |-> (i1 :> "admitted" @@ i2 :> "admitted"),
  acceptedEver |-> {[id |-> i1, payload |-> p1], [id |-> i2, payload |-> p1]},
  requiredEvidence |-> {},
  terminalEver |-> {},
  recoveryQuarantine |-> {},
  writes |-> 2,
  ownerEpoch |-> (w1 :> 0 @@ w2 :> 0),
  callerAlive |-> FALSE,
  offline |-> "none",
  offlineAlive |-> FALSE,
  projection |-> {},
  permits |-> {},
  messages |-> {},
  effects |-> {},
  everySendJournaled |-> TRUE,
  noOldAuthorization |-> TRUE,
  noTerminalEnqueue |-> TRUE,
  retriesUseOriginal |-> TRUE,
  lateExecution |-> FALSE ]

State 10: <ReturnPermission line 105, col 5 to line 112, col 72 of module DisasterRecovery>
s = [ epoch |-> 0,
  checkpoint |-> 2,
  marker |-> [epoch |-> 0, checkpoint |-> 2],
  run |-> 0,
  expectedRun |-> 0,
  owners |-> {w1},
  halt |-> none,
  pending |-> none,
  returning |-> none,
  attempts |-> {},
  binding |-> (i1 :> none @@ i2 :> none),
  ledger |-> (i1 :> p1 @@ i2 :> p1),
  state |-> (i1 :> "admitted" @@ i2 :> "admitted"),
  acceptedEver |-> {[id |-> i1, payload |-> p1], [id |-> i2, payload |-> p1]},
  requiredEvidence |-> {},
  terminalEver |-> {},
  recoveryQuarantine |-> {},
  writes |-> 2,
  ownerEpoch |-> (w1 :> 0 @@ w2 :> 0),
  callerAlive |-> FALSE,
  offline |-> "none",
  offlineAlive |-> FALSE,
  projection |-> {},
  permits |-> {},
  messages |-> {},
  effects |-> {},
  everySendJournaled |-> TRUE,
  noOldAuthorization |-> TRUE,
  noTerminalEnqueue |-> TRUE,
  retriesUseOriginal |-> TRUE,
  lateExecution |-> FALSE ]

State 11: <AttemptCommit line 65, col 5 to line 75, col 80 of module DisasterRecovery>
s = [ epoch |-> 0,
  checkpoint |-> 3,
  marker |-> [epoch |-> 0, checkpoint |-> 2],
  run |-> 0,
  expectedRun |-> 0,
  owners |-> {w1},
  halt |-> none,
  pending |->
      [ id |-> i1,
        key |-> k1,
        payload |-> p1,
        worker |-> w1,
        old |-> [epoch |-> 0, checkpoint |-> 2],
        kind |-> "attempt" ],
  returning |-> none,
  attempts |-> {[id |-> i1, key |-> k1, payload |-> p1]},
  binding |-> (i1 :> k1 @@ i2 :> none),
  ledger |-> (i1 :> p1 @@ i2 :> p1),
  state |-> (i1 :> "admitted" @@ i2 :> "admitted"),
  acceptedEver |-> {[id |-> i1, payload |-> p1], [id |-> i2, payload |-> p1]},
  requiredEvidence |-> {[id |-> i1, key |-> k1, payload |-> p1]},
  terminalEver |-> {},
  recoveryQuarantine |-> {},
  writes |-> 3,
  ownerEpoch |-> (w1 :> 0 @@ w2 :> 0),
  callerAlive |-> TRUE,
  offline |-> "none",
  offlineAlive |-> FALSE,
  projection |-> {},
  permits |-> {},
  messages |-> {},
  effects |-> {},
  everySendJournaled |-> TRUE,
  noOldAuthorization |-> TRUE,
  noTerminalEnqueue |-> TRUE,
  retriesUseOriginal |-> TRUE,
  lateExecution |-> FALSE ]

State 12: <Mirror line 94, col 5 to line 97, col 50 of module DisasterRecovery>
s = [ epoch |-> 0,
  checkpoint |-> 3,
  marker |-> [epoch |-> 0, checkpoint |-> 3],
  run |-> 0,
  expectedRun |-> 0,
  owners |-> {w1},
  halt |-> none,
  pending |->
      [ id |-> i1,
        key |-> k1,
        payload |-> p1,
        worker |-> w1,
        old |-> [epoch |-> 0, checkpoint |-> 2],
        kind |-> "attempt" ],
  returning |-> none,
  attempts |-> {[id |-> i1, key |-> k1, payload |-> p1]},
  binding |-> (i1 :> k1 @@ i2 :> none),
  ledger |-> (i1 :> p1 @@ i2 :> p1),
  state |-> (i1 :> "admitted" @@ i2 :> "admitted"),
  acceptedEver |-> {[id |-> i1, payload |-> p1], [id |-> i2, payload |-> p1]},
  requiredEvidence |-> {[id |-> i1, key |-> k1, payload |-> p1]},
  terminalEver |-> {},
  recoveryQuarantine |-> {},
  writes |-> 3,
  ownerEpoch |-> (w1 :> 0 @@ w2 :> 0),
  callerAlive |-> TRUE,
  offline |-> "none",
  offlineAlive |-> FALSE,
  projection |-> {},
  permits |-> {},
  messages |-> {},
  effects |-> {},
  everySendJournaled |-> TRUE,
  noOldAuthorization |-> TRUE,
  noTerminalEnqueue |-> TRUE,
  retriesUseOriginal |-> TRUE,
  lateExecution |-> FALSE ]

State 13: <Acknowledge line 100, col 5 to line 102, col 67 of module DisasterRecovery>
s = [ epoch |-> 0,
  checkpoint |-> 3,
  marker |-> [epoch |-> 0, checkpoint |-> 3],
  run |-> 0,
  expectedRun |-> 0,
  owners |-> {w1},
  halt |-> none,
  pending |-> none,
  returning |->
      [ id |-> i1,
        key |-> k1,
        payload |-> p1,
        worker |-> w1,
        old |-> [epoch |-> 0, checkpoint |-> 2],
        kind |-> "attempt" ],
  attempts |-> {[id |-> i1, key |-> k1, payload |-> p1]},
  binding |-> (i1 :> k1 @@ i2 :> none),
  ledger |-> (i1 :> p1 @@ i2 :> p1),
  state |-> (i1 :> "admitted" @@ i2 :> "admitted"),
  acceptedEver |-> {[id |-> i1, payload |-> p1], [id |-> i2, payload |-> p1]},
  requiredEvidence |-> {[id |-> i1, key |-> k1, payload |-> p1]},
  terminalEver |-> {},
  recoveryQuarantine |-> {},
  writes |-> 3,
  ownerEpoch |-> (w1 :> 0 @@ w2 :> 0),
  callerAlive |-> FALSE,
  offline |-> "none",
  offlineAlive |-> FALSE,
  projection |-> {},
  permits |-> {},
  messages |-> {},
  effects |-> {},
  everySendJournaled |-> TRUE,
  noOldAuthorization |-> TRUE,
  noTerminalEnqueue |-> TRUE,
  retriesUseOriginal |-> TRUE,
  lateExecution |-> FALSE ]

State 14: <ReturnPermission line 105, col 5 to line 112, col 72 of module DisasterRecovery>
s = [ epoch |-> 0,
  checkpoint |-> 3,
  marker |-> [epoch |-> 0, checkpoint |-> 3],
  run |-> 0,
  expectedRun |-> 0,
  owners |-> {w1},
  halt |-> none,
  pending |-> none,
  returning |-> none,
  attempts |-> {[id |-> i1, key |-> k1, payload |-> p1]},
  binding |-> (i1 :> k1 @@ i2 :> none),
  ledger |-> (i1 :> p1 @@ i2 :> p1),
  state |-> (i1 :> "admitted" @@ i2 :> "admitted"),
  acceptedEver |-> {[id |-> i1, payload |-> p1], [id |-> i2, payload |-> p1]},
  requiredEvidence |-> {[id |-> i1, key |-> k1, payload |-> p1]},
  terminalEver |-> {},
  recoveryQuarantine |-> {},
  writes |-> 3,
  ownerEpoch |-> (w1 :> 0 @@ w2 :> 0),
  callerAlive |-> FALSE,
  offline |-> "none",
  offlineAlive |-> FALSE,
  projection |-> {},
  permits |->
      { [ epoch |-> 0,
          attempt |-> [id |-> i1, key |-> k1, payload |-> p1],
          worker |-> w1 ] },
  messages |-> {},
  effects |-> {},
  everySendJournaled |-> TRUE,
  noOldAuthorization |-> TRUE,
  noTerminalEnqueue |-> TRUE,
  retriesUseOriginal |-> TRUE,
  lateExecution |-> FALSE ]

State 15: <AttemptCommit line 65, col 5 to line 75, col 80 of module DisasterRecovery>
s = [ epoch |-> 0,
  checkpoint |-> 4,
  marker |-> [epoch |-> 0, checkpoint |-> 3],
  run |-> 0,
  expectedRun |-> 0,
  owners |-> {w1},
  halt |-> none,
  pending |->
      [ id |-> i2,
        key |-> k1,
        payload |-> p1,
        worker |-> w1,
        old |-> [epoch |-> 0, checkpoint |-> 3],
        kind |-> "attempt" ],
  returning |-> none,
  attempts |->
      { [id |-> i1, key |-> k1, payload |-> p1],
        [id |-> i2, key |-> k1, payload |-> p1] },
  binding |-> (i1 :> k1 @@ i2 :> k1),
  ledger |-> (i1 :> p1 @@ i2 :> p1),
  state |-> (i1 :> "admitted" @@ i2 :> "admitted"),
  acceptedEver |-> {[id |-> i1, payload |-> p1], [id |-> i2, payload |-> p1]},
  requiredEvidence |->
      { [id |-> i1, key |-> k1, payload |-> p1],
        [id |-> i2, key |-> k1, payload |-> p1] },
  terminalEver |-> {},
  recoveryQuarantine |-> {},
  writes |-> 4,
  ownerEpoch |-> (w1 :> 0 @@ w2 :> 0),
  callerAlive |-> TRUE,
  offline |-> "none",
  offlineAlive |-> FALSE,
  projection |-> {},
  permits |->
      { [ epoch |-> 0,
          attempt |-> [id |-> i1, key |-> k1, payload |-> p1],
          worker |-> w1 ] },
  messages |-> {},
  effects |-> {},
  everySendJournaled |-> TRUE,
  noOldAuthorization |-> TRUE,
  noTerminalEnqueue |-> TRUE,
  retriesUseOriginal |-> TRUE,
  lateExecution |-> FALSE ]

The coverage statistics at 2026-09-27 08:11:43
<Init line 25, col 1 to line 25, col 4 of module DisasterRecovery>: 2:2
  line 25, col 9 to line 35, col 85 of module DisasterRecovery: 2
<Start line 37, col 1 to line 37, col 8 of module DisasterRecovery>: 3400:11419
  line 38, col 8 to line 38, col 24 of module DisasterRecovery: 56482
  |line 38, col 8 to line 38, col 8 of module DisasterRecovery: 45063
  |line 38, col 17 to line 38, col 24 of module DisasterRecovery: 45063
  line 39, col 9 to line 39, col 21 of module DisasterRecovery: 39848
  |line 39, col 9 to line 39, col 16 of module DisasterRecovery: 28429
  |line 39, col 20 to line 39, col 21 of module DisasterRecovery: 28429
  line 39, col 26 to line 39, col 40 of module DisasterRecovery: 23214
  |line 39, col 27 to line 39, col 40 of module DisasterRecovery: 11795
  line 40, col 11 to line 40, col 44 of module DisasterRecovery: 11419
  |line 40, col 11 to line 40, col 23 of module DisasterRecovery: 11419
  |line 40, col 28 to line 40, col 44 of module DisasterRecovery: 7625
  ||line 20, col 22 to line 21, col 66 of module DisasterRecovery: 7625
  |||line 20, col 25 to line 20, col 40 of module DisasterRecovery: 7625
  |||line 20, col 47 to line 20, col 56 of module DisasterRecovery: 1815
  ||||line 17, col 15 to line 17, col 57 of module DisasterRecovery: 1815
  |||||line 17, col 15 to line 17, col 32 of module DisasterRecovery: 1815
  |||||line 17, col 37 to line 17, col 57 of module DisasterRecovery: 1085
  |||line 21, col 5 to line 21, col 66 of module DisasterRecovery: 5810
  ||||line 21, col 5 to line 21, col 41 of module DisasterRecovery: 5810
  ||||line 21, col 46 to line 21, col 66 of module DisasterRecovery: 4158
  line 41, col 13 to line 41, col 76 of module DisasterRecovery: 3783
  line 42, col 13 to line 43, col 81 of module DisasterRecovery: 7636
  |line 42, col 18 to line 43, col 81 of module DisasterRecovery: 7636
  ||line 42, col 19 to line 42, col 19 of module DisasterRecovery: 7636
  ||line 42, col 37 to line 43, col 80 of module DisasterRecovery: 7636
  |||line 42, col 40 to line 42, col 52 of module DisasterRecovery: 7636
  |||line 42, col 59 to line 42, col 64 of module DisasterRecovery: 3794
  |||line 43, col 27 to line 43, col 80 of module DisasterRecovery: 3842
<Crash line 45, col 1 to line 45, col 8 of module DisasterRecovery>: 2829:16634
  line 46, col 8 to line 46, col 21 of module DisasterRecovery: 61696
  |line 46, col 8 to line 46, col 8 of module DisasterRecovery: 45062
  |line 46, col 14 to line 46, col 21 of module DisasterRecovery: 45062
  line 47, col 8 to line 50, col 46 of module DisasterRecovery: 16634
  |line 47, col 13 to line 50, col 46 of module DisasterRecovery: 16634
  ||line 47, col 14 to line 47, col 14 of module DisasterRecovery: 16634
  ||line 47, col 23 to line 47, col 40 of module DisasterRecovery: 16634
  ||line 48, col 26 to line 48, col 86 of module DisasterRecovery: 16634
  |||line 48, col 29 to line 48, col 68 of module DisasterRecovery: 16634
  ||||line 48, col 29 to line 48, col 44 of module DisasterRecovery: 16634
  ||||line 48, col 49 to line 48, col 68 of module DisasterRecovery: 11918
  |||line 48, col 75 to line 48, col 79 of module DisasterRecovery: 9648
  ||line 49, col 24 to line 49, col 87 of module DisasterRecovery: 16634
  |||line 49, col 27 to line 49, col 70 of module DisasterRecovery: 16634
  ||||line 49, col 27 to line 49, col 44 of module DisasterRecovery: 16634
  ||||line 49, col 49 to line 49, col 70 of module DisasterRecovery: 2197
  |||line 49, col 77 to line 49, col 80 of module DisasterRecovery: 2197
  ||line 50, col 22 to line 50, col 45 of module DisasterRecovery: 16634:46627
  |||line 50, col 33 to line 50, col 44 of module DisasterRecovery: 1396
<Admit line 54, col 1 to line 54, col 21 of module DisasterRecovery>: 904:1122
  line 18, col 15 to line 18, col 28 of module DisasterRecovery: 181358
  |line 18, col 15 to line 18, col 15 of module DisasterRecovery: 180236
  |line 18, col 21 to line 18, col 28 of module DisasterRecovery: 180236
  line 18, col 33 to line 18, col 45 of module DisasterRecovery: 67653
  |line 18, col 33 to line 18, col 38 of module DisasterRecovery: 66531
  |line 18, col 42 to line 18, col 45 of module DisasterRecovery: 66531
  line 17, col 15 to line 17, col 32 of module DisasterRecovery: 46045
  |line 17, col 15 to line 17, col 22 of module DisasterRecovery: 44923
  |line 17, col 26 to line 17, col 32 of module DisasterRecovery: 44923
  line 17, col 37 to line 17, col 57 of module DisasterRecovery: 17289
  |line 17, col 37 to line 17, col 41 of module DisasterRecovery: 16167
  |line 17, col 45 to line 17, col 57 of module DisasterRecovery: 16167
  line 19, col 18 to line 19, col 33 of module DisasterRecovery: 12737
  |line 19, col 18 to line 19, col 26 of module DisasterRecovery: 11615
  |line 19, col 30 to line 19, col 33 of module DisasterRecovery: 11615
  line 19, col 38 to line 19, col 55 of module DisasterRecovery: 6325
  |line 19, col 38 to line 19, col 48 of module DisasterRecovery: 5203
  |line 19, col 52 to line 19, col 55 of module DisasterRecovery: 5203
  line 55, col 16 to line 55, col 16 of module DisasterRecovery: 180236
  line 55, col 22 to line 55, col 37 of module DisasterRecovery: 4001
  |line 55, col 22 to line 55, col 30 of module DisasterRecovery: 2879
  |line 55, col 34 to line 55, col 37 of module DisasterRecovery: 2879
  line 55, col 42 to line 55, col 61 of module DisasterRecovery: 1122
  |line 55, col 42 to line 55, col 49 of module DisasterRecovery: 2879
  |line 55, col 53 to line 55, col 61 of module DisasterRecovery: 2879
  line 56, col 8 to line 56, col 26 of module DisasterRecovery: 4001
  |line 56, col 8 to line 56, col 19 of module DisasterRecovery: 2879
  |line 56, col 23 to line 56, col 26 of module DisasterRecovery: 2879
  line 57, col 8 to line 62, col 74 of module DisasterRecovery: 1122
<AttemptCommit line 64, col 1 to line 64, col 25 of module DisasterRecovery>: 1230:3673
  line 18, col 15 to line 18, col 28 of module DisasterRecovery: 181555
  |line 18, col 15 to line 18, col 15 of module DisasterRecovery: 180215
  |line 18, col 21 to line 18, col 28 of module DisasterRecovery: 180215
  line 18, col 33 to line 18, col 45 of module DisasterRecovery: 67861
  |line 18, col 33 to line 18, col 38 of module DisasterRecovery: 66521
  |line 18, col 42 to line 18, col 45 of module DisasterRecovery: 66521
  line 17, col 15 to line 17, col 32 of module DisasterRecovery: 46253
  |line 17, col 15 to line 17, col 22 of module DisasterRecovery: 44913
  |line 17, col 26 to line 17, col 32 of module DisasterRecovery: 44913
  line 17, col 37 to line 17, col 57 of module DisasterRecovery: 17497
  |line 17, col 37 to line 17, col 41 of module DisasterRecovery: 16157
  |line 17, col 45 to line 17, col 57 of module DisasterRecovery: 16157
  line 19, col 18 to line 19, col 33 of module DisasterRecovery: 12945
  |line 19, col 18 to line 19, col 26 of module DisasterRecovery: 11605
  |line 19, col 30 to line 19, col 33 of module DisasterRecovery: 11605
  line 19, col 38 to line 19, col 55 of module DisasterRecovery: 6533
  |line 19, col 38 to line 19, col 48 of module DisasterRecovery: 5193
  |line 19, col 52 to line 19, col 55 of module DisasterRecovery: 5193
  line 65, col 16 to line 65, col 16 of module DisasterRecovery: 180215
  line 65, col 22 to line 65, col 37 of module DisasterRecovery: 4209
  |line 65, col 22 to line 65, col 30 of module DisasterRecovery: 2869
  |line 65, col 34 to line 65, col 37 of module DisasterRecovery: 2869
  line 65, col 42 to line 65, col 61 of module DisasterRecovery: 1340
  |line 65, col 42 to line 65, col 49 of module DisasterRecovery: 2869
  |line 65, col 53 to line 65, col 61 of module DisasterRecovery: 2869
  line 66, col 8 to line 66, col 31 of module DisasterRecovery: 4209
  |line 66, col 8 to line 66, col 18 of module DisasterRecovery: 2869
  line 66, col 36 to line 66, col 54 of module DisasterRecovery: 3025
  |line 66, col 36 to line 66, col 47 of module DisasterRecovery: 1685
  |line 66, col 51 to line 66, col 54 of module DisasterRecovery: 1685
  line 67, col 8 to line 67, col 36 of module DisasterRecovery: 3025
  |line 67, col 8 to line 67, col 20 of module DisasterRecovery: 1685
  |line 67, col 26 to line 67, col 36 of module DisasterRecovery: 1685
  line 23, col 40 to line 23, col 49 of module DisasterRecovery: 4516
  |line 23, col 40 to line 23, col 44 of module DisasterRecovery: 3177
  |line 23, col 48 to line 23, col 49 of module DisasterRecovery: 3177
  line 23, col 54 to line 23, col 75 of module DisasterRecovery: 6006
  |line 23, col 54 to line 23, col 69 of module DisasterRecovery: 3177
  |line 23, col 73 to line 23, col 75 of module DisasterRecovery: 3177
  line 23, col 34 to line 23, col 36 of module DisasterRecovery: 1341
  line 68, col 16 to line 68, col 18 of module DisasterRecovery: 1341
  line 68, col 21 to line 68, col 22 of module DisasterRecovery: 1341
  line 68, col 28 to line 68, col 42 of module DisasterRecovery: 1340
  line 70, col 11 to line 75, col 80 of module DisasterRecovery: 3672
  |line 70, col 16 to line 75, col 80 of module DisasterRecovery: 3673
<TerminalCommit line 77, col 1 to line 77, col 21 of module DisasterRecovery>: 36:36
  line 18, col 15 to line 18, col 28 of module DisasterRecovery: 90140
  |line 18, col 15 to line 18, col 15 of module DisasterRecovery: 90104
  |line 18, col 21 to line 18, col 28 of module DisasterRecovery: 90104
  line 18, col 33 to line 18, col 45 of module DisasterRecovery: 33294
  |line 18, col 33 to line 18, col 38 of module DisasterRecovery: 33258
  |line 18, col 42 to line 18, col 45 of module DisasterRecovery: 33258
  line 17, col 15 to line 17, col 32 of module DisasterRecovery: 22490
  |line 17, col 15 to line 17, col 22 of module DisasterRecovery: 22454
  |line 17, col 26 to line 17, col 32 of module DisasterRecovery: 22454
  line 17, col 37 to line 17, col 57 of module DisasterRecovery: 8112
  |line 17, col 37 to line 17, col 41 of module DisasterRecovery: 8076
  |line 17, col 45 to line 17, col 57 of module DisasterRecovery: 8076
  line 19, col 18 to line 19, col 33 of module DisasterRecovery: 5836
  |line 19, col 18 to line 19, col 26 of module DisasterRecovery: 5800
  |line 19, col 30 to line 19, col 33 of module DisasterRecovery: 5800
  line 19, col 38 to line 19, col 55 of module DisasterRecovery: 2630
  |line 19, col 38 to line 19, col 48 of module DisasterRecovery: 2594
  |line 19, col 52 to line 19, col 55 of module DisasterRecovery: 2594
  line 78, col 16 to line 78, col 16 of module DisasterRecovery: 90104
  line 78, col 22 to line 78, col 37 of module DisasterRecovery: 1468
  |line 78, col 22 to line 78, col 30 of module DisasterRecovery: 1432
  |line 78, col 34 to line 78, col 37 of module DisasterRecovery: 1432
  line 78, col 42 to line 78, col 61 of module DisasterRecovery: 36
  |line 78, col 42 to line 78, col 49 of module DisasterRecovery: 1432
  |line 78, col 53 to line 78, col 61 of module DisasterRecovery: 1432
  line 79, col 8 to line 79, col 50 of module DisasterRecovery: 1468
  |line 79, col 8 to line 79, col 18 of module DisasterRecovery: 1432
  |line 79, col 24 to line 79, col 50 of module DisasterRecovery: 1432
  line 82, col 30 to line 82, col 38 of module DisasterRecovery: 72
  |line 82, col 30 to line 82, col 33 of module DisasterRecovery: 36
  |line 82, col 37 to line 82, col 38 of module DisasterRecovery: 36
  line 82, col 72 to line 82, col 87 of module DisasterRecovery: 72
  |line 82, col 72 to line 82, col 72 of module DisasterRecovery: 36
  |line 82, col 78 to line 82, col 87 of module DisasterRecovery: 36
  line 82, col 17 to line 82, col 25 of module DisasterRecovery: 872
  line 83, col 8 to line 87, col 79 of module DisasterRecovery: 36
<Mirror line 93, col 1 to line 93, col 6 of module DisasterRecovery>: 5886:8164
  line 94, col 8 to line 94, col 23 of module DisasterRecovery: 30690
  |line 94, col 8 to line 94, col 16 of module DisasterRecovery: 22526
  |line 94, col 20 to line 94, col 23 of module DisasterRecovery: 22526
  line 94, col 28 to line 94, col 40 of module DisasterRecovery: 24238
  |line 94, col 28 to line 94, col 35 of module DisasterRecovery: 16074
  |line 94, col 39 to line 94, col 40 of module DisasterRecovery: 16074
  line 94, col 45 to line 94, col 57 of module DisasterRecovery: 20082
  |line 94, col 45 to line 94, col 50 of module DisasterRecovery: 11918
  |line 94, col 54 to line 94, col 57 of module DisasterRecovery: 11918
  line 95, col 11 to line 95, col 27 of module DisasterRecovery: 8164
  |line 20, col 22 to line 21, col 66 of module DisasterRecovery: 8164
  ||line 20, col 25 to line 20, col 40 of module DisasterRecovery: 8164
  ||line 21, col 5 to line 21, col 66 of module DisasterRecovery: 8164
  |||line 21, col 5 to line 21, col 41 of module DisasterRecovery: 8164
  |||line 21, col 46 to line 21, col 66 of module DisasterRecovery: 5912
  line 96, col 14 to line 96, col 47 of module DisasterRecovery: 4214
  line 97, col 14 to line 97, col 50 of module DisasterRecovery: 3950
<Acknowledge line 99, col 1 to line 99, col 11 of module DisasterRecovery>: 1196:1603
  line 100, col 8 to line 100, col 23 of module DisasterRecovery: 24126
  |line 100, col 8 to line 100, col 16 of module DisasterRecovery: 22523
  |line 100, col 20 to line 100, col 23 of module DisasterRecovery: 22523
  line 100, col 28 to line 100, col 40 of module DisasterRecovery: 17674
  |line 100, col 28 to line 100, col 35 of module DisasterRecovery: 16071
  |line 100, col 39 to line 100, col 40 of module DisasterRecovery: 16071
  line 100, col 45 to line 100, col 57 of module DisasterRecovery: 13518
  |line 100, col 45 to line 100, col 50 of module DisasterRecovery: 11915
  |line 100, col 54 to line 100, col 57 of module DisasterRecovery: 11915
  line 17, col 15 to line 17, col 32 of module DisasterRecovery: 9764
  |line 17, col 15 to line 17, col 22 of module DisasterRecovery: 8161
  |line 17, col 26 to line 17, col 32 of module DisasterRecovery: 8161
  line 17, col 37 to line 17, col 57 of module DisasterRecovery: 3840
  |line 17, col 37 to line 17, col 41 of module DisasterRecovery: 2237
  |line 17, col 45 to line 17, col 57 of module DisasterRecovery: 2237
  line 101, col 8 to line 102, col 67 of module DisasterRecovery: 1603
  |line 101, col 13 to line 102, col 67 of module DisasterRecovery: 1603
  ||line 101, col 14 to line 101, col 14 of module DisasterRecovery: 1603
  ||line 101, col 37 to line 101, col 77 of module DisasterRecovery: 1603
  |||line 101, col 40 to line 101, col 52 of module DisasterRecovery: 1603
  |||line 101, col 59 to line 101, col 67 of module DisasterRecovery: 985
  |||line 101, col 74 to line 101, col 77 of module DisasterRecovery: 618
  ||line 102, col 28 to line 102, col 43 of module DisasterRecovery: 1603
  ||line 102, col 46 to line 102, col 66 of module DisasterRecovery: 1603
<ReturnPermission line 104, col 1 to line 104, col 16 of module DisasterRecovery>: 406:2197
  line 105, col 8 to line 105, col 25 of module DisasterRecovery: 24717
  |line 105, col 8 to line 105, col 18 of module DisasterRecovery: 22520
  |line 105, col 22 to line 105, col 25 of module DisasterRecovery: 22520
  line 105, col 30 to line 105, col 60 of module DisasterRecovery: 4394
  |line 105, col 30 to line 105, col 47 of module DisasterRecovery: 2197
  |line 105, col 53 to line 105, col 60 of module DisasterRecovery: 2197
  line 109, col 11 to line 112, col 72 of module DisasterRecovery: 2197
  |line 109, col 16 to line 112, col 72 of module DisasterRecovery: 2197
  ||line 109, col 17 to line 109, col 17 of module DisasterRecovery: 2197
  ||line 109, col 26 to line 109, col 43 of module DisasterRecovery: 2197
  ||line 110, col 24 to line 110, col 79 of module DisasterRecovery: 2197
  |||line 110, col 27 to line 110, col 44 of module DisasterRecovery: 2197
  |||line 110, col 51 to line 110, col 72 of module DisasterRecovery: 867
  ||line 111, col 35 to line 112, col 71 of module DisasterRecovery: 2197
  |||line 112, col 17 to line 112, col 70 of module DisasterRecovery: 2197
  ||||line 112, col 17 to line 112, col 34 of module DisasterRecovery: 2197
  ||||line 112, col 39 to line 112, col 70 of module DisasterRecovery: 867
<Enqueue line 116, col 1 to line 116, col 25 of module DisasterRecovery>: 210:1693
  line 18, col 15 to line 18, col 28 of module DisasterRecovery: 181927
  |line 18, col 15 to line 18, col 15 of module DisasterRecovery: 180234
  |line 18, col 21 to line 18, col 28 of module DisasterRecovery: 180234
  line 18, col 33 to line 18, col 45 of module DisasterRecovery: 68222
  |line 18, col 33 to line 18, col 38 of module DisasterRecovery: 66529
  |line 18, col 42 to line 18, col 45 of module DisasterRecovery: 66529
  line 17, col 15 to line 17, col 32 of module DisasterRecovery: 46614
  |line 17, col 15 to line 17, col 22 of module DisasterRecovery: 44921
  |line 17, col 26 to line 17, col 32 of module DisasterRecovery: 44921
  line 17, col 37 to line 17, col 57 of module DisasterRecovery: 17858
  |line 17, col 37 to line 17, col 41 of module DisasterRecovery: 16165
  |line 17, col 45 to line 17, col 57 of module DisasterRecovery: 16165
  line 19, col 18 to line 19, col 33 of module DisasterRecovery: 13306
  |line 19, col 18 to line 19, col 26 of module DisasterRecovery: 11613
  |line 19, col 30 to line 19, col 33 of module DisasterRecovery: 11613
  line 19, col 38 to line 19, col 55 of module DisasterRecovery: 6894
  |line 19, col 38 to line 19, col 48 of module DisasterRecovery: 5201
  |line 19, col 52 to line 19, col 55 of module DisasterRecovery: 5201
  line 117, col 16 to line 117, col 16 of module DisasterRecovery: 180234
  line 117, col 22 to line 117, col 37 of module DisasterRecovery: 4570
  |line 117, col 22 to line 117, col 30 of module DisasterRecovery: 2877
  |line 117, col 34 to line 117, col 37 of module DisasterRecovery: 2877
  line 117, col 42 to line 117, col 65 of module DisasterRecovery: 4570
  |line 117, col 42 to line 117, col 52 of module DisasterRecovery: 2877
  line 118, col 8 to line 118, col 26 of module DisasterRecovery: 3386
  |line 118, col 8 to line 118, col 19 of module DisasterRecovery: 1693
  |line 118, col 23 to line 118, col 26 of module DisasterRecovery: 1693
  line 118, col 31 to line 118, col 52 of module DisasterRecovery: 3386
  |line 118, col 31 to line 118, col 39 of module DisasterRecovery: 1693
  |line 118, col 45 to line 118, col 52 of module DisasterRecovery: 1693
  line 120, col 11 to line 122, col 63 of module DisasterRecovery: 1693
<UnjournaledSend line 131, col 1 to line 131, col 27 of module DisasterRecovery>: 0:0
  line 134, col 11 to line 135, col 56 of module DisasterRecovery: 0
<RedisLoss line 145, col 1 to line 145, col 9 of module DisasterRecovery>: 3864:22517
  line 145, col 14 to line 145, col 63 of module DisasterRecovery: 22517
<RedisRollback line 146, col 1 to line 146, col 13 of module DisasterRecovery>: 3321:21230
  line 146, col 18 to line 146, col 33 of module DisasterRecovery: 21230
  |line 146, col 18 to line 146, col 29 of module DisasterRecovery: 22517
  line 147, col 5 to line 147, col 67 of module DisasterRecovery: 21230
<RedisRestart line 148, col 1 to line 148, col 12 of module DisasterRecovery>: 8217:9369
  line 148, col 17 to line 148, col 25 of module DisasterRecovery: 31886
  |line 148, col 17 to line 148, col 21 of module DisasterRecovery: 22517
  line 148, col 30 to line 148, col 54 of module DisasterRecovery: 9369
<RepairMarker line 149, col 1 to line 149, col 12 of module DisasterRecovery>: 1678:7145
  line 149, col 17 to line 149, col 52 of module DisasterRecovery: 29662
  |line 149, col 17 to line 149, col 22 of module DisasterRecovery: 22517
  |line 149, col 28 to line 149, col 52 of module DisasterRecovery: 22517
  line 150, col 5 to line 150, col 38 of module DisasterRecovery: 7145
<DetectMismatch line 152, col 1 to line 152, col 14 of module DisasterRecovery>: 2400:5716
  line 153, col 8 to line 153, col 20 of module DisasterRecovery: 28233
  |line 153, col 8 to line 153, col 15 of module DisasterRecovery: 22517
  |line 153, col 19 to line 153, col 20 of module DisasterRecovery: 22517
  line 153, col 25 to line 153, col 37 of module DisasterRecovery: 22336
  |line 153, col 25 to line 153, col 30 of module DisasterRecovery: 16620
  |line 153, col 34 to line 153, col 37 of module DisasterRecovery: 16620
  line 153, col 42 to line 153, col 59 of module DisasterRecovery: 16934
  |line 153, col 43 to line 153, col 59 of module DisasterRecovery: 11218
  ||line 20, col 22 to line 21, col 66 of module DisasterRecovery: 11218
  |||line 20, col 25 to line 20, col 40 of module DisasterRecovery: 11218
  |||line 20, col 47 to line 20, col 56 of module DisasterRecovery: 3060
  ||||line 17, col 15 to line 17, col 57 of module DisasterRecovery: 3060
  |||||line 17, col 15 to line 17, col 32 of module DisasterRecovery: 3060
  |||||line 17, col 37 to line 17, col 57 of module DisasterRecovery: 1798
  |||line 21, col 5 to line 21, col 66 of module DisasterRecovery: 8158
  ||||line 21, col 5 to line 21, col 41 of module DisasterRecovery: 8158
  ||||line 21, col 46 to line 21, col 66 of module DisasterRecovery: 5906
  line 154, col 8 to line 154, col 86 of module DisasterRecovery: 5716
<Reattach line 156, col 1 to line 156, col 8 of module DisasterRecovery>: 49:648
  line 157, col 8 to line 157, col 20 of module DisasterRecovery: 23165
  |line 157, col 8 to line 157, col 15 of module DisasterRecovery: 22517
  |line 157, col 19 to line 157, col 20 of module DisasterRecovery: 22517
  line 157, col 25 to line 157, col 39 of module DisasterRecovery: 6545
  |line 157, col 26 to line 157, col 39 of module DisasterRecovery: 5897
  line 157, col 44 to line 157, col 59 of module DisasterRecovery: 6357
  |line 157, col 44 to line 157, col 52 of module DisasterRecovery: 5709
  |line 157, col 56 to line 157, col 59 of module DisasterRecovery: 5709
  line 158, col 8 to line 158, col 35 of module DisasterRecovery: 2201
  |line 158, col 8 to line 158, col 13 of module DisasterRecovery: 1553
  |line 158, col 19 to line 158, col 35 of module DisasterRecovery: 1553
  line 158, col 40 to line 158, col 57 of module DisasterRecovery: 1728
  |line 158, col 40 to line 158, col 47 of module DisasterRecovery: 1080
  |line 158, col 51 to line 158, col 57 of module DisasterRecovery: 1080
  line 159, col 8 to line 159, col 59 of module DisasterRecovery: 648
<RecoverBegin line 161, col 1 to line 161, col 12 of module DisasterRecovery>: 130:2316
  line 162, col 9 to line 162, col 21 of module DisasterRecovery: 24833
  |line 162, col 9 to line 162, col 16 of module DisasterRecovery: 22517
  |line 162, col 20 to line 162, col 21 of module DisasterRecovery: 22517
  line 162, col 26 to line 162, col 40 of module DisasterRecovery: 8213
  |line 162, col 27 to line 162, col 40 of module DisasterRecovery: 5897
  line 163, col 8 to line 163, col 18 of module DisasterRecovery: 8025
  |line 163, col 8 to line 163, col 14 of module DisasterRecovery: 5709
  line 164, col 8 to line 172, col 94 of module DisasterRecovery: 2316
  |line 164, col 13 to line 172, col 94 of module DisasterRecovery: 2316
  ||line 164, col 14 to line 164, col 14 of module DisasterRecovery: 2316
  ||line 165, col 10 to line 167, col 51 of module DisasterRecovery: 2316
  ||line 168, col 10 to line 168, col 76 of module DisasterRecovery: 2316
  ||line 169, col 33 to line 169, col 88 of module DisasterRecovery: 2316:19174
  |||line 169, col 47 to line 169, col 87 of module DisasterRecovery: 4632
  ||||line 169, col 47 to line 169, col 59 of module DisasterRecovery: 4632
  |||||line 22, col 18 to line 22, col 48 of module DisasterRecovery: 4632
  ||||||line 22, col 40 to line 22, col 48 of module DisasterRecovery: 2762
  ||||||line 22, col 27 to line 22, col 36 of module DisasterRecovery: 4632
  |||||line 169, col 57 to line 169, col 58 of module DisasterRecovery: 2762
  ||||line 169, col 64 to line 169, col 87 of module DisasterRecovery: 1381
  |||line 169, col 41 to line 169, col 43 of module DisasterRecovery: 2316
  ||line 170, col 41 to line 170, col 55 of module DisasterRecovery: 2316
  ||line 170, col 58 to line 170, col 74 of module DisasterRecovery: 2316
  ||line 171, col 10 to line 171, col 25 of module DisasterRecovery: 2316
  ||line 171, col 28 to line 171, col 48 of module DisasterRecovery: 2316
  ||line 171, col 51 to line 171, col 68 of module DisasterRecovery: 2316
  ||line 172, col 10 to line 172, col 30 of module DisasterRecovery: 2316
  ||line 172, col 73 to line 172, col 93 of module DisasterRecovery: 2316
<RecoverPublish line 174, col 1 to line 174, col 14 of module DisasterRecovery>: 85:85
  line 175, col 8 to line 175, col 24 of module DisasterRecovery: 22602
  |line 175, col 8 to line 175, col 16 of module DisasterRecovery: 22517
  line 175, col 29 to line 175, col 42 of module DisasterRecovery: 222
  |line 175, col 29 to line 175, col 29 of module DisasterRecovery: 137
  line 175, col 47 to line 175, col 61 of module DisasterRecovery: 170
  |line 175, col 47 to line 175, col 54 of module DisasterRecovery: 85
  |line 175, col 58 to line 175, col 61 of module DisasterRecovery: 85
  line 176, col 8 to line 176, col 62 of module DisasterRecovery: 85
<RecoverFinish line 177, col 1 to line 177, col 13 of module DisasterRecovery>: 35:35
  line 178, col 8 to line 178, col 26 of module DisasterRecovery: 22552
  |line 178, col 8 to line 178, col 16 of module DisasterRecovery: 22517
  line 178, col 31 to line 178, col 44 of module DisasterRecovery: 240
  |line 178, col 31 to line 178, col 31 of module DisasterRecovery: 205
  line 17, col 15 to line 17, col 32 of module DisasterRecovery: 138
  |line 17, col 15 to line 17, col 22 of module DisasterRecovery: 103
  |line 17, col 26 to line 17, col 32 of module DisasterRecovery: 103
  line 17, col 37 to line 17, col 57 of module DisasterRecovery: 87
  |line 17, col 37 to line 17, col 41 of module DisasterRecovery: 52
  |line 17, col 45 to line 17, col 57 of module DisasterRecovery: 52
  line 179, col 8 to line 179, col 80 of module DisasterRecovery: 35
<RecoveryCrash line 180, col 1 to line 180, col 13 of module DisasterRecovery>: 188:188
  line 181, col 8 to line 181, col 21 of module DisasterRecovery: 22705
  |line 181, col 8 to line 181, col 8 of module DisasterRecovery: 22517
  line 182, col 8 to line 182, col 45 of module DisasterRecovery: 188
<AuthorityRollback line 186, col 1 to line 186, col 17 of module DisasterRecovery>: 0:0
  line 188, col 8 to line 192, col 47 of module DisasterRecovery: 0
<Next line 194, col 1 to line 194, col 4 of module DisasterRecovery (198 13 198 40)>: 352:1394
  line 125, col 8 to line 125, col 22 of module DisasterRecovery: 2788
  |line 125, col 8 to line 125, col 8 of module DisasterRecovery: 1394
  |line 125, col 14 to line 125, col 22 of module DisasterRecovery: 1394
  line 125, col 27 to line 125, col 47 of module DisasterRecovery: 2788
  |line 125, col 27 to line 125, col 34 of module DisasterRecovery: 1394
  |line 125, col 40 to line 125, col 47 of module DisasterRecovery: 1394
  line 128, col 8 to line 129, col 62 of module DisasterRecovery: 1394
  line 198, col 39 to line 198, col 39 of module DisasterRecovery: 1394
  line 198, col 22 to line 198, col 30 of module DisasterRecovery: 22526
<Next line 194, col 1 to line 194, col 4 of module DisasterRecovery (198 47 198 78)>: 312:650
  line 141, col 8 to line 141, col 23 of module DisasterRecovery: 1468
  |line 141, col 8 to line 141, col 8 of module DisasterRecovery: 818
  |line 141, col 14 to line 141, col 23 of module DisasterRecovery: 818
  line 142, col 8 to line 142, col 46 of module DisasterRecovery: 1468
  |line 142, col 9 to line 142, col 46 of module DisasterRecovery: 818
  ||line 142, col 32 to line 142, col 46 of module DisasterRecovery: 168
  ||line 142, col 20 to line 142, col 28 of module DisasterRecovery: 818
  line 143, col 8 to line 143, col 83 of module DisasterRecovery: 650
  line 198, col 77 to line 198, col 77 of module DisasterRecovery: 818
  line 198, col 56 to line 198, col 65 of module DisasterRecovery: 22526
<TypeOK line 204, col 1 to line 204, col 6 of module DisasterRecovery>
  line 205, col 5 to line 220, col 63 of module DisasterRecovery: 36729
<ReplayKeyUnique line 223, col 1 to line 223, col 15 of module DisasterRecovery>
  line 223, col 20 to line 223, col 95 of module DisasterRecovery: 36729
  |line 223, col 37 to line 223, col 95 of module DisasterRecovery: 146914
  ||line 223, col 37 to line 223, col 64 of module DisasterRecovery: 146914
  |||line 223, col 37 to line 223, col 41 of module DisasterRecovery: 146914
  |||line 223, col 46 to line 223, col 64 of module DisasterRecovery: 73457
  ||line 223, col 69 to line 223, col 95 of module DisasterRecovery: 22735
  |line 223, col 31 to line 223, col 33 of module DisasterRecovery: 36729
End of statistics.
117792 states generated, 36729 distinct states found, 14210 states left on queue.
The depth of the complete state graph search is 15.
The average outdegree of the complete state graph is 2 (minimum is 0, the maximum 9 and the 95th percentile is 5).
Finished in 01s at (2026-09-27 08:11:43)
