PASS DisasterRecovery.cfg: 1608200 states, expected pass, 51.318s
PASS DisasterRecovery_send_before_journal.cfg: 440 states, expected invariant:EverySendJournaled, 0.734s
PASS DisasterRecovery_id_binding.cfg: 438 states, expected invariant:ImmutableAdmission, 0.748s
PASS DisasterRecovery_key_binding.cfg: 36729 states, expected invariant:ReplayKeyUnique, 1.602s
PASS DisasterRecovery_shared_owner.cfg: 8112 states, expected invariant:NoOldEpochAuthorization, 1.016s
PASS DisasterRecovery_fresh_recovery.cfg: 1061650 states, expected invariant:AtMostOneEffectPerId, 25.022s
PASS DisasterRecovery_retry_uid.cfg: 438 states, expected invariant:OriginalPayloadOnRetry, 0.773s
PASS DisasterRecovery_authority_rollback.cfg: 3173699 states, expected invariant:AtMostOneEffectPerId, 77.329s
PASS DisasterRecovery_late_execution_witness.cfg: 23091 states, expected invariant:LateExecutionWitnessNotReached, 1.363s
PASS DisasterRecovery_terminal_attribution.cfg: 93130 states, expected invariant:TerminalHasOwnEffect, 2.984s
PASS DisasterRecoveryProjection.cfg: 220530 states, expected pass, 5.878s
PASS DisasterRecoveryProjection_legacy.cfg: 622118 states, expected pass, 15.803s
PASS DisasterRecoveryProjection_early_permission.cfg: 117 states, expected invariant:PermissionRequiresAcknowledgement, 0.703s
PASS DisasterRecoveryProjection_lost_pending.cfg: 113 states, expected invariant:PendingRetained, 0.704s
PASS DisasterRecoveryProjection_forgiven_rollback.cfg: 2300 states, expected invariant:NoUnwitnessedRepair, 0.814s
PASS DisasterRecoveryProjection_run_adoption.cfg: 270 states, expected invariant:NoAutomaticRunAdoption, 0.725s
PASS DisasterRecoveryProjection_revived_caller.cfg: 2064 states, expected invariant:NoResurrectedCaller, 0.801s
PASS DisasterRecoveryProjection_clear_halt.cfg: 39 states, expected invariant:NoArbitraryHaltClear, 0.709s
PASS DisasterRecoveryProjection_old_marker_witness.cfg: 1902 states, expected invariant:OldMarkerRecoveryNotReached, 0.803s
PASS DisasterRecoveryProjection_new_marker_witness.cfg: 2228 states, expected invariant:NewMarkerRecoveryNotReached, 0.784s
PASS DisasterRecoveryProjection_migration_witness.cfg: 1610 states, expected invariant:MigrationRecoveryNotReached, 0.784s
PASS DisasterRecoveryProjection_uncertain_witness.cfg: 1429 states, expected invariant:UncertainRecoveryNotReached, 0.762s
