INFO [09-27|02:25:44.367] All fork specifications can be found at https://ethereum.github.io/execution-specs/src/ethereum/forks/
INFO [09-27|02:25:44.367] 
INFO [09-27|02:25:44.367] ---------------------------------------------------------------------------------------------------------------------------------------------------------
INFO [09-27|02:25:44.367] 
INFO [09-27|02:25:44.367] Loaded most recent local block           number=4099 hash=28e813..92b6f0 age=15m48s
WARN [09-27|02:25:44.368] Head state missing, repairing            number=4099 hash=28e813..92b6f0 snaproot=9e0214..18c952
INFO [09-27|02:25:44.408] Genesis block reached                    number=0    hash=91d25f..170daa
INFO [09-27|02:25:44.409] Loaded most recent local header          number=4099 hash=28e813..92b6f0 age=15m48s
INFO [09-27|02:25:44.409] Loaded most recent local block           number=0    hash=91d25f..170daa age=57y6mo3w
INFO [09-27|02:25:44.409] Loaded most recent local snap block      number=4099 hash=28e813..92b6f0 age=15m48s
WARN [09-27|02:25:44.409] Enabling snapshot recovery               chainhead=0 diskbase=1
WARN [09-27|02:25:44.409] Loaded snapshot journal                  diffs=missing
WARN [09-27|02:25:44.409] Snapshot is not continuous with chain    snaproot=9e0214..18c952 chainroot=b8e024..c30a2f
INFO [09-27|02:25:44.409] Initialized transaction indexer          range="last 126230400 blocks"
INFO [09-27|02:25:44.412] Setting rebuilding of wasm store to done
INFO [09-27|02:25:44.412] Using pebble as the backing database
INFO [09-27|02:25:44.412] Allocated cache and file handles         database=/tmp/dev-test/nitro/arbitrumdata cache=16.00MiB handles=16
WARN [09-27|02:25:44.439] sequencer enabled without l1 client
INFO [09-27|02:25:44.439] State scheme set by user                 scheme=hash
INFO [09-27|02:25:44.440] Compiler fallback for Stylus compilation configured enabled=true
WARN [09-27|02:25:44.440] Unclean shutdown detected                booted=2026-09-27T02:07:55+0000 age=17m49s
INFO [09-27|02:25:44.440] Starting peer-to-peer node               instance=nitro/v3.11.3-beb2108/linux-arm64/go1.25.12
WARN [09-27|02:25:44.440] P2P server will be useless, neither dialing nor listening
INFO [09-27|02:25:44.440] Started log indexer
INFO [09-27|02:25:44.451] HTTP server started                      endpoint=[::]:8547 auth=false prefix= cors= vhosts=localhost
INFO [09-27|02:25:44.452] New local node record                    seq=1,790,460,135,700 id=f0a1acf8ef1191a9 ip=127.0.0.1 udp=0 tcp=0
INFO [09-27|02:25:44.452] Started P2P networking                   self=enode://2053e3ba465c242b390f4e51cf3dce67bde2ff8350b7f42da3e893a4eeba0d963d31c03cf591bdd29ddde6dd6a3c50c294f32769c25481ebb55be71d72d92730@127.0.0.1:0
INFO [09-27|02:25:44.457] created block                            l2Block=1 l2BlockHash=d37c10..4a694b
INFO [09-27|02:25:45.457] created block                            l2Block=408 l2BlockHash=86792d..42a08f
INFO [09-27|02:25:46.457] created block                            l2Block=858 l2BlockHash=826b66..5826ef
INFO [09-27|02:25:47.457] created block                            l2Block=1249 l2BlockHash=c4cf29..a14040
INFO [09-27|02:25:48.457] created block                            l2Block=1647 l2BlockHash=d8f075..7ab2e4
INFO [09-27|02:25:49.458] created block                            l2Block=2033 l2BlockHash=6b0355..4d0361
INFO [09-27|02:25:50.458] created block                            l2Block=2367 l2BlockHash=e18f26..4651db
INFO [09-27|02:25:51.458] created block                            l2Block=2722 l2BlockHash=a91a63..93a072
INFO [09-27|02:25:52.458] created block                            l2Block=3031 l2BlockHash=4b208b..9a6af1
INFO [09-27|02:25:53.358] created block                            l2Block=3390 l2BlockHash=719471..948324
INFO [09-27|02:25:54.358] created block                            l2Block=3653 l2BlockHash=b7c0ae..ba26f8
INFO [09-27|02:25:55.359] created block                            l2Block=4063 l2BlockHash=046595..823548
INFO [09-27|02:25:56.359] created block                            l2Block=4099 l2BlockHash=28e813..92b6f0
