   Compiling engine-executors v0.1.0 (/Users/alfongj/Code/engine-core/executors)
    Finished `test` profile [unoptimized + debuginfo] target(s) in 1.83s
     Running unittests src/lib.rs (target/debug/deps/engine_executors-961c03e91f9dfd93)

running 57 tests
test eoa::store::atomic::tests::aborted_exec_revalidates_before_reporting_commit ... ok
test eoa::store::atomic::tests::cleanup_reads_only_proven_nonce_groups_and_requires_exact_membership ... ok
test eoa::store::atomic::tests::command_errors_are_not_retried_as_watch_conflicts ... ok
test eoa::store::atomic::tests::concurrent_conflicting_admissions_choose_one_immutable_request ... ok
test eoa::store::atomic::tests::conflicting_admission_cannot_overwrite_a_live_intent ... ok
test eoa::store::atomic::tests::duplicate_intent_cannot_reserve_two_incremented_nonces ... ok
test eoa::store::atomic::tests::finality_page_bounds_large_backlog_and_rotates_after_deletion ... ok
test eoa::store::atomic::tests::full_pending_queue_rejects_new_work_but_preserves_identical_retry ... ok
test eoa::store::atomic::tests::incremented_batch_order_does_not_move_nonce_backward ... ok
test eoa::store::atomic::tests::manual_reset_and_recycled_cleanup_preserve_unresolved_nonce_reservations ... ok
test eoa::store::atomic::tests::noop_cleanup_requires_final_receipt_for_each_nonce_not_shared_noop_id ... ok
test eoa::store::atomic::tests::pending_failure_commits_status_removal_and_retention ... ok
test eoa::store::atomic::tests::pending_failure_requires_current_pending_membership ... ok
test eoa::store::atomic::tests::recycled_nonce_cannot_be_reserved_by_two_intents ... ok
test eoa::store::atomic::tests::removed_pending_request_cannot_be_borrowed_from_a_stale_read ... ok
test eoa::store::atomic::tests::repeated_admission_preserves_pending_inflight_and_completed_state ... ok
test eoa::store::atomic::tests::retained_finality_backlog_is_bounded_independently_of_mempool_capacity ... ok
test eoa::store::atomic::tests::retained_old_receipts_never_rewind_below_observed_chain_count ... ok
test eoa::store::atomic::tests::reverted_receipt_fails_once_without_retrying_or_recycling_nonce ... ok
test eoa::store::atomic::tests::shared_unwatch_cannot_disable_a_stale_owner_fence ... ok
test eoa::store::atomic::tests::simple_lock_checked_write_rejects_takeover_before_exec ... ok
test eoa::store::atomic::tests::stale_owner_cannot_fail_pending_batch ... ok
test eoa::store::atomic::tests::stale_owner_cannot_fail_single_pending_request ... ok
test eoa::store::atomic::tests::successful_receipt_still_confirms_once_and_retains_history ... ok
test eoa::store::atomic::tests::trailing_recycled_nonce_resets_to_chain_count_including_zero ... ok
test eoa::worker::confirm::receipt_tests::legacy_fee_request_survives_storage_and_signed_wire_encoding ... ok
test eoa::worker::confirm::receipt_tests::receipt_outage_cannot_requeue_an_already_broadcast_intent ... ok
test eoa::worker::send::tests::rpc_rejection_keeps_original_nonce_wire_and_unknown_webhook_state ... ok
test eoa::worker::transaction::fee_tests::stalled_nonce_preserves_capped_unbuildable_and_missing_intents ... ok
test external_bundler::deployment::tests::stale_completion_cannot_release_or_cache_for_a_new_owner ... ok
test finality::tests::active_poll_detects_checkpoint_rollback_without_new_receipt ... ok
test finality::tests::eip7702_unqualified_jobs_park_without_rpc_or_registry_cleanup ... ok
test finality::tests::eoa_provisional_revert_or_orphan_retains_nonce_and_sending_capacity_until_finality ... ok
test finality::tests::erc4337_requires_identity_canonical_event_and_finality_for_both_outcomes ... ok
test finality::tests::terminal_journal_restores_winning_eoa_hash_only_for_original_intent_and_nonce ... ok
test finality::tests::userop_confirmation_rejects_projection_substitution_before_rpc ... ok
test recovery::tests::builder_preserves_authorizations_even_when_recipient_is_already_delegated ... ok
test solana_executor::worker::recovery_tests::a_receipt_for_another_signature_is_not_success ... ok
test solana_executor::worker::recovery_tests::confirmed_revert_then_reorg_cannot_terminate_or_resign_a_legacy_confirmed_job ... ok
test solana_executor::worker::recovery_tests::expiry_boundary_rebroadcasts_then_parks_without_re_signing ... ok
test solana_executor::worker::recovery_tests::finalized_error_requires_matching_receipt_and_nonstale_context ... ok
test solana_executor::worker::recovery_tests::landing_between_first_status_and_finalized_expiry_never_rebuilds ... ok
test solana_executor::worker::recovery_tests::legacy_attempt_is_made_persistent_and_never_rebuilt ... ok
test solana_executor::worker::recovery_tests::lost_response_and_already_processed_reconcile_one_signature ... ok
test solana_executor::worker::recovery_tests::lost_storage_lock_cannot_replace_or_resume_attempt ... ok
test solana_executor::worker::recovery_tests::malformed_status_count_and_disagreeing_error_fields_do_not_succeed ... ok
test solana_executor::worker::recovery_tests::persisted_before_send_crash_recovers_identical_bytes_without_signing ... ok
test solana_executor::worker::recovery_tests::previously_visible_then_stale_absence_never_re_signs_or_erases_evidence ... ok
test solana_executor::worker::recovery_tests::reconciliation_budget_parks_without_rpc_and_explicit_resume_preserves_identity ... ok
test solana_executor::worker::recovery_tests::redis_lock_command_failure_requeues_without_rpc_or_losing_attempt ... ok
test solana_executor::worker::recovery_tests::response_timeout_retains_the_exact_attempt_for_recovery ... ok
test solana_executor::worker::recovery_tests::serialized_attempt_checks_its_own_hash_and_parks_unknown_expiry ... ok
test solana_executor::worker::recovery_tests::sql_attempt_precedes_redis_and_unbound_substitution_never_broadcasts ... ok
test solana_executor::worker::recovery_tests::terminal_cleanup_waits_for_commit_and_cancellation_retains_unknown_attempt ... ok
test solana_executor::worker::recovery_tests::terminal_journal_resumes_cleanup_and_missing_projection_never_signs ... ok
test solana_executor::worker::recovery_tests::visible_unfinalized_status_and_history_errors_cannot_trigger_replacement ... ok
test solana_executor::worker::recovery_tests::wrong_cluster_or_unavailable_genesis_never_signs_or_sends ... ok

test result: ok. 57 passed; 0 failed; 0 ignored; 0 measured; 37 filtered out; finished in 4.83s
