warning: constant `MAX_INFLIGHT_PER_EOA` is never used
  --> executors/src/eoa/worker/mod.rs:36:7
   |
36 | const MAX_INFLIGHT_PER_EOA: u64 = 100; // Default from spec
   |       ^^^^^^^^^^^^^^^^^^^^
   |
   = note: `#[warn(dead_code)]` (part of `#[warn(unused)]`) on by default

warning: constant `MAX_RECYCLED_THRESHOLD` is never used
  --> executors/src/eoa/worker/mod.rs:37:7
   |
37 | const MAX_RECYCLED_THRESHOLD: u64 = 50; // Circuit breaker from spec
   |       ^^^^^^^^^^^^^^^^^^^^^^

warning: constant `TARGET_TRANSACTIONS_PER_EOA` is never used
  --> executors/src/eoa/worker/mod.rs:38:7
   |
38 | const TARGET_TRANSACTIONS_PER_EOA: u64 = 10; // Fleet management from spec
   |       ^^^^^^^^^^^^^^^^^^^^^^^^^^^

warning: constant `MIN_TRANSACTIONS_PER_EOA` is never used
  --> executors/src/eoa/worker/mod.rs:39:7
   |
39 | const MIN_TRANSACTIONS_PER_EOA: u64 = 1; // Fleet management from spec
   |       ^^^^^^^^^^^^^^^^^^^^^^^^

warning: `engine-executors` (lib) generated 4 warnings
   Compiling thirdweb-engine v0.1.0 (/Users/alfongj/Code/engine-core/server)
    Finished `test` profile [unoptimized] target(s) in 9.09s
     Running tests/api_safety.rs (target/debug/deps/api_safety-5753ad047751c640)

running 2 tests
test public_routes_reject_unauthorized_mutations_and_invalid_execution ... FAILED
test configured_signer_routes_authenticate_and_queue_only_public_identity ... FAILED

failures:

---- public_routes_reject_unauthorized_mutations_and_invalid_execution stdout ----

thread 'public_routes_reject_unauthorized_mutations_and_invalid_execution' (473138) panicked at server/tests/api_safety.rs:62:14:
Install redis-server or set REDIS_SERVER_BIN to run the Redis integration tests: Os { code: 2, kind: NotFound, message: "No such file or directory" }
note: run with `RUST_BACKTRACE=1` environment variable to display a backtrace

---- configured_signer_routes_authenticate_and_queue_only_public_identity stdout ----

thread 'configured_signer_routes_authenticate_and_queue_only_public_identity' (473137) panicked at server/tests/api_safety.rs:446:9:

running 1 test
test configured_signer_routes_authenticate_and_queue_only_public_identity ... FAILED

failures:

failures:
    configured_signer_routes_authenticate_and_queue_only_public_identity

test result: FAILED. 0 passed; 1 failed; 0 ignored; 0 measured; 1 filtered out; finished in 0.00s



thread 'configured_signer_routes_authenticate_and_queue_only_public_identity' (473161) panicked at server/tests/api_safety.rs:62:14:
Install redis-server or set REDIS_SERVER_BIN to run the Redis integration tests: Os { code: 2, kind: NotFound, message: "No such file or directory" }
note: run with `RUST_BACKTRACE=1` environment variable to display a backtrace



failures:
    configured_signer_routes_authenticate_and_queue_only_public_identity
    public_routes_reject_unauthorized_mutations_and_invalid_execution

test result: FAILED. 0 passed; 2 failed; 0 ignored; 0 measured; 0 filtered out; finished in 0.01s

error: test failed, to rerun pass `-p thirdweb-engine --test api_safety`
