   Compiling twmq v0.1.0 (/Users/alfongj/Code/engine-core/twmq)
    Finished `test` profile [unoptimized + debuginfo] target(s) in 1.99s
     Running unittests src/lib.rs (target/debug/deps/twmq-395ea38072a245fa)

running 4 tests
test lease_tests::pruning_preserves_delayed_reused_id_and_deletes_finished_jobs ... FAILED
test lease_tests::cancellation_of_reused_id_is_not_overruled_by_historical_success ... FAILED
test multilane::lease_tests::cancellation_of_reused_lane_id_is_not_overruled_by_historical_success ... FAILED
test multilane::lease_tests::pruning_preserves_delayed_reused_id_and_deletes_finished_lane_jobs ... FAILED

failures:

---- lease_tests::pruning_preserves_delayed_reused_id_and_deletes_finished_jobs stdout ----

thread 'lease_tests::pruning_preserves_delayed_reused_id_and_deletes_finished_jobs' (438070) panicked at twmq/src/lease_tests.rs:85:59:
called `Option::unwrap()` on a `None` value
note: run with `RUST_BACKTRACE=1` environment variable to display a backtrace

---- lease_tests::cancellation_of_reused_id_is_not_overruled_by_historical_success stdout ----

thread 'lease_tests::cancellation_of_reused_id_is_not_overruled_by_historical_success' (438069) panicked at twmq/src/lease_tests.rs:127:9:
assertion failed: queue.pop_batch_jobs(1).await.unwrap().is_empty()

---- multilane::lease_tests::cancellation_of_reused_lane_id_is_not_overruled_by_historical_success stdout ----

thread 'multilane::lease_tests::cancellation_of_reused_lane_id_is_not_overruled_by_historical_success' (438071) panicked at twmq/src/multilane_lease_tests.rs:82:9:
assertion failed: queue.pop_batch_jobs(1).await.unwrap().is_empty()

---- multilane::lease_tests::pruning_preserves_delayed_reused_id_and_deletes_finished_lane_jobs stdout ----

thread 'multilane::lease_tests::pruning_preserves_delayed_reused_id_and_deletes_finished_lane_jobs' (438072) panicked at twmq/src/multilane_lease_tests.rs:52:9:
assertion failed: queue.get_job("trigger-prune").await.unwrap().is_none()


failures:
    lease_tests::cancellation_of_reused_id_is_not_overruled_by_historical_success
    lease_tests::pruning_preserves_delayed_reused_id_and_deletes_finished_jobs
    multilane::lease_tests::cancellation_of_reused_lane_id_is_not_overruled_by_historical_success
    multilane::lease_tests::pruning_preserves_delayed_reused_id_and_deletes_finished_lane_jobs

test result: FAILED. 0 passed; 4 failed; 0 ignored; 0 measured; 14 filtered out; finished in 0.01s

error: test failed, to rerun pass `-p twmq --lib`
