TAP version 13
# Subtest: an exhausted shared campaign stops later slots and later stages without retry
not ok 1 - an exhausted shared campaign stops later slots and later stages without retry
  ---
  duration_ms: 200.100292
  type: 'test'
  location: '/private/tmp/engine-rpc-budget-ci-fix/forced-late-original.test.mjs:103:1'
  failureType: 'testCodeFailure'
  error: |-
    Expected values to be strictly equal:
    
    2 !== 1
    
  code: 'ERR_ASSERTION'
  name: 'AssertionError'
  expected: 1
  actual: 2
  operator: 'strictEqual'
  stack: |-
    TestContext.<anonymous> (file:///private/tmp/engine-rpc-budget-ci-fix/forced-late-original.test.mjs:108:37)
    process.processTicksAndRejections (node:internal/process/task_queues:105:5)
    async Test.run (node:internal/test_runner/test:1054:7)
    async startSubtestAfterBootstrap (node:internal/test_runner/harness:296:3)
  ...
1..1
# tests 1
# suites 0
# pass 0
# fail 1
# cancelled 0
# skipped 0
# todo 0
# duration_ms 325.685833
