test	RPC spending guard and load generator tests	﻿2026-09-27T03:32:29.5957362Z ##[group]Run node --test scripts/rpc/budget-gateway.test.mjs scripts/rpc/load-probe.test.mjs
test	RPC spending guard and load generator tests	2026-09-27T03:32:29.5957979Z [36;1mnode --test scripts/rpc/budget-gateway.test.mjs scripts/rpc/load-probe.test.mjs[0m
test	RPC spending guard and load generator tests	2026-09-27T03:32:29.5997840Z shell: /usr/bin/bash -e {0}
test	RPC spending guard and load generator tests	2026-09-27T03:32:29.5998180Z env:
test	RPC spending guard and load generator tests	2026-09-27T03:32:29.5998406Z   CARGO_TERM_COLOR: always
test	RPC spending guard and load generator tests	2026-09-27T03:32:29.5998644Z   CARGO_PROFILE_DEV_DEBUG: 0
test	RPC spending guard and load generator tests	2026-09-27T03:32:29.5998934Z   CARGO_PROFILE_TEST_DEBUG: 0
test	RPC spending guard and load generator tests	2026-09-27T03:32:29.5999196Z   TEST_REDIS_URL: redis://127.0.0.1:6379/
test	RPC spending guard and load generator tests	2026-09-27T03:32:29.5999435Z ##[endgroup]
test	RPC spending guard and load generator tests	2026-09-27T03:32:29.8977239Z TAP version 13
test	RPC spending guard and load generator tests	2026-09-27T03:32:30.5649200Z # Subtest: crash/restart forfeits reserved calls instead of resetting the cap
test	RPC spending guard and load generator tests	2026-09-27T03:32:30.5654152Z ok 1 - crash/restart forfeits reserved calls instead of resetting the cap
test	RPC spending guard and load generator tests	2026-09-27T03:32:30.5655169Z   ---
test	RPC spending guard and load generator tests	2026-09-27T03:32:30.5655632Z   duration_ms: 247.139036
test	RPC spending guard and load generator tests	2026-09-27T03:32:30.5656152Z   type: 'test'
test	RPC spending guard and load generator tests	2026-09-27T03:32:30.5656586Z   ...
test	RPC spending guard and load generator tests	2026-09-27T03:32:31.0508569Z # Subtest: counts individual batch calls, rejects over-budget before upstream, redacts echoed key
test	RPC spending guard and load generator tests	2026-09-27T03:32:31.0509827Z ok 2 - counts individual batch calls, rejects over-budget before upstream, redacts echoed key
test	RPC spending guard and load generator tests	2026-09-27T03:32:31.0511914Z   ---
test	RPC spending guard and load generator tests	2026-09-27T03:32:31.0512503Z   duration_ms: 338.488936
test	RPC spending guard and load generator tests	2026-09-27T03:32:31.0515353Z   type: 'test'
test	RPC spending guard and load generator tests	2026-09-27T03:32:31.0542417Z   ...
test	RPC spending guard and load generator tests	2026-09-27T03:32:31.0550277Z # Subtest: corrupt durable counters and a ceiling above $12 fail closed
test	RPC spending guard and load generator tests	2026-09-27T03:32:31.0551639Z ok 3 - corrupt durable counters and a ceiling above $12 fail closed
test	RPC spending guard and load generator tests	2026-09-27T03:32:31.0552308Z   ---
test	RPC spending guard and load generator tests	2026-09-27T03:32:31.0564429Z   duration_ms: 1.041681
test	RPC spending guard and load generator tests	2026-09-27T03:32:31.0565096Z   type: 'test'
test	RPC spending guard and load generator tests	2026-09-27T03:32:31.0565525Z   ...
test	RPC spending guard and load generator tests	2026-09-27T03:32:31.0721889Z # Subtest: durability failure never dispatches and latches further traffic closed
test	RPC spending guard and load generator tests	2026-09-27T03:32:31.0723020Z ok 4 - durability failure never dispatches and latches further traffic closed
test	RPC spending guard and load generator tests	2026-09-27T03:32:31.0723485Z   ---
test	RPC spending guard and load generator tests	2026-09-27T03:32:31.0723904Z   duration_ms: 300.111024
test	RPC spending guard and load generator tests	2026-09-27T03:32:31.0724322Z   type: 'test'
test	RPC spending guard and load generator tests	2026-09-27T03:32:31.0724688Z   ...
test	RPC spending guard and load generator tests	2026-09-27T03:32:31.1373026Z # Subtest: shutdown drains already admitted work before returning final counters
test	RPC spending guard and load generator tests	2026-09-27T03:32:31.1374341Z ok 5 - shutdown drains already admitted work before returning final counters
test	RPC spending guard and load generator tests	2026-09-27T03:32:31.1374813Z   ---
test	RPC spending guard and load generator tests	2026-09-27T03:32:31.1375176Z   duration_ms: 69.589088
test	RPC spending guard and load generator tests	2026-09-27T03:32:31.1375561Z   type: 'test'
test	RPC spending guard and load generator tests	2026-09-27T03:32:31.1375992Z   ...
test	RPC spending guard and load generator tests	2026-09-27T03:32:31.5680486Z # Subtest: forced shutdown aborts hung upstream and still finalizes counters
test	RPC spending guard and load generator tests	2026-09-27T03:32:31.5682105Z ok 6 - forced shutdown aborts hung upstream and still finalizes counters
test	RPC spending guard and load generator tests	2026-09-27T03:32:31.5684085Z   ---
test	RPC spending guard and load generator tests	2026-09-27T03:32:31.5684425Z   duration_ms: 19.673213
test	RPC spending guard and load generator tests	2026-09-27T03:32:31.5684835Z   type: 'test'
test	RPC spending guard and load generator tests	2026-09-27T03:32:31.5685138Z   ...
test	RPC spending guard and load generator tests	2026-09-27T03:32:31.6099150Z # Subtest: escaped echoed keys, oversized responses, and non-loopback Host are contained
test	RPC spending guard and load generator tests	2026-09-27T03:32:31.6100352Z ok 7 - escaped echoed keys, oversized responses, and non-loopback Host are contained
test	RPC spending guard and load generator tests	2026-09-27T03:32:31.6100944Z   ---
test	RPC spending guard and load generator tests	2026-09-27T03:32:31.6101551Z   duration_ms: 425.526605
test	RPC spending guard and load generator tests	2026-09-27T03:32:31.6102027Z   type: 'test'
test	RPC spending guard and load generator tests	2026-09-27T03:32:31.6102293Z   ...
test	RPC spending guard and load generator tests	2026-09-27T03:32:31.7831734Z # Subtest: concurrent admissions cannot exceed the durable ceiling
test	RPC spending guard and load generator tests	2026-09-27T03:32:31.7832559Z ok 8 - concurrent admissions cannot exceed the durable ceiling
test	RPC spending guard and load generator tests	2026-09-27T03:32:31.7833062Z   ---
test	RPC spending guard and load generator tests	2026-09-27T03:32:31.7833338Z   duration_ms: 202.470279
test	RPC spending guard and load generator tests	2026-09-27T03:32:31.7833637Z   type: 'test'
test	RPC spending guard and load generator tests	2026-09-27T03:32:31.7833871Z   ...
test	RPC spending guard and load generator tests	2026-09-27T03:32:31.8479798Z # Subtest: only literal loopback routes, finite stages, explicit execution, and preserved evidence filenames
test	RPC spending guard and load generator tests	2026-09-27T03:32:31.8480616Z ok 9 - only literal loopback routes, finite stages, explicit execution, and preserved evidence filenames
test	RPC spending guard and load generator tests	2026-09-27T03:32:31.8481336Z   ---
test	RPC spending guard and load generator tests	2026-09-27T03:32:31.8481602Z   duration_ms: 134.412403
test	RPC spending guard and load generator tests	2026-09-27T03:32:31.8481900Z   type: 'test'
test	RPC spending guard and load generator tests	2026-09-27T03:32:31.8482447Z   ...
test	RPC spending guard and load generator tests	2026-09-27T03:32:31.8482911Z # Subtest: deterministic bounded request mix, no retries, and saved report excludes raw provider text
test	RPC spending guard and load generator tests	2026-09-27T03:32:31.8483618Z ok 10 - deterministic bounded request mix, no retries, and saved report excludes raw provider text
test	RPC spending guard and load generator tests	2026-09-27T03:32:31.8483993Z   ---
test	RPC spending guard and load generator tests	2026-09-27T03:32:31.8484220Z   duration_ms: 1268.201909
test	RPC spending guard and load generator tests	2026-09-27T03:32:31.8484450Z   type: 'test'
test	RPC spending guard and load generator tests	2026-09-27T03:32:31.8484863Z   ...
test	RPC spending guard and load generator tests	2026-09-27T03:32:31.8485385Z # Subtest: scheduler drops overdue slots without catch-up requests or retries
test	RPC spending guard and load generator tests	2026-09-27T03:32:31.8486074Z ok 11 - scheduler drops overdue slots without catch-up requests or retries
test	RPC spending guard and load generator tests	2026-09-27T03:32:31.8486981Z   ---
test	RPC spending guard and load generator tests	2026-09-27T03:32:31.8487262Z   duration_ms: 1.085555
test	RPC spending guard and load generator tests	2026-09-27T03:32:31.8487643Z   type: 'test'
test	RPC spending guard and load generator tests	2026-09-27T03:32:31.8487997Z   ...
test	RPC spending guard and load generator tests	2026-09-27T03:32:31.8488691Z # Subtest: local caller concurrency saturation drops scheduled work instead of unbounded queuing or retry
test	RPC spending guard and load generator tests	2026-09-27T03:32:31.8489673Z ok 12 - local caller concurrency saturation drops scheduled work instead of unbounded queuing or retry
test	RPC spending guard and load generator tests	2026-09-27T03:32:31.8490319Z   ---
test	RPC spending guard and load generator tests	2026-09-27T03:32:31.8490656Z   duration_ms: 204.140763
test	RPC spending guard and load generator tests	2026-09-27T03:32:31.8491063Z   type: 'test'
test	RPC spending guard and load generator tests	2026-09-27T03:32:31.8491517Z   ...
test	RPC spending guard and load generator tests	2026-09-27T03:32:31.8492120Z # Subtest: gateway local admission rejection is distinct from upstream throttling
test	RPC spending guard and load generator tests	2026-09-27T03:32:31.8492880Z ok 13 - gateway local admission rejection is distinct from upstream throttling
test	RPC spending guard and load generator tests	2026-09-27T03:32:31.8493389Z   ---
test	RPC spending guard and load generator tests	2026-09-27T03:32:31.8493720Z   duration_ms: 58.700841
test	RPC spending guard and load generator tests	2026-09-27T03:32:31.8494073Z   type: 'test'
test	RPC spending guard and load generator tests	2026-09-27T03:32:31.8494413Z   ...
test	RPC spending guard and load generator tests	2026-09-27T03:32:31.8941840Z # Subtest: budget precheck and write-method rejection make no paid dispatches
test	RPC spending guard and load generator tests	2026-09-27T03:32:31.8942791Z ok 14 - budget precheck and write-method rejection make no paid dispatches
test	RPC spending guard and load generator tests	2026-09-27T03:32:31.8943301Z   ---
test	RPC spending guard and load generator tests	2026-09-27T03:32:31.8943585Z   duration_ms: 5.926649
test	RPC spending guard and load generator tests	2026-09-27T03:32:31.8943998Z   type: 'test'
test	RPC spending guard and load generator tests	2026-09-27T03:32:31.8944389Z   ...
test	RPC spending guard and load generator tests	2026-09-27T03:32:32.1266183Z # Subtest: an exhausted shared campaign stops later slots and later stages without retry
test	RPC spending guard and load generator tests	2026-09-27T03:32:32.1270138Z not ok 15 - an exhausted shared campaign stops later slots and later stages without retry
test	RPC spending guard and load generator tests	2026-09-27T03:32:32.1274419Z   ---
test	RPC spending guard and load generator tests	2026-09-27T03:32:32.1278551Z   duration_ms: 273.487262
test	RPC spending guard and load generator tests	2026-09-27T03:32:32.1278964Z   type: 'test'
test	RPC spending guard and load generator tests	2026-09-27T03:32:32.1279456Z   location: '/home/runner/work/engine-core/engine-core/scripts/rpc/load-probe.test.mjs:103:1'
test	RPC spending guard and load generator tests	2026-09-27T03:32:32.1279966Z   failureType: 'testCodeFailure'
test	RPC spending guard and load generator tests	2026-09-27T03:32:32.1280344Z   error: |-
test	RPC spending guard and load generator tests	2026-09-27T03:32:32.1280675Z     Expected values to be strictly equal:
test	RPC spending guard and load generator tests	2026-09-27T03:32:32.1280993Z     
test	RPC spending guard and load generator tests	2026-09-27T03:32:32.1281325Z     2 !== 1
test	RPC spending guard and load generator tests	2026-09-27T03:32:32.1281518Z     
test	RPC spending guard and load generator tests	2026-09-27T03:32:32.1281750Z   code: 'ERR_ASSERTION'
test	RPC spending guard and load generator tests	2026-09-27T03:32:32.1281984Z   name: 'AssertionError'
test	RPC spending guard and load generator tests	2026-09-27T03:32:32.1282230Z   expected: 1
test	RPC spending guard and load generator tests	2026-09-27T03:32:32.1282477Z   actual: 2
test	RPC spending guard and load generator tests	2026-09-27T03:32:32.1282674Z   operator: 'strictEqual'
test	RPC spending guard and load generator tests	2026-09-27T03:32:32.1282945Z   stack: |-
test	RPC spending guard and load generator tests	2026-09-27T03:32:32.1283442Z     TestContext.<anonymous> (file:///home/runner/work/engine-core/engine-core/scripts/rpc/load-probe.test.mjs:108:37)
test	RPC spending guard and load generator tests	2026-09-27T03:32:32.1284019Z     process.processTicksAndRejections (node:internal/process/task_queues:103:5)
test	RPC spending guard and load generator tests	2026-09-27T03:32:32.1284471Z     async Test.run (node:internal/test_runner/test:1054:7)
test	RPC spending guard and load generator tests	2026-09-27T03:32:32.1284853Z     async Test.processPendingSubtests (node:internal/test_runner/test:744:7)
test	RPC spending guard and load generator tests	2026-09-27T03:32:32.1285202Z   ...
test	RPC spending guard and load generator tests	2026-09-27T03:32:32.7694964Z # Subtest: EVM recipe discovers real recent hashes and funded senders with bounded reads
test	RPC spending guard and load generator tests	2026-09-27T03:32:32.7696315Z ok 16 - EVM recipe discovers real recent hashes and funded senders with bounded reads
test	RPC spending guard and load generator tests	2026-09-27T03:32:32.7696973Z   ---
test	RPC spending guard and load generator tests	2026-09-27T03:32:32.7697479Z   duration_ms: 643.009999
test	RPC spending guard and load generator tests	2026-09-27T03:32:32.7698395Z   type: 'test'
test	RPC spending guard and load generator tests	2026-09-27T03:32:32.7698909Z   ...
test	RPC spending guard and load generator tests	2026-09-27T03:32:32.9151899Z # Subtest: Solana recipe probes known recent signatures and distinguishes null transaction results
test	RPC spending guard and load generator tests	2026-09-27T03:32:32.9153612Z ok 17 - Solana recipe probes known recent signatures and distinguishes null transaction results
test	RPC spending guard and load generator tests	2026-09-27T03:32:32.9154160Z   ---
test	RPC spending guard and load generator tests	2026-09-27T03:32:32.9154439Z   duration_ms: 103.749024
test	RPC spending guard and load generator tests	2026-09-27T03:32:32.9154687Z   type: 'test'
test	RPC spending guard and load generator tests	2026-09-27T03:32:32.9154914Z   ...
test	RPC spending guard and load generator tests	2026-09-27T03:32:33.0546752Z # Subtest: malformed error envelopes never count as successful RPC responses
test	RPC spending guard and load generator tests	2026-09-27T03:32:33.0547363Z ok 18 - malformed error envelopes never count as successful RPC responses
test	RPC spending guard and load generator tests	2026-09-27T03:32:33.0548116Z   ---
test	RPC spending guard and load generator tests	2026-09-27T03:32:33.0548562Z   duration_ms: 182.927982
test	RPC spending guard and load generator tests	2026-09-27T03:32:33.0548951Z   type: 'test'
test	RPC spending guard and load generator tests	2026-09-27T03:32:33.0549314Z   ...
test	RPC spending guard and load generator tests	2026-09-27T03:32:33.0626679Z 1..18
test	RPC spending guard and load generator tests	2026-09-27T03:32:33.0627130Z # tests 18
test	RPC spending guard and load generator tests	2026-09-27T03:32:33.0627390Z # suites 0
test	RPC spending guard and load generator tests	2026-09-27T03:32:33.0627659Z # pass 17
test	RPC spending guard and load generator tests	2026-09-27T03:32:33.0627907Z # fail 1
test	RPC spending guard and load generator tests	2026-09-27T03:32:33.0628120Z # cancelled 0
test	RPC spending guard and load generator tests	2026-09-27T03:32:33.0628342Z # skipped 0
test	RPC spending guard and load generator tests	2026-09-27T03:32:33.0628587Z # todo 0
test	RPC spending guard and load generator tests	2026-09-27T03:32:33.0628864Z # duration_ms 3178.721901
test	RPC spending guard and load generator tests	2026-09-27T03:32:33.0673107Z ##[error]Process completed with exit code 1.
