TLC2 Version 2.19 of 08 August 2024 (rev: 5a47802)
Running breadth-first search Model-Checking with fp 0 and seed 1 with 1 worker on 10 cores with 1820MB heap and 64MB offheap memory [pid: 52510] (Mac OS X 26.6.2 aarch64, Eclipse Adoptium 21.0.12.1 x86_64, MSBDiskFPSet, DiskStateQueue).
Parsing file /Users/alfongj/Code/engine-core/formal/tla/DepthCheckpoint.tla
Parsing file /private/var/folders/ky/s5xblf5j3515d6h6ss25z3w80000gn/T/Naturals.tla
Parsing file /private/var/folders/ky/s5xblf5j3515d6h6ss25z3w80000gn/T/FiniteSets.tla
Parsing file /private/var/folders/ky/s5xblf5j3515d6h6ss25z3w80000gn/T/Sequences.tla
Semantic processing of module Naturals
Semantic processing of module Sequences
Semantic processing of module FiniteSets
Semantic processing of module DepthCheckpoint
Starting... (2026-09-26 22:48:48)
Computing initial states...
Finished computing initial states: 1 distinct state generated at 2026-09-26 22:48:48.
Error: Invariant PositiveConflictHalts is violated.
Error: The behavior up to this point is:
State 1: <Initial predicate>
s = [ ledger |-> <<"A", "A", "A", "A">>,
  head |-> 3,
  reorgs |-> 0,
  phase |-> "idle",
  observedHead |-> 0,
  observedHeadHash |-> "none",
  boundary |-> 0,
  boundaryHash |-> "none",
  checkpoint |-> 0,
  checkpointHash |-> "none",
  qualified |-> 0,
  qualifiedHash |-> "none",
  halted |-> FALSE,
  haltWasQualifiedConflict |-> FALSE,
  checked |-> FALSE,
  checkedQualifiedConflict |-> FALSE,
  sawShallowReorg |-> FALSE,
  survivedShallowReorg |-> FALSE ]

State 2: <ReadHead line 49, col 5 to line 51, col 69 of module DepthCheckpoint>
s = [ ledger |-> <<"A", "A", "A", "A">>,
  head |-> 3,
  reorgs |-> 0,
  phase |-> "boundary",
  observedHead |-> 3,
  observedHeadHash |-> "A",
  boundary |-> 0,
  boundaryHash |-> "none",
  checkpoint |-> 0,
  checkpointHash |-> "none",
  qualified |-> 0,
  qualifiedHash |-> "none",
  halted |-> FALSE,
  haltWasQualifiedConflict |-> FALSE,
  checked |-> FALSE,
  checkedQualifiedConflict |-> FALSE,
  sawShallowReorg |-> FALSE,
  survivedShallowReorg |-> FALSE ]

State 3: <ReadBoundary line 54, col 5 to line 57, col 49 of module DepthCheckpoint>
s = [ ledger |-> <<"A", "A", "A", "A">>,
  head |-> 3,
  reorgs |-> 0,
  phase |-> "recheckHead",
  observedHead |-> 3,
  observedHeadHash |-> "A",
  boundary |-> 1,
  boundaryHash |-> "A",
  checkpoint |-> 0,
  checkpointHash |-> "none",
  qualified |-> 0,
  qualifiedHash |-> "none",
  halted |-> FALSE,
  haltWasQualifiedConflict |-> FALSE,
  checked |-> FALSE,
  checkedQualifiedConflict |-> FALSE,
  sawShallowReorg |-> FALSE,
  survivedShallowReorg |-> FALSE ]

State 4: <RecheckHead line 60, col 5 to line 62, col 67 of module DepthCheckpoint>
s = [ ledger |-> <<"A", "A", "A", "A">>,
  head |-> 3,
  reorgs |-> 0,
  phase |-> "recheckBoundary",
  observedHead |-> 3,
  observedHeadHash |-> "A",
  boundary |-> 1,
  boundaryHash |-> "A",
  checkpoint |-> 0,
  checkpointHash |-> "none",
  qualified |-> 0,
  qualifiedHash |-> "none",
  halted |-> FALSE,
  haltWasQualifiedConflict |-> FALSE,
  checked |-> FALSE,
  checkedQualifiedConflict |-> FALSE,
  sawShallowReorg |-> FALSE,
  survivedShallowReorg |-> FALSE ]

State 5: <RecheckBoundary line 65, col 5 to line 67, col 57 of module DepthCheckpoint>
s = [ ledger |-> <<"A", "A", "A", "A">>,
  head |-> 3,
  reorgs |-> 0,
  phase |-> "ready",
  observedHead |-> 3,
  observedHeadHash |-> "A",
  boundary |-> 1,
  boundaryHash |-> "A",
  checkpoint |-> 0,
  checkpointHash |-> "none",
  qualified |-> 0,
  qualifiedHash |-> "none",
  halted |-> FALSE,
  haltWasQualifiedConflict |-> FALSE,
  checked |-> FALSE,
  checkedQualifiedConflict |-> FALSE,
  sawShallowReorg |-> FALSE,
  survivedShallowReorg |-> FALSE ]

State 6: <Reorg line 35, col 5 to line 43, col 76 of module DepthCheckpoint>
s = [ ledger |-> <<"B", "B", "B", "A">>,
  head |-> 3,
  reorgs |-> 1,
  phase |-> "ready",
  observedHead |-> 3,
  observedHeadHash |-> "A",
  boundary |-> 1,
  boundaryHash |-> "A",
  checkpoint |-> 0,
  checkpointHash |-> "none",
  qualified |-> 0,
  qualifiedHash |-> "none",
  halted |-> FALSE,
  haltWasQualifiedConflict |-> FALSE,
  checked |-> FALSE,
  checkedQualifiedConflict |-> FALSE,
  sawShallowReorg |-> FALSE,
  survivedShallowReorg |-> FALSE ]

State 7: <Persist line 70, col 5 to line 75, col 80 of module DepthCheckpoint>
s = [ ledger |-> <<"B", "B", "B", "A">>,
  head |-> 3,
  reorgs |-> 1,
  phase |-> "committed",
  observedHead |-> 3,
  observedHeadHash |-> "A",
  boundary |-> 1,
  boundaryHash |-> "A",
  checkpoint |-> 1,
  checkpointHash |-> "A",
  qualified |-> 1,
  qualifiedHash |-> "A",
  halted |-> FALSE,
  haltWasQualifiedConflict |-> FALSE,
  checked |-> FALSE,
  checkedQualifiedConflict |-> FALSE,
  sawShallowReorg |-> FALSE,
  survivedShallowReorg |-> FALSE ]

State 8: <CheckContinuity line 78, col 5 to line 86, col 74 of module DepthCheckpoint>
s = [ ledger |-> <<"B", "B", "B", "A">>,
  head |-> 3,
  reorgs |-> 1,
  phase |-> "committed",
  observedHead |-> 3,
  observedHeadHash |-> "A",
  boundary |-> 1,
  boundaryHash |-> "A",
  checkpoint |-> 1,
  checkpointHash |-> "A",
  qualified |-> 1,
  qualifiedHash |-> "A",
  halted |-> FALSE,
  haltWasQualifiedConflict |-> FALSE,
  checked |-> TRUE,
  checkedQualifiedConflict |-> TRUE,
  sawShallowReorg |-> FALSE,
  survivedShallowReorg |-> FALSE ]

The coverage statistics at 2026-09-26 22:48:48
<Init line 13, col 1 to line 13, col 4 of module DepthCheckpoint>: 2:2
  line 13, col 9 to line 21, col 62 of module DepthCheckpoint: 2
<Extend line 26, col 1 to line 26, col 6 of module DepthCheckpoint>: 37:100
  line 27, col 8 to line 27, col 25 of module DepthCheckpoint: 100
  |line 27, col 8 to line 27, col 13 of module DepthCheckpoint: 435
  |line 27, col 17 to line 27, col 25 of module DepthCheckpoint: 435
  line 28, col 8 to line 28, col 37 of module DepthCheckpoint: 100
<Reorg line 34, col 1 to line 34, col 12 of module DepthCheckpoint>: 207:1115
  line 35, col 8 to line 35, col 26 of module DepthCheckpoint: 2300
  |line 35, col 8 to line 35, col 12 of module DepthCheckpoint: 1737
  |line 35, col 18 to line 35, col 26 of module DepthCheckpoint: 1737
  line 35, col 31 to line 35, col 50 of module DepthCheckpoint: 563
  |line 35, col 31 to line 35, col 38 of module DepthCheckpoint: 1638
  |line 35, col 42 to line 35, col 50 of module DepthCheckpoint: 1638
  line 36, col 8 to line 36, col 29 of module DepthCheckpoint: 563
  line 36, col 34 to line 36, col 52 of module DepthCheckpoint: 552
  |line 36, col 34 to line 36, col 38 of module DepthCheckpoint: 563
  |line 36, col 42 to line 36, col 52 of module DepthCheckpoint: 563
  line 37, col 8 to line 43, col 76 of module DepthCheckpoint: 1115
  |line 37, col 13 to line 43, col 76 of module DepthCheckpoint: 1115
  ||line 37, col 14 to line 37, col 14 of module DepthCheckpoint: 1115
  ||line 38, col 10 to line 41, col 30 of module DepthCheckpoint: 1115
  ||line 42, col 10 to line 42, col 25 of module DepthCheckpoint: 1115
  ||line 43, col 30 to line 43, col 75 of module DepthCheckpoint: 1115
  |||line 43, col 36 to line 43, col 74 of module DepthCheckpoint: 1115
  ||||line 43, col 36 to line 43, col 51 of module DepthCheckpoint: 1115
  ||||line 43, col 56 to line 43, col 74 of module DepthCheckpoint: 53
<ReadHead line 48, col 1 to line 48, col 8 of module DepthCheckpoint>: 30:31
  line 49, col 8 to line 49, col 23 of module DepthCheckpoint: 465
  |line 49, col 8 to line 49, col 14 of module DepthCheckpoint: 434
  line 49, col 28 to line 49, col 43 of module DepthCheckpoint: 62
  |line 49, col 28 to line 49, col 39 of module DepthCheckpoint: 31
  line 49, col 48 to line 49, col 56 of module DepthCheckpoint: 62
  |line 49, col 49 to line 49, col 56 of module DepthCheckpoint: 31
  line 50, col 8 to line 51, col 69 of module DepthCheckpoint: 31
<ReadBoundary line 53, col 1 to line 53, col 12 of module DepthCheckpoint>: 91:92
  line 54, col 8 to line 54, col 27 of module DepthCheckpoint: 525
  |line 54, col 8 to line 54, col 14 of module DepthCheckpoint: 433
  line 56, col 11 to line 57, col 49 of module DepthCheckpoint: 92
<RecheckHead line 59, col 1 to line 59, col 11 of module DepthCheckpoint>: 61:133
  line 60, col 8 to line 60, col 30 of module DepthCheckpoint: 565
  |line 60, col 8 to line 60, col 14 of module DepthCheckpoint: 432
  line 61, col 8 to line 62, col 67 of module DepthCheckpoint: 133
  |line 61, col 13 to line 62, col 67 of module DepthCheckpoint: 133
  ||line 61, col 16 to line 61, col 60 of module DepthCheckpoint: 133
  ||line 62, col 19 to line 62, col 56 of module DepthCheckpoint: 62
  ||line 62, col 63 to line 62, col 67 of module DepthCheckpoint: 71
<RecheckBoundary line 64, col 1 to line 64, col 15 of module DepthCheckpoint>: 82:124
  line 65, col 8 to line 65, col 34 of module DepthCheckpoint: 555
  |line 65, col 8 to line 65, col 14 of module DepthCheckpoint: 431
  line 66, col 8 to line 67, col 57 of module DepthCheckpoint: 124
  |line 66, col 13 to line 67, col 57 of module DepthCheckpoint: 124
  ||line 66, col 16 to line 66, col 52 of module DepthCheckpoint: 124
  ||line 67, col 19 to line 67, col 46 of module DepthCheckpoint: 83
  ||line 67, col 53 to line 67, col 57 of module DepthCheckpoint: 41
<Persist line 69, col 1 to line 69, col 7 of module DepthCheckpoint>: 43:44
  line 70, col 8 to line 70, col 24 of module DepthCheckpoint: 474
  |line 70, col 8 to line 70, col 14 of module DepthCheckpoint: 430
  line 70, col 29 to line 70, col 44 of module DepthCheckpoint: 88
  |line 70, col 29 to line 70, col 40 of module DepthCheckpoint: 44
  line 70, col 49 to line 70, col 57 of module DepthCheckpoint: 88
  |line 70, col 50 to line 70, col 57 of module DepthCheckpoint: 44
  line 71, col 8 to line 75, col 80 of module DepthCheckpoint: 44
<CheckContinuity line 77, col 1 to line 77, col 15 of module DepthCheckpoint>: 9:10
  line 78, col 8 to line 78, col 23 of module DepthCheckpoint: 9
  |line 78, col 8 to line 78, col 19 of module DepthCheckpoint: 429
  line 78, col 28 to line 78, col 36 of module DepthCheckpoint: 19
  |line 78, col 29 to line 78, col 36 of module DepthCheckpoint: 10
  line 82, col 11 to line 86, col 74 of module DepthCheckpoint: 9
  |line 82, col 16 to line 86, col 74 of module DepthCheckpoint: 10
  ||line 82, col 17 to line 82, col 17 of module DepthCheckpoint: 10
  ||line 82, col 26 to line 82, col 41 of module DepthCheckpoint: 10
  ||line 83, col 12 to line 83, col 57 of module DepthCheckpoint: 10
  ||line 84, col 23 to line 84, col 26 of module DepthCheckpoint: 10
  |||line 81, col 20 to line 81, col 51 of module DepthCheckpoint: 10
  ||||line 81, col 20 to line 81, col 27 of module DepthCheckpoint: 10
  ||||line 81, col 32 to line 81, col 51 of module DepthCheckpoint: 2
  ||line 85, col 41 to line 85, col 77 of module DepthCheckpoint: 10
  |||line 85, col 44 to line 85, col 47 of module DepthCheckpoint: 10
  ||||line 81, col 20 to line 81, col 51 of module DepthCheckpoint: 10
  |||||line 81, col 20 to line 81, col 27 of module DepthCheckpoint: 10
  |||||line 81, col 32 to line 81, col 51 of module DepthCheckpoint: 2
  ||line 86, col 12 to line 86, col 73 of module DepthCheckpoint: 10
<TypeOK line 93, col 1 to line 93, col 6 of module DepthCheckpoint>
  line 94, col 5 to line 105, col 74 of module DepthCheckpoint: 561
<PositiveConflictHalts line 110, col 1 to line 110, col 21 of module DepthCheckpoint>
  line 110, col 26 to line 110, col 78 of module DepthCheckpoint: 561
  |line 110, col 27 to line 110, col 65 of module DepthCheckpoint: 561
  ||line 110, col 27 to line 110, col 35 of module DepthCheckpoint: 561
  ||line 110, col 40 to line 110, col 65 of module DepthCheckpoint: 9
  |line 110, col 71 to line 110, col 78 of module DepthCheckpoint: 1
End of statistics.
1600 states generated, 561 distinct states found, 132 states left on queue.
The depth of the complete state graph search is 8.
The average outdegree of the complete state graph is 1 (minimum is 0, the maximum 5 and the 95th percentile is 4).
Finished in 00s at (2026-09-26 22:48:48)
