TLC2 Version 2.19 of 08 August 2024 (rev: 5a47802)
Running breadth-first search Model-Checking with fp 0 and seed 1 with 1 worker on 10 cores with 1820MB heap and 64MB offheap memory [pid: 52355] (Mac OS X 26.6.2 aarch64, Eclipse Adoptium 21.0.12.1 x86_64, MSBDiskFPSet, DiskStateQueue).
Parsing file /Users/alfongj/Code/engine-core/formal/tla/QueueLease.tla
Parsing file /private/var/folders/ky/s5xblf5j3515d6h6ss25z3w80000gn/T/Naturals.tla
Parsing file /private/var/folders/ky/s5xblf5j3515d6h6ss25z3w80000gn/T/FiniteSets.tla
Parsing file /private/var/folders/ky/s5xblf5j3515d6h6ss25z3w80000gn/T/Sequences.tla
Parsing file /private/var/folders/ky/s5xblf5j3515d6h6ss25z3w80000gn/T/TLC.tla
Semantic processing of module Naturals
Semantic processing of module Sequences
Semantic processing of module FiniteSets
Semantic processing of module TLC
Semantic processing of module QueueLease
Starting... (2026-09-26 22:47:24)
Computing initial states...
Finished computing initial states: 1 distinct state generated at 2026-09-26 22:47:24.
Model checking completed. No error has been found.
  Estimates of the probability that TLC did not check all reachable states
  because two distinct states had the same fingerprint:
  calculated (optimistic):  val = 5.6E-10
  based on the actual fingerprints:  val = 1.5E-9
The coverage statistics at 2026-09-26 22:47:26
<Init line 45, col 1 to line 45, col 4 of module QueueLease>: 1:1
  line 46, col 5 to line 58, col 70 of module QueueLease: 1
<Push line 62, col 1 to line 62, col 11 of module QueueLease>: 2:2
  line 63, col 8 to line 63, col 13 of module QueueLease: 88882
  |line 63, col 9 to line 63, col 13 of module QueueLease: 88880
  line 63, col 18 to line 63, col 44 of module QueueLease: 2
  |line 63, col 18 to line 63, col 27 of module QueueLease: 4418
  |line 63, col 31 to line 63, col 44 of module QueueLease: 4418
  line 64, col 8 to line 64, col 35 of module QueueLease: 2
  line 65, col 8 to line 65, col 52 of module QueueLease: 2
  line 66, col 8 to line 66, col 70 of module QueueLease: 2
  line 67, col 8 to line 70, col 48 of module QueueLease: 2
<Expire line 73, col 1 to line 73, col 9 of module QueueLease>: 4358:10756
  line 74, col 8 to line 74, col 22 of module QueueLease: 99636
  |line 74, col 8 to line 74, col 8 of module QueueLease: 88880
  |line 74, col 14 to line 74, col 22 of module QueueLease: 88880
  line 75, col 8 to line 75, col 35 of module QueueLease: 10756
  line 76, col 8 to line 76, col 65 of module QueueLease: 10756
  line 77, col 8 to line 80, col 74 of module QueueLease: 10756
<Poll line 86, col 1 to line 86, col 17 of module QueueLease (99 8 117 44)>: 5216:106962
  line 99, col 12 to line 99, col 16 of module QueueLease: 231317
  |line 99, col 13 to line 99, col 16 of module QueueLease: 177760
  ||line 97, col 17 to line 97, col 36 of module QueueLease: 177760
  |||line 97, col 17 to line 97, col 28 of module QueueLease: 177760
  ||||line 97, col 17 to line 97, col 22 of module QueueLease: 177760
  ||||line 97, col 27 to line 97, col 28 of module QueueLease: 88880
  |||||line 95, col 15 to line 95, col 55 of module QueueLease: 88880
  ||||||line 95, col 16 to line 95, col 25 of module QueueLease: 88880
  |||||||line 95, col 16 to line 95, col 16 of module QueueLease: 88880
  ||||||||line 89, col 14 to line 89, col 31 of module QueueLease: 88880
  |||||||||line 89, col 14 to line 89, col 20 of module QueueLease: 88880
  |||||||||line 89, col 25 to line 89, col 31 of module QueueLease: 72314
  ||||||||||line 87, col 20 to line 87, col 67 of module QueueLease: 72314
  |||||||||||line 87, col 20 to line 87, col 25 of module QueueLease: 72314
  |||||||||||line 87, col 30 to line 87, col 67 of module QueueLease: 48016
  |||||||line 95, col 21 to line 95, col 25 of module QueueLease: 43070
  ||||||||line 95, col 22 to line 95, col 25 of module QueueLease: 43070
  |||||||||line 94, col 17 to line 94, col 30 of module QueueLease: 43070
  ||||||||||line 94, col 17 to line 94, col 22 of module QueueLease: 43070
  |||||||||||line 90, col 19 to line 90, col 30 of module QueueLease: 43070
  ||||||||||||line 90, col 19 to line 90, col 24 of module QueueLease: 43070
  ||||||||||||line 90, col 29 to line 90, col 30 of module QueueLease: 14356
  |||||||||||||line 90, col 30 to line 90, col 30 of module QueueLease: 14356
  ||||||||||||||line 88, col 14 to line 88, col 31 of module QueueLease: 14356
  |||||||||||||||line 88, col 14 to line 88, col 19 of module QueueLease: 14356
  |||||||||||||||line 88, col 24 to line 88, col 31 of module QueueLease: 13252
  ||||||||||line 94, col 27 to line 94, col 30 of module QueueLease: 14356
  ||||||line 95, col 32 to line 95, col 54 of module QueueLease: 60166
  |||||||line 95, col 32 to line 95, col 45 of module QueueLease: 60166
  ||||||||line 95, col 32 to line 95, col 38 of module QueueLease: 60166
  ||||||||line 95, col 43 to line 95, col 45 of module QueueLease: 2210
  |||||||line 95, col 50 to line 95, col 54 of module QueueLease: 1105
  ||||||||line 95, col 51 to line 95, col 54 of module QueueLease: 1105
  |||||||||line 94, col 17 to line 94, col 30 of module QueueLease: 1105
  ||||||||||line 94, col 17 to line 94, col 22 of module QueueLease: 1105
  |||||||||||line 90, col 19 to line 90, col 30 of module QueueLease: 1105
  ||||||||||||line 90, col 19 to line 90, col 24 of module QueueLease: 1105
  ||||||||||||line 90, col 29 to line 90, col 30 of module QueueLease: 552
  ||||||||||line 94, col 27 to line 94, col 30 of module QueueLease: 552
  |||line 97, col 33 to line 97, col 36 of module QueueLease: 29267
  line 99, col 22 to line 99, col 33 of module QueueLease: 195534
  |line 99, col 22 to line 99, col 22 of module QueueLease: 177760
  |line 99, col 28 to line 99, col 33 of module QueueLease: 177760
  line 87, col 20 to line 87, col 25 of module QueueLease: 49748
  line 87, col 30 to line 87, col 67 of module QueueLease: 149440
  |line 87, col 30 to line 87, col 50 of module QueueLease: 99692
  |line 87, col 59 to line 87, col 67 of module QueueLease: 99692
  line 90, col 19 to line 90, col 24 of module QueueLease: 48972
  line 90, col 29 to line 90, col 30 of module QueueLease: 122916
  |line 90, col 30 to line 90, col 30 of module QueueLease: 73944
  ||line 88, col 14 to line 88, col 31 of module QueueLease: 73944
  |||line 88, col 14 to line 88, col 19 of module QueueLease: 73944
  |||line 88, col 24 to line 88, col 31 of module QueueLease: 56472
  line 100, col 34 to line 100, col 47 of module QueueLease: 2363
  line 97, col 17 to line 97, col 22 of module QueueLease: 5879
  line 89, col 14 to line 89, col 20 of module QueueLease: 3204
  line 87, col 20 to line 87, col 25 of module QueueLease: 2498
  line 87, col 30 to line 87, col 67 of module QueueLease: 45718
  |line 87, col 30 to line 87, col 50 of module QueueLease: 43220
  |line 87, col 59 to line 87, col 67 of module QueueLease: 43220
  line 95, col 21 to line 95, col 25 of module QueueLease: 28610
  |line 95, col 22 to line 95, col 25 of module QueueLease: 22908
  ||line 94, col 17 to line 94, col 30 of module QueueLease: 22908
  |||line 94, col 17 to line 94, col 22 of module QueueLease: 22908
  ||||line 90, col 19 to line 90, col 30 of module QueueLease: 22908
  |||||line 90, col 19 to line 90, col 24 of module QueueLease: 22908
  |||||line 90, col 29 to line 90, col 30 of module QueueLease: 17206
  ||||||line 90, col 30 to line 90, col 30 of module QueueLease: 17206
  |||||||line 88, col 14 to line 88, col 31 of module QueueLease: 17206
  ||||||||line 88, col 14 to line 88, col 19 of module QueueLease: 17206
  ||||||||line 88, col 24 to line 88, col 31 of module QueueLease: 15750
  |||line 94, col 27 to line 94, col 30 of module QueueLease: 17206
  line 95, col 32 to line 95, col 45 of module QueueLease: 177
  line 95, col 50 to line 95, col 54 of module QueueLease: 1082
  |line 95, col 51 to line 95, col 54 of module QueueLease: 905
  ||line 94, col 17 to line 94, col 30 of module QueueLease: 905
  |||line 94, col 17 to line 94, col 22 of module QueueLease: 905
  ||||line 90, col 19 to line 90, col 30 of module QueueLease: 905
  |||||line 90, col 19 to line 90, col 24 of module QueueLease: 905
  |||||line 90, col 29 to line 90, col 30 of module QueueLease: 728
  |||line 94, col 27 to line 94, col 30 of module QueueLease: 728
  line 97, col 33 to line 97, col 36 of module QueueLease: 5879
  line 101, col 11 to line 101, col 34 of module QueueLease: 106962
  |line 101, col 23 to line 101, col 33 of module QueueLease: 106962
  ||line 101, col 23 to line 101, col 24 of module QueueLease: 106962
  |||line 95, col 15 to line 95, col 55 of module QueueLease: 106962
  ||||line 95, col 16 to line 95, col 25 of module QueueLease: 106962
  |||||line 95, col 16 to line 95, col 16 of module QueueLease: 106962
  ||||||line 89, col 14 to line 89, col 31 of module QueueLease: 106962
  |||||||line 89, col 14 to line 89, col 20 of module QueueLease: 106962
  |||||||line 89, col 25 to line 89, col 31 of module QueueLease: 100846
  ||||||||line 87, col 20 to line 87, col 67 of module QueueLease: 100846
  |||||||||line 87, col 20 to line 87, col 25 of module QueueLease: 100846
  |||||||||line 87, col 30 to line 87, col 67 of module QueueLease: 83746
  |||||line 95, col 21 to line 95, col 25 of module QueueLease: 89862
  ||||||line 95, col 22 to line 95, col 25 of module QueueLease: 89862
  |||||||line 94, col 17 to line 94, col 30 of module QueueLease: 89862
  ||||||||line 94, col 17 to line 94, col 22 of module QueueLease: 89862
  |||||||||line 90, col 19 to line 90, col 30 of module QueueLease: 89862
  ||||||||||line 90, col 19 to line 90, col 24 of module QueueLease: 89862
  ||||||||||line 90, col 29 to line 90, col 30 of module QueueLease: 65912
  |||||||||||line 90, col 30 to line 90, col 30 of module QueueLease: 65912
  ||||||||||||line 88, col 14 to line 88, col 31 of module QueueLease: 65912
  |||||||||||||line 88, col 14 to line 88, col 19 of module QueueLease: 65912
  |||||||||||||line 88, col 24 to line 88, col 31 of module QueueLease: 63000
  ||||||||line 94, col 27 to line 94, col 30 of module QueueLease: 65912
  ||||line 95, col 32 to line 95, col 54 of module QueueLease: 83012
  |||||line 95, col 32 to line 95, col 45 of module QueueLease: 83012
  ||||||line 95, col 32 to line 95, col 38 of module QueueLease: 83012
  ||||||line 95, col 43 to line 95, col 45 of module QueueLease: 5452
  |||||line 95, col 50 to line 95, col 54 of module QueueLease: 3996
  ||||||line 95, col 51 to line 95, col 54 of module QueueLease: 3996
  |||||||line 94, col 17 to line 94, col 30 of module QueueLease: 3996
  ||||||||line 94, col 17 to line 94, col 22 of module QueueLease: 3996
  |||||||||line 90, col 19 to line 90, col 30 of module QueueLease: 3996
  ||||||||||line 90, col 19 to line 90, col 24 of module QueueLease: 3996
  ||||||||||line 90, col 29 to line 90, col 30 of module QueueLease: 2912
  ||||||||line 94, col 27 to line 94, col 30 of module QueueLease: 2912
  ||line 101, col 29 to line 101, col 33 of module QueueLease: 25034
  |||line 101, col 30 to line 101, col 33 of module QueueLease: 25034
  ||||line 97, col 17 to line 97, col 36 of module QueueLease: 25034
  |||||line 97, col 17 to line 97, col 28 of module QueueLease: 25034
  ||||||line 97, col 17 to line 97, col 22 of module QueueLease: 25034
  ||||||line 97, col 27 to line 97, col 28 of module QueueLease: 8554
  |||||||line 95, col 15 to line 95, col 55 of module QueueLease: 8554
  ||||||||line 95, col 16 to line 95, col 25 of module QueueLease: 8554
  |||||||||line 95, col 16 to line 95, col 16 of module QueueLease: 8554
  ||||||||||line 89, col 14 to line 89, col 31 of module QueueLease: 8554
  |||||||||||line 89, col 14 to line 89, col 20 of module QueueLease: 8554
  |||||||||||line 89, col 25 to line 89, col 31 of module QueueLease: 5350
  ||||||||||||line 87, col 20 to line 87, col 67 of module QueueLease: 5350
  |||||||||||||line 87, col 20 to line 87, col 25 of module QueueLease: 5350
  |||||||||||||line 87, col 30 to line 87, col 67 of module QueueLease: 4996
  |||||||||line 95, col 21 to line 95, col 25 of module QueueLease: 8200
  ||||||||line 95, col 32 to line 95, col 54 of module QueueLease: 354
  |||||line 97, col 33 to line 97, col 36 of module QueueLease: 8554
  line 102, col 11 to line 102, col 23 of module QueueLease: 106962
  |line 102, col 22 to line 102, col 23 of module QueueLease: 106962
  ||line 96, col 15 to line 96, col 38 of module QueueLease: 106962
  |||line 96, col 15 to line 96, col 29 of module QueueLease: 106962
  ||||line 96, col 15 to line 96, col 21 of module QueueLease: 106962
  ||||line 96, col 26 to line 96, col 29 of module QueueLease: 5452
  |||line 96, col 34 to line 96, col 38 of module QueueLease: 1456
  line 103, col 11 to line 103, col 31 of module QueueLease: 106962
  |line 103, col 22 to line 103, col 30 of module QueueLease: 106962
  ||line 103, col 22 to line 103, col 22 of module QueueLease: 106962
  |||line 88, col 14 to line 88, col 31 of module QueueLease: 106962
  ||||line 88, col 14 to line 88, col 19 of module QueueLease: 106962
  ||||line 88, col 24 to line 88, col 31 of module QueueLease: 83746
  ||line 103, col 27 to line 103, col 30 of module QueueLease: 106962
  |||line 97, col 17 to line 97, col 36 of module QueueLease: 106962
  ||||line 97, col 17 to line 97, col 28 of module QueueLease: 106962
  |||||line 97, col 17 to line 97, col 22 of module QueueLease: 106962
  |||||line 97, col 27 to line 97, col 28 of module QueueLease: 49518
  ||||||line 95, col 15 to line 95, col 55 of module QueueLease: 49518
  |||||||line 95, col 16 to line 95, col 25 of module QueueLease: 49518
  ||||||||line 95, col 16 to line 95, col 16 of module QueueLease: 49518
  |||||||||line 89, col 14 to line 89, col 31 of module QueueLease: 49518
  ||||||||||line 89, col 14 to line 89, col 20 of module QueueLease: 49518
  ||||||||||line 89, col 25 to line 89, col 31 of module QueueLease: 44858
  |||||||||||line 87, col 20 to line 87, col 67 of module QueueLease: 44858
  ||||||||||||line 87, col 20 to line 87, col 25 of module QueueLease: 44858
  ||||||||||||line 87, col 30 to line 87, col 67 of module QueueLease: 36496
  ||||||||line 95, col 21 to line 95, col 25 of module QueueLease: 41156
  |||||||||line 95, col 22 to line 95, col 25 of module QueueLease: 41156
  ||||||||||line 94, col 17 to line 94, col 30 of module QueueLease: 41156
  |||||||||||line 94, col 17 to line 94, col 22 of module QueueLease: 41156
  ||||||||||||line 90, col 19 to line 90, col 30 of module QueueLease: 41156
  |||||||||||||line 90, col 19 to line 90, col 24 of module QueueLease: 41156
  |||||||||||||line 90, col 29 to line 90, col 30 of module QueueLease: 32956
  ||||||||||||||line 90, col 30 to line 90, col 30 of module QueueLease: 32956
  |||||||||||||||line 88, col 14 to line 88, col 31 of module QueueLease: 32956
  ||||||||||||||||line 88, col 14 to line 88, col 19 of module QueueLease: 32956
  ||||||||||||||||line 88, col 24 to line 88, col 31 of module QueueLease: 31500
  |||||||||||line 94, col 27 to line 94, col 30 of module QueueLease: 32956
  |||||||line 95, col 32 to line 95, col 54 of module QueueLease: 41318
  ||||||||line 95, col 32 to line 95, col 45 of module QueueLease: 41318
  |||||||||line 95, col 32 to line 95, col 38 of module QueueLease: 41318
  |||||||||line 95, col 43 to line 95, col 45 of module QueueLease: 2538
  ||||||||line 95, col 50 to line 95, col 54 of module QueueLease: 1810
  |||||||||line 95, col 51 to line 95, col 54 of module QueueLease: 1810
  ||||||||||line 94, col 17 to line 94, col 30 of module QueueLease: 1810
  |||||||||||line 94, col 17 to line 94, col 22 of module QueueLease: 1810
  ||||||||||||line 90, col 19 to line 90, col 30 of module QueueLease: 1810
  |||||||||||||line 90, col 19 to line 90, col 24 of module QueueLease: 1810
  |||||||||||||line 90, col 29 to line 90, col 30 of module QueueLease: 1456
  |||||||||||line 94, col 27 to line 94, col 30 of module QueueLease: 1456
  ||||line 97, col 33 to line 97, col 36 of module QueueLease: 8554
  line 104, col 11 to line 104, col 79 of module QueueLease: 106962
  |line 104, col 26 to line 104, col 79 of module QueueLease: 106962
  ||line 104, col 29 to line 104, col 32 of module QueueLease: 106962
  |||line 97, col 17 to line 97, col 36 of module QueueLease: 106962
  ||||line 97, col 17 to line 97, col 28 of module QueueLease: 106962
  |||||line 97, col 17 to line 97, col 22 of module QueueLease: 106962
  |||||line 97, col 27 to line 97, col 28 of module QueueLease: 49518
  ||||||line 95, col 15 to line 95, col 55 of module QueueLease: 49518
  |||||||line 95, col 16 to line 95, col 25 of module QueueLease: 49518
  ||||||||line 95, col 16 to line 95, col 16 of module QueueLease: 49518
  |||||||||line 89, col 14 to line 89, col 31 of module QueueLease: 49518
  ||||||||||line 89, col 14 to line 89, col 20 of module QueueLease: 49518
  ||||||||||line 89, col 25 to line 89, col 31 of module QueueLease: 44858
  |||||||||||line 87, col 20 to line 87, col 67 of module QueueLease: 44858
  ||||||||||||line 87, col 20 to line 87, col 25 of module QueueLease: 44858
  ||||||||||||line 87, col 30 to line 87, col 67 of module QueueLease: 36496
  ||||||||line 95, col 21 to line 95, col 25 of module QueueLease: 41156
  |||||||||line 95, col 22 to line 95, col 25 of module QueueLease: 41156
  ||||||||||line 94, col 17 to line 94, col 30 of module QueueLease: 41156
  |||||||||||line 94, col 17 to line 94, col 22 of module QueueLease: 41156
  ||||||||||||line 90, col 19 to line 90, col 30 of module QueueLease: 41156
  |||||||||||||line 90, col 19 to line 90, col 24 of module QueueLease: 41156
  |||||||||||||line 90, col 29 to line 90, col 30 of module QueueLease: 32956
  ||||||||||||||line 90, col 30 to line 90, col 30 of module QueueLease: 32956
  |||||||||||||||line 88, col 14 to line 88, col 31 of module QueueLease: 32956
  ||||||||||||||||line 88, col 14 to line 88, col 19 of module QueueLease: 32956
  ||||||||||||||||line 88, col 24 to line 88, col 31 of module QueueLease: 31500
  |||||||||||line 94, col 27 to line 94, col 30 of module QueueLease: 32956
  |||||||line 95, col 32 to line 95, col 54 of module QueueLease: 41318
  ||||||||line 95, col 32 to line 95, col 45 of module QueueLease: 41318
  |||||||||line 95, col 32 to line 95, col 38 of module QueueLease: 41318
  |||||||||line 95, col 43 to line 95, col 45 of module QueueLease: 2538
  ||||||||line 95, col 50 to line 95, col 54 of module QueueLease: 1810
  |||||||||line 95, col 51 to line 95, col 54 of module QueueLease: 1810
  ||||||||||line 94, col 17 to line 94, col 30 of module QueueLease: 1810
  |||||||||||line 94, col 17 to line 94, col 22 of module QueueLease: 1810
  ||||||||||||line 90, col 19 to line 90, col 30 of module QueueLease: 1810
  |||||||||||||line 90, col 19 to line 90, col 24 of module QueueLease: 1810
  |||||||||||||line 90, col 29 to line 90, col 30 of module QueueLease: 1456
  |||||||||||line 94, col 27 to line 94, col 30 of module QueueLease: 1456
  ||||line 97, col 33 to line 97, col 36 of module QueueLease: 8554
  ||line 104, col 39 to line 104, col 39 of module QueueLease: 8554
  ||line 104, col 46 to line 104, col 79 of module QueueLease: 98408
  |||line 104, col 49 to line 104, col 55 of module QueueLease: 98408
  ||||line 87, col 20 to line 87, col 67 of module QueueLease: 98408
  |||||line 87, col 20 to line 87, col 25 of module QueueLease: 98408
  |||||line 87, col 30 to line 87, col 67 of module QueueLease: 78750
  |||line 104, col 69 to line 104, col 79 of module QueueLease: 19658
  line 105, col 11 to line 105, col 79 of module QueueLease: 106962
  |line 105, col 24 to line 105, col 79 of module QueueLease: 106962
  ||line 105, col 27 to line 105, col 30 of module QueueLease: 106962
  |||line 97, col 17 to line 97, col 36 of module QueueLease: 106962
  ||||line 97, col 17 to line 97, col 28 of module QueueLease: 106962
  |||||line 97, col 17 to line 97, col 22 of module QueueLease: 106962
  |||||line 97, col 27 to line 97, col 28 of module QueueLease: 49518
  ||||||line 95, col 15 to line 95, col 55 of module QueueLease: 49518
  |||||||line 95, col 16 to line 95, col 25 of module QueueLease: 49518
  ||||||||line 95, col 16 to line 95, col 16 of module QueueLease: 49518
  |||||||||line 89, col 14 to line 89, col 31 of module QueueLease: 49518
  ||||||||||line 89, col 14 to line 89, col 20 of module QueueLease: 49518
  ||||||||||line 89, col 25 to line 89, col 31 of module QueueLease: 44858
  |||||||||||line 87, col 20 to line 87, col 67 of module QueueLease: 44858
  ||||||||||||line 87, col 20 to line 87, col 25 of module QueueLease: 44858
  ||||||||||||line 87, col 30 to line 87, col 67 of module QueueLease: 36496
  ||||||||line 95, col 21 to line 95, col 25 of module QueueLease: 41156
  |||||||||line 95, col 22 to line 95, col 25 of module QueueLease: 41156
  ||||||||||line 94, col 17 to line 94, col 30 of module QueueLease: 41156
  |||||||||||line 94, col 17 to line 94, col 22 of module QueueLease: 41156
  ||||||||||||line 90, col 19 to line 90, col 30 of module QueueLease: 41156
  |||||||||||||line 90, col 19 to line 90, col 24 of module QueueLease: 41156
  |||||||||||||line 90, col 29 to line 90, col 30 of module QueueLease: 32956
  ||||||||||||||line 90, col 30 to line 90, col 30 of module QueueLease: 32956
  |||||||||||||||line 88, col 14 to line 88, col 31 of module QueueLease: 32956
  ||||||||||||||||line 88, col 14 to line 88, col 19 of module QueueLease: 32956
  ||||||||||||||||line 88, col 24 to line 88, col 31 of module QueueLease: 31500
  |||||||||||line 94, col 27 to line 94, col 30 of module QueueLease: 32956
  |||||||line 95, col 32 to line 95, col 54 of module QueueLease: 41318
  ||||||||line 95, col 32 to line 95, col 45 of module QueueLease: 41318
  |||||||||line 95, col 32 to line 95, col 38 of module QueueLease: 41318
  |||||||||line 95, col 43 to line 95, col 45 of module QueueLease: 2538
  ||||||||line 95, col 50 to line 95, col 54 of module QueueLease: 1810
  |||||||||line 95, col 51 to line 95, col 54 of module QueueLease: 1810
  ||||||||||line 94, col 17 to line 94, col 30 of module QueueLease: 1810
  |||||||||||line 94, col 17 to line 94, col 22 of module QueueLease: 1810
  ||||||||||||line 90, col 19 to line 90, col 30 of module QueueLease: 1810
  |||||||||||||line 90, col 19 to line 90, col 24 of module QueueLease: 1810
  |||||||||||||line 90, col 29 to line 90, col 30 of module QueueLease: 1456
  |||||||||||line 94, col 27 to line 94, col 30 of module QueueLease: 1456
  ||||line 97, col 33 to line 97, col 36 of module QueueLease: 8554
  ||line 105, col 37 to line 105, col 64 of module QueueLease: 8554
  ||line 105, col 71 to line 105, col 79 of module QueueLease: 98408
  line 106, col 11 to line 106, col 60 of module QueueLease: 106962
  |line 106, col 21 to line 106, col 60 of module QueueLease: 106962
  ||line 106, col 24 to line 106, col 27 of module QueueLease: 106962
  |||line 97, col 17 to line 97, col 36 of module QueueLease: 106962
  ||||line 97, col 17 to line 97, col 28 of module QueueLease: 106962
  |||||line 97, col 17 to line 97, col 22 of module QueueLease: 106962
  |||||line 97, col 27 to line 97, col 28 of module QueueLease: 49518
  ||||||line 95, col 15 to line 95, col 55 of module QueueLease: 49518
  |||||||line 95, col 16 to line 95, col 25 of module QueueLease: 49518
  ||||||||line 95, col 16 to line 95, col 16 of module QueueLease: 49518
  |||||||||line 89, col 14 to line 89, col 31 of module QueueLease: 49518
  ||||||||||line 89, col 14 to line 89, col 20 of module QueueLease: 49518
  ||||||||||line 89, col 25 to line 89, col 31 of module QueueLease: 44858
  |||||||||||line 87, col 20 to line 87, col 67 of module QueueLease: 44858
  ||||||||||||line 87, col 20 to line 87, col 25 of module QueueLease: 44858
  ||||||||||||line 87, col 30 to line 87, col 67 of module QueueLease: 36496
  ||||||||line 95, col 21 to line 95, col 25 of module QueueLease: 41156
  |||||||||line 95, col 22 to line 95, col 25 of module QueueLease: 41156
  ||||||||||line 94, col 17 to line 94, col 30 of module QueueLease: 41156
  |||||||||||line 94, col 17 to line 94, col 22 of module QueueLease: 41156
  ||||||||||||line 90, col 19 to line 90, col 30 of module QueueLease: 41156
  |||||||||||||line 90, col 19 to line 90, col 24 of module QueueLease: 41156
  |||||||||||||line 90, col 29 to line 90, col 30 of module QueueLease: 32956
  ||||||||||||||line 90, col 30 to line 90, col 30 of module QueueLease: 32956
  |||||||||||||||line 88, col 14 to line 88, col 31 of module QueueLease: 32956
  ||||||||||||||||line 88, col 14 to line 88, col 19 of module QueueLease: 32956
  ||||||||||||||||line 88, col 24 to line 88, col 31 of module QueueLease: 31500
  |||||||||||line 94, col 27 to line 94, col 30 of module QueueLease: 32956
  |||||||line 95, col 32 to line 95, col 54 of module QueueLease: 41318
  ||||||||line 95, col 32 to line 95, col 45 of module QueueLease: 41318
  |||||||||line 95, col 32 to line 95, col 38 of module QueueLease: 41318
  |||||||||line 95, col 43 to line 95, col 45 of module QueueLease: 2538
  ||||||||line 95, col 50 to line 95, col 54 of module QueueLease: 1810
  |||||||||line 95, col 51 to line 95, col 54 of module QueueLease: 1810
  ||||||||||line 94, col 17 to line 94, col 30 of module QueueLease: 1810
  |||||||||||line 94, col 17 to line 94, col 22 of module QueueLease: 1810
  ||||||||||||line 90, col 19 to line 90, col 30 of module QueueLease: 1810
  |||||||||||||line 90, col 19 to line 90, col 24 of module QueueLease: 1810
  |||||||||||||line 90, col 29 to line 90, col 30 of module QueueLease: 1456
  |||||||||||line 94, col 27 to line 94, col 30 of module QueueLease: 1456
  ||||line 97, col 33 to line 97, col 36 of module QueueLease: 8554
  ||line 106, col 34 to line 106, col 48 of module QueueLease: 8554
  ||line 106, col 55 to line 106, col 60 of module QueueLease: 98408
  line 107, col 11 to line 108, col 50 of module QueueLease: 106962
  |line 107, col 30 to line 108, col 50 of module QueueLease: 106962
  ||line 107, col 33 to line 107, col 36 of module QueueLease: 106962
  |||line 97, col 17 to line 97, col 36 of module QueueLease: 106962
  ||||line 97, col 17 to line 97, col 28 of module QueueLease: 106962
  |||||line 97, col 17 to line 97, col 22 of module QueueLease: 106962
  |||||line 97, col 27 to line 97, col 28 of module QueueLease: 49518
  ||||||line 95, col 15 to line 95, col 55 of module QueueLease: 49518
  |||||||line 95, col 16 to line 95, col 25 of module QueueLease: 49518
  ||||||||line 95, col 16 to line 95, col 16 of module QueueLease: 49518
  |||||||||line 89, col 14 to line 89, col 31 of module QueueLease: 49518
  ||||||||||line 89, col 14 to line 89, col 20 of module QueueLease: 49518
  ||||||||||line 89, col 25 to line 89, col 31 of module QueueLease: 44858
  |||||||||||line 87, col 20 to line 87, col 67 of module QueueLease: 44858
  ||||||||||||line 87, col 20 to line 87, col 25 of module QueueLease: 44858
  ||||||||||||line 87, col 30 to line 87, col 67 of module QueueLease: 36496
  ||||||||line 95, col 21 to line 95, col 25 of module QueueLease: 41156
  |||||||||line 95, col 22 to line 95, col 25 of module QueueLease: 41156
  ||||||||||line 94, col 17 to line 94, col 30 of module QueueLease: 41156
  |||||||||||line 94, col 17 to line 94, col 22 of module QueueLease: 41156
  ||||||||||||line 90, col 19 to line 90, col 30 of module QueueLease: 41156
  |||||||||||||line 90, col 19 to line 90, col 24 of module QueueLease: 41156
  |||||||||||||line 90, col 29 to line 90, col 30 of module QueueLease: 32956
  ||||||||||||||line 90, col 30 to line 90, col 30 of module QueueLease: 32956
  |||||||||||||||line 88, col 14 to line 88, col 31 of module QueueLease: 32956
  ||||||||||||||||line 88, col 14 to line 88, col 19 of module QueueLease: 32956
  ||||||||||||||||line 88, col 24 to line 88, col 31 of module QueueLease: 31500
  |||||||||||line 94, col 27 to line 94, col 30 of module QueueLease: 32956
  |||||||line 95, col 32 to line 95, col 54 of module QueueLease: 41318
  ||||||||line 95, col 32 to line 95, col 45 of module QueueLease: 41318
  |||||||||line 95, col 32 to line 95, col 38 of module QueueLease: 41318
  |||||||||line 95, col 43 to line 95, col 45 of module QueueLease: 2538
  ||||||||line 95, col 50 to line 95, col 54 of module QueueLease: 1810
  |||||||||line 95, col 51 to line 95, col 54 of module QueueLease: 1810
  ||||||||||line 94, col 17 to line 94, col 30 of module QueueLease: 1810
  |||||||||||line 94, col 17 to line 94, col 22 of module QueueLease: 1810
  ||||||||||||line 90, col 19 to line 90, col 30 of module QueueLease: 1810
  |||||||||||||line 90, col 19 to line 90, col 24 of module QueueLease: 1810
  |||||||||||||line 90, col 29 to line 90, col 30 of module QueueLease: 1456
  |||||||||||line 94, col 27 to line 94, col 30 of module QueueLease: 1456
  ||||line 97, col 33 to line 97, col 36 of module QueueLease: 8554
  ||line 107, col 43 to line 107, col 84 of module QueueLease: 8554
  ||line 108, col 36 to line 108, col 50 of module QueueLease: 98408
  line 109, col 11 to line 109, col 75 of module QueueLease: 106962
  |line 109, col 23 to line 109, col 75 of module QueueLease: 106962
  ||line 109, col 26 to line 109, col 29 of module QueueLease: 106962
  |||line 94, col 17 to line 94, col 30 of module QueueLease: 106962
  ||||line 94, col 17 to line 94, col 22 of module QueueLease: 106962
  |||||line 90, col 19 to line 90, col 30 of module QueueLease: 106962
  ||||||line 90, col 19 to line 90, col 24 of module QueueLease: 106962
  ||||||line 90, col 29 to line 90, col 30 of module QueueLease: 81928
  |||||||line 90, col 30 to line 90, col 30 of module QueueLease: 81928
  ||||||||line 88, col 14 to line 88, col 31 of module QueueLease: 81928
  |||||||||line 88, col 14 to line 88, col 19 of module QueueLease: 81928
  |||||||||line 88, col 24 to line 88, col 31 of module QueueLease: 63000
  ||||line 94, col 27 to line 94, col 30 of module QueueLease: 81928
  |||||line 94, col 28 to line 94, col 30 of module QueueLease: 81928
  ||||||line 91, col 16 to line 93, col 53 of module QueueLease: 81928
  |||||||line 91, col 19 to line 91, col 40 of module QueueLease: 81928
  |||||||line 93, col 21 to line 93, col 53 of module QueueLease: 81928
  ||||||||line 93, col 21 to line 93, col 34 of module QueueLease: 81928
  ||||||||line 93, col 39 to line 93, col 53 of module QueueLease: 2912
  ||line 109, col 36 to line 109, col 61 of module QueueLease: 79016
  ||line 109, col 68 to line 109, col 75 of module QueueLease: 27946
  line 110, col 11 to line 110, col 39 of module QueueLease: 106962
  |line 110, col 22 to line 110, col 38 of module QueueLease: 106962
  ||line 110, col 22 to line 110, col 27 of module QueueLease: 106962
  ||line 110, col 32 to line 110, col 38 of module QueueLease: 81928
  |||line 110, col 33 to line 110, col 38 of module QueueLease: 81928
  ||||line 90, col 19 to line 90, col 30 of module QueueLease: 81928
  |||||line 90, col 19 to line 90, col 24 of module QueueLease: 81928
  |||||line 90, col 29 to line 90, col 30 of module QueueLease: 81928
  ||||||line 90, col 30 to line 90, col 30 of module QueueLease: 81928
  |||||||line 88, col 14 to line 88, col 31 of module QueueLease: 81928
  ||||||||line 88, col 14 to line 88, col 19 of module QueueLease: 81928
  ||||||||line 88, col 24 to line 88, col 31 of module QueueLease: 63000
  line 111, col 11 to line 112, col 59 of module QueueLease: 106962
  |line 111, col 30 to line 112, col 58 of module QueueLease: 106962
  ||line 111, col 30 to line 111, col 43 of module QueueLease: 106962
  ||line 112, col 15 to line 112, col 57 of module QueueLease: 106962
  |||line 112, col 15 to line 112, col 26 of module QueueLease: 106962
  ||||line 112, col 15 to line 112, col 20 of module QueueLease: 106962
  |||||line 90, col 19 to line 90, col 30 of module QueueLease: 106962
  ||||||line 90, col 19 to line 90, col 24 of module QueueLease: 106962
  ||||||line 90, col 29 to line 90, col 30 of module QueueLease: 81928
  |||||||line 90, col 30 to line 90, col 30 of module QueueLease: 81928
  ||||||||line 88, col 14 to line 88, col 31 of module QueueLease: 81928
  |||||||||line 88, col 14 to line 88, col 19 of module QueueLease: 81928
  |||||||||line 88, col 24 to line 88, col 31 of module QueueLease: 63000
  ||||line 112, col 25 to line 112, col 26 of module QueueLease: 81928
  |||||line 95, col 15 to line 95, col 55 of module QueueLease: 81928
  ||||||line 95, col 16 to line 95, col 25 of module QueueLease: 81928
  |||||||line 95, col 16 to line 95, col 16 of module QueueLease: 81928
  ||||||||line 89, col 14 to line 89, col 31 of module QueueLease: 81928
  |||||||||line 89, col 14 to line 89, col 20 of module QueueLease: 81928
  |||||||||line 89, col 25 to line 89, col 31 of module QueueLease: 79016
  ||||||||||line 87, col 20 to line 87, col 67 of module QueueLease: 79016
  |||||||||||line 87, col 20 to line 87, col 25 of module QueueLease: 79016
  |||||||||||line 87, col 30 to line 87, col 67 of module QueueLease: 63000
  |||||||line 95, col 21 to line 95, col 25 of module QueueLease: 65912
  ||||||||line 95, col 22 to line 95, col 25 of module QueueLease: 65912
  |||||||||line 94, col 17 to line 94, col 30 of module QueueLease: 65912
  ||||||||||line 94, col 17 to line 94, col 22 of module QueueLease: 65912
  |||||||||||line 90, col 19 to line 90, col 30 of module QueueLease: 65912
  ||||||||||||line 90, col 19 to line 90, col 24 of module QueueLease: 65912
  ||||||||||||line 90, col 29 to line 90, col 30 of module QueueLease: 65912
  |||||||||||||line 90, col 30 to line 90, col 30 of module QueueLease: 65912
  ||||||||||||||line 88, col 14 to line 88, col 31 of module QueueLease: 65912
  |||||||||||||||line 88, col 14 to line 88, col 19 of module QueueLease: 65912
  |||||||||||||||line 88, col 24 to line 88, col 31 of module QueueLease: 63000
  ||||||||||line 94, col 27 to line 94, col 30 of module QueueLease: 65912
  ||||||line 95, col 32 to line 95, col 54 of module QueueLease: 81928
  |||||||line 95, col 32 to line 95, col 45 of module QueueLease: 81928
  ||||||||line 95, col 32 to line 95, col 38 of module QueueLease: 81928
  ||||||||line 95, col 43 to line 95, col 45 of module QueueLease: 4368
  |||||||line 95, col 50 to line 95, col 54 of module QueueLease: 2912
  line 113, col 11 to line 114, col 30 of module QueueLease: 106962
  |line 113, col 20 to line 114, col 30 of module QueueLease: 106962
  ||line 113, col 23 to line 113, col 26 of module QueueLease: 106962
  |||line 97, col 17 to line 97, col 36 of module QueueLease: 106962
  ||||line 97, col 17 to line 97, col 28 of module QueueLease: 106962
  |||||line 97, col 17 to line 97, col 22 of module QueueLease: 106962
  |||||line 97, col 27 to line 97, col 28 of module QueueLease: 49518
  ||||||line 95, col 15 to line 95, col 55 of module QueueLease: 49518
  |||||||line 95, col 16 to line 95, col 25 of module QueueLease: 49518
  ||||||||line 95, col 16 to line 95, col 16 of module QueueLease: 49518
  |||||||||line 89, col 14 to line 89, col 31 of module QueueLease: 49518
  ||||||||||line 89, col 14 to line 89, col 20 of module QueueLease: 49518
  ||||||||||line 89, col 25 to line 89, col 31 of module QueueLease: 44858
  |||||||||||line 87, col 20 to line 87, col 67 of module QueueLease: 44858
  ||||||||||||line 87, col 20 to line 87, col 25 of module QueueLease: 44858
  ||||||||||||line 87, col 30 to line 87, col 67 of module QueueLease: 36496
  ||||||||line 95, col 21 to line 95, col 25 of module QueueLease: 41156
  |||||||||line 95, col 22 to line 95, col 25 of module QueueLease: 41156
  ||||||||||line 94, col 17 to line 94, col 30 of module QueueLease: 41156
  |||||||||||line 94, col 17 to line 94, col 22 of module QueueLease: 41156
  ||||||||||||line 90, col 19 to line 90, col 30 of module QueueLease: 41156
  |||||||||||||line 90, col 19 to line 90, col 24 of module QueueLease: 41156
  |||||||||||||line 90, col 29 to line 90, col 30 of module QueueLease: 32956
  ||||||||||||||line 90, col 30 to line 90, col 30 of module QueueLease: 32956
  |||||||||||||||line 88, col 14 to line 88, col 31 of module QueueLease: 32956
  ||||||||||||||||line 88, col 14 to line 88, col 19 of module QueueLease: 32956
  ||||||||||||||||line 88, col 24 to line 88, col 31 of module QueueLease: 31500
  |||||||||||line 94, col 27 to line 94, col 30 of module QueueLease: 32956
  |||||||line 95, col 32 to line 95, col 54 of module QueueLease: 41318
  ||||||||line 95, col 32 to line 95, col 45 of module QueueLease: 41318
  |||||||||line 95, col 32 to line 95, col 38 of module QueueLease: 41318
  |||||||||line 95, col 43 to line 95, col 45 of module QueueLease: 2538
  ||||||||line 95, col 50 to line 95, col 54 of module QueueLease: 1810
  |||||||||line 95, col 51 to line 95, col 54 of module QueueLease: 1810
  ||||||||||line 94, col 17 to line 94, col 30 of module QueueLease: 1810
  |||||||||||line 94, col 17 to line 94, col 22 of module QueueLease: 1810
  ||||||||||||line 90, col 19 to line 90, col 30 of module QueueLease: 1810
  |||||||||||||line 90, col 19 to line 90, col 24 of module QueueLease: 1810
  |||||||||||||line 90, col 29 to line 90, col 30 of module QueueLease: 1456
  |||||||||||line 94, col 27 to line 94, col 30 of module QueueLease: 1456
  ||||line 97, col 33 to line 97, col 36 of module QueueLease: 8554
  ||line 113, col 33 to line 113, col 91 of module QueueLease: 8554:17108
  ||line 114, col 26 to line 114, col 30 of module QueueLease: 98408
  line 115, col 11 to line 117, col 44 of module QueueLease: 106962
<Cancel line 121, col 1 to line 121, col 6 of module QueueLease>: 2867:33396
  line 122, col 8 to line 122, col 19 of module QueueLease: 33396
  line 34, col 9 to line 34, col 15 of module QueueLease: 8283
  line 34, col 20 to line 34, col 26 of module QueueLease: 1105
  line 34, col 31 to line 34, col 36 of module QueueLease: 24008
  line 123, col 8 to line 123, col 43 of module QueueLease: 33396
  line 124, col 8 to line 124, col 86 of module QueueLease: 33396
  |line 124, col 20 to line 124, col 86 of module QueueLease: 33396
  ||line 124, col 23 to line 124, col 40 of module QueueLease: 33396
  |||line 124, col 23 to line 124, col 29 of module QueueLease: 33396
  |||line 124, col 34 to line 124, col 40 of module QueueLease: 25113
  ||line 124, col 47 to line 124, col 72 of module QueueLease: 9388
  ||line 124, col 79 to line 124, col 86 of module QueueLease: 24008
  line 125, col 8 to line 125, col 35 of module QueueLease: 33396
  |line 125, col 19 to line 125, col 34 of module QueueLease: 33396
  ||line 125, col 19 to line 125, col 24 of module QueueLease: 33396
  ||line 125, col 29 to line 125, col 34 of module QueueLease: 20288
  line 126, col 8 to line 129, col 48 of module QueueLease: 33396
<Begin line 134, col 1 to line 134, col 14 of module QueueLease>: 6432:19296
  line 135, col 8 to line 135, col 24 of module QueueLease: 19296
  |line 135, col 8 to line 135, col 13 of module QueueLease: 1422080
  |line 135, col 17 to line 135, col 24 of module QueueLease: 1422080
  line 135, col 29 to line 135, col 42 of module QueueLease: 68704
  |line 135, col 29 to line 135, col 33 of module QueueLease: 49408
  line 135, col 47 to line 135, col 58 of module QueueLease: 51296
  |line 135, col 47 to line 135, col 47 of module QueueLease: 32000
  |line 135, col 53 to line 135, col 58 of module QueueLease: 32000
  line 136, col 9 to line 136, col 22 of module QueueLease: 45888
  |line 136, col 9 to line 136, col 17 of module QueueLease: 26592
  |line 136, col 21 to line 136, col 22 of module QueueLease: 26592
  line 137, col 8 to line 137, col 27 of module QueueLease: 19296
  line 138, col 8 to line 138, col 39 of module QueueLease: 19296
  line 139, col 8 to line 139, col 47 of module QueueLease: 19296
  line 140, col 8 to line 140, col 45 of module QueueLease: 19296
  line 141, col 8 to line 141, col 49 of module QueueLease: 19296
  line 142, col 8 to line 142, col 50 of module QueueLease: 19296
  line 143, col 8 to line 146, col 48 of module QueueLease: 19296
<Watch line 148, col 1 to line 148, col 8 of module QueueLease (150 5 157 72)>: 12264:14736
  line 150, col 8 to line 150, col 22 of module QueueLease: 103616
  |line 150, col 8 to line 150, col 12 of module QueueLease: 88880
  line 151, col 8 to line 152, col 79 of module QueueLease: 14736
  line 153, col 8 to line 153, col 38 of module QueueLease: 14736
  line 154, col 8 to line 157, col 72 of module QueueLease: 14736
<Read line 159, col 1 to line 159, col 7 of module QueueLease (161 5 172 57)>: 1856:25088
  line 161, col 8 to line 161, col 21 of module QueueLease: 113968
  |line 161, col 8 to line 161, col 12 of module QueueLease: 88880
  line 162, col 11 to line 162, col 46 of module QueueLease: 25088
  line 163, col 16 to line 163, col 46 of module QueueLease: 2368
  line 164, col 16 to line 164, col 51 of module QueueLease: 2368
  line 165, col 13 to line 168, col 51 of module QueueLease: 22720
  line 169, col 8 to line 172, col 57 of module QueueLease: 25088
<ExecAbort line 176, col 1 to line 176, col 12 of module QueueLease (178 5 187 44)>: 0:10352
  line 178, col 8 to line 178, col 21 of module QueueLease: 99232
  |line 178, col 8 to line 178, col 12 of module QueueLease: 88880
  line 178, col 26 to line 178, col 33 of module QueueLease: 10352
  |line 178, col 26 to line 178, col 30 of module QueueLease: 12720
  |line 178, col 32 to line 178, col 32 of module QueueLease: 12720
  line 179, col 8 to line 179, col 77 of module QueueLease: 10352
  line 180, col 8 to line 180, col 31 of module QueueLease: 10352
  line 181, col 8 to line 181, col 43 of module QueueLease: 10352
  line 182, col 8 to line 182, col 69 of module QueueLease: 10352
  line 183, col 8 to line 183, col 56 of module QueueLease: 10352
  line 184, col 8 to line 187, col 44 of module QueueLease: 10352
<ExecCommit line 191, col 1 to line 191, col 13 of module QueueLease (196 8 211 38)>: 1864:2368
  line 196, col 11 to line 196, col 24 of module QueueLease: 91248
  |line 196, col 11 to line 196, col 15 of module QueueLease: 88880
  line 196, col 29 to line 196, col 37 of module QueueLease: 15088
  |line 196, col 30 to line 196, col 37 of module QueueLease: 12720
  line 197, col 11 to line 197, col 83 of module QueueLease: 2368
  line 198, col 11 to line 198, col 48 of module QueueLease: 2368
  line 199, col 11 to line 199, col 45 of module QueueLease: 2368
  line 200, col 11 to line 200, col 44 of module QueueLease: 2368
  line 201, col 11 to line 201, col 45 of module QueueLease: 2368
  line 202, col 11 to line 202, col 83 of module QueueLease: 2368
  |line 202, col 24 to line 202, col 83 of module QueueLease: 2368
  ||line 202, col 27 to line 202, col 35 of module QueueLease: 2368
  ||line 202, col 42 to line 202, col 68 of module QueueLease: 592
  ||line 202, col 75 to line 202, col 83 of module QueueLease: 1776
  line 203, col 11 to line 203, col 81 of module QueueLease: 2368
  |line 203, col 23 to line 203, col 81 of module QueueLease: 2368
  ||line 203, col 26 to line 203, col 35 of module QueueLease: 2368
  ||line 203, col 42 to line 203, col 67 of module QueueLease: 592
  ||line 203, col 74 to line 203, col 81 of module QueueLease: 1776
  line 204, col 11 to line 204, col 62 of module QueueLease: 2368
  |line 204, col 21 to line 204, col 61 of module QueueLease: 2368
  ||line 204, col 21 to line 204, col 25 of module QueueLease: 2368
  ||line 204, col 30 to line 204, col 61 of module QueueLease: 2368
  |||line 204, col 32 to line 204, col 60 of module QueueLease: 2368
  ||||line 204, col 32 to line 204, col 39 of module QueueLease: 2368
  ||||line 204, col 44 to line 204, col 60 of module QueueLease: 1184
  line 205, col 11 to line 205, col 41 of module QueueLease: 2368
  line 206, col 11 to line 206, col 34 of module QueueLease: 2368
  line 207, col 11 to line 207, col 34 of module QueueLease: 2368
  line 208, col 11 to line 208, col 44 of module QueueLease: 2368
  |line 208, col 20 to line 208, col 44 of module QueueLease: 2368
  ||line 40, col 5 to line 41, col 57 of module QueueLease: 2368:4736
  ||line 208, col 31 to line 208, col 41 of module QueueLease: 2112
  ||line 208, col 43 to line 208, col 43 of module QueueLease: 2368
  line 209, col 11 to line 211, col 38 of module QueueLease: 2368
<DropConnection line 215, col 1 to line 215, col 17 of module QueueLease (217 5 226 57)>: 9580:52544
  line 217, col 8 to line 217, col 21 of module QueueLease: 141424
  |line 217, col 8 to line 217, col 12 of module QueueLease: 88880
  |line 217, col 18 to line 217, col 21 of module QueueLease: 88880
  line 218, col 8 to line 218, col 38 of module QueueLease: 52544
  line 219, col 8 to line 219, col 31 of module QueueLease: 52544
  line 220, col 8 to line 220, col 73 of module QueueLease: 52544
  line 221, col 8 to line 222, col 59 of module QueueLease: 52544
  line 223, col 8 to line 226, col 57 of module QueueLease: 52544
<Prune line 232, col 1 to line 232, col 8 of module QueueLease (240 8 249 51)>: 0:0
  line 241, col 11 to line 241, col 39 of module QueueLease: 0
  line 241, col 44 to line 241, col 71 of module QueueLease: 0
  line 242, col 11 to line 242, col 37 of module QueueLease: 0
  line 243, col 11 to line 243, col 37 of module QueueLease: 0
  line 244, col 11 to line 244, col 39 of module QueueLease: 0
  line 245, col 11 to line 245, col 68 of module QueueLease: 0
  line 246, col 11 to line 249, col 51 of module QueueLease: 0
<TypeOK line 260, col 1 to line 260, col 6 of module QueueLease>
  line 260, col 11 to line 273, col 37 of module QueueLease: 44440
<FencedEffects line 274, col 1 to line 274, col 13 of module QueueLease>
  line 274, col 18 to line 274, col 60 of module QueueLease: 44440
  |line 274, col 45 to line 274, col 60 of module QueueLease: 12288
  |line 274, col 27 to line 274, col 41 of module QueueLease: 44440
<AtMostOncePerLease line 275, col 1 to line 275, col 18 of module QueueLease>
  line 275, col 23 to line 275, col 104 of module QueueLease: 44440
  |line 275, col 41 to line 275, col 104 of module QueueLease: 88880
  ||line 275, col 41 to line 275, col 99 of module QueueLease: 88880
  |||line 275, col 53 to line 275, col 98 of module QueueLease: 88880
  ||||line 275, col 78 to line 275, col 97 of module QueueLease: 24576
  ||||line 275, col 60 to line 275, col 74 of module QueueLease: 88880
  |line 275, col 32 to line 275, col 37 of module QueueLease: 44440
<NoFalseCommit line 276, col 1 to line 276, col 13 of module QueueLease>
  line 276, col 18 to line 276, col 29 of module QueueLease: 44440
<SessionIsolation line 277, col 1 to line 277, col 16 of module QueueLease>
  line 277, col 21 to line 277, col 67 of module QueueLease: 44440
  |line 277, col 41 to line 277, col 67 of module QueueLease: 88880
  |line 277, col 30 to line 277, col 37 of module QueueLease: 44440
<SessionCleanOnReturn line 278, col 1 to line 278, col 20 of module QueueLease>
  line 278, col 25 to line 278, col 90 of module QueueLease: 44440
  |line 278, col 45 to line 278, col 90 of module QueueLease: 88880
  ||line 278, col 45 to line 278, col 58 of module QueueLease: 88880
  ||line 278, col 63 to line 278, col 90 of module QueueLease: 36336
  |line 278, col 34 to line 278, col 41 of module QueueLease: 44440
<LiveRecordIntegrity line 279, col 1 to line 279, col 19 of module QueueLease>
  line 279, col 24 to line 279, col 52 of module QueueLease: 44440
  |line 279, col 24 to line 279, col 27 of module QueueLease: 44440
  ||line 34, col 9 to line 34, col 36 of module QueueLease: 44440
  |||line 34, col 9 to line 34, col 26 of module QueueLease: 44440
  ||||line 34, col 9 to line 34, col 15 of module QueueLease: 44440
  ||||line 34, col 20 to line 34, col 26 of module QueueLease: 36157
  |||line 34, col 31 to line 34, col 36 of module QueueLease: 35052
  |line 279, col 32 to line 279, col 52 of module QueueLease: 33396
<RetainedHistoryIntegrity line 280, col 1 to line 280, col 24 of module QueueLease>
  line 280, col 29 to line 280, col 72 of module QueueLease: 44440
  |line 280, col 29 to line 280, col 56 of module QueueLease: 44440
  |line 280, col 61 to line 280, col 72 of module QueueLease: 11043
<ExclusiveLiveIndex line 281, col 1 to line 281, col 18 of module QueueLease>
  line 281, col 23 to line 282, col 94 of module QueueLease: 44440
  |line 281, col 23 to line 282, col 89 of module QueueLease: 44440
  ||line 281, col 35 to line 282, col 88 of module QueueLease: 44440
  |||line 282, col 27 to line 282, col 87 of module QueueLease: 133320
  ||||line 282, col 27 to line 282, col 66 of module QueueLease: 133320
  |||||line 282, col 28 to line 282, col 43 of module QueueLease: 133320
  ||||||line 282, col 28 to line 282, col 32 of module QueueLease: 133320
  ||||||line 282, col 37 to line 282, col 43 of module QueueLease: 44440
  |||||line 282, col 50 to line 282, col 65 of module QueueLease: 125037
  ||||||line 282, col 50 to line 282, col 54 of module QueueLease: 125037
  ||||||line 282, col 59 to line 282, col 65 of module QueueLease: 44440
  ||||line 282, col 72 to line 282, col 86 of module QueueLease: 123932
  |||||line 282, col 72 to line 282, col 76 of module QueueLease: 123932
  |||||line 282, col 81 to line 282, col 86 of module QueueLease: 44440
  |||line 281, col 42 to line 281, col 54 of module QueueLease: 44440:177760
<CancellationNoReborrow line 283, col 1 to line 283, col 22 of module QueueLease>
  line 283, col 27 to line 283, col 41 of module QueueLease: 44440
End of statistics.
275501 states generated, 44440 distinct states found, 0 states left on queue.
The depth of the complete state graph search is 14.
The average outdegree of the complete state graph is 1 (minimum is 0, the maximum 31 and the 95th percentile is 4).
Finished in 02s at (2026-09-26 22:47:26)
