PASS EoaRecovery.cfg: 71734 states, expected pass, 3.882s
PASS EoaRecovery_progress.cfg: 150766 states, expected pass, 29.553s
PASS EoaRecovery_stale_reservation.cfg: 38 states, expected invariant:OneIntentPerNonce, 0.683s
PASS EoaRecovery_missing_receipt.cfg: 4941 states, expected invariant:AtMostOneEffect, 0.846s
PASS EoaRecovery_reverted_success.cfg: 706 states, expected invariant:TerminalMatchesExecution, 0.773s
PASS EoaRecovery_reorg_boundary.cfg: 1334 states, expected invariant:TerminalMatchesExecution, 0.8s
PASS EoaRecovery_unfair_boundary.cfg: 71734 states, expected liveness, 3.371s
PASS Admission.cfg: 61 states, expected pass, 0.686s
PASS Admission_conflict.cfg: 4 states, expected invariant:ImmutableWithinRetention, 0.705s
PASS Admission_active_expiry.cfg: 6 states, expected invariant:ActiveIdentityRetained, 0.707s
PASS Admission_partial_commit.cfg: 2 states, expected invariant:AdmissionIsAtomic, 0.699s
PASS Admission_retention_boundary.cfg: 34 states, expected invariant:LifetimeAtMostOnce, 0.695s
PASS SolanaRecovery.cfg: 686724 states, expected pass, 21.266s
PASS SolanaRecoveryBudget.cfg: 1000540 states, expected pass, 30.891s
PASS SolanaRecoveryLimit20.cfg: 102029 states, expected pass, 2.509s
PASS SolanaRecoveryRefreshFault.cfg: 195881 states, expected invariant:AtMostOneEffect, 5.241s
PASS SolanaRecoveryPersistFault.cfg: 213 states, expected invariant:EverySendDurable, 0.741s
PASS SolanaRecoveryLeaseFault.cfg: 61797 states, expected invariant:TerminalCommitOwned, 2.067s
PASS SolanaRecoveryProviderBoundary.cfg: 15797 states, expected invariant:TerminalHasChainProof, 1.096s
PASS SolanaRecoveryRedisBoundary.cfg: 761 states, expected invariant:UnresolvedEvidenceRetained, 0.752s
PASS SolanaRecoveryReorgBoundary.cfg: 67286 states, expected invariant:TerminalHasChainProof, 2.245s
PASS SolanaRecoveryLimit20Witness.cfg: 100081 states, expected invariant:BroadcastLimitWitnessNotReached, 2.178s
PASS QueueLease.cfg: 44440 states, expected pass, 2.646s
PASS QueueLease_delayed_prune_bug.cfg: 325 states, expected invariant:LiveRecordIntegrity, 0.739s
PASS QueueLease_exec_abort_bug.cfg: 4381 states, expected invariant:NoFalseCommit, 0.924s
PASS QueueLease_historical_cancel_bug.cfg: 923 states, expected invariant:CancellationNoReborrow, 0.819s
PASS QueueLease_id_reuse_bug.cfg: 253 states, expected invariant:FencedEffects, 0.748s
PASS QueueLease_prune_live_bug.cfg: 320 states, expected invariant:LiveRecordIntegrity, 0.77s
PASS QueueLease_reuse.cfg: 8603 states, expected pass, 1.084s
PASS QueueLease_shared_session_bug.cfg: 43046 states, expected invariant:FencedEffects, 2.05s
PASS QueueLease_stale_owner_bug.cfg: 4115 states, expected invariant:FencedEffects, 0.887s
PASS QueueLease_permanent.cfg: 190228 states, expected pass, 7.237s
PASS QueueLease_combined.cfg: 208532 states, expected pass, 8.033s
PASS QueueLease_retained_history_bug.cfg: 1077 states, expected invariant:RetainedHistoryIntegrity, 0.805s
PASS QueueLease_orphan_cancel_bug.cfg: 409 states, expected invariant:RetainedHistoryIntegrity, 0.772s
PASS Finality.cfg: 752 states, expected pass, 0.738s
PASS Finality_early_inclusion.cfg: 392 states, expected invariant:TerminalRequiresFinality, 0.718s
PASS Finality_missing_hash.cfg: 773 states, expected invariant:CanonicalAtCommit, 0.726s
PASS Finality_revert_early.cfg: 428 states, expected invariant:RevertNeedsFinality, 0.726s
PASS Finality_dishonest_provider.cfg: 428 states, expected invariant:TerminalRequiresFinality, 0.706s
PASS Finality_finalized_rollback.cfg: 716 states, expected invariant:TerminalRemainsCanonical, 0.729s
PASS Finality_depth_boundary.cfg: 716 states, expected invariant:TerminalRemainsCanonical, 0.731s
PASS Finality_reinclusion_witness.cfg: 727 states, expected invariant:ReinclusionWitnessNotReached, 0.723s
PASS DisasterRecovery.cfg: 698992 states, expected pass, 22.006s
PASS DisasterRecovery_send_before_journal.cfg: 83 states, expected invariant:EverySendJournaled, 0.728s
PASS DisasterRecovery_id_binding.cfg: 81 states, expected invariant:ImmutableAdmission, 0.705s
PASS DisasterRecovery_key_binding.cfg: 2743 states, expected invariant:ReplayKeyUnique, 0.862s
PASS DisasterRecovery_shared_owner.cfg: 7100 states, expected invariant:NoOldEpochAuthorization, 0.956s
PASS DisasterRecovery_fresh_recovery.cfg: 320244 states, expected invariant:AtMostOneEffectPerId, 7.286s
PASS DisasterRecovery_retry_uid.cfg: 81 states, expected invariant:OriginalPayloadOnRetry, 0.717s
PASS DisasterRecovery_authority_rollback.cfg: 529729 states, expected invariant:AtMostOneEffectPerId, 11.032s
PASS DisasterRecovery_late_execution_witness.cfg: 6274 states, expected invariant:LateExecutionWitnessNotReached, 0.889s
PASS NonceAllocator.cfg: 645 states, expected pass, 0.721s
PASS NonceAllocator_missing_floor.cfg: 184 states, expected invariant:ObservedNonceFloor, 0.721s
PASS NonceAllocator_old_receipt_witness.cfg: 69 states, expected invariant:OldReceiptCatchupNotReached, 0.704s
PASS DisasterRecovery_terminal_attribution.cfg: 11865 states, expected invariant:TerminalHasOwnEffect, 1.06s
PASS DepthCheckpoint.cfg: 898 states, expected pass, 0.73s
PASS DepthCheckpoint_tip_anchor.cfg: 551 states, expected invariant:NoSpuriousHalt, 0.743s
PASS DepthCheckpoint_missing_halt.cfg: 561 states, expected invariant:PositiveConflictHalts, 0.734s
PASS DepthCheckpoint_shallow_witness.cfg: 563 states, expected invariant:ShallowReorgSurvivalNotReached, 0.716s
PASS DepthCheckpoint_rollback_boundary.cfg: 428 states, expected invariant:AcceptedBoundaryRemainsCanonical, 0.725s
