TLC2 Version 2.19 of 08 August 2024 (rev: 5a47802)
Running breadth-first search Model-Checking with fp 0 and seed 1 with 1 worker on 10 cores with 1820MB heap and 64MB offheap memory [pid: 52295] (Mac OS X 26.6.2 aarch64, Eclipse Adoptium 21.0.12.1 x86_64, MSBDiskFPSet, DiskStateQueue).
Parsing file /Users/alfongj/Code/engine-core/formal/tla/SolanaRecovery.tla
Parsing file /private/var/folders/ky/s5xblf5j3515d6h6ss25z3w80000gn/T/Naturals.tla
Parsing file /private/var/folders/ky/s5xblf5j3515d6h6ss25z3w80000gn/T/FiniteSets.tla
Parsing file /private/var/folders/ky/s5xblf5j3515d6h6ss25z3w80000gn/T/Sequences.tla
Parsing file /private/var/folders/ky/s5xblf5j3515d6h6ss25z3w80000gn/T/TLC.tla
Semantic processing of module Naturals
Semantic processing of module Sequences
Semantic processing of module FiniteSets
Semantic processing of module TLC
Semantic processing of module SolanaRecovery
Starting... (2026-09-26 22:47:15)
Computing initial states...
Finished computing initial states: 1 distinct state generated at 2026-09-26 22:47:15.
Error: Invariant EverySendDurable is violated.
Error: The behavior up to this point is:
State 1: <Initial predicate>
s = [ token |-> (w1 :> 0 @@ w2 :> 0),
  queueOwner |-> 0,
  storageOwner |-> 0,
  messages |-> <<>>,
  epoch |-> 0,
  queue |-> "Pending",
  admission |-> "Active",
  attempt |-> 0,
  broadcasts |-> 0,
  checks |-> 0,
  reservations |-> 0,
  phase |-> (w1 :> "Idle" @@ w2 :> "Idle"),
  local |-> (w1 :> 0 @@ w2 :> 0),
  observed |-> (w1 :> "Unknown" @@ w2 :> "Unknown"),
  chain |-> (s1 :> "Unseen" @@ s2 :> "Unseen"),
  expired |-> {},
  effects |-> {},
  persistedEver |-> {},
  terminalIdentity |-> 0,
  terminalKind |-> "None",
  staleTerminal |-> FALSE ]

State 2: <Claim line 34, col 3 to line 37, col 86 of module SolanaRecovery>
s = [ token |-> (w1 :> 1 @@ w2 :> 0),
  queueOwner |-> 1,
  storageOwner |-> 0,
  messages |-> <<>>,
  epoch |-> 1,
  queue |-> "Active",
  admission |-> "Active",
  attempt |-> 0,
  broadcasts |-> 0,
  checks |-> 0,
  reservations |-> 0,
  phase |-> (w1 :> "Load" @@ w2 :> "Idle"),
  local |-> (w1 :> 0 @@ w2 :> 0),
  observed |-> (w1 :> "Unknown" @@ w2 :> "Unknown"),
  chain |-> (s1 :> "Unseen" @@ s2 :> "Unseen"),
  expired |-> {},
  effects |-> {},
  persistedEver |-> {},
  terminalIdentity |-> 0,
  terminalKind |-> "None",
  staleTerminal |-> FALSE ]

State 3: <Lock line 40, col 3 to line 41, col 72 of module SolanaRecovery>
s = [ token |-> (w1 :> 1 @@ w2 :> 0),
  queueOwner |-> 1,
  storageOwner |-> 1,
  messages |-> <<>>,
  epoch |-> 1,
  queue |-> "Active",
  admission |-> "Active",
  attempt |-> 0,
  broadcasts |-> 0,
  checks |-> 0,
  reservations |-> 0,
  phase |-> (w1 :> "Recover" @@ w2 :> "Idle"),
  local |-> (w1 :> 0 @@ w2 :> 0),
  observed |-> (w1 :> "Unknown" @@ w2 :> "Unknown"),
  chain |-> (s1 :> "Unseen" @@ s2 :> "Unseen"),
  expired |-> {},
  effects |-> {},
  persistedEver |-> {},
  terminalIdentity |-> 0,
  terminalKind |-> "None",
  staleTerminal |-> FALSE ]

State 4: <LoadAttempt line 44, col 3 to line 46, col 76 of module SolanaRecovery>
s = [ token |-> (w1 :> 1 @@ w2 :> 0),
  queueOwner |-> 1,
  storageOwner |-> 1,
  messages |-> <<>>,
  epoch |-> 1,
  queue |-> "Active",
  admission |-> "Active",
  attempt |-> 0,
  broadcasts |-> 0,
  checks |-> 0,
  reservations |-> 0,
  phase |-> (w1 :> "Build" @@ w2 :> "Idle"),
  local |-> (w1 :> 0 @@ w2 :> 0),
  observed |-> (w1 :> "Unknown" @@ w2 :> "Unknown"),
  chain |-> (s1 :> "Unseen" @@ s2 :> "Unseen"),
  expired |-> {},
  effects |-> {},
  persistedEver |-> {},
  terminalIdentity |-> 0,
  terminalKind |-> "None",
  staleTerminal |-> FALSE ]

State 5: <Build line 49, col 3 to line 51, col 57 of module SolanaRecovery>
s = [ token |-> (w1 :> 1 @@ w2 :> 0),
  queueOwner |-> 1,
  storageOwner |-> 1,
  messages |-> <<>>,
  epoch |-> 1,
  queue |-> "Active",
  admission |-> "Active",
  attempt |-> 0,
  broadcasts |-> 0,
  checks |-> 0,
  reservations |-> 0,
  phase |-> (w1 :> "Built" @@ w2 :> "Idle"),
  local |-> (w1 :> s1 @@ w2 :> 0),
  observed |-> (w1 :> "Unknown" @@ w2 :> "Unknown"),
  chain |-> (s1 :> "Unseen" @@ s2 :> "Unseen"),
  expired |-> {},
  effects |-> {},
  persistedEver |-> {},
  terminalIdentity |-> 0,
  terminalKind |-> "None",
  staleTerminal |-> FALSE ]

State 6: <BypassPersistence line 68, col 3 to line 69, col 40 of module SolanaRecovery>
s = [ token |-> (w1 :> 1 @@ w2 :> 0),
  queueOwner |-> 1,
  storageOwner |-> 1,
  messages |-> <<>>,
  epoch |-> 1,
  queue |-> "Active",
  admission |-> "Active",
  attempt |-> 0,
  broadcasts |-> 0,
  checks |-> 0,
  reservations |-> 0,
  phase |-> (w1 :> "Send" @@ w2 :> "Idle"),
  local |-> (w1 :> s1 @@ w2 :> 0),
  observed |-> (w1 :> "Unknown" @@ w2 :> "Unknown"),
  chain |-> (s1 :> "Unseen" @@ s2 :> "Unseen"),
  expired |-> {},
  effects |-> {},
  persistedEver |-> {},
  terminalIdentity |-> 0,
  terminalKind |-> "None",
  staleTerminal |-> FALSE ]

State 7: <Send line 75, col 3 to line 78, col 68 of module SolanaRecovery>
s = [ token |-> (w1 :> 1 @@ w2 :> 0),
  queueOwner |-> 1,
  storageOwner |-> 1,
  messages |-> <<[identity |-> s1, persistedBefore |-> FALSE]>>,
  epoch |-> 1,
  queue |-> "Active",
  admission |-> "Active",
  attempt |-> 0,
  broadcasts |-> 0,
  checks |-> 0,
  reservations |-> 0,
  phase |-> (w1 :> "Retry" @@ w2 :> "Idle"),
  local |-> (w1 :> s1 @@ w2 :> 0),
  observed |-> (w1 :> "Unknown" @@ w2 :> "Unknown"),
  chain |-> (s1 :> "Unseen" @@ s2 :> "Unseen"),
  expired |-> {},
  effects |-> {},
  persistedEver |-> {},
  terminalIdentity |-> 0,
  terminalKind |-> "None",
  staleTerminal |-> FALSE ]

The coverage statistics at 2026-09-26 22:47:15
<Init line 23, col 1 to line 23, col 4 of module SolanaRecovery>: 2:2
  line 23, col 9 to line 31, col 75 of module SolanaRecovery: 2
<Claim line 33, col 1 to line 33, col 8 of module SolanaRecovery>: 26:35
  line 34, col 6 to line 34, col 24 of module SolanaRecovery: 236
  |line 34, col 6 to line 34, col 15 of module SolanaRecovery: 201
  line 34, col 29 to line 34, col 47 of module SolanaRecovery: 141
  |line 34, col 29 to line 34, col 35 of module SolanaRecovery: 106
  line 34, col 52 to line 34, col 67 of module SolanaRecovery: 70
  |line 34, col 52 to line 34, col 63 of module SolanaRecovery: 35
  line 35, col 6 to line 35, col 24 of module SolanaRecovery: 35
  line 36, col 6 to line 37, col 86 of module SolanaRecovery: 35
<Lock line 39, col 1 to line 39, col 7 of module SolanaRecovery>: 10:17
  line 40, col 6 to line 40, col 24 of module SolanaRecovery: 217
  |line 40, col 6 to line 40, col 15 of module SolanaRecovery: 200
  line 19, col 16 to line 19, col 29 of module SolanaRecovery: 64
  |line 19, col 16 to line 19, col 25 of module SolanaRecovery: 47
  line 19, col 34 to line 19, col 58 of module SolanaRecovery: 64
  |line 19, col 34 to line 19, col 43 of module SolanaRecovery: 47
  |line 19, col 47 to line 19, col 58 of module SolanaRecovery: 47
  line 40, col 38 to line 40, col 38 of module SolanaRecovery: 47
  line 40, col 44 to line 40, col 61 of module SolanaRecovery: 36
  |line 40, col 44 to line 40, col 57 of module SolanaRecovery: 19
  line 41, col 6 to line 41, col 72 of module SolanaRecovery: 17
<LoadAttempt line 43, col 1 to line 43, col 14 of module SolanaRecovery>: 4:21
  line 44, col 6 to line 44, col 27 of module SolanaRecovery: 220
  |line 44, col 6 to line 44, col 15 of module SolanaRecovery: 199
  line 20, col 18 to line 20, col 31 of module SolanaRecovery: 50
  |line 20, col 18 to line 20, col 27 of module SolanaRecovery: 29
  line 20, col 36 to line 20, col 62 of module SolanaRecovery: 50
  |line 20, col 36 to line 20, col 45 of module SolanaRecovery: 29
  |line 20, col 49 to line 20, col 62 of module SolanaRecovery: 29
  line 44, col 43 to line 44, col 43 of module SolanaRecovery: 29
  line 45, col 6 to line 46, col 76 of module SolanaRecovery: 21
<Build line 48, col 1 to line 48, col 11 of module SolanaRecovery>: 4:13
  line 49, col 6 to line 49, col 25 of module SolanaRecovery: 402
  |line 49, col 6 to line 49, col 15 of module SolanaRecovery: 389
  line 20, col 18 to line 20, col 31 of module SolanaRecovery: 34
  |line 20, col 18 to line 20, col 27 of module SolanaRecovery: 21
  line 20, col 36 to line 20, col 62 of module SolanaRecovery: 34
  |line 20, col 36 to line 20, col 45 of module SolanaRecovery: 21
  |line 20, col 49 to line 20, col 62 of module SolanaRecovery: 21
  line 49, col 41 to line 49, col 41 of module SolanaRecovery: 21
  line 49, col 47 to line 49, col 59 of module SolanaRecovery: 30
  |line 49, col 47 to line 49, col 55 of module SolanaRecovery: 17
  line 50, col 6 to line 50, col 23 of module SolanaRecovery: 30
  |line 50, col 6 to line 50, col 6 of module SolanaRecovery: 17
  |line 50, col 15 to line 50, col 23 of module SolanaRecovery: 17
  line 51, col 6 to line 51, col 57 of module SolanaRecovery: 13
<Persist line 53, col 1 to line 53, col 10 of module SolanaRecovery>: 4:5
  line 54, col 6 to line 54, col 25 of module SolanaRecovery: 203
  |line 54, col 6 to line 54, col 15 of module SolanaRecovery: 198
  line 20, col 18 to line 20, col 31 of module SolanaRecovery: 10
  |line 20, col 18 to line 20, col 27 of module SolanaRecovery: 5
  line 20, col 36 to line 20, col 62 of module SolanaRecovery: 10
  |line 20, col 36 to line 20, col 45 of module SolanaRecovery: 5
  |line 20, col 49 to line 20, col 62 of module SolanaRecovery: 5
  line 54, col 41 to line 54, col 41 of module SolanaRecovery: 5
  line 54, col 47 to line 54, col 59 of module SolanaRecovery: 10
  |line 54, col 47 to line 54, col 55 of module SolanaRecovery: 5
  line 55, col 6 to line 56, col 86 of module SolanaRecovery: 5
<PrepareSend line 58, col 1 to line 58, col 14 of module SolanaRecovery>: 1:1
  line 59, col 6 to line 59, col 31 of module SolanaRecovery: 199
  |line 59, col 6 to line 59, col 15 of module SolanaRecovery: 198
  line 20, col 18 to line 20, col 31 of module SolanaRecovery: 2
  |line 20, col 18 to line 20, col 27 of module SolanaRecovery: 1
  line 20, col 36 to line 20, col 62 of module SolanaRecovery: 2
  |line 20, col 36 to line 20, col 45 of module SolanaRecovery: 1
  |line 20, col 49 to line 20, col 62 of module SolanaRecovery: 1
  line 59, col 47 to line 59, col 47 of module SolanaRecovery: 1
  line 59, col 53 to line 59, col 74 of module SolanaRecovery: 2
  |line 59, col 53 to line 59, col 61 of module SolanaRecovery: 1
  |line 59, col 65 to line 59, col 74 of module SolanaRecovery: 1
  line 60, col 6 to line 60, col 65 of module SolanaRecovery: 1
  line 61, col 6 to line 61, col 86 of module SolanaRecovery: 1
<NoSendAllowance line 63, col 1 to line 63, col 18 of module SolanaRecovery>: 0:0
  line 64, col 6 to line 64, col 31 of module SolanaRecovery: 198
  line 64, col 36 to line 64, col 63 of module SolanaRecovery: 1
  line 65, col 6 to line 65, col 41 of module SolanaRecovery: 0
<BypassPersistence line 67, col 1 to line 67, col 20 of module SolanaRecovery>: 4:5
  line 68, col 6 to line 68, col 27 of module SolanaRecovery: 5
  line 68, col 32 to line 68, col 51 of module SolanaRecovery: 203
  |line 68, col 32 to line 68, col 41 of module SolanaRecovery: 198
  line 20, col 18 to line 20, col 31 of module SolanaRecovery: 10
  |line 20, col 18 to line 20, col 27 of module SolanaRecovery: 5
  line 20, col 36 to line 20, col 62 of module SolanaRecovery: 10
  |line 20, col 36 to line 20, col 45 of module SolanaRecovery: 5
  |line 20, col 49 to line 20, col 62 of module SolanaRecovery: 5
  line 68, col 67 to line 68, col 67 of module SolanaRecovery: 5
  line 69, col 6 to line 69, col 40 of module SolanaRecovery: 5
<Send line 74, col 1 to line 74, col 7 of module SolanaRecovery>: 1:2
  line 75, col 6 to line 75, col 24 of module SolanaRecovery: 198
  |line 75, col 6 to line 75, col 15 of module SolanaRecovery: 197
  line 75, col 29 to line 75, col 57 of module SolanaRecovery: 1
  |line 75, col 29 to line 75, col 43 of module SolanaRecovery: 2
  |line 75, col 47 to line 75, col 57 of module SolanaRecovery: 2
  line 76, col 6 to line 78, col 68 of module SolanaRecovery: 1
  |line 76, col 11 to line 78, col 68 of module SolanaRecovery: 2
<Execute line 82, col 1 to line 82, col 18 of module SolanaRecovery>: 0:0
  line 83, col 6 to line 83, col 68 of module SolanaRecovery: 388
  line 84, col 6 to line 85, col 81 of module SolanaRecovery: 0
<Finalize line 87, col 1 to line 87, col 11 of module SolanaRecovery>: 0:0
  line 88, col 6 to line 88, col 51 of module SolanaRecovery: 194
  line 89, col 6 to line 89, col 85 of module SolanaRecovery: 0
<ExpireHash line 91, col 1 to line 91, col 13 of module SolanaRecovery>: 37:134
  line 92, col 6 to line 92, col 23 of module SolanaRecovery: 328
  |line 92, col 6 to line 92, col 6 of module SolanaRecovery: 194
  |line 92, col 15 to line 92, col 23 of module SolanaRecovery: 194
  line 93, col 6 to line 93, col 43 of module SolanaRecovery: 134
<Observe line 101, col 1 to line 101, col 18 of module SolanaRecovery>: 0:0
  line 102, col 6 to line 102, col 60 of module SolanaRecovery: 1164
  line 105, col 6 to line 106, col 85 of module SolanaRecovery: 0
<CheckBudget line 108, col 1 to line 108, col 14 of module SolanaRecovery>: 0:0
  line 109, col 6 to line 109, col 67 of module SolanaRecovery: 195
  line 110, col 6 to line 110, col 40 of module SolanaRecovery: 0
<Decide line 112, col 1 to line 112, col 9 of module SolanaRecovery>: 0:0
  line 113, col 6 to line 113, col 49 of module SolanaRecovery: 195
  line 114, col 6 to line 117, col 67 of module SolanaRecovery: 0
<Validity line 119, col 1 to line 119, col 11 of module SolanaRecovery>: 0:0
  line 120, col 6 to line 120, col 45 of module SolanaRecovery: 195
  line 121, col 6 to line 122, col 77 of module SolanaRecovery: 0
<RefreshOnAbsence line 126, col 1 to line 126, col 22 of module SolanaRecovery>: 0:0
  line 130, col 6 to line 130, col 72 of module SolanaRecovery: 0
<ReleaseForCommit line 132, col 1 to line 132, col 19 of module SolanaRecovery>: 0:0
  line 133, col 6 to line 133, col 25 of module SolanaRecovery: 195
  line 134, col 6 to line 135, col 44 of module SolanaRecovery: 0
<CommitTerminal line 137, col 1 to line 137, col 17 of module SolanaRecovery>: 0:0
  line 138, col 6 to line 138, col 69 of module SolanaRecovery: 195
  line 139, col 6 to line 144, col 78 of module SolanaRecovery: 0
<Retry line 146, col 1 to line 146, col 8 of module SolanaRecovery>: 0:0
  line 147, col 6 to line 147, col 25 of module SolanaRecovery: 195
  line 148, col 6 to line 152, col 62 of module SolanaRecovery: 0
<Park line 154, col 1 to line 154, col 7 of module SolanaRecovery>: 0:0
  line 155, col 6 to line 155, col 39 of module SolanaRecovery: 195
  line 156, col 6 to line 158, col 78 of module SolanaRecovery: 0
<DiscardStale line 160, col 1 to line 160, col 15 of module SolanaRecovery>: 0:42
  line 161, col 6 to line 161, col 24 of module SolanaRecovery: 237
  |line 161, col 6 to line 161, col 15 of module SolanaRecovery: 195
  line 161, col 29 to line 161, col 40 of module SolanaRecovery: 132
  |line 161, col 30 to line 161, col 40 of module SolanaRecovery: 90
  line 162, col 6 to line 164, col 62 of module SolanaRecovery: 42
<LoseRedisAttempt line 187, col 1 to line 187, col 16 of module SolanaRecovery>: 0:0
  line 189, col 6 to line 189, col 66 of module SolanaRecovery: 0
<Reorg line 191, col 1 to line 191, col 8 of module SolanaRecovery>: 0:0
  line 193, col 6 to line 193, col 42 of module SolanaRecovery: 0
<WorkerStep line 195, col 1 to line 195, col 13 of module SolanaRecovery (199 12 199 43)>: 14:90
  line 199, col 12 to line 199, col 31 of module SolanaRecovery: 90
  line 167, col 6 to line 167, col 24 of module SolanaRecovery: 285
  |line 167, col 6 to line 167, col 15 of module SolanaRecovery: 195
  line 168, col 6 to line 169, col 62 of module SolanaRecovery: 90
  line 199, col 42 to line 199, col 42 of module SolanaRecovery: 195
<Next line 204, col 1 to line 204, col 4 of module SolanaRecovery (207 7 207 90)>: 107:121
  line 207, col 7 to line 207, col 26 of module SolanaRecovery: 86
  line 172, col 6 to line 172, col 21 of module SolanaRecovery: 153
  |line 172, col 6 to line 172, col 17 of module SolanaRecovery: 97
  line 173, col 6 to line 173, col 58 of module SolanaRecovery: 56
  line 176, col 6 to line 176, col 23 of module SolanaRecovery: 134
  |line 176, col 6 to line 176, col 19 of module SolanaRecovery: 97
  line 177, col 6 to line 177, col 39 of module SolanaRecovery: 37
  line 180, col 6 to line 180, col 24 of module SolanaRecovery: 125
  |line 180, col 6 to line 180, col 12 of module SolanaRecovery: 97
  line 180, col 29 to line 180, col 44 of module SolanaRecovery: 56
  |line 180, col 29 to line 180, col 40 of module SolanaRecovery: 28
  line 181, col 6 to line 181, col 42 of module SolanaRecovery: 28
  line 184, col 6 to line 184, col 40 of module SolanaRecovery: 97
  line 184, col 45 to line 184, col 57 of module SolanaRecovery: 13
  line 185, col 6 to line 185, col 54 of module SolanaRecovery: 0
<TypeOK line 210, col 1 to line 210, col 6 of module SolanaRecovery>
  line 211, col 3 to line 222, col 85 of module SolanaRecovery: 213
<EverySendDurable line 224, col 1 to line 224, col 16 of module SolanaRecovery>
  line 224, col 21 to line 224, col 79 of module SolanaRecovery: 213
  |line 224, col 51 to line 224, col 79 of module SolanaRecovery: 1
  |line 224, col 30 to line 224, col 47 of module SolanaRecovery: 213
End of statistics.
479 states generated, 213 distinct states found, 114 states left on queue.
The depth of the complete state graph search is 7.
The average outdegree of the complete state graph is 2 (minimum is 0, the maximum 6 and the 95th percentile is 6).
Finished in 00s at (2026-09-26 22:47:15)
